Input #0, mov,mp4,m4a,3gp,3g2,mj2, from 'F:\天命之子\dist\original-expedition-v01\play-7a6ede9b-20260921\ordinary-expedition-7a6ede9b.mp4':
  Metadata:
    major_brand     : isom
    minor_version   : 512
    compatible_brands: isomiso2avc1mp41
    encoder         : Lavf62.12.101
  Duration: 00:11:15.80, start: 0.000000, bitrate: 44 kb/s
  Stream #0:0[0x1](und): Video: h264 (High) (avc1 / 0x31637661), yuv420p(progressive), 756x1344, 43 kb/s, 15 fps, 15 tbr, 15360 tbn (default)
    Metadata:
      handler_name    : VideoHandler
      encoder         : Lavc62.28.101 libx264
Stream mapping:
  Stream #0:0 -> #0:0 (h264 (native) -> wrapped_avframe (native))
Press [q] to stop, [?] for help
Output #0, null, to 'NUL':
  Metadata:
    major_brand     : isom
    minor_version   : 512
    compatible_brands: isomiso2avc1mp41
    encoder         : Lavf62.12.101
  Stream #0:0(und): Video: wrapped_avframe, yuv420p(progressive), 700x150, q=2-31, 200 kb/s, 15 fps, 15 tbn (default)
    Metadata:
      encoder         : Lavc62.28.101 wrapped_avframe
      handler_name    : VideoHandler
[Parsed_freezedetect_1 @ 000001fd34eba180] lavfi.freezedetect.freeze_start: 0
[Parsed_freezedetect_1 @ 000001fd34eba180] lavfi.freezedetect.freeze_duration: 16.666667
[Parsed_freezedetect_1 @ 000001fd34eba180] lavfi.freezedetect.freeze_end: 16.666667
[Parsed_freezedetect_1 @ 000001fd34eba180] lavfi.freezedetect.freeze_start: 16.666667
frame= 3748 fps=0.0 q=-0.0 size=N/A time=00:04:09.86 bitrate=N/A speed= 486x elapsed=0:00:00.51    
frame= 7498 fps=7264 q=-0.0 size=N/A time=00:08:19.86 bitrate=N/A speed= 484x elapsed=0:00:01.03    
[out#0/null @ 000001fd321c5400] video:4197KiB audio:0KiB subtitle:0KiB other streams:0KiB global headers:0KiB muxing overhead: unknown
frame=10137 fps=7309 q=-0.0 Lsize=N/A time=00:11:15.80 bitrate=N/A speed= 487x elapsed=0:00:01.38    
