[Licensing::Module] Trying to connect to existing licensing client channel...
Built from '6000.3/staging' branch; Version is '6000.3.23f1 (09d2ecc7fb28) revision 643820'; Using compiler version '194234433'; Build Type 'Release'
[Licensing::IpcConnector] Channel LicenseClient-Administrator doesn't exist
OS: 'Windows 11  (10.0.26200) Professional' Language: 'zh' Physical Memory: 32581 MB
BatchMode: 0, IsHumanControllingUs: 1, StartBugReporterOnCrash: 1, Is64bit: 1
System  architecture: x64
Process architecture: x64
Date: 2026-09-12T22:54:40Z
[Licensing::Module] Successfully launched the LicensingClient (PId: 29404)

COMMAND LINE ARGUMENTS:
D:\Unity\Hub\Editor\6000.3.23f1\Editor\Unity.exe
-projectPath
F:\天命之子\client
-logFile
F:\天命之子\DC_RECON_KIT\m1\G0\BASELINE_LOGS\editor-playmode-20260913-patha4.log
Successfully changed project path to: F:\天命之子\client
F:/天命之子/client
[UnityMemory] Configuration Parameters - Can be set up in boot.config
    "memorysetup-temp-allocator-size-nav-mesh-worker=65536"
    "memorysetup-temp-allocator-size-audio-worker=65536"
    "memorysetup-temp-allocator-size-gfx=262144"
    "memorysetup-allocator-temp-initial-block-size-main=262144"
    "memorysetup-allocator-temp-initial-block-size-worker=262144"
    "memorysetup-temp-allocator-size-background-worker=32768"
    "memorysetup-temp-allocator-size-job-worker=262144"
    "memorysetup-temp-allocator-size-preload-manager=33554432"
    "memorysetup-remapper-allocator-initial-capacity=32768"
    "memorysetup-temp-allocator-size-gi-baking-worker=262144"
    "memorysetup-temp-allocator-size-gi-baking-worker=262144"
    "memorysetup-temp-allocator-size-gi-baking-worker=262144"
    "memorysetup-temp-allocator-size-gi-baking-worker=262144"
    "memorysetup-temp-allocator-size-gi-baking-worker=262144"
    "memorysetup-bucket-allocator-granularity=16"
    "memorysetup-bucket-allocator-bucket-count=8"
    "memorysetup-bucket-allocator-block-size=33554432"
    "memorysetup-bucket-allocator-block-count=8"
    "memorysetup-main-allocator-block-size=16777216"
    "memorysetup-thread-allocator-block-size=16777216"
    "memorysetup-gfx-main-allocator-block-size=16777216"
    "memorysetup-gfx-thread-allocator-block-size=16777216"
    "memorysetup-cache-allocator-block-size=4194304"
    "memorysetup-typetree-allocator-block-size=2097152"
    "memorysetup-profiler-bucket-allocator-granularity=16"
    "memorysetup-profiler-bucket-allocator-bucket-count=8"
    "memorysetup-profiler-bucket-allocator-block-size=33554432"
    "memorysetup-profiler-bucket-allocator-block-count=8"
    "memorysetup-profiler-allocator-block-size=16777216"
    "memorysetup-profiler-editor-allocator-block-size=1048576"
    "memorysetup-temp-allocator-size-main=16777216"
    "memorysetup-job-temp-allocator-block-size=2097152"
    "memorysetup-job-temp-allocator-block-size-background=1048576"
    "memorysetup-job-temp-allocator-reduction-small-platforms=262144"
    "memorysetup-temp-allocator-size-cloud-worker=32768"
Player connection [45356]  Target information:

Player connection [45356]  * "[IP] 192.168.1.54 [Port] 55504 [Flags] 2 [Guid] 658562498 [EditorId] 658562498 [Version] 1048832 [Id] WindowsEditor(7,DESKTOP-AKI3LSA) [Debug] 1 [PackageName] WindowsEditor [ProjectName] Editor" 

Player connection [45356]  * "[IP] 172.23.112.1 [Port] 55504 [Flags] 2 [Guid] 658562498 [EditorId] 658562498 [Version] 1048832 [Id] WindowsEditor(7,DESKTOP-AKI3LSA) [Debug] 1 [PackageName] WindowsEditor [ProjectName] Editor" 

Player connection [45356]  * "[IP] 198.18.0.1 [Port] 55504 [Flags] 2 [Guid] 658562498 [EditorId] 658562498 [Version] 1048832 [Id] WindowsEditor(7,DESKTOP-AKI3LSA) [Debug] 1 [PackageName] WindowsEditor [ProjectName] Editor" 

Player connection [45356] Host joined multi-casting on [225.0.0.222:54997]...
Player connection [45356] Host joined alternative multi-casting on [225.0.0.222:34997]...
Input System module state changed to: Initialized.
[Physics::Module] Initialized fallback backend.
[Physics::Module] Id: 0xdecafbad
[Licensing::IpcConnector] Successfully connected to: "LicenseClient-Administrator" at "2026-09-12T22:54:41.3499096Z"
[Licensing::Client] Code 10 while verifying Licensing Client signature (process Id: 29404, path: "D:/Unity/Hub/Editor/6000.3.23f1/Editor/Data/Resources/Licensing/Client/Unity.Licensing.Client.exe")
[Licensing::Module] LicensingClient has failed validation; ignoring
[Licensing::Client] Handshaking with LicensingClient:
  Version:                 1.18.3+d7ffd15
  Session Id:              c39970dc0d094639b13f44aa05c7cc64
  Correlation Id:          6c455cc77907e23232c6c1d76673411f
  External correlation Id: 8563308133164835110
  Machine Id:              2I/XDZsLcGAfRljEGy76IATF7BI=
[Licensing::Module] Successfully connected to LicensingClient on channel: "LicenseClient-Administrator" (connect: 0.85s, validation: 0.21s, handshake: 0.04s)
[Licensing::IpcConnector] Successfully connected to: "LicenseClient-Administrator-notifications" at "2026-09-12T22:54:41.6029879Z"
[Licensing::Module] Connected to LicensingClient (PId: 29404, launch time: 0.00, total connection time: 1.11s)
[Licensing::Module] Error: Access token is unavailable; failed to update
[Licensing::Client] Successfully resolved entitlement details
[Licensing::Module] License group:
  Id: F4-99BH-9QMP-CCW5-HN7U-XXXX
  Product: Unity Personal
  Type: ULF
  Expiration: 2026-09-22T21:30:16Z
[Licensing::Module] License group:
  Id: ewogICJzdWJzR3JvdXAiIDogInVuaXR5IGVkaXRvciIsCiAgIm5hbWVzcGFjZSIgOiAidW5pdHlfZWRpdG9yIiwKICAidHlwZSIgOiAiRURJVE9SIiwKICAidGFnIiA6ICJVbml0eVBlcnNvbmFsXXXX
  Product: Unity Personal Version
  Type: Assigned
  Expiration: Unlimited
[Package Manager] Connected to IPC stream "Upm-25724" after 0.4 seconds.
[Licensing::Module] Licensing is not yet initialized.
[Licensing::Client] Successfully updated license, isAsync: True, time: 0.01
[Licensing::Client] Successfully resolved entitlement details
[Licensing::Module] License group:
  Id: F4-99BH-9QMP-CCW5-HN7U-XXXX
  Product: Unity Personal
  Type: ULF
  Expiration: 2026-09-22T21:30:16Z
[Licensing::Module] License group:
  Id: ewogICJzdWJzR3JvdXAiIDogInVuaXR5IGVkaXRvciIsCiAgIm5hbWVzcGFjZSIgOiAidW5pdHlfZWRpdG9yIiwKICAidHlwZSIgOiAiRURJVE9SIiwKICAidGFnIiA6ICJVbml0eVBlcnNvbmFsXXXX
  Product: Unity Personal Version
  Type: Assigned
  Expiration: Unlimited
[Licensing::Module] Licensing Background thread has ended after 1.16s
[Licensing::Module] Licensing is initialized (took 0.01s).
[Licensing::Client] Successfully resolved entitlement details
[Licensing::Module] License group:
  Id: F4-99BH-9QMP-CCW5-HN7U-XXXX
  Product: Unity Personal
  Type: ULF
  Expiration: 2026-09-22T21:30:16Z
[Licensing::Module] License group:
  Id: ewogICJzdWJzR3JvdXAiIDogInVuaXR5IGVkaXRvciIsCiAgIm5hbWVzcGFjZSIgOiAidW5pdHlfZWRpdG9yIiwKICAidHlwZSIgOiAiRURJVE9SIiwKICAidGFnIiA6ICJVbml0eVBlcnNvbmFsXXXX
  Product: Unity Personal Version
  Type: Assigned
  Expiration: Unlimited
Library Redirect Path: Library/
[Physics::Module] Selected backend.
[Physics::Module] Name: PhysX
[Physics::Module] Id: 0xf2b8ea05
[Physics::Module] SDK Version: 4.1.2
[Physics::Module] Integration Version: 1.0.0
[Physics::Module] Threading Mode: Multi-Threaded
Artifact Garbage Collection - Removed 5 unused hashed content files
Refreshing native plugins compatible for Editor in 8.32 ms, found 3 plugins.
Preloading 0 native plugins for Editor in 0.00 ms.
Initialize engine version: 6000.3.23f1 (09d2ecc7fb28)
[Subsystems] Discovering subsystems at path D:/Unity/Hub/Editor/6000.3.23f1/Editor/Data/Resources/UnitySubsystems
[Subsystems] Discovering subsystems at path F:/天命之子/client/Assets
[D3D12 Device Filter] Vendor Name: NVIDIA
[D3D12 Device Filter] Device Name: NVIDIA GeForce RTX 4060 Ti
[D3D12 Device Filter] Driver Version: 32.0.16.1047
[D3D12 Device Filter] Feature Level: 12.2
[D3D12 Device Filter] Graphics Memory: 7949 MB
[D3D12 Device Filter] Processor Count: 16
[D3D12 Device Filter] Device Type: Discrete
GfxDevice: creating device client; kGfxThreadingModeSplitJobs
d3d12: failed to query info queue interface (0x80004002).
Direct3D:
    Version:         Direct3D 12 [level 12.2]
    Renderer:        NVIDIA GeForce RTX 4060 Ti (ID=0x2803)
    Vendor:          NVIDIA
    VRAM:            7949 MB
    App VRAM Budget: 7181 MB
    Driver:          32.0.16.1047
Initialize mono
Mono path[0] = 'D:/Unity/Hub/Editor/6000.3.23f1/Editor/Data/Managed'
Mono path[1] = 'D:/Unity/Hub/Editor/6000.3.23f1/Editor/Data/MonoBleedingEdge/lib/mono/unityjit-win32'
Mono config path = 'D:/Unity/Hub/Editor/6000.3.23f1/Editor/Data/MonoBleedingEdge/etc'
Using monoOptions --debugger-agent=transport=dt_socket,embedding=1,server=y,suspend=n,address=127.0.0.1:56724
Using cacheserver namespaces - metadata:defaultmetadata, artifacts:defaultartifacts
Using cacheserver namespaces - metadata:defaultmetadata, artifacts:defaultartifacts
ImportWorker Server TCP listen port: 0
AcceleratorClientConnectionCallback - disconnected - :0
Begin MonoManager ReloadAssembly
Registering precompiled unity dll's ...
Register platform support module: D:/Unity/Hub/Editor/6000.3.23f1/Editor/Data/PlaybackEngines/WindowsStandaloneSupport/UnityEditor.WindowsStandalone.Extensions.dll
[Licensing::Client] Successfully resolved entitlement details
[Licensing::Module] License group:
  Id: F4-99BH-9QMP-CCW5-HN7U-XXXX
  Product: Unity Personal
  Type: ULF
  Expiration: 2026-09-22T23:54:42Z
[Licensing::Module] License group:
  Id: ewogICJzdWJzR3JvdXAiIDogInVuaXR5IGVkaXRvciIsCiAgIm5hbWVzcGFjZSIgOiAidW5pdHlfZWRpdG9yIiwKICAidHlwZSIgOiAiRURJVE9SIiwKICAidGFnIiA6ICJVbml0eVBlcnNvbmFsXXXX
  Product: Unity Personal Version
  Type: Assigned
  Expiration: Unlimited
Register platform support module: D:/Unity/Hub/Editor/6000.3.23f1/Editor/Data/PlaybackEngines/AndroidPlayer/UnityEditor.Android.Extensions.dll
Registered in 0.005433 seconds.
- Loaded All Assemblies, in  0.485 seconds
Native extension for Android target not found
Native extension for WindowsStandalone target not found
Package Manager log level set to [2]
ScheduleIndexationOnStartup MainProcess:False IndexOnStartup:True
Mono: successfully reloaded assembly
- Finished resetting the current domain, in  0.432 seconds
Domain Reload Profiling: 916ms
	BeginReloadAssembly (209ms)
		ExecutionOrderSort (0ms)
		DisableScriptedObjects (0ms)
		BackupInstance (0ms)
		ReleaseScriptingObjects (0ms)
		CreateAndSetChildDomain (14ms)
	RebuildCommonClasses (39ms)
	RebuildNativeTypeToScriptingClass (10ms)
	initialDomainReloadingComplete (46ms)
	LoadAllAssembliesAndSetupDomain (180ms)
		LoadAssemblies (196ms)
		RebuildTransferFunctionScriptingTraits (0ms)
		AnalyzeDomain (176ms)
			TypeCache.Refresh (173ms)
				TypeCache.ScanAssembly (160ms)
			BuildScriptInfoCaches (0ms)
			ResolveRequiredComponents (2ms)
	FinalizeReload (432ms)
		ReleaseScriptCaches (0ms)
		RebuildScriptCaches (0ms)
		SetupLoadedEditorAssemblies (397ms)
			LogAssemblyErrors (0ms)
			InitializePlatformSupportModulesInManaged (109ms)
			SetLoadedEditorAssemblies (3ms)
			BeforeProcessingInitializeOnLoad (71ms)
			ProcessInitializeOnLoadAttributes (122ms)
			ProcessInitializeOnLoadMethodAttributes (92ms)
			AfterProcessingInitializeOnLoad (0ms)
			EditorAssembliesLoaded (0ms)
		ExecutionOrderSort2 (0ms)
		AwakeInstancesAfterBackupRestoration (0ms)
[Licensing::Client] Successfully resolved entitlement details
[Licensing::Module] License group:
  Id: F4-99BH-9QMP-CCW5-HN7U-XXXX
  Product: Unity Personal
  Type: ULF
  Expiration: 2026-09-22T23:54:42Z
[Licensing::Module] License group:
  Id: ewogICJzdWJzR3JvdXAiIDogInVuaXR5IGVkaXRvciIsCiAgIm5hbWVzcGFjZSIgOiAidW5pdHlfZWRpdG9yIiwKICAidHlwZSIgOiAiRURJVE9SIiwKICAidGFnIiA6ICJVbml0eVBlcnNvbmFsXXXX
  Product: Unity Personal Version
  Type: Assigned
  Expiration: Unlimited
Application.AssetDatabase Initial Refresh Start
[Package Manager] Restoring resolved packages state from cache
[Licensing::Client] Successfully resolved entitlement details
[Package Manager] Registered 51 packages:
  Packages from [https://packages.unity.com]:
    com.unity.ide.visualstudio@2.0.22 (location: F:\天命之子\client\Library\PackageCache\com.unity.ide.visualstudio@8140e851d83e)
    com.unity.inputsystem@1.14.2 (location: F:\天命之子\client\Library\PackageCache\com.unity.inputsystem@be6c4fd0abf5)
    com.unity.2d.animation@11.0.0 (location: F:\天命之子\client\Library\PackageCache\com.unity.2d.animation@a1db3619cb6f)
    com.unity.2d.common@12.0.4 (location: F:\天命之子\client\Library\PackageCache\com.unity.2d.common@3e42aeccb30d)
    com.unity.collections@2.6.8 (location: F:\天命之子\client\Library\PackageCache\com.unity.collections@84e8eb3fc12e)
    com.unity.burst@1.8.30 (location: F:\天命之子\client\Library\PackageCache\com.unity.burst@2f3d916873ea)
    com.unity.mathematics@1.3.3 (location: F:\天命之子\client\Library\PackageCache\com.unity.mathematics@19a9377c4ffa)
    com.unity.nuget.mono-cecil@1.11.6 (location: F:\天命之子\client\Library\PackageCache\com.unity.nuget.mono-cecil@ecb9724e46ff)
    com.unity.test-framework.performance@3.5.0 (location: F:\天命之子\client\Library\PackageCache\com.unity.test-framework.performance@8b56083ec0f0)
    com.unity.searcher@4.9.5 (location: F:\天命之子\client\Library\PackageCache\com.unity.searcher@a463122f2c00)
  Built-in packages:
    com.unity.render-pipelines.universal@17.3.0 (location: F:\天命之子\client\Library\PackageCache\com.unity.render-pipelines.universal@7865b6b91f8a)
    com.unity.test-framework@1.6.0 (location: F:\天命之子\client\Library\PackageCache\com.unity.test-framework@bd7f943e9647)
    com.unity.ugui@2.0.0 (location: F:\天命之子\client\Library\PackageCache\com.unity.ugui@27635d171b1a)
    com.unity.2d.sprite@1.0.0 (location: F:\天命之子\client\Library\PackageCache\com.unity.2d.sprite@5b922524bd83)
    com.unity.modules.ai@1.0.0 (location: F:\天命之子\client\Library\PackageCache\com.unity.modules.ai)
    com.unity.modules.androidjni@1.0.0 (location: F:\天命之子\client\Library\PackageCache\com.unity.modules.androidjni)
    com.unity.modules.animation@1.0.0 (location: F:\天命之子\client\Library\PackageCache\com.unity.modules.animation)
    com.unity.modules.assetbundle@1.0.0 (location: F:\天命之子\client\Library\PackageCache\com.unity.modules.assetbundle)
    com.unity.modules.audio@1.0.0 (location: F:\天命之子\client\Library\PackageCache\com.unity.modules.audio)
    com.unity.modules.cloth@1.0.0 (location: F:\天命之子\client\Library\PackageCache\com.unity.modules.cloth)
    com.unity.modules.director@1.0.0 (location: F:\天命之子\client\Library\PackageCache\com.unity.modules.director)
    com.unity.modules.imageconversion@1.0.0 (location: F:\天命之子\client\Library\PackageCache\com.unity.modules.imageconversion)
    com.unity.modules.imgui@1.0.0 (location: F:\天命之子\client\Library\PackageCache\com.unity.modules.imgui)
    com.unity.modules.jsonserialize@1.0.0 (location: F:\天命之子\client\Library\PackageCache\com.unity.modules.jsonserialize)
    com.unity.modules.particlesystem@1.0.0 (location: F:\天命之子\client\Library\PackageCache\com.unity.modules.particlesystem)
    com.unity.modules.physics@1.0.0 (location: F:\天命之子\client\Library\PackageCache\com.unity.modules.physics)
    com.unity.modules.physics2d@1.0.0 (location: F:\天命之子\client\Library\PackageCache\com.unity.modules.physics2d)
    com.unity.modules.screencapture@1.0.0 (location: F:\天命之子\client\Library\PackageCache\com.unity.modules.screencapture)
    com.unity.modules.terrain@1.0.0 (location: F:\天命之子\client\Library\PackageCache\com.unity.modules.terrain)
    com.unity.modules.terrainphysics@1.0.0 (location: F:\天命之子\client\Library\PackageCache\com.unity.modules.terrainphysics)
    com.unity.modules.tilemap@1.0.0 (location: F:\天命之子\client\Library\PackageCache\com.unity.modules.tilemap)
    com.unity.modules.ui@1.0.0 (location: F:\天命之子\client\Library\PackageCache\com.unity.modules.ui)
    com.unity.modules.uielements@1.0.0 (location: F:\天命之子\client\Library\PackageCache\com.unity.modules.uielements)
    com.unity.modules.umbra@1.0.0 (location: F:\天命之子\client\Library\PackageCache\com.unity.modules.umbra)
    com.unity.modules.unityanalytics@1.0.0 (location: F:\天命之子\client\Library\PackageCache\com.unity.modules.unityanalytics)
    com.unity.modules.unitywebrequest@1.0.0 (location: F:\天命之子\client\Library\PackageCache\com.unity.modules.unitywebrequest)
    com.unity.modules.unitywebrequestassetbundle@1.0.0 (location: F:\天命之子\client\Library\PackageCache\com.unity.modules.unitywebrequestassetbundle)
    com.unity.modules.unitywebrequestaudio@1.0.0 (location: F:\天命之子\client\Library\PackageCache\com.unity.modules.unitywebrequestaudio)
    com.unity.modules.unitywebrequesttexture@1.0.0 (location: F:\天命之子\client\Library\PackageCache\com.unity.modules.unitywebrequesttexture)
    com.unity.modules.unitywebrequestwww@1.0.0 (location: F:\天命之子\client\Library\PackageCache\com.unity.modules.unitywebrequestwww)
    com.unity.modules.vehicles@1.0.0 (location: F:\天命之子\client\Library\PackageCache\com.unity.modules.vehicles)
    com.unity.modules.video@1.0.0 (location: F:\天命之子\client\Library\PackageCache\com.unity.modules.video)
    com.unity.modules.vr@1.0.0 (location: F:\天命之子\client\Library\PackageCache\com.unity.modules.vr)
    com.unity.modules.wind@1.0.0 (location: F:\天命之子\client\Library\PackageCache\com.unity.modules.wind)
    com.unity.modules.xr@1.0.0 (location: F:\天命之子\client\Library\PackageCache\com.unity.modules.xr)
    com.unity.modules.subsystems@1.0.0 (location: F:\天命之子\client\Library\PackageCache\com.unity.modules.subsystems)
    com.unity.modules.hierarchycore@1.0.0 (location: F:\天命之子\client\Library\PackageCache\com.unity.modules.hierarchycore)
    com.unity.ext.nunit@2.0.5 (location: F:\天命之子\client\Library\PackageCache\com.unity.ext.nunit@d8c07649098d)
    com.unity.render-pipelines.core@17.3.0 (location: F:\天命之子\client\Library\PackageCache\com.unity.render-pipelines.core@0bb36005e9ba)
    com.unity.shadergraph@17.3.0 (location: F:\天命之子\client\Library\PackageCache\com.unity.shadergraph@b4b75cc00891)
    com.unity.render-pipelines.universal-config@17.0.3 (location: F:\天命之子\client\Library\PackageCache\com.unity.render-pipelines.universal-config@8dc1aab4af1d)
[Subsystems] No new subsystems found in resolved package list.
[Package Manager] Done registering packages in 0.01 seconds
[ScriptCompilation] Requested script compilation because: Assetdatabase observed changes in script compilation related files
Starting: D:\Unity\Hub\Editor\6000.3.23f1\Editor\Data\Tools\BuildPipeline\bee_backend.exe --ipc --defer-dag-verification --dagfile="Library/Bee/1900b0aE.dag" --continue-on-failure --profile="Library/Bee/backend1.traceevents" ScriptAssemblies
WorkingDir: F:/天命之子/client
ExitCode: 0 Duration: 7s800ms
[632/808    0s] ILPP-Configuration Library/ilpp-configuration.nevergeneratedoutput
[792/808    5s] Csc Library/Bee/artifacts/1900b0aE.dag/Resonance.App.dll (+2 others)
Assets\Scripts\Resonance.App\Characters\PuppetRig.cs(78,14): warning CS0414: The field 'PuppetRig._hasFoot' is assigned but its value is never used

Assets\Scripts\Resonance.App\Characters\PuppetRig.cs(77,14): warning CS0414: The field 'PuppetRig._hasHand' is assigned but its value is never used

Assets\Scripts\Resonance.App\Characters\PuppetRig.cs(75,14): warning CS0414: The field 'PuppetRig._hasHead' is assigned but its value is never used

Assets\Scripts\Resonance.App\Debug\VerticalSliceSmokeRuntime.cs(55,14): warning CS0414: The field 'VerticalSliceSmokeRuntime._loseShot' is assigned but its value is never used

Assets\Scripts\Resonance.App\Characters\PuppetRig.cs(76,14): warning CS0414: The field 'PuppetRig._hasHair' is assigned but its value is never used
[793/808    0s] ILPostProcess Library/Bee/artifacts/1900b0aE.dag/post-processed/Resonance.App.dll (+pdb)
Processing assembly Library/Bee/artifacts/1900b0aE.dag/Resonance.App.dll, with 140 defines and 264 references

processors: Unity.Jobs.CodeGen.JobsILPostProcessor, zzzUnity.Burst.CodeGen.BurstILPostProcessor

running Unity.Jobs.CodeGen.JobsILPostProcessor

running zzzUnity.Burst.CodeGen.BurstILPostProcessor
[794/808    0s] CopyFiles Library/ScriptAssemblies/Resonance.App.pdb
[795/808    0s] CopyFiles Library/ScriptAssemblies/Resonance.App.dll
[796/808    1s] Csc Library/Bee/artifacts/1900b0aE.dag/Resonance.Editor.dll (+2 others)
[797/808    0s] ILPostProcess Library/Bee/artifacts/1900b0aE.dag/post-processed/Resonance.Editor.dll (+pdb)
Processing assembly Library/Bee/artifacts/1900b0aE.dag/Resonance.Editor.dll, with 138 defines and 276 references

processors: Unity.Jobs.CodeGen.JobsILPostProcessor, zzzUnity.Burst.CodeGen.BurstILPostProcessor

running Unity.Jobs.CodeGen.JobsILPostProcessor

running zzzUnity.Burst.CodeGen.BurstILPostProcessor
[798/808    0s] CopyFiles Library/ScriptAssemblies/Resonance.Editor.dll
[799/808    0s] CopyFiles Library/ScriptAssemblies/Resonance.Editor.pdb
[800/808    0s] Csc Library/Bee/artifacts/1900b0aE.dag/Assembly-CSharp.dll (+2 others)
[801/808    0s] Csc Library/Bee/artifacts/1900b0aE.dag/Assembly-CSharp-Editor.dll (+2 others)
[802/808    0s] ILPostProcess Library/Bee/artifacts/1900b0aE.dag/post-processed/Assembly-CSharp.dll (+pdb)
Processing assembly Library/Bee/artifacts/1900b0aE.dag/Assembly-CSharp.dll, with 140 defines and 307 references

processors: Unity.Jobs.CodeGen.JobsILPostProcessor, zzzUnity.Burst.CodeGen.BurstILPostProcessor

running Unity.Jobs.CodeGen.JobsILPostProcessor

running zzzUnity.Burst.CodeGen.BurstILPostProcessor
[803/808    0s] ILPostProcess Library/Bee/artifacts/1900b0aE.dag/post-processed/Assembly-CSharp-Editor.dll (+pdb)
Processing assembly Library/Bee/artifacts/1900b0aE.dag/Assembly-CSharp-Editor.dll, with 138 defines and 323 references

processors: Unity.Jobs.CodeGen.JobsILPostProcessor, zzzUnity.Burst.CodeGen.BurstILPostProcessor

running Unity.Jobs.CodeGen.JobsILPostProcessor

running zzzUnity.Burst.CodeGen.BurstILPostProcessor
[804/808    0s] CopyFiles Library/ScriptAssemblies/Assembly-CSharp.dll
[805/808    0s] CopyFiles Library/ScriptAssemblies/Assembly-CSharp.pdb
[806/808    0s] CopyFiles Library/ScriptAssemblies/Assembly-CSharp-Editor.dll
[807/808    0s] CopyFiles Library/ScriptAssemblies/Assembly-CSharp-Editor.pdb
*** Tundra build success (7.77 seconds), 17 items updated, 808 evaluated
Assets\Scripts\Resonance.App\Characters\PuppetRig.cs(78,14): warning CS0414: The field 'PuppetRig._hasFoot' is assigned but its value is never used
Assets\Scripts\Resonance.App\Characters\PuppetRig.cs(77,14): warning CS0414: The field 'PuppetRig._hasHand' is assigned but its value is never used
Assets\Scripts\Resonance.App\Characters\PuppetRig.cs(75,14): warning CS0414: The field 'PuppetRig._hasHead' is assigned but its value is never used
Assets\Scripts\Resonance.App\Debug\VerticalSliceSmokeRuntime.cs(55,14): warning CS0414: The field 'VerticalSliceSmokeRuntime._loseShot' is assigned but its value is never used
Assets\Scripts\Resonance.App\Characters\PuppetRig.cs(76,14): warning CS0414: The field 'PuppetRig._hasHair' is assigned but its value is never used
AssetDatabase: script compilation time: 9.660320s
Begin MonoManager ReloadAssembly
- Loaded All Assemblies, in  0.763 seconds
Refreshing native plugins compatible for Editor in 3.20 ms, found 4 plugins.
Missing types referenced from component UniversalRenderPipelineGlobalSettings on game object UniversalRenderPipelineGlobalSettings:
	UnityEngine.PathTracing.Core.WorldRenderPipelineResources, Unity.PathTracing.Runtime (1 object)
Native extension for Android target not found
Native extension for WindowsStandalone target not found
ScheduleIndexationOnStartup MainProcess:True IndexOnStartup:True
Mono: successfully reloaded assembly
- Finished resetting the current domain, in  2.431 seconds
Domain Reload Profiling: 3193ms
	BeginReloadAssembly (339ms)
		ExecutionOrderSort (0ms)
		DisableScriptedObjects (57ms)
		BackupInstance (0ms)
		ReleaseScriptingObjects (0ms)
		CreateAndSetChildDomain (153ms)
	RebuildCommonClasses (31ms)
	RebuildNativeTypeToScriptingClass (11ms)
	initialDomainReloadingComplete (19ms)
	LoadAllAssembliesAndSetupDomain (361ms)
		LoadAssemblies (314ms)
		RebuildTransferFunctionScriptingTraits (0ms)
		AnalyzeDomain (141ms)
			TypeCache.Refresh (97ms)
				TypeCache.ScanAssembly (88ms)
			BuildScriptInfoCaches (33ms)
			ResolveRequiredComponents (8ms)
	FinalizeReload (2432ms)
		ReleaseScriptCaches (0ms)
		RebuildScriptCaches (0ms)
		SetupLoadedEditorAssemblies (2115ms)
			LogAssemblyErrors (0ms)
			InitializePlatformSupportModulesInManaged (32ms)
			SetLoadedEditorAssemblies (3ms)
			BeforeProcessingInitializeOnLoad (138ms)
			ProcessInitializeOnLoadAttributes (1871ms)
			ProcessInitializeOnLoadMethodAttributes (70ms)
			AfterProcessingInitializeOnLoad (2ms)
			EditorAssembliesLoaded (0ms)
		ExecutionOrderSort2 (0ms)
		AwakeInstancesAfterBackupRestoration (19ms)
Refreshing native plugins compatible for Editor in 1.24 ms, found 4 plugins.
Preloading 0 native plugins for Editor in 0.00 ms.
Asset Pipeline Refresh (id=175d60bbf98119a46a51c3e45225270d): Total: 13.690 seconds - Initiated by InitialRefreshV2(ForceSynchronousImport)
	Summary:
		Imports: total=0 (actual=0, local cache=0, cache server=0)
		Asset DB Process Time: managed=0 ms, native=3009 ms
		Asset DB Callback time: managed=198 ms, native=25 ms
		Scripting: domain reloads=1, domain reload time=763 ms, compile time=9662 ms, other=30 ms
		Project Asset Count: scripts=1008, non-scripts=2763
		Asset File Changes: new=0, changed=1, moved=0, deleted=0
		Scan Filter Count: 0
	InvokeCustomDependenciesCallbacks: 0.001ms
	InvokePackagesCallback: 16.134ms
	ApplyChangesToAssetFolders: 0.620ms
	Scan: 304.130ms
	OnSourceAssetsModified: 0.786ms
	CategorizeAssetsWithTransientArtifact: 32.537ms
	ProcessAssetsWithTransientArtifactChanges: 41.767ms
	CategorizeAssets: 70.000ms
	ImportOutOfDateAssets: 2441.254ms (-7222.515ms without children)
		CompileScripts: 9662.189ms
		ReloadNativeAssets: 0.025ms
		UnloadImportedAssets: 0.510ms
		EnsureUptoDateAssetsAreRegisteredWithGuidPM: 0.516ms
		InitializingProgressBar: 0.000ms
		PostProcessAllAssetNotificationsAddChangedAssets: 0.001ms
		OnDemandSchedulerStart: 0.528ms
	PostProcessAllAssets: 200.811ms
	Hotreload: 6.892ms
	GatherAllCurrentPrimaryArtifactRevisions: 0.002ms
	UnloadStreamsBegin: 2.454ms
	PersistCurrentRevisions: 0.120ms
	UnloadStreamsEnd: 0.002ms
	GenerateScriptTypeHashes: 21.302ms
	Untracked: 10572.205ms

Application.AssetDatabase Initial Refresh End
Launched and connected shader compiler UnityShaderCompiler.exe after 0.03 seconds
Scanning for USB devices : 2.519ms
Initializing Unity extensions:
[MODES] ModeService[none].Initialize
[MODES] ModeService[none].LoadModes
[MODES] Loading mode Default (0) for mode-current-id-契灵回响
Unloading 19 Unused Serialized files (Serialized files now loaded: 0)
Unloading 4200 unused Assets / (4.7 MB). Loaded Objects now: 5090.
Memory consumption went from 199.3 MB to 194.6 MB.
Total: 7.907200 ms (FindLiveObjects: 0.294200 ms CreateObjectMapping: 0.235700 ms MarkObjects: 5.983300 ms  DeleteObjects: 1.392800 ms)

[LAYOUT] About to load UserSettings\Layouts\default-6000.dwlt, keepMainWindow=False
[LAYOUT] About to save layout F:\天命之子\client\UserSettings\Layouts\default-6000.dwlt
[LAYOUT] About to save layout C:/Users/Administrator/AppData/Roaming/Unity/Editor-5.x/Preferences\Layouts\current\default-6000.dwlt
[MODES] ModeService[default].InitializeCurrentMode
[MODES] ModeService[default].RaiseModeChanged(default, default)
This project uses Input Manager, which is marked for deprecation. To manage input in your project, use the <a href="https://docs.unity3d.com/Packages/com.unity.inputsystem@latest">Input System package</a> instead.
<RI> Initializing input.
Using Windows.Gaming.Input
<RI> Input initialized.
[Project] Loading completed in 19.996 seconds
	Project init time: 				17.558 seconds
		Template init time: 		0.000 seconds
		Package Manager init time: 		0.451 seconds
		Asset Database init time: 		0.700 seconds
		Global illumination init time: 	0.012 seconds
		Assemblies load time: 			0.932 seconds
		Unity extensions init time: 	0.005 seconds
		Asset Database refresh time: 	13.690 seconds
	Scene opening time: 			1.742 seconds
##utp:{"type":"ProjectInfo","version":2,"phase":"Immediate","time":1789253700407,"processId":25724,"projectLoad":19.995867299999998,"projectInit":17.5581222,"templateInit":0.0,"packageManagerInit":0.4505253,"assetDatabaseInit":0.6996003,"globalIlluminationInit":0.0123536,"assembliesLoad":0.931546,"unityExtensionsInit":0.0049981,"assetDatabaseRefresh":13.6900971,"sceneOpening":1.7418339}
##utp:{"type":"EditorInfo","version":2,"phase":"Immediate","time":1789253700407,"processId":25724,"editorVersion":"6000.3.23f1 (09d2ecc7fb28)","branch":"6000.3/staging","buildType":"Release","platform":"Windows"}
Asset Pipeline Refresh (id=d20eebcfd8bfa8d49be7bcd5ebe5c64f): Total: 0.042 seconds - Initiated by RefreshV2(AllowForceSynchronousImport)
Start Indexing on Editor startup
[Indexing] Starting Initial Indexing for Assets
Created GICache directory at C:/Users/Administrator/AppData/LocalLow/Unity/Caches/GiCache. Took: 0.027s, timestamps: [21.005 - 21.032]
[Licensing::Client] Successfully resolved entitlement details
[Licensing::Client] Successfully resolved entitlement details
Android Extension - Scanning For ADB Devices 2335 ms
Starting new worker id: 0 with log in F:/天命之子/client/Logs/AssetImportWorker0.log
Android Extension - Scanning For ADB Devices 280 ms
Attempted to call .Dispose on an already disposed CancellationTokenSource
Android Extension - Scanning For ADB Devices 296 ms
Worker ready: AssetImportWorker0 0
Android Extension - Scanning For ADB Devices 271 ms
Starting new worker id: 1 with log in F:/天命之子/client/Logs/AssetImportWorker1.log
[Worker0] Start importing Assets/Scripts/Resonance.App/Debug/VerticalSliceSmokeRuntime.cs using Guid(de98c914532085a4485a287c104d3ae1) Importer(2089858483,b0f066a214c2f5e87bad3c948f4d605d) 
[Worker0] (ScriptedImporter)
[Worker0]  -> (artifact id: 'ea60d43beb1720d3f38b4afedfa196ce') in 0.0932282 seconds
Worker ready: AssetImportWorker1 1
TrimDiskCacheJob: Current cache size 0mb
[VS-SMOKE] game view portrait index=7
UnityEngine.Debug:ExtractStackTraceNoAlloc (byte*,int,string)
UnityEngine.StackTraceUtility:ExtractStackTrace ()
UnityEngine.DebugLogHandler:Internal_Log (UnityEngine.LogType,UnityEngine.LogOption,string,UnityEngine.Object)
UnityEngine.DebugLogHandler:LogFormat (UnityEngine.LogType,UnityEngine.Object,string,object[])
UnityEngine.Logger:Log (UnityEngine.LogType,object)
UnityEngine.Debug:Log (object)
Resonance.EditorTools.VerticalSliceSmoke:FocusPortraitGameView () (at Assets/Editor/Smoke/VerticalSliceSmoke.cs:76)
Resonance.EditorTools.VerticalSliceSmoke:TryEnterPlay () (at Assets/Editor/Smoke/VerticalSliceSmoke.cs:209)
Resonance.EditorTools.VerticalSliceSmoke:Poll () (at Assets/Editor/Smoke/VerticalSliceSmoke.cs:188)
UnityEditor.EditorApplication:Internal_CallUpdateFunctions ()

(Filename: Assets/Editor/Smoke/VerticalSliceSmoke.cs Line: 76)

[VS-SMOKE] entering play mode
UnityEngine.Debug:ExtractStackTraceNoAlloc (byte*,int,string)
UnityEngine.StackTraceUtility:ExtractStackTrace ()
UnityEngine.DebugLogHandler:Internal_Log (UnityEngine.LogType,UnityEngine.LogOption,string,UnityEngine.Object)
UnityEngine.DebugLogHandler:LogFormat (UnityEngine.LogType,UnityEngine.Object,string,object[])
UnityEngine.Logger:Log (UnityEngine.LogType,object)
UnityEngine.Debug:Log (object)
Resonance.EditorTools.VerticalSliceSmoke:TryEnterPlay () (at Assets/Editor/Smoke/VerticalSliceSmoke.cs:210)
Resonance.EditorTools.VerticalSliceSmoke:Poll () (at Assets/Editor/Smoke/VerticalSliceSmoke.cs:188)
UnityEditor.EditorApplication:Internal_CallUpdateFunctions ()

(Filename: Assets/Editor/Smoke/VerticalSliceSmoke.cs Line: 210)

Reloading assemblies for play mode.
Reloading assemblies after forced synchronous recompile.
Attempted to call .Dispose on an already disposed CancellationTokenSource
[Licensing::Client] Successfully resolved entitlement details
[Licensing::Module] License group:
  Id: F4-99BH-9QMP-CCW5-HN7U-XXXX
  Product: Unity Personal
  Type: ULF
  Expiration: 2026-09-22T23:54:42Z
[Licensing::Module] License group:
  Id: ewogICJzdWJzR3JvdXAiIDogInVuaXR5IGVkaXRvciIsCiAgIm5hbWVzcGFjZSIgOiAidW5pdHlfZWRpdG9yIiwKICAidHlwZSIgOiAiRURJVE9SIiwKICAidGFnIiA6ICJVbml0eVBlcnNvbmFsXXXX
  Product: Unity Personal Version
  Type: Assigned
  Expiration: Unlimited
Begin MonoManager ReloadAssembly
- Loaded All Assemblies, in  1.045 seconds
Refreshing native plugins compatible for Editor in 8.34 ms, found 4 plugins.
Missing types referenced from component UniversalRenderPipelineGlobalSettings on game object UniversalRenderPipelineGlobalSettings:
	UnityEngine.PathTracing.Core.WorldRenderPipelineResources, Unity.PathTracing.Runtime (1 object)
Native extension for Android target not found
Native extension for WindowsStandalone target not found
ScheduleIndexationOnStartup MainProcess:True IndexOnStartup:True
[MODES] ModeService[none].Initialize
[MODES] ModeService[none].LoadModes
[Licensing::Client] Successfully resolved entitlement details
[Licensing::Module] License group:
  Id: F4-99BH-9QMP-CCW5-HN7U-XXXX
  Product: Unity Personal
  Type: ULF
  Expiration: 2026-09-22T23:54:42Z
[Licensing::Module] License group:
  Id: ewogICJzdWJzR3JvdXAiIDogInVuaXR5IGVkaXRvciIsCiAgIm5hbWVzcGFjZSIgOiAidW5pdHlfZWRpdG9yIiwKICAidHlwZSIgOiAiRURJVE9SIiwKICAidGFnIiA6ICJVbml0eVBlcnNvbmFsXXXX
  Product: Unity Personal Version
  Type: Assigned
  Expiration: Unlimited
Mono: successfully reloaded assembly
- Finished resetting the current domain, in  1.516 seconds
Domain Reload Profiling: 2562ms
	BeginReloadAssembly (780ms)
		ExecutionOrderSort (0ms)
		DisableScriptedObjects (147ms)
		BackupInstance (0ms)
		ReleaseScriptingObjects (0ms)
		CreateAndSetChildDomain (296ms)
	RebuildCommonClasses (30ms)
	RebuildNativeTypeToScriptingClass (11ms)
	initialDomainReloadingComplete (18ms)
	LoadAllAssembliesAndSetupDomain (206ms)
		LoadAssemblies (258ms)
		RebuildTransferFunctionScriptingTraits (0ms)
		AnalyzeDomain (111ms)
			TypeCache.Refresh (4ms)
				TypeCache.ScanAssembly (0ms)
			BuildScriptInfoCaches (77ms)
			ResolveRequiredComponents (26ms)
	FinalizeReload (1517ms)
		ReleaseScriptCaches (0ms)
		RebuildScriptCaches (0ms)
		SetupLoadedEditorAssemblies (641ms)
			LogAssemblyErrors (0ms)
			InitializePlatformSupportModulesInManaged (30ms)
			SetLoadedEditorAssemblies (3ms)
			BeforeProcessingInitializeOnLoad (160ms)
			ProcessInitializeOnLoadAttributes (382ms)
			ProcessInitializeOnLoadMethodAttributes (65ms)
			AfterProcessingInitializeOnLoad (1ms)
			EditorAssembliesLoaded (0ms)
		ExecutionOrderSort2 (0ms)
		AwakeInstancesAfterBackupRestoration (535ms)
Asset Pipeline Refresh (id=e987f45c418722943b104daaab1ee52f): Total: 2.708 seconds - Initiated by StopAssetImportingV2(ForceSynchronousImport | ForceDomainReload)
	Summary:
		Imports: total=0 (actual=0, local cache=0, cache server=0)
		Asset DB Process Time: managed=0 ms, native=1596 ms
		Asset DB Callback time: managed=31 ms, native=1 ms
		Scripting: domain reloads=1, domain reload time=1076 ms, compile time=1 ms, other=0 ms
		Project Asset Count: scripts=1008, non-scripts=2763
		Asset File Changes: new=0, changed=0, moved=0, deleted=0
		Scan Filter Count: 0
	InvokeCustomDependenciesCallbacks: 0.001ms
	InvokePackagesCallback: 2.774ms
	ApplyChangesToAssetFolders: 0.206ms
	Scan: 0.000ms
	OnSourceAssetsModified: 0.001ms
	CategorizeAssetsWithTransientArtifact: 0.002ms
	ProcessAssetsWithTransientArtifactChanges: 1.834ms
	CategorizeAssets: 40.033ms
	ImportOutOfDateAssets: 1532.270ms (1527.660ms without children)
		CompileScripts: 1.051ms
		CollectScriptTypesHashes: 1.152ms
		ReloadNativeAssets: 0.653ms
		UnloadImportedAssets: 0.960ms
		EnsureUptoDateAssetsAreRegisteredWithGuidPM: 0.391ms
		InitializingProgressBar: 0.000ms
		PostProcessAllAssetNotificationsAddChangedAssets: 0.000ms
		OnDemandSchedulerStart: 0.402ms
	PostProcessAllAssets: 31.474ms
	GatherAllCurrentPrimaryArtifactRevisions: 0.176ms
	UnloadStreamsBegin: 1.034ms
	PersistCurrentRevisions: 0.115ms
	UnloadStreamsEnd: 0.001ms
	GenerateScriptTypeHashes: 3.207ms
	Untracked: 1098.145ms

Loaded scene 'Temp/__Backupscenes/0.backup'
	Deserialize:            3.763 ms
	Integration:            243.612 ms
	Integration of assets:  0.047 ms
	Thread Wait Time:       0.020 ms
	Total Operation Time:   247.442 ms
EMERALD_LOADED parts=4 vertices=11873 parameters=6
UnityEngine.Debug:ExtractStackTraceNoAlloc (byte*,int,string)
UnityEngine.StackTraceUtility:ExtractStackTrace ()
UnityEngine.DebugLogHandler:Internal_Log (UnityEngine.LogType,UnityEngine.LogOption,string,UnityEngine.Object)
UnityEngine.DebugLogHandler:LogFormat (UnityEngine.LogType,UnityEngine.Object,string,object[])
UnityEngine.Logger:Log (UnityEngine.LogType,object)
UnityEngine.Debug:Log (object)
EmeraldInochi.InochiStandee:Initialize () (at Assets/EmeraldInochi/InochiStandee.cs:94)
EmeraldInochi.InochiStandee:Attach (UnityEngine.Transform) (at Assets/EmeraldInochi/InochiStandee.cs:51)
Resonance.App.EmeraldLobby:TryAttach (UnityEngine.Transform,System.Collections.Generic.List`1<UnityEngine.GameObject>) (at Assets/Scripts/Resonance.App/UI/EmeraldLobby.cs:16)
Resonance.App.GameRoot:DrawHome () (at Assets/Scripts/Resonance.App/Core/GameRoot.cs:439)
Resonance.App.GameRoot:Show (Resonance.App.GameRoot/ScreenId) (at Assets/Scripts/Resonance.App/Core/GameRoot.cs:399)
Resonance.App.GameRoot:<DrawBoot>b__80_0 () (at Assets/Scripts/Resonance.App/Core/GameRoot.cs:429)
Resonance.App.BootSplash/Hold:Update () (at Assets/Scripts/Resonance.App/UI/BootSplash.cs:83)

(Filename: Assets/EmeraldInochi/InochiStandee.cs Line: 94)

[VS-SMOKE] game view portrait index=7
UnityEngine.Debug:ExtractStackTraceNoAlloc (byte*,int,string)
UnityEngine.StackTraceUtility:ExtractStackTrace ()
UnityEngine.DebugLogHandler:Internal_Log (UnityEngine.LogType,UnityEngine.LogOption,string,UnityEngine.Object)
UnityEngine.DebugLogHandler:LogFormat (UnityEngine.LogType,UnityEngine.Object,string,object[])
UnityEngine.Logger:Log (UnityEngine.LogType,object)
UnityEngine.Debug:Log (object)
Resonance.EditorTools.VerticalSliceSmoke:FocusPortraitGameView () (at Assets/Editor/Smoke/VerticalSliceSmoke.cs:76)
Resonance.EditorTools.VerticalSliceSmoke:OnPlayMode (UnityEditor.PlayModeStateChange) (at Assets/Editor/Smoke/VerticalSliceSmoke.cs:142)
UnityEditor.EditorApplication:Internal_PlayModeStateChanged (UnityEditor.PlayModeStateChange)

(Filename: Assets/Editor/Smoke/VerticalSliceSmoke.cs Line: 76)

[Licensing::Client] Successfully resolved entitlement details
Setting the duration while system is still playing is not supported. Please wait until the system has stopped and all particles have expired or call Stop with ParticleSystemStopBehavior.StopEmittingAndClear to completely stop the system.
UnityEngine.Debug:ExtractStackTraceNoAlloc (byte*,int,string)
UnityEngine.StackTraceUtility:ExtractStackTrace ()
Resonance.App.IceParticles:AddSystem (UnityEngine.Transform,int,System.Collections.Generic.List`1<UnityEngine.Material>,string,UnityEngine.Sprite,single,int,single,single,single,single,single,single,single,single,single,single,single,bool) (at Assets/Scripts/Resonance.App/Characters/IceParticles.cs:130)
Resonance.App.ForegroundIce:Emit (UnityEngine.Transform,int,System.Collections.Generic.List`1<UnityEngine.Material>) (at Assets/Scripts/Resonance.App/Characters/ForegroundIce.cs:15)
Resonance.App.IceParticles:Build (UnityEngine.UI.RawImage,bool) (at Assets/Scripts/Resonance.App/Characters/IceParticles.cs:62)
Resonance.App.IceParticles:Attach (UnityEngine.Transform,System.Collections.Generic.List`1<UnityEngine.GameObject>,bool) (at Assets/Scripts/Resonance.App/Characters/IceParticles.cs:39)
Resonance.App.GameRoot:DrawInspect () (at Assets/Scripts/Resonance.App/Core/GameRoot.cs:841)
Resonance.App.GameRoot:Inspect (string) (at Assets/Scripts/Resonance.App/Core/GameRoot.cs:123)
Resonance.App.VerticalSliceSmokeRuntime:Update () (at Assets/Scripts/Resonance.App/Debug/VerticalSliceSmokeRuntime.cs:219)

[Assets/Scripts/Resonance.App/Core/GameRoot.cs line 841]

Setting the duration while system is still playing is not supported. Please wait until the system has stopped and all particles have expired or call Stop with ParticleSystemStopBehavior.StopEmittingAndClear to completely stop the system.
UnityEngine.Debug:ExtractStackTraceNoAlloc (byte*,int,string)
UnityEngine.StackTraceUtility:ExtractStackTrace ()
Resonance.App.IceParticles:AddSystem (UnityEngine.Transform,int,System.Collections.Generic.List`1<UnityEngine.Material>,string,UnityEngine.Sprite,single,int,single,single,single,single,single,single,single,single,single,single,single,bool) (at Assets/Scripts/Resonance.App/Characters/IceParticles.cs:130)
Resonance.App.ForegroundIce:Emit (UnityEngine.Transform,int,System.Collections.Generic.List`1<UnityEngine.Material>) (at Assets/Scripts/Resonance.App/Characters/ForegroundIce.cs:17)
Resonance.App.IceParticles:Build (UnityEngine.UI.RawImage,bool) (at Assets/Scripts/Resonance.App/Characters/IceParticles.cs:62)
Resonance.App.IceParticles:Attach (UnityEngine.Transform,System.Collections.Generic.List`1<UnityEngine.GameObject>,bool) (at Assets/Scripts/Resonance.App/Characters/IceParticles.cs:39)
Resonance.App.GameRoot:DrawInspect () (at Assets/Scripts/Resonance.App/Core/GameRoot.cs:841)
Resonance.App.GameRoot:Inspect (string) (at Assets/Scripts/Resonance.App/Core/GameRoot.cs:123)
Resonance.App.VerticalSliceSmokeRuntime:Update () (at Assets/Scripts/Resonance.App/Debug/VerticalSliceSmokeRuntime.cs:219)

[Assets/Scripts/Resonance.App/Core/GameRoot.cs line 841]

Setting the duration while system is still playing is not supported. Please wait until the system has stopped and all particles have expired or call Stop with ParticleSystemStopBehavior.StopEmittingAndClear to completely stop the system.
UnityEngine.Debug:ExtractStackTraceNoAlloc (byte*,int,string)
UnityEngine.StackTraceUtility:ExtractStackTrace ()
Resonance.App.IceParticles:AddSystem (UnityEngine.Transform,int,System.Collections.Generic.List`1<UnityEngine.Material>,string,UnityEngine.Sprite,single,int,single,single,single,single,single,single,single,single,single,single,single,bool) (at Assets/Scripts/Resonance.App/Characters/IceParticles.cs:130)
Resonance.App.ForegroundIce:Emit (UnityEngine.Transform,int,System.Collections.Generic.List`1<UnityEngine.Material>) (at Assets/Scripts/Resonance.App/Characters/ForegroundIce.cs:20)
Resonance.App.IceParticles:Build (UnityEngine.UI.RawImage,bool) (at Assets/Scripts/Resonance.App/Characters/IceParticles.cs:62)
Resonance.App.IceParticles:Attach (UnityEngine.Transform,System.Collections.Generic.List`1<UnityEngine.GameObject>,bool) (at Assets/Scripts/Resonance.App/Characters/IceParticles.cs:39)
Resonance.App.GameRoot:DrawInspect () (at Assets/Scripts/Resonance.App/Core/GameRoot.cs:841)
Resonance.App.GameRoot:Inspect (string) (at Assets/Scripts/Resonance.App/Core/GameRoot.cs:123)
Resonance.App.VerticalSliceSmokeRuntime:Update () (at Assets/Scripts/Resonance.App/Debug/VerticalSliceSmokeRuntime.cs:219)

[Assets/Scripts/Resonance.App/Core/GameRoot.cs line 841]

Setting the duration while system is still playing is not supported. Please wait until the system has stopped and all particles have expired or call Stop with ParticleSystemStopBehavior.StopEmittingAndClear to completely stop the system.
UnityEngine.Debug:ExtractStackTraceNoAlloc (byte*,int,string)
UnityEngine.StackTraceUtility:ExtractStackTrace ()
Resonance.App.IceParticles:AddSystem (UnityEngine.Transform,int,System.Collections.Generic.List`1<UnityEngine.Material>,string,UnityEngine.Sprite,single,int,single,single,single,single,single,single,single,single,single,single,single,bool) (at Assets/Scripts/Resonance.App/Characters/IceParticles.cs:130)
Resonance.App.ForegroundIce:Emit (UnityEngine.Transform,int,System.Collections.Generic.List`1<UnityEngine.Material>) (at Assets/Scripts/Resonance.App/Characters/ForegroundIce.cs:22)
Resonance.App.IceParticles:Build (UnityEngine.UI.RawImage,bool) (at Assets/Scripts/Resonance.App/Characters/IceParticles.cs:62)
Resonance.App.IceParticles:Attach (UnityEngine.Transform,System.Collections.Generic.List`1<UnityEngine.GameObject>,bool) (at Assets/Scripts/Resonance.App/Characters/IceParticles.cs:39)
Resonance.App.GameRoot:DrawInspect () (at Assets/Scripts/Resonance.App/Core/GameRoot.cs:841)
Resonance.App.GameRoot:Inspect (string) (at Assets/Scripts/Resonance.App/Core/GameRoot.cs:123)
Resonance.App.VerticalSliceSmokeRuntime:Update () (at Assets/Scripts/Resonance.App/Debug/VerticalSliceSmokeRuntime.cs:219)

[Assets/Scripts/Resonance.App/Core/GameRoot.cs line 841]

[M1-G2-INSPECT] screen=CharacterDetail id=C001 art=1 mask=0 rect=0.00,0.00-1.00,0.88 area=0.000 host=0.880 layout=NEEDS_REFERENCE
UnityEngine.Debug:ExtractStackTraceNoAlloc (byte*,int,string)
UnityEngine.StackTraceUtility:ExtractStackTrace ()
UnityEngine.DebugLogHandler:Internal_Log (UnityEngine.LogType,UnityEngine.LogOption,string,UnityEngine.Object)
UnityEngine.DebugLogHandler:LogFormat (UnityEngine.LogType,UnityEngine.Object,string,object[])
UnityEngine.Logger:Log (UnityEngine.LogType,object)
UnityEngine.Debug:Log (object)
Resonance.App.InspectBoard:CommitMask (Resonance.App.InspectArtMaskReport) (at Assets/Scripts/Resonance.App/UI/InspectBoard.cs:786)
Resonance.App.InspectBoard:DrawArtMaskIfNeeded (UnityEngine.Transform,System.Collections.Generic.List`1<UnityEngine.GameObject>,Resonance.Battle.CharacterDef) (at Assets/Scripts/Resonance.App/UI/InspectBoard.cs:721)
Resonance.App.InspectBoard:Draw (UnityEngine.Transform,System.Collections.Generic.List`1<UnityEngine.GameObject>,Resonance.Battle.CharacterDef,Resonance.Battle.UnitProgress,Resonance.App.InspectHooks) (at Assets/Scripts/Resonance.App/UI/InspectBoard.cs:126)
Resonance.App.GameRoot:DrawInspect () (at Assets/Scripts/Resonance.App/Core/GameRoot.cs:843)
Resonance.App.GameRoot:Inspect (string) (at Assets/Scripts/Resonance.App/Core/GameRoot.cs:123)
Resonance.App.VerticalSliceSmokeRuntime:Update () (at Assets/Scripts/Resonance.App/Debug/VerticalSliceSmokeRuntime.cs:219)

(Filename: Assets/Scripts/Resonance.App/UI/InspectBoard.cs Line: 786)

ArgumentException: Arial.ttf is no longer a valid built in font. Please use LegacyRuntime.ttf
  at (wrapper managed-to-native) UnityEngine.Resources.GetBuiltinResource_Injected(System.Type,UnityEngine.Bindings.ManagedSpanWrapper&)
  at UnityEngine.Resources.GetBuiltinResource (System.Type type, System.String path) [0x00039] in <4188a0f79dff4b4191dbeaff03bfe462>:0 
  at UnityEngine.Resources.GetBuiltinResource[T] (System.String path) [0x00001] in <4188a0f79dff4b4191dbeaff03bfe462>:0 
  at Resonance.App.VfxTipPlate.MkText (UnityEngine.Transform parent, System.String name, System.String copy, System.Int32 size, UnityEngine.Color col, UnityEngine.FontStyle style, UnityEngine.TextAnchor align, UnityEngine.Vector2 aMin, UnityEngine.Vector2 aMax) [0x00065] in F:\天命之子\client\Assets\Scripts\Resonance.App\Battle\Vfx\VfxTipPlate.cs:257 
  at Resonance.App.VfxTipPlate.Build () [0x00188] in F:\天命之子\client\Assets\Scripts\Resonance.App\Battle\Vfx\VfxTipPlate.cs:143 
  at Resonance.App.VfxTipPlate.Ensure (UnityEngine.Transform parent) [0x000d9] in F:\天命之子\client\Assets\Scripts\Resonance.App\Battle\Vfx\VfxTipPlate.cs:105 
  at Resonance.App.VfxTipPlate.Show (UnityEngine.Transform parent, System.String title, System.String body) [0x0000a] in F:\天命之子\client\Assets\Scripts\Resonance.App\Battle\Vfx\VfxTipPlate.cs:67 
  at Resonance.App.BattleHud.TickOverlays () [0x000d9] in F:\天命之子\client\Assets\Scripts\Resonance.App\Battle\BattleHud.cs:1508 
  at Resonance.App.BattleHud.Refresh () [0x00e92] in F:\天命之子\client\Assets\Scripts\Resonance.App\Battle\BattleHud.cs:1188 
  at Resonance.App.BattleHud.Tick () [0x0006f] in F:\天命之子\client\Assets\Scripts\Resonance.App\Battle\BattleHud.cs:217 
  at Resonance.App.GameRoot.Update () [0x0014a] in F:\天命之子\client\Assets\Scripts\Resonance.App\Core\GameRoot.cs:254 

(Filename: Assets/Scripts/Resonance.App/Battle/BattleHud.cs Line: 1508)

EMERALD_LOADED parts=4 vertices=11873 parameters=6
UnityEngine.Debug:ExtractStackTraceNoAlloc (byte*,int,string)
UnityEngine.StackTraceUtility:ExtractStackTrace ()
UnityEngine.DebugLogHandler:Internal_Log (UnityEngine.LogType,UnityEngine.LogOption,string,UnityEngine.Object)
UnityEngine.DebugLogHandler:LogFormat (UnityEngine.LogType,UnityEngine.Object,string,object[])
UnityEngine.Logger:Log (UnityEngine.LogType,object)
UnityEngine.Debug:Log (object)
EmeraldInochi.InochiStandee:Initialize () (at Assets/EmeraldInochi/InochiStandee.cs:94)
EmeraldInochi.InochiStandee:Attach (UnityEngine.Transform) (at Assets/EmeraldInochi/InochiStandee.cs:51)
Resonance.App.EmeraldLobby:TryAttach (UnityEngine.Transform,System.Collections.Generic.List`1<UnityEngine.GameObject>) (at Assets/Scripts/Resonance.App/UI/EmeraldLobby.cs:16)
Resonance.App.GameRoot:DrawHome () (at Assets/Scripts/Resonance.App/Core/GameRoot.cs:439)
Resonance.App.GameRoot:Show (Resonance.App.GameRoot/ScreenId) (at Assets/Scripts/Resonance.App/Core/GameRoot.cs:399)
Resonance.App.GameRoot:Go (string) (at Assets/Scripts/Resonance.App/Core/GameRoot.cs:97)
Resonance.App.VerticalSliceSmokeRuntime:DriveRematch (Resonance.App.GameRoot) (at Assets/Scripts/Resonance.App/Debug/VerticalSliceSmokeRuntime.cs:898)
Resonance.App.VerticalSliceSmokeRuntime:Update () (at Assets/Scripts/Resonance.App/Debug/VerticalSliceSmokeRuntime.cs:248)

(Filename: Assets/EmeraldInochi/InochiStandee.cs Line: 94)

[VS-SMOKE]
PASS
screens=Boot,Home,Characters,Team,Inspect,Stage,Battle,Result,Home
captures=01_home.png,ui_home.png,02_roster.png,02_characters.png,ui_roster.png,04_team.png,ui_team.png,03_inspect.png,ui_inspect.png,06_battle.png,ui_battle.png,06g_speed.png,06h_auto.png,06i_pause.png,06j_auto_hit.png,06a_charge.png,06f_kill.png,06b_tap.png,06c_slide.png,06e_control.png,06d_drive_select.png,07_drive.png,08_fever.png,10_wave.png,09_victory.png,09_result.png,12_levelup.png,13_rematch.png,11_home_return.png
result=CLEAR!!
home-return=True
cleared=True
tap=True slide=True drive=True fever=True
wave=True drive-select=True control=True speed=True auto=True pause=True auto-hit=True kill=True levelup=True rematch=True
save=F:\天命之子\client\Temp\vs-smoke-save\save.json
save-isolated=True
save-user=C:\Users\Administrator\AppData\LocalLow\Resonance\契灵回响\save.json
save-json={"party":["C001","C007","C010","C003","C005"],"leader":1,"cleared":true,"clearedN":1,"seed":70191187,"speed":2,"auto":2,"hard":false,"clearedH":0,"gold":12000,"stone":180,"meal":-1,"pvp":false,"daily":0,"mail":0,"roster":["C001","C007","C010","C003","C005"],"skins":["C001:echo"],"puppets":["P001","P002","P003"],"units":[{"id":"C001","lv":2,"uncap":0,"ign":0,"ia":0,"ic":0,"ig":0,"aff":4,"rsv":"TSTEE","skin":"","g0":"EQ_WPN","g1":"","g2":"","g3":"SC006","p0":0,"p1":0,"p2":0,"p3":0},{"id":"C007","lv":2,"uncap":0,"ign":0,"ia":0,"ic":0,"ig":0,"aff":4,"rsv":"TTEEE","skin":"","g0":"","g1":"EQ_ARM","g2":"","g3":"","p0":0,"p1":0,"p2":0,"p3":0},{"id":"C010","lv":2,"uncap":0,"ign":0,"ia":0,"ic":0,"ig":0,"aff":4,"rsv":"SSTEE","skin":"","g0":"","g1":"","g2":"EQ_ACC","g3":"","p0":0,"p1":0,"p2":0,"p3":0},{"id":"C003","lv":2,"uncap":0,"ign":0,"ia":0,"ic":0,"ig":0,"aff":4,"rsv":"TEEEE","skin":"","g0":"","g1":"","g2":"","g3":"SC006","p0":0,"p1":0,"p2":0,"p3":0},{"id":"C005","lv":2,"uncap":0,"ign":0,"ia":0,"ic":0,"ig":0,"aff":4,"rsv":"ESTEE","skin":"","g0":"EQ_WPN","g1":"","g2":"","g3":"","p0":0,"p1":0,"p2":0,"p3":0}]}
log:smoke start
log:start-guard
log:shot 01_home.png,ui_home.png
log:home
log:phase Characters
log:shot 02_roster.png,02_characters.png,ui_roster.png
log:phase Team
log:shot 04_team.png,ui_team.png
log:phase Inspect
log:shot 03_inspect.png,ui_inspect.png
log:phase Stage
log:phase Battle
log:shot 06_battle.png,ui_battle.png
log:focus enemy 2
log:shot 06g_speed.png
log:speed 2
log:shot 06h_auto.png
log:auto Full
log:shot 06i_pause.png
log:pause board
log:shot 06j_auto_hit.png
log:auto-hit seen=True casts=7
log:shot 06a_charge.png
log:tap 0
log:focus enemy 1
log:shot 06f_kill.png
log:enemy death; no KO stamp kind=None
log:shot 06b_tap.png
log:slide 0
log:shot 06c_slide.png
log:control applied locked=True
log:shot 06e_control.png
log:shot 06d_drive_select.png
log:drive qte slot=0
log:shot 07_drive.png
log:drive perfect fever=40 active=False
log:drive qte slot=0
log:drive perfect fever=80 active=False
log:drive qte slot=0
log:drive perfect fever=0 active=True
log:shot 08_fever.png
log:fever drained active=False overlay=False
log:focus enemy 0
log:shot 10_wave.png
log:wave cue PHASE 2
log:result CLEAR!!
log:phase Result
log:shot 09_victory.png
log:shot 09_result.png
log:result shot ok; waiting LEVEL UP
log:shot 12_levelup.png
log:levelup
log:phase Rematch
log:rematch StartVsBattle
log:shot 13_rematch.png
log:rematch battle
log:phase HomeReturn
log:shot 11_home_return.png
cue-timing:showtime hold=1.472 on=10.154 off=11.626
cue-timing:showtime hold=0.038 on=12.103 off=12.141
cue-timing:showtime hold=0.000 on=12.825 off=12.825
cue-timing:showtime hold=0.122 on=12.825 off=12.947
cue-timing:qte hold=2.502 on=12.753 off=15.255
cue-timing:qte hold=2.504 on=15.269 off=17.773
cue-timing:qte hold=1.256 on=17.785 off=19.041
cue-timing:phase hold=2.007 on=19.184 off=21.191
cue-timing:victory hold=1.486 on=25.091 off=26.577
hit-chain:tap in→num=0.000
hit-chain:slide in→num=0.000
cue-strip:showtime frames=44 drops=0 hold=1.472 dir=F:\天命之子\client\captures\strip\showtime
cue-strip:qte frames=75 drops=0 hold=2.502 dir=F:\天命之子\client\captures\strip\qte
cue-strip:phase frames=60 drops=0 hold=2.007 dir=F:\天命之子\client\captures\strip\phase
cue-strip:victory frames=45 drops=0 hold=1.486 dir=F:\天命之子\client\captures\strip\victory
UnityEngine.Debug:ExtractStackTraceNoAlloc (byte*,int,string)
UnityEngine.StackTraceUtility:ExtractStackTrace ()
UnityEngine.DebugLogHandler:Internal_Log (UnityEngine.LogType,UnityEngine.LogOption,string,UnityEngine.Object)
UnityEngine.DebugLogHandler:LogFormat (UnityEngine.LogType,UnityEngine.Object,string,object[])
UnityEngine.Logger:Log (UnityEngine.LogType,object)
UnityEngine.Debug:Log (object)
Resonance.App.VerticalSliceSmokeRuntime:WriteResult (string) (at Assets/Scripts/Resonance.App/Debug/VerticalSliceSmokeRuntime.cs:1090)
Resonance.App.VerticalSliceSmokeRuntime:PassAfterHomeReturn (Resonance.App.GameRoot) (at Assets/Scripts/Resonance.App/Debug/VerticalSliceSmokeRuntime.cs:327)
Resonance.App.VerticalSliceSmokeRuntime:DriveHomeReturn (Resonance.App.GameRoot) (at Assets/Scripts/Resonance.App/Debug/VerticalSliceSmokeRuntime.cs:269)
Resonance.App.VerticalSliceSmokeRuntime:Update () (at Assets/Scripts/Resonance.App/Debug/VerticalSliceSmokeRuntime.cs:251)

(Filename: Assets/Scripts/Resonance.App/Debug/VerticalSliceSmokeRuntime.cs Line: 1090)

Unloading 24 Unused Serialized files (Serialized files now loaded: 0)
Loaded scene 'Temp/__Backupscenes/0.backup'
	Deserialize:            3.827 ms
	Integration:            125.032 ms
	Integration of assets:  0.033 ms
	Thread Wait Time:       0.010 ms
	Total Operation Time:   128.903 ms
Unloading 74 unused Assets / (17.8 MB). Loaded Objects now: 6098.
Memory consumption went from 366.2 MB to 348.3 MB.
Total: 16.583800 ms (FindLiveObjects: 0.262200 ms CreateObjectMapping: 0.135600 ms MarkObjects: 12.903300 ms  DeleteObjects: 3.281400 ms)

[Licensing::Client] Successfully resolved entitlement details
[Licensing::Module] License group:
  Id: F4-99BH-9QMP-CCW5-HN7U-XXXX
  Product: Unity Personal
  Type: ULF
  Expiration: 2026-09-22T23:54:42Z
[Licensing::Module] License group:
  Id: ewogICJzdWJzR3JvdXAiIDogInVuaXR5IGVkaXRvciIsCiAgIm5hbWVzcGFjZSIgOiAidW5pdHlfZWRpdG9yIiwKICAidHlwZSIgOiAiRURJVE9SIiwKICAidGFnIiA6ICJVbml0eVBlcnNvbmFsXXXX
  Product: Unity Personal Version
  Type: Assigned
  Expiration: Unlimited
[VS-SMOKE] quitting editor after result pass=True
UnityEngine.Debug:ExtractStackTraceNoAlloc (byte*,int,string)
UnityEngine.StackTraceUtility:ExtractStackTrace ()
UnityEngine.DebugLogHandler:Internal_Log (UnityEngine.LogType,UnityEngine.LogOption,string,UnityEngine.Object)
UnityEngine.DebugLogHandler:LogFormat (UnityEngine.LogType,UnityEngine.Object,string,object[])
UnityEngine.Logger:Log (UnityEngine.LogType,object)
UnityEngine.Debug:Log (object)
Resonance.EditorTools.VerticalSliceSmoke:QuitIfSmokeDone () (at Assets/Editor/Smoke/VerticalSliceSmoke.cs:239)
Resonance.EditorTools.VerticalSliceSmoke:Poll () (at Assets/Editor/Smoke/VerticalSliceSmoke.cs:178)
UnityEditor.EditorApplication:Internal_CallUpdateFunctions ()

(Filename: Assets/Editor/Smoke/VerticalSliceSmoke.cs Line: 239)

[LAYOUT] About to save layout F:\天命之子\client\UserSettings\Layouts\default-6000.dwlt
[LAYOUT] About to save layout C:/Users/Administrator/AppData/Roaming/Unity/Editor-5.x/Preferences\Layouts\current\default-6000.dwlt
Killing ADB server in 0.1090045 seconds.
Input System module state changed to: ShutdownInProgress.
Input System polling thread exited.
Input System module state changed to: Shutdown.
[Physics::Module] Cleanup current backend.
[Physics::Module] Id: 0xf2b8ea05
[Licensing::IpcConnector] LicenseClient-Administrator-notifications channel disconnected successfully.
[Licensing::IpcConnector] LicenseClient-Administrator channel disconnected successfully.
AcceleratorClientConnectionCallback - disconnected - :0
Cleanup mono
Checking for leaked weakptr:
  Found no leaked weakptrs.
[Package Manager] Server process was shutdown
Internal: There are remaining Allocations on the JobTempAlloc. This is a leak, and will impact performance
To Debug, run app with -diag-job-temp-memory-leak-validation cmd line argument. This will output the callstacks of the leaked allocations.
Internal: There are remaining Allocations on the JobTempAlloc. This is a leak, and will impact performance
To Debug, run app with -diag-job-temp-memory-leak-validation cmd line argument. This will output the callstacks of the leaked allocations.
##utp:{"type":"MemoryLeaks","version":2,"phase":"Immediate","time":1789254081167,"processId":25724,"allocatedMemory":15968691,"memoryLabels":[{"Default":29313},{"Permanent":15236},{"NewDelete":71617},{"Thread":4238472},{"Manager":821728},{"VertexData":8},{"Geometry":816},{"Texture":296},{"Shader":89593},{"Material":24},{"GfxDevice":57968},{"GfxThread":1536},{"Animation":392},{"Audio":3040},{"FreeType":8},{"FontEngine":736},{"Physics":2146},{"Physics2D":16},{"Serialization":225519},{"Input":14984},{"JobScheduler":33024},{"TextLib":16120},{"Mono":32},{"MonoCode":184},{"ScriptingNativeRuntime":155060},{"BaseObject":1652288},{"Resource":1336},{"Renderer":3000},{"Transform":4685},{"File":33167},{"WebCam":616},{"Culling":32},{"Terrain":11394},{"Wind":24},{"STL":40},{"String":9781},{"DynamicArray":109896},{"HashMap":104022},{"Utility":2661010},{"Curl":48},{"PoolAlloc":2296},{"AI":80},{"TypeTree":13861},{"ScriptManager":512},{"RuntimeInitializeOnLoadManager":64},{"SpriteAtlas":112},{"GI":7792},{"Director":8240},{"CloudService":7024},{"WebRequest":16332},{"VR":47994},{"SceneManager":504},{"Video":208},{"LazyScriptCache":32},{"NativeArray":9768},{"Camera":17},{"Secure":2377},{"SerializationCache":1576},{"APIUpdating":10320},{"Subsystems":336},{"VirtualTexturing":57888},{"StaticSafetyDebugInfo":278528},{"Analytics":464},{"Hierarchy":608},{"CoreStats":13112},{"Identifiers":6480},{"Gui":221},{"EditorUtility":188779},{"VersionControl":4},{"Undo":947},{"AssetDatabase":4876611},{"EditorGi":328},{"UnityConnect":29344},{"Upm":1896},{"AssetCompliance":64},{"DrivenProperties":72},{"LocalIPC":219},{"ProfilerEditor":9746},{"CoreBusinessMetrics":3504},{"Licensing":1264},{"AssetReference":32},{"IPCStream":32}]}
