[Licensing::Module] Trying to connect to existing licensing client channel...
Built from '6000.3/staging' branch; Version is '6000.3.23f1 (09d2ecc7fb28) revision 643820'; Using compiler version '194234433'; Build Type 'Release'
OS: 'Windows 11  (10.0.26200) Professional' Language: 'zh' Physical Memory: 32581 MB
[Licensing::IpcConnector] Channel LicenseClient-Administrator doesn't exist
BatchMode: 0, IsHumanControllingUs: 1, StartBugReporterOnCrash: 1, Is64bit: 1
System  architecture: x64
Process architecture: x64
Date: 2026-09-10T12:02:22Z
[Licensing::Module] Successfully launched the LicensingClient (PId: 14360)
[Licensing::IpcConnector] Successfully connected to: "LicenseClient-Administrator" at "2026-09-10T12:02:22.7270129Z"

COMMAND LINE ARGUMENTS:
D:\Unity\Hub\Editor\6000.3.23f1\Editor\Unity.exe
-projectPath
F:\天命之子\client
-logFile
F:\天命之子\DC_RECON_KIT\m1\G0\BASELINE_LOGS\editor-playmode-20260910-capture-b.log
Successfully changed project path to: F:\天命之子\client
F:/天命之子/client
[UnityMemory] Configuration Parameters - Can be set up in boot.config
    "memorysetup-temp-allocator-size-nav-mesh-worker=65536"
    "memorysetup-temp-allocator-size-audio-worker=65536"
    "memorysetup-temp-allocator-size-gfx=262144"
    "memorysetup-allocator-temp-initial-block-size-main=262144"
    "memorysetup-allocator-temp-initial-block-size-worker=262144"
    "memorysetup-temp-allocator-size-background-worker=32768"
    "memorysetup-temp-allocator-size-job-worker=262144"
    "memorysetup-temp-allocator-size-preload-manager=33554432"
    "memorysetup-remapper-allocator-initial-capacity=32768"
    "memorysetup-temp-allocator-size-gi-baking-worker=262144"
    "memorysetup-temp-allocator-size-gi-baking-worker=262144"
    "memorysetup-temp-allocator-size-gi-baking-worker=262144"
    "memorysetup-temp-allocator-size-gi-baking-worker=262144"
    "memorysetup-temp-allocator-size-gi-baking-worker=262144"
    "memorysetup-bucket-allocator-granularity=16"
    "memorysetup-bucket-allocator-bucket-count=8"
    "memorysetup-bucket-allocator-block-size=33554432"
    "memorysetup-bucket-allocator-block-count=8"
    "memorysetup-main-allocator-block-size=16777216"
    "memorysetup-thread-allocator-block-size=16777216"
    "memorysetup-gfx-main-allocator-block-size=16777216"
    "memorysetup-gfx-thread-allocator-block-size=16777216"
    "memorysetup-cache-allocator-block-size=4194304"
    "memorysetup-typetree-allocator-block-size=2097152"
    "memorysetup-profiler-bucket-allocator-granularity=16"
    "memorysetup-profiler-bucket-allocator-bucket-count=8"
    "memorysetup-profiler-bucket-allocator-block-size=33554432"
    "memorysetup-profiler-bucket-allocator-block-count=8"
    "memorysetup-profiler-allocator-block-size=16777216"
    "memorysetup-profiler-editor-allocator-block-size=1048576"
    "memorysetup-temp-allocator-size-main=16777216"
    "memorysetup-job-temp-allocator-block-size=2097152"
    "memorysetup-job-temp-allocator-block-size-background=1048576"
    "memorysetup-job-temp-allocator-reduction-small-platforms=262144"
    "memorysetup-temp-allocator-size-cloud-worker=32768"
Player connection [35800]  Target information:

Player connection [35800]  * "[IP] 192.168.1.54 [Port] 55504 [Flags] 2 [Guid] 4013485843 [EditorId] 4013485843 [Version] 1048832 [Id] WindowsEditor(7,DESKTOP-AKI3LSA) [Debug] 1 [PackageName] WindowsEditor [ProjectName] Editor" 

Player connection [35800]  * "[IP] 172.23.112.1 [Port] 55504 [Flags] 2 [Guid] 4013485843 [EditorId] 4013485843 [Version] 1048832 [Id] WindowsEditor(7,DESKTOP-AKI3LSA) [Debug] 1 [PackageName] WindowsEditor [ProjectName] Editor" 

Player connection [35800]  * "[IP] 198.18.0.1 [Port] 55504 [Flags] 2 [Guid] 4013485843 [EditorId] 4013485843 [Version] 1048832 [Id] WindowsEditor(7,DESKTOP-AKI3LSA) [Debug] 1 [PackageName] WindowsEditor [ProjectName] Editor" 

Player connection [35800] Host joined multi-casting on [225.0.0.222:54997]...
Player connection [35800] Host joined alternative multi-casting on [225.0.0.222:34997]...
Input System module state changed to: Initialized.
[Physics::Module] Initialized fallback backend.
[Physics::Module] Id: 0xdecafbad
[Licensing::Client] Code 10 while verifying Licensing Client signature (process Id: 14360, path: "D:/Unity/Hub/Editor/6000.3.23f1/Editor/Data/Resources/Licensing/Client/Unity.Licensing.Client.exe")
[Licensing::Module] LicensingClient has failed validation; ignoring
[Package Manager] Connected to IPC stream "Upm-44048" after 0.4 seconds.
[Licensing::Module] Licensing is not yet initialized.
[Licensing::Client] Handshaking with LicensingClient:
  Version:                 1.18.3+d7ffd15
  Session Id:              3b68dc1b49574d44a229f72302fbc640
  Correlation Id:          079a9c399fa68d6d5cf4d0353084127d
  External correlation Id: 1622517121475948023
  Machine Id:              2I/XDZsLcGAfRljEGy76IATF7BI=
[Licensing::Module] Successfully connected to LicensingClient on channel: "LicenseClient-Administrator" (connect: 0.56s, validation: 0.51s, handshake: 0.08s)
[Licensing::IpcConnector] Successfully connected to: "LicenseClient-Administrator-notifications" at "2026-09-10T12:02:23.3218708Z"
[Licensing::Module] Connected to LicensingClient (PId: 14360, launch time: 0.03, total connection time: 1.16s)
[Licensing::Module] Error: Access token is unavailable; failed to update
[Licensing::Client] Successfully resolved entitlement details
[Licensing::Module] License group:
  Id: F4-99BH-9QMP-CCW5-HN7U-XXXX
  Product: Unity Personal
  Type: ULF
  Expiration: 2026-09-21T06:35:02Z
[Licensing::Module] License group:
  Id: ewogICJzdWJzR3JvdXAiIDogInVuaXR5IGVkaXRvciIsCiAgIm5hbWVzcGFjZSIgOiAidW5pdHlfZWRpdG9yIiwKICAidHlwZSIgOiAiRURJVE9SIiwKICAidGFnIiA6ICJVbml0eVBlcnNvbmFsXXXX
  Product: Unity Personal Version
  Type: Assigned
  Expiration: Unlimited
[Licensing::Client] Successfully updated license, isAsync: True, time: 0.01
[Licensing::Client] Successfully resolved entitlement details
[Licensing::Module] License group:
  Id: F4-99BH-9QMP-CCW5-HN7U-XXXX
  Product: Unity Personal
  Type: ULF
  Expiration: 2026-09-21T06:35:02Z
[Licensing::Module] License group:
  Id: ewogICJzdWJzR3JvdXAiIDogInVuaXR5IGVkaXRvciIsCiAgIm5hbWVzcGFjZSIgOiAidW5pdHlfZWRpdG9yIiwKICAidHlwZSIgOiAiRURJVE9SIiwKICAidGFnIiA6ICJVbml0eVBlcnNvbmFsXXXX
  Product: Unity Personal Version
  Type: Assigned
  Expiration: Unlimited
[Licensing::Module] Licensing Background thread has ended after 1.26s
[Licensing::Module] Licensing is initialized (took 0.22s).
[Licensing::Client] Successfully resolved entitlement details
[Licensing::Module] License group:
  Id: F4-99BH-9QMP-CCW5-HN7U-XXXX
  Product: Unity Personal
  Type: ULF
  Expiration: 2026-09-21T06:35:02Z
[Licensing::Module] License group:
  Id: ewogICJzdWJzR3JvdXAiIDogInVuaXR5IGVkaXRvciIsCiAgIm5hbWVzcGFjZSIgOiAidW5pdHlfZWRpdG9yIiwKICAidHlwZSIgOiAiRURJVE9SIiwKICAidGFnIiA6ICJVbml0eVBlcnNvbmFsXXXX
  Product: Unity Personal Version
  Type: Assigned
  Expiration: Unlimited
Library Redirect Path: Library/
[Physics::Module] Selected backend.
[Physics::Module] Name: PhysX
[Physics::Module] Id: 0xf2b8ea05
[Physics::Module] SDK Version: 4.1.2
[Physics::Module] Integration Version: 1.0.0
[Physics::Module] Threading Mode: Multi-Threaded
Artifact Garbage Collection - Removed 10 unused hashed content files
Refreshing native plugins compatible for Editor in 9.32 ms, found 3 plugins.
Preloading 0 native plugins for Editor in 0.00 ms.
Initialize engine version: 6000.3.23f1 (09d2ecc7fb28)
[Subsystems] Discovering subsystems at path D:/Unity/Hub/Editor/6000.3.23f1/Editor/Data/Resources/UnitySubsystems
[Subsystems] Discovering subsystems at path F:/天命之子/client/Assets
[D3D12 Device Filter] Vendor Name: NVIDIA
[D3D12 Device Filter] Device Name: NVIDIA GeForce RTX 4060 Ti
[D3D12 Device Filter] Driver Version: 32.0.16.1047
[D3D12 Device Filter] Feature Level: 12.2
[D3D12 Device Filter] Graphics Memory: 7949 MB
[D3D12 Device Filter] Processor Count: 16
[D3D12 Device Filter] Device Type: Discrete
GfxDevice: creating device client; kGfxThreadingModeSplitJobs
d3d12: failed to query info queue interface (0x80004002).
Direct3D:
    Version:         Direct3D 12 [level 12.2]
    Renderer:        NVIDIA GeForce RTX 4060 Ti (ID=0x2803)
    Vendor:          NVIDIA
    VRAM:            7949 MB
    App VRAM Budget: 7181 MB
    Driver:          32.0.16.1047
Initialize mono
Mono path[0] = 'D:/Unity/Hub/Editor/6000.3.23f1/Editor/Data/Managed'
Mono path[1] = 'D:/Unity/Hub/Editor/6000.3.23f1/Editor/Data/MonoBleedingEdge/lib/mono/unityjit-win32'
Mono config path = 'D:/Unity/Hub/Editor/6000.3.23f1/Editor/Data/MonoBleedingEdge/etc'
Using monoOptions --debugger-agent=transport=dt_socket,embedding=1,server=y,suspend=n,address=127.0.0.1:56048
Using cacheserver namespaces - metadata:defaultmetadata, artifacts:defaultartifacts
Using cacheserver namespaces - metadata:defaultmetadata, artifacts:defaultartifacts
ImportWorker Server TCP listen port: 0
AcceleratorClientConnectionCallback - disconnected - :0
Begin MonoManager ReloadAssembly
Registering precompiled unity dll's ...
Register platform support module: D:/Unity/Hub/Editor/6000.3.23f1/Editor/Data/PlaybackEngines/WindowsStandaloneSupport/UnityEditor.WindowsStandalone.Extensions.dll
[Licensing::Client] Successfully resolved entitlement details
[Licensing::Module] License group:
  Id: F4-99BH-9QMP-CCW5-HN7U-XXXX
  Product: Unity Personal
  Type: ULF
  Expiration: 2026-09-21T06:35:02Z
[Licensing::Module] License group:
  Id: ewogICJzdWJzR3JvdXAiIDogInVuaXR5IGVkaXRvciIsCiAgIm5hbWVzcGFjZSIgOiAidW5pdHlfZWRpdG9yIiwKICAidHlwZSIgOiAiRURJVE9SIiwKICAidGFnIiA6ICJVbml0eVBlcnNvbmFsXXXX
  Product: Unity Personal Version
  Type: Assigned
  Expiration: Unlimited
Register platform support module: D:/Unity/Hub/Editor/6000.3.23f1/Editor/Data/PlaybackEngines/AndroidPlayer/UnityEditor.Android.Extensions.dll
Registered in 0.009971 seconds.
- Loaded All Assemblies, in  0.506 seconds
Native extension for Android target not found
Native extension for WindowsStandalone target not found
Package Manager log level set to [2]
ScheduleIndexationOnStartup MainProcess:False IndexOnStartup:True
Mono: successfully reloaded assembly
- Finished resetting the current domain, in  0.534 seconds
Domain Reload Profiling: 1041ms
	BeginReloadAssembly (216ms)
		ExecutionOrderSort (0ms)
		DisableScriptedObjects (0ms)
		BackupInstance (0ms)
		ReleaseScriptingObjects (0ms)
		CreateAndSetChildDomain (14ms)
	RebuildCommonClasses (35ms)
	RebuildNativeTypeToScriptingClass (12ms)
	initialDomainReloadingComplete (51ms)
	LoadAllAssembliesAndSetupDomain (192ms)
		LoadAssemblies (204ms)
		RebuildTransferFunctionScriptingTraits (0ms)
		AnalyzeDomain (188ms)
			TypeCache.Refresh (186ms)
				TypeCache.ScanAssembly (173ms)
			BuildScriptInfoCaches (0ms)
			ResolveRequiredComponents (0ms)
	FinalizeReload (535ms)
		ReleaseScriptCaches (0ms)
		RebuildScriptCaches (0ms)
		SetupLoadedEditorAssemblies (487ms)
			LogAssemblyErrors (0ms)
			InitializePlatformSupportModulesInManaged (128ms)
			SetLoadedEditorAssemblies (3ms)
			BeforeProcessingInitializeOnLoad (90ms)
			ProcessInitializeOnLoadAttributes (169ms)
			ProcessInitializeOnLoadMethodAttributes (95ms)
			AfterProcessingInitializeOnLoad (0ms)
			EditorAssembliesLoaded (0ms)
		ExecutionOrderSort2 (0ms)
		AwakeInstancesAfterBackupRestoration (0ms)
[Licensing::Client] Successfully resolved entitlement details
[Licensing::Module] License group:
  Id: F4-99BH-9QMP-CCW5-HN7U-XXXX
  Product: Unity Personal
  Type: ULF
  Expiration: 2026-09-21T06:35:02Z
[Licensing::Module] License group:
  Id: ewogICJzdWJzR3JvdXAiIDogInVuaXR5IGVkaXRvciIsCiAgIm5hbWVzcGFjZSIgOiAidW5pdHlfZWRpdG9yIiwKICAidHlwZSIgOiAiRURJVE9SIiwKICAidGFnIiA6ICJVbml0eVBlcnNvbmFsXXXX
  Product: Unity Personal Version
  Type: Assigned
  Expiration: Unlimited
Application.AssetDatabase Initial Refresh Start
[Package Manager] Restoring resolved packages state from cache
[Licensing::Client] Successfully resolved entitlement details
[Package Manager] Registered 51 packages:
  Packages from [https://packages.unity.com]:
    com.unity.ide.visualstudio@2.0.22 (location: F:\天命之子\client\Library\PackageCache\com.unity.ide.visualstudio@8140e851d83e)
    com.unity.inputsystem@1.14.2 (location: F:\天命之子\client\Library\PackageCache\com.unity.inputsystem@be6c4fd0abf5)
    com.unity.2d.animation@11.0.0 (location: F:\天命之子\client\Library\PackageCache\com.unity.2d.animation@a1db3619cb6f)
    com.unity.2d.common@12.0.4 (location: F:\天命之子\client\Library\PackageCache\com.unity.2d.common@3e42aeccb30d)
    com.unity.collections@2.6.8 (location: F:\天命之子\client\Library\PackageCache\com.unity.collections@84e8eb3fc12e)
    com.unity.burst@1.8.30 (location: F:\天命之子\client\Library\PackageCache\com.unity.burst@2f3d916873ea)
    com.unity.mathematics@1.3.3 (location: F:\天命之子\client\Library\PackageCache\com.unity.mathematics@19a9377c4ffa)
    com.unity.nuget.mono-cecil@1.11.6 (location: F:\天命之子\client\Library\PackageCache\com.unity.nuget.mono-cecil@ecb9724e46ff)
    com.unity.test-framework.performance@3.5.0 (location: F:\天命之子\client\Library\PackageCache\com.unity.test-framework.performance@8b56083ec0f0)
    com.unity.searcher@4.9.5 (location: F:\天命之子\client\Library\PackageCache\com.unity.searcher@a463122f2c00)
  Built-in packages:
    com.unity.render-pipelines.universal@17.3.0 (location: F:\天命之子\client\Library\PackageCache\com.unity.render-pipelines.universal@7865b6b91f8a)
    com.unity.test-framework@1.6.0 (location: F:\天命之子\client\Library\PackageCache\com.unity.test-framework@bd7f943e9647)
    com.unity.ugui@2.0.0 (location: F:\天命之子\client\Library\PackageCache\com.unity.ugui@27635d171b1a)
    com.unity.2d.sprite@1.0.0 (location: F:\天命之子\client\Library\PackageCache\com.unity.2d.sprite@5b922524bd83)
    com.unity.modules.ai@1.0.0 (location: F:\天命之子\client\Library\PackageCache\com.unity.modules.ai)
    com.unity.modules.androidjni@1.0.0 (location: F:\天命之子\client\Library\PackageCache\com.unity.modules.androidjni)
    com.unity.modules.animation@1.0.0 (location: F:\天命之子\client\Library\PackageCache\com.unity.modules.animation)
    com.unity.modules.assetbundle@1.0.0 (location: F:\天命之子\client\Library\PackageCache\com.unity.modules.assetbundle)
    com.unity.modules.audio@1.0.0 (location: F:\天命之子\client\Library\PackageCache\com.unity.modules.audio)
    com.unity.modules.cloth@1.0.0 (location: F:\天命之子\client\Library\PackageCache\com.unity.modules.cloth)
    com.unity.modules.director@1.0.0 (location: F:\天命之子\client\Library\PackageCache\com.unity.modules.director)
    com.unity.modules.imageconversion@1.0.0 (location: F:\天命之子\client\Library\PackageCache\com.unity.modules.imageconversion)
    com.unity.modules.imgui@1.0.0 (location: F:\天命之子\client\Library\PackageCache\com.unity.modules.imgui)
    com.unity.modules.jsonserialize@1.0.0 (location: F:\天命之子\client\Library\PackageCache\com.unity.modules.jsonserialize)
    com.unity.modules.particlesystem@1.0.0 (location: F:\天命之子\client\Library\PackageCache\com.unity.modules.particlesystem)
    com.unity.modules.physics@1.0.0 (location: F:\天命之子\client\Library\PackageCache\com.unity.modules.physics)
    com.unity.modules.physics2d@1.0.0 (location: F:\天命之子\client\Library\PackageCache\com.unity.modules.physics2d)
    com.unity.modules.screencapture@1.0.0 (location: F:\天命之子\client\Library\PackageCache\com.unity.modules.screencapture)
    com.unity.modules.terrain@1.0.0 (location: F:\天命之子\client\Library\PackageCache\com.unity.modules.terrain)
    com.unity.modules.terrainphysics@1.0.0 (location: F:\天命之子\client\Library\PackageCache\com.unity.modules.terrainphysics)
    com.unity.modules.tilemap@1.0.0 (location: F:\天命之子\client\Library\PackageCache\com.unity.modules.tilemap)
    com.unity.modules.ui@1.0.0 (location: F:\天命之子\client\Library\PackageCache\com.unity.modules.ui)
    com.unity.modules.uielements@1.0.0 (location: F:\天命之子\client\Library\PackageCache\com.unity.modules.uielements)
    com.unity.modules.umbra@1.0.0 (location: F:\天命之子\client\Library\PackageCache\com.unity.modules.umbra)
    com.unity.modules.unityanalytics@1.0.0 (location: F:\天命之子\client\Library\PackageCache\com.unity.modules.unityanalytics)
    com.unity.modules.unitywebrequest@1.0.0 (location: F:\天命之子\client\Library\PackageCache\com.unity.modules.unitywebrequest)
    com.unity.modules.unitywebrequestassetbundle@1.0.0 (location: F:\天命之子\client\Library\PackageCache\com.unity.modules.unitywebrequestassetbundle)
    com.unity.modules.unitywebrequestaudio@1.0.0 (location: F:\天命之子\client\Library\PackageCache\com.unity.modules.unitywebrequestaudio)
    com.unity.modules.unitywebrequesttexture@1.0.0 (location: F:\天命之子\client\Library\PackageCache\com.unity.modules.unitywebrequesttexture)
    com.unity.modules.unitywebrequestwww@1.0.0 (location: F:\天命之子\client\Library\PackageCache\com.unity.modules.unitywebrequestwww)
    com.unity.modules.vehicles@1.0.0 (location: F:\天命之子\client\Library\PackageCache\com.unity.modules.vehicles)
    com.unity.modules.video@1.0.0 (location: F:\天命之子\client\Library\PackageCache\com.unity.modules.video)
    com.unity.modules.vr@1.0.0 (location: F:\天命之子\client\Library\PackageCache\com.unity.modules.vr)
    com.unity.modules.wind@1.0.0 (location: F:\天命之子\client\Library\PackageCache\com.unity.modules.wind)
    com.unity.modules.xr@1.0.0 (location: F:\天命之子\client\Library\PackageCache\com.unity.modules.xr)
    com.unity.modules.subsystems@1.0.0 (location: F:\天命之子\client\Library\PackageCache\com.unity.modules.subsystems)
    com.unity.modules.hierarchycore@1.0.0 (location: F:\天命之子\client\Library\PackageCache\com.unity.modules.hierarchycore)
    com.unity.ext.nunit@2.0.5 (location: F:\天命之子\client\Library\PackageCache\com.unity.ext.nunit@d8c07649098d)
    com.unity.render-pipelines.core@17.3.0 (location: F:\天命之子\client\Library\PackageCache\com.unity.render-pipelines.core@0bb36005e9ba)
    com.unity.shadergraph@17.3.0 (location: F:\天命之子\client\Library\PackageCache\com.unity.shadergraph@b4b75cc00891)
    com.unity.render-pipelines.universal-config@17.0.3 (location: F:\天命之子\client\Library\PackageCache\com.unity.render-pipelines.universal-config@8dc1aab4af1d)
[Subsystems] No new subsystems found in resolved package list.
[Package Manager] Done registering packages in 0.06 seconds
[ScriptCompilation] Requested script compilation because: Assetdatabase observed changes in script compilation related files
Starting: D:\Unity\Hub\Editor\6000.3.23f1\Editor\Data\Tools\BuildPipeline\bee_backend.exe --ipc --defer-dag-verification --dagfile="Library/Bee/1900b0aE.dag" --continue-on-failure --profile="Library/Bee/backend1.traceevents" ScriptAssemblies
WorkingDir: F:/天命之子/client
ExitCode: 0 Duration: 4s10ms
[633/808    0s] ILPP-Configuration Library/ilpp-configuration.nevergeneratedoutput
[796/808    2s] Csc Library/Bee/artifacts/1900b0aE.dag/Resonance.Editor.dll (+2 others)
[797/808    0s] ILPostProcess Library/Bee/artifacts/1900b0aE.dag/post-processed/Resonance.Editor.dll (+pdb)
Processing assembly Library/Bee/artifacts/1900b0aE.dag/Resonance.Editor.dll, with 138 defines and 276 references

processors: Unity.Jobs.CodeGen.JobsILPostProcessor, zzzUnity.Burst.CodeGen.BurstILPostProcessor

running Unity.Jobs.CodeGen.JobsILPostProcessor

running zzzUnity.Burst.CodeGen.BurstILPostProcessor
[798/808    0s] CopyFiles Library/ScriptAssemblies/Resonance.Editor.dll
[799/808    0s] CopyFiles Library/ScriptAssemblies/Resonance.Editor.pdb
[800/808    0s] Csc Library/Bee/artifacts/1900b0aE.dag/Assembly-CSharp.dll (+2 others)
[801/808    0s] Csc Library/Bee/artifacts/1900b0aE.dag/Assembly-CSharp-Editor.dll (+2 others)
[802/808    0s] ILPostProcess Library/Bee/artifacts/1900b0aE.dag/post-processed/Assembly-CSharp.dll (+pdb)
Processing assembly Library/Bee/artifacts/1900b0aE.dag/Assembly-CSharp.dll, with 140 defines and 307 references

processors: Unity.Jobs.CodeGen.JobsILPostProcessor, zzzUnity.Burst.CodeGen.BurstILPostProcessor

running Unity.Jobs.CodeGen.JobsILPostProcessor

running zzzUnity.Burst.CodeGen.BurstILPostProcessor
[803/808    0s] CopyFiles Library/ScriptAssemblies/Assembly-CSharp.pdb
[804/808    0s] CopyFiles Library/ScriptAssemblies/Assembly-CSharp.dll
[805/808    0s] ILPostProcess Library/Bee/artifacts/1900b0aE.dag/post-processed/Assembly-CSharp-Editor.dll (+pdb)
Processing assembly Library/Bee/artifacts/1900b0aE.dag/Assembly-CSharp-Editor.dll, with 138 defines and 323 references

processors: Unity.Jobs.CodeGen.JobsILPostProcessor, zzzUnity.Burst.CodeGen.BurstILPostProcessor

running Unity.Jobs.CodeGen.JobsILPostProcessor

running zzzUnity.Burst.CodeGen.BurstILPostProcessor
[806/808    0s] CopyFiles Library/ScriptAssemblies/Assembly-CSharp-Editor.pdb
[807/808    0s] CopyFiles Library/ScriptAssemblies/Assembly-CSharp-Editor.dll
*** Tundra build success (3.89 seconds), 13 items updated, 808 evaluated
AssetDatabase: script compilation time: 4.863057s
Begin MonoManager ReloadAssembly
- Loaded All Assemblies, in  0.886 seconds
Refreshing native plugins compatible for Editor in 4.68 ms, found 4 plugins.
Missing types referenced from component UniversalRenderPipelineGlobalSettings on game object UniversalRenderPipelineGlobalSettings:
	UnityEngine.PathTracing.Core.WorldRenderPipelineResources, Unity.PathTracing.Runtime (1 object)
Native extension for Android target not found
Native extension for WindowsStandalone target not found
ScheduleIndexationOnStartup MainProcess:True IndexOnStartup:True
Mono: successfully reloaded assembly
- Finished resetting the current domain, in  3.096 seconds
Domain Reload Profiling: 3980ms
	BeginReloadAssembly (368ms)
		ExecutionOrderSort (0ms)
		DisableScriptedObjects (38ms)
		BackupInstance (0ms)
		ReleaseScriptingObjects (0ms)
		CreateAndSetChildDomain (162ms)
	RebuildCommonClasses (43ms)
	RebuildNativeTypeToScriptingClass (14ms)
	initialDomainReloadingComplete (27ms)
	LoadAllAssembliesAndSetupDomain (432ms)
		LoadAssemblies (381ms)
		RebuildTransferFunctionScriptingTraits (0ms)
		AnalyzeDomain (170ms)
			TypeCache.Refresh (116ms)
				TypeCache.ScanAssembly (106ms)
			BuildScriptInfoCaches (40ms)
			ResolveRequiredComponents (10ms)
	FinalizeReload (3097ms)
		ReleaseScriptCaches (0ms)
		RebuildScriptCaches (0ms)
		SetupLoadedEditorAssemblies (2662ms)
			LogAssemblyErrors (0ms)
			InitializePlatformSupportModulesInManaged (51ms)
			SetLoadedEditorAssemblies (3ms)
			BeforeProcessingInitializeOnLoad (158ms)
			ProcessInitializeOnLoadAttributes (2305ms)
			ProcessInitializeOnLoadMethodAttributes (142ms)
			AfterProcessingInitializeOnLoad (2ms)
			EditorAssembliesLoaded (1ms)
		ExecutionOrderSort2 (0ms)
		AwakeInstancesAfterBackupRestoration (36ms)
Refreshing native plugins compatible for Editor in 1.49 ms, found 4 plugins.
Preloading 0 native plugins for Editor in 0.00 ms.
Asset Pipeline Refresh (id=bdc3955b1086de845ba5f612faefb7dc): Total: 9.948 seconds - Initiated by InitialRefreshV2(ForceSynchronousImport)
	Summary:
		Imports: total=0 (actual=0, local cache=0, cache server=0)
		Asset DB Process Time: managed=0 ms, native=3854 ms
		Asset DB Callback time: managed=230 ms, native=74 ms
		Scripting: domain reloads=1, domain reload time=886 ms, compile time=4864 ms, other=37 ms
		Project Asset Count: scripts=1008, non-scripts=2763
		Asset File Changes: new=0, changed=1, moved=0, deleted=0
		Scan Filter Count: 0
	InvokeCustomDependenciesCallbacks: 0.001ms
	InvokePackagesCallback: 62.412ms
	ApplyChangesToAssetFolders: 0.789ms
	Scan: 384.410ms
	OnSourceAssetsModified: 0.732ms
	CategorizeAssetsWithTransientArtifact: 34.019ms
	ProcessAssetsWithTransientArtifactChanges: 59.789ms
	CategorizeAssets: 104.110ms
	ImportOutOfDateAssets: 3110.689ms (-1756.039ms without children)
		CompileScripts: 4864.390ms
		ReloadNativeAssets: 0.042ms
		UnloadImportedAssets: 0.593ms
		EnsureUptoDateAssetsAreRegisteredWithGuidPM: 0.655ms
		InitializingProgressBar: 0.001ms
		PostProcessAllAssetNotificationsAddChangedAssets: 0.001ms
		OnDemandSchedulerStart: 1.047ms
	PostProcessAllAssets: 236.993ms
	Hotreload: 7.029ms
	GatherAllCurrentPrimaryArtifactRevisions: 0.002ms
	UnloadStreamsBegin: 2.324ms
	PersistCurrentRevisions: 0.120ms
	UnloadStreamsEnd: 0.001ms
	GenerateScriptTypeHashes: 3.484ms
	Untracked: 5944.516ms

Application.AssetDatabase Initial Refresh End
Launched and connected shader compiler UnityShaderCompiler.exe after 0.03 seconds
Scanning for USB devices : 2.859ms
Initializing Unity extensions:
[MODES] ModeService[none].Initialize
[MODES] ModeService[none].LoadModes
[MODES] Loading mode Default (0) for mode-current-id-契灵回响
Unloading 19 Unused Serialized files (Serialized files now loaded: 0)
Unloading 4196 unused Assets / (4.4 MB). Loaded Objects now: 5086.
Memory consumption went from 201.1 MB to 196.7 MB.
Total: 10.039800 ms (FindLiveObjects: 0.369700 ms CreateObjectMapping: 0.282700 ms MarkObjects: 7.735000 ms  DeleteObjects: 1.651000 ms)

[LAYOUT] About to load UserSettings\Layouts\default-6000.dwlt, keepMainWindow=False
[LAYOUT] About to save layout F:\天命之子\client\UserSettings\Layouts\default-6000.dwlt
[LAYOUT] About to save layout C:/Users/Administrator/AppData/Roaming/Unity/Editor-5.x/Preferences\Layouts\current\default-6000.dwlt
[MODES] ModeService[default].InitializeCurrentMode
[MODES] ModeService[default].RaiseModeChanged(default, default)
This project uses Input Manager, which is marked for deprecation. To manage input in your project, use the <a href="https://docs.unity3d.com/Packages/com.unity.inputsystem@latest">Input System package</a> instead.
<RI> Initializing input.
Using Windows.Gaming.Input
<RI> Input initialized.
[Project] Loading completed in 16.176 seconds
	Project init time: 				13.678 seconds
		Template init time: 		0.000 seconds
		Package Manager init time: 		0.585 seconds
		Asset Database init time: 		0.280 seconds
		Global illumination init time: 	0.006 seconds
		Assemblies load time: 			1.058 seconds
		Unity extensions init time: 	0.007 seconds
		Asset Database refresh time: 	9.948 seconds
	Scene opening time: 			1.841 seconds
##utp:{"type":"ProjectInfo","version":2,"phase":"Immediate","time":1789041758283,"processId":44048,"projectLoad":16.1764291,"projectInit":13.677948,"templateInit":0.0,"packageManagerInit":0.5854143,"assetDatabaseInit":0.2803441,"globalIlluminationInit":0.0060001,"assembliesLoad":1.0577436,"unityExtensionsInit":0.0065834,"assetDatabaseRefresh":9.9482336,"sceneOpening":1.8408676}
##utp:{"type":"EditorInfo","version":2,"phase":"Immediate","time":1789041758284,"processId":44048,"editorVersion":"6000.3.23f1 (09d2ecc7fb28)","branch":"6000.3/staging","buildType":"Release","platform":"Windows"}
Asset Pipeline Refresh (id=76f6dd51b86194442b33fbca78ab1963): Total: 0.057 seconds - Initiated by RefreshV2(AllowForceSynchronousImport)
Created GICache directory at C:/Users/Administrator/AppData/LocalLow/Unity/Caches/GiCache. Took: 0.031s, timestamps: [17.245 - 17.276]
[Licensing::Client] Successfully resolved entitlement details
[Licensing::Client] Successfully resolved entitlement details
Android Extension - Scanning For ADB Devices 2597 ms
Android Extension - Scanning For ADB Devices 567 ms
Attempted to call .Dispose on an already disposed CancellationTokenSource
Android Extension - Scanning For ADB Devices 572 ms
Android Extension - Scanning For ADB Devices 588 ms
TrimDiskCacheJob: Current cache size 0mb
[VS-SMOKE] entering play mode
UnityEngine.Debug:ExtractStackTraceNoAlloc (byte*,int,string)
UnityEngine.StackTraceUtility:ExtractStackTrace ()
UnityEngine.DebugLogHandler:Internal_Log (UnityEngine.LogType,UnityEngine.LogOption,string,UnityEngine.Object)
UnityEngine.DebugLogHandler:LogFormat (UnityEngine.LogType,UnityEngine.Object,string,object[])
UnityEngine.Logger:Log (UnityEngine.LogType,object)
UnityEngine.Debug:Log (object)
Resonance.EditorTools.VerticalSliceSmoke:TryEnterPlay () (at Assets/Editor/Smoke/VerticalSliceSmoke.cs:134)
Resonance.EditorTools.VerticalSliceSmoke:Poll () (at Assets/Editor/Smoke/VerticalSliceSmoke.cs:112)
UnityEditor.EditorApplication:Internal_CallUpdateFunctions ()

(Filename: Assets/Editor/Smoke/VerticalSliceSmoke.cs Line: 134)

Reloading assemblies for play mode.
Reloading assemblies after forced synchronous recompile.
Attempted to call .Dispose on an already disposed CancellationTokenSource
[Licensing::Client] Successfully resolved entitlement details
[Licensing::Module] License group:
  Id: F4-99BH-9QMP-CCW5-HN7U-XXXX
  Product: Unity Personal
  Type: ULF
  Expiration: 2026-09-21T06:35:02Z
[Licensing::Module] License group:
  Id: ewogICJzdWJzR3JvdXAiIDogInVuaXR5IGVkaXRvciIsCiAgIm5hbWVzcGFjZSIgOiAidW5pdHlfZWRpdG9yIiwKICAidHlwZSIgOiAiRURJVE9SIiwKICAidGFnIiA6ICJVbml0eVBlcnNvbmFsXXXX
  Product: Unity Personal Version
  Type: Assigned
  Expiration: Unlimited
Begin MonoManager ReloadAssembly
- Loaded All Assemblies, in  0.774 seconds
Refreshing native plugins compatible for Editor in 1.14 ms, found 4 plugins.
Missing types referenced from component UniversalRenderPipelineGlobalSettings on game object UniversalRenderPipelineGlobalSettings:
	UnityEngine.PathTracing.Core.WorldRenderPipelineResources, Unity.PathTracing.Runtime (1 object)
Native extension for Android target not found
Native extension for WindowsStandalone target not found
ScheduleIndexationOnStartup MainProcess:True IndexOnStartup:True
[MODES] ModeService[none].Initialize
[MODES] ModeService[none].LoadModes
[Licensing::Client] Successfully resolved entitlement details
[Licensing::Module] License group:
  Id: F4-99BH-9QMP-CCW5-HN7U-XXXX
  Product: Unity Personal
  Type: ULF
  Expiration: 2026-09-21T06:35:02Z
[Licensing::Module] License group:
  Id: ewogICJzdWJzR3JvdXAiIDogInVuaXR5IGVkaXRvciIsCiAgIm5hbWVzcGFjZSIgOiAidW5pdHlfZWRpdG9yIiwKICAidHlwZSIgOiAiRURJVE9SIiwKICAidGFnIiA6ICJVbml0eVBlcnNvbmFsXXXX
  Product: Unity Personal Version
  Type: Assigned
  Expiration: Unlimited
Mono: successfully reloaded assembly
- Finished resetting the current domain, in  1.365 seconds
Domain Reload Profiling: 2139ms
	BeginReloadAssembly (559ms)
		ExecutionOrderSort (0ms)
		DisableScriptedObjects (74ms)
		BackupInstance (0ms)
		ReleaseScriptingObjects (0ms)
		CreateAndSetChildDomain (307ms)
	RebuildCommonClasses (33ms)
	RebuildNativeTypeToScriptingClass (11ms)
	initialDomainReloadingComplete (20ms)
	LoadAllAssembliesAndSetupDomain (150ms)
		LoadAssemblies (148ms)
		RebuildTransferFunctionScriptingTraits (0ms)
		AnalyzeDomain (122ms)
			TypeCache.Refresh (5ms)
				TypeCache.ScanAssembly (0ms)
			BuildScriptInfoCaches (85ms)
			ResolveRequiredComponents (28ms)
	FinalizeReload (1366ms)
		ReleaseScriptCaches (0ms)
		RebuildScriptCaches (0ms)
		SetupLoadedEditorAssemblies (643ms)
			LogAssemblyErrors (0ms)
			InitializePlatformSupportModulesInManaged (35ms)
			SetLoadedEditorAssemblies (3ms)
			BeforeProcessingInitializeOnLoad (132ms)
			ProcessInitializeOnLoadAttributes (391ms)
			ProcessInitializeOnLoadMethodAttributes (79ms)
			AfterProcessingInitializeOnLoad (2ms)
			EditorAssembliesLoaded (1ms)
		ExecutionOrderSort2 (0ms)
		AwakeInstancesAfterBackupRestoration (391ms)
Asset Pipeline Refresh (id=f220bc0361dcfa943888612acc2a3f17): Total: 2.274 seconds - Initiated by StopAssetImportingV2(ForceSynchronousImport | ForceDomainReload)
	Summary:
		Imports: total=0 (actual=0, local cache=0, cache server=0)
		Asset DB Process Time: managed=0 ms, native=1448 ms
		Asset DB Callback time: managed=35 ms, native=0 ms
		Scripting: domain reloads=1, domain reload time=788 ms, compile time=2 ms, other=0 ms
		Project Asset Count: scripts=1008, non-scripts=2763
		Asset File Changes: new=0, changed=0, moved=0, deleted=0
		Scan Filter Count: 0
	InvokeCustomDependenciesCallbacks: 0.001ms
	InvokePackagesCallback: 1.506ms
	ApplyChangesToAssetFolders: 0.257ms
	Scan: 0.001ms
	OnSourceAssetsModified: 0.002ms
	CategorizeAssetsWithTransientArtifact: 0.004ms
	ProcessAssetsWithTransientArtifactChanges: 1.855ms
	CategorizeAssets: 45.524ms
	ImportOutOfDateAssets: 1373.072ms (1367.150ms without children)
		CompileScripts: 1.643ms
		CollectScriptTypesHashes: 1.470ms
		ReloadNativeAssets: 0.873ms
		UnloadImportedAssets: 1.075ms
		EnsureUptoDateAssetsAreRegisteredWithGuidPM: 0.550ms
		InitializingProgressBar: 0.001ms
		PostProcessAllAssetNotificationsAddChangedAssets: 0.001ms
		OnDemandSchedulerStart: 0.308ms
	PostProcessAllAssets: 35.448ms
	GatherAllCurrentPrimaryArtifactRevisions: 0.139ms
	UnloadStreamsBegin: 1.293ms
	PersistCurrentRevisions: 0.115ms
	UnloadStreamsEnd: 0.001ms
	GenerateScriptTypeHashes: 4.297ms
	Untracked: 815.099ms

Loaded scene 'Temp/__Backupscenes/0.backup'
	Deserialize:            0.723 ms
	Integration:            253.598 ms
	Integration of assets:  0.002 ms
	Thread Wait Time:       0.018 ms
	Total Operation Time:   254.340 ms
EMERALD_LOADED parts=4 vertices=11873 parameters=6
UnityEngine.Debug:ExtractStackTraceNoAlloc (byte*,int,string)
UnityEngine.StackTraceUtility:ExtractStackTrace ()
UnityEngine.DebugLogHandler:Internal_Log (UnityEngine.LogType,UnityEngine.LogOption,string,UnityEngine.Object)
UnityEngine.DebugLogHandler:LogFormat (UnityEngine.LogType,UnityEngine.Object,string,object[])
UnityEngine.Logger:Log (UnityEngine.LogType,object)
UnityEngine.Debug:Log (object)
EmeraldInochi.InochiStandee:Initialize () (at Assets/EmeraldInochi/InochiStandee.cs:94)
EmeraldInochi.InochiStandee:Attach (UnityEngine.Transform) (at Assets/EmeraldInochi/InochiStandee.cs:51)
Resonance.App.EmeraldLobby:TryAttach (UnityEngine.Transform,System.Collections.Generic.List`1<UnityEngine.GameObject>) (at Assets/Scripts/Resonance.App/UI/EmeraldLobby.cs:16)
Resonance.App.GameRoot:DrawHome () (at Assets/Scripts/Resonance.App/Core/GameRoot.cs:397)
Resonance.App.GameRoot:Show (Resonance.App.GameRoot/ScreenId) (at Assets/Scripts/Resonance.App/Core/GameRoot.cs:357)
Resonance.App.GameRoot:<DrawBoot>b__71_0 () (at Assets/Scripts/Resonance.App/Core/GameRoot.cs:387)
Resonance.App.BootSplash/Hold:Update () (at Assets/Scripts/Resonance.App/UI/BootSplash.cs:83)

(Filename: Assets/EmeraldInochi/InochiStandee.cs Line: 94)

[Licensing::Client] Successfully resolved entitlement details
Start Indexing on Editor startup
[Indexing] Starting Initial Indexing for Assets
Setting the duration while system is still playing is not supported. Please wait until the system has stopped and all particles have expired or call Stop with ParticleSystemStopBehavior.StopEmittingAndClear to completely stop the system.
UnityEngine.Debug:ExtractStackTraceNoAlloc (byte*,int,string)
UnityEngine.StackTraceUtility:ExtractStackTrace ()
Resonance.App.IceParticles:AddSystem (UnityEngine.Transform,int,System.Collections.Generic.List`1<UnityEngine.Material>,string,UnityEngine.Sprite,single,int,single,single,single,single,single,single,single,single,single,single,single,bool) (at Assets/Scripts/Resonance.App/Characters/IceParticles.cs:130)
Resonance.App.ForegroundIce:Emit (UnityEngine.Transform,int,System.Collections.Generic.List`1<UnityEngine.Material>) (at Assets/Scripts/Resonance.App/Characters/ForegroundIce.cs:15)
Resonance.App.IceParticles:Build (UnityEngine.UI.RawImage,bool) (at Assets/Scripts/Resonance.App/Characters/IceParticles.cs:62)
Resonance.App.IceParticles:Attach (UnityEngine.Transform,System.Collections.Generic.List`1<UnityEngine.GameObject>,bool) (at Assets/Scripts/Resonance.App/Characters/IceParticles.cs:39)
Resonance.App.GameRoot:DrawInspect () (at Assets/Scripts/Resonance.App/Core/GameRoot.cs:797)
Resonance.App.GameRoot:Inspect (string) (at Assets/Scripts/Resonance.App/Core/GameRoot.cs:121)
Resonance.App.VerticalSliceSmokeRuntime:Update () (at Assets/Scripts/Resonance.App/Debug/VerticalSliceSmokeRuntime.cs:145)

[Assets/Scripts/Resonance.App/Core/GameRoot.cs line 797]

Setting the duration while system is still playing is not supported. Please wait until the system has stopped and all particles have expired or call Stop with ParticleSystemStopBehavior.StopEmittingAndClear to completely stop the system.
UnityEngine.Debug:ExtractStackTraceNoAlloc (byte*,int,string)
UnityEngine.StackTraceUtility:ExtractStackTrace ()
Resonance.App.IceParticles:AddSystem (UnityEngine.Transform,int,System.Collections.Generic.List`1<UnityEngine.Material>,string,UnityEngine.Sprite,single,int,single,single,single,single,single,single,single,single,single,single,single,bool) (at Assets/Scripts/Resonance.App/Characters/IceParticles.cs:130)
Resonance.App.ForegroundIce:Emit (UnityEngine.Transform,int,System.Collections.Generic.List`1<UnityEngine.Material>) (at Assets/Scripts/Resonance.App/Characters/ForegroundIce.cs:17)
Resonance.App.IceParticles:Build (UnityEngine.UI.RawImage,bool) (at Assets/Scripts/Resonance.App/Characters/IceParticles.cs:62)
Resonance.App.IceParticles:Attach (UnityEngine.Transform,System.Collections.Generic.List`1<UnityEngine.GameObject>,bool) (at Assets/Scripts/Resonance.App/Characters/IceParticles.cs:39)
Resonance.App.GameRoot:DrawInspect () (at Assets/Scripts/Resonance.App/Core/GameRoot.cs:797)
Resonance.App.GameRoot:Inspect (string) (at Assets/Scripts/Resonance.App/Core/GameRoot.cs:121)
Resonance.App.VerticalSliceSmokeRuntime:Update () (at Assets/Scripts/Resonance.App/Debug/VerticalSliceSmokeRuntime.cs:145)

[Assets/Scripts/Resonance.App/Core/GameRoot.cs line 797]

Setting the duration while system is still playing is not supported. Please wait until the system has stopped and all particles have expired or call Stop with ParticleSystemStopBehavior.StopEmittingAndClear to completely stop the system.
UnityEngine.Debug:ExtractStackTraceNoAlloc (byte*,int,string)
UnityEngine.StackTraceUtility:ExtractStackTrace ()
Resonance.App.IceParticles:AddSystem (UnityEngine.Transform,int,System.Collections.Generic.List`1<UnityEngine.Material>,string,UnityEngine.Sprite,single,int,single,single,single,single,single,single,single,single,single,single,single,bool) (at Assets/Scripts/Resonance.App/Characters/IceParticles.cs:130)
Resonance.App.ForegroundIce:Emit (UnityEngine.Transform,int,System.Collections.Generic.List`1<UnityEngine.Material>) (at Assets/Scripts/Resonance.App/Characters/ForegroundIce.cs:20)
Resonance.App.IceParticles:Build (UnityEngine.UI.RawImage,bool) (at Assets/Scripts/Resonance.App/Characters/IceParticles.cs:62)
Resonance.App.IceParticles:Attach (UnityEngine.Transform,System.Collections.Generic.List`1<UnityEngine.GameObject>,bool) (at Assets/Scripts/Resonance.App/Characters/IceParticles.cs:39)
Resonance.App.GameRoot:DrawInspect () (at Assets/Scripts/Resonance.App/Core/GameRoot.cs:797)
Resonance.App.GameRoot:Inspect (string) (at Assets/Scripts/Resonance.App/Core/GameRoot.cs:121)
Resonance.App.VerticalSliceSmokeRuntime:Update () (at Assets/Scripts/Resonance.App/Debug/VerticalSliceSmokeRuntime.cs:145)

[Assets/Scripts/Resonance.App/Core/GameRoot.cs line 797]

Setting the duration while system is still playing is not supported. Please wait until the system has stopped and all particles have expired or call Stop with ParticleSystemStopBehavior.StopEmittingAndClear to completely stop the system.
UnityEngine.Debug:ExtractStackTraceNoAlloc (byte*,int,string)
UnityEngine.StackTraceUtility:ExtractStackTrace ()
Resonance.App.IceParticles:AddSystem (UnityEngine.Transform,int,System.Collections.Generic.List`1<UnityEngine.Material>,string,UnityEngine.Sprite,single,int,single,single,single,single,single,single,single,single,single,single,single,bool) (at Assets/Scripts/Resonance.App/Characters/IceParticles.cs:130)
Resonance.App.ForegroundIce:Emit (UnityEngine.Transform,int,System.Collections.Generic.List`1<UnityEngine.Material>) (at Assets/Scripts/Resonance.App/Characters/ForegroundIce.cs:22)
Resonance.App.IceParticles:Build (UnityEngine.UI.RawImage,bool) (at Assets/Scripts/Resonance.App/Characters/IceParticles.cs:62)
Resonance.App.IceParticles:Attach (UnityEngine.Transform,System.Collections.Generic.List`1<UnityEngine.GameObject>,bool) (at Assets/Scripts/Resonance.App/Characters/IceParticles.cs:39)
Resonance.App.GameRoot:DrawInspect () (at Assets/Scripts/Resonance.App/Core/GameRoot.cs:797)
Resonance.App.GameRoot:Inspect (string) (at Assets/Scripts/Resonance.App/Core/GameRoot.cs:121)
Resonance.App.VerticalSliceSmokeRuntime:Update () (at Assets/Scripts/Resonance.App/Debug/VerticalSliceSmokeRuntime.cs:145)

[Assets/Scripts/Resonance.App/Core/GameRoot.cs line 797]

[M1-G2-INSPECT] screen=CharacterDetail id=C001 art=1 mask=0 rect=0.00,0.00-1.00,0.88 area=0.000 host=0.880 layout=NEEDS_REFERENCE
UnityEngine.Debug:ExtractStackTraceNoAlloc (byte*,int,string)
UnityEngine.StackTraceUtility:ExtractStackTrace ()
UnityEngine.DebugLogHandler:Internal_Log (UnityEngine.LogType,UnityEngine.LogOption,string,UnityEngine.Object)
UnityEngine.DebugLogHandler:LogFormat (UnityEngine.LogType,UnityEngine.Object,string,object[])
UnityEngine.Logger:Log (UnityEngine.LogType,object)
UnityEngine.Debug:Log (object)
Resonance.App.InspectBoard:CommitMask (Resonance.App.InspectArtMaskReport) (at Assets/Scripts/Resonance.App/UI/InspectBoard.cs:816)
Resonance.App.InspectBoard:DrawArtMaskIfNeeded (UnityEngine.Transform,System.Collections.Generic.List`1<UnityEngine.GameObject>,Resonance.Battle.CharacterDef) (at Assets/Scripts/Resonance.App/UI/InspectBoard.cs:751)
Resonance.App.InspectBoard:Draw (UnityEngine.Transform,System.Collections.Generic.List`1<UnityEngine.GameObject>,Resonance.Battle.CharacterDef,Resonance.Battle.UnitProgress,Resonance.App.InspectHooks) (at Assets/Scripts/Resonance.App/UI/InspectBoard.cs:126)
Resonance.App.GameRoot:DrawInspect () (at Assets/Scripts/Resonance.App/Core/GameRoot.cs:799)
Resonance.App.GameRoot:Inspect (string) (at Assets/Scripts/Resonance.App/Core/GameRoot.cs:121)
Resonance.App.VerticalSliceSmokeRuntime:Update () (at Assets/Scripts/Resonance.App/Debug/VerticalSliceSmokeRuntime.cs:145)

(Filename: Assets/Scripts/Resonance.App/UI/InspectBoard.cs Line: 816)

[VS-SMOKE]
PASS
screens=Boot,Home,Characters,Team,Inspect,Stage,Battle,Result
captures=01_home.png,ui_home.png,02_roster.png,02_characters.png,ui_roster.png,04_team.png,ui_team.png,03_inspect.png,ui_inspect.png,06_battle.png,ui_battle.png,07_drive.png,08_fever.png,09_result.png
result=胜利
cleared=True
tap=True slide=True drive=True fever=True
save=F:\天命之子\client\Temp\vs-smoke-save\save.json
save-isolated=True
save-user=C:\Users\Administrator\AppData\LocalLow\Resonance\契灵回响\save.json
save-json={"party":["C001","C007","C010","C003","C005"],"leader":1,"cleared":true,"clearedN":1,"seed":35358359,"speed":2,"auto":2,"hard":false,"clearedH":0,"gold":12000,"stone":180,"meal":-1,"pvp":false,"daily":0,"mail":0,"roster":["C001","C007","C010","C003","C005"],"skins":["C001:echo"],"puppets":["P001","P002","P003"],"units":[{"id":"C001","lv":2,"uncap":0,"ign":0,"ia":0,"ic":0,"ig":0,"aff":4,"rsv":"TSTEE","skin":"","g0":"EQ_WPN","g1":"","g2":"","g3":"SC006","p0":0,"p1":0,"p2":0,"p3":0},{"id":"C007","lv":2,"uncap":0,"ign":0,"ia":0,"ic":0,"ig":0,"aff":4,"rsv":"TTEEE","skin":"","g0":"","g1":"EQ_ARM","g2":"","g3":"","p0":0,"p1":0,"p2":0,"p3":0},{"id":"C010","lv":2,"uncap":0,"ign":0,"ia":0,"ic":0,"ig":0,"aff":4,"rsv":"SSTEE","skin":"","g0":"","g1":"","g2":"EQ_ACC","g3":"","p0":0,"p1":0,"p2":0,"p3":0},{"id":"C003","lv":2,"uncap":0,"ign":0,"ia":0,"ic":0,"ig":0,"aff":4,"rsv":"TEEEE","skin":"","g0":"","g1":"","g2":"","g3":"SC006","p0":0,"p1":0,"p2":0,"p3":0},{"id":"C005","lv":2,"uncap":0,"ign":0,"ia":0,"ic":0,"ig":0,"aff":4,"rsv":"ESTEE","skin":"","g0":"EQ_WPN","g1":"","g2":"","g3":"","p0":0,"p1":0,"p2":0,"p3":0}]}
log:smoke start
log:shot 01_home.png,ui_home.png
log:home
log:phase Characters
log:shot 02_roster.png,02_characters.png,ui_roster.png
log:phase Team
log:shot 04_team.png,ui_team.png
log:phase Inspect
log:shot 03_inspect.png,ui_inspect.png
log:phase Stage
log:phase Battle
log:shot 06_battle.png,ui_battle.png
log:tap 0
log:slide 1
log:drive qte slot=0
log:shot 07_drive.png
log:drive perfect fever=60 active=False
log:drive qte slot=0
log:drive perfect fever=0 active=True
log:shot 08_fever.png
log:result 胜利
log:phase Result
log:shot 09_result.png
UnityEngine.Debug:ExtractStackTraceNoAlloc (byte*,int,string)
UnityEngine.StackTraceUtility:ExtractStackTrace ()
UnityEngine.DebugLogHandler:Internal_Log (UnityEngine.LogType,UnityEngine.LogOption,string,UnityEngine.Object)
UnityEngine.DebugLogHandler:LogFormat (UnityEngine.LogType,UnityEngine.Object,string,object[])
UnityEngine.Logger:Log (UnityEngine.LogType,object)
UnityEngine.Debug:Log (object)
Resonance.App.VerticalSliceSmokeRuntime:WriteResult (string) (at Assets/Scripts/Resonance.App/Debug/VerticalSliceSmokeRuntime.cs:421)
Resonance.App.VerticalSliceSmokeRuntime:Finish (Resonance.App.GameRoot) (at Assets/Scripts/Resonance.App/Debug/VerticalSliceSmokeRuntime.cs:360)
Resonance.App.VerticalSliceSmokeRuntime:Update () (at Assets/Scripts/Resonance.App/Debug/VerticalSliceSmokeRuntime.cs:169)

(Filename: Assets/Scripts/Resonance.App/Debug/VerticalSliceSmokeRuntime.cs Line: 421)

Unloading 18 Unused Serialized files (Serialized files now loaded: 0)
Loaded scene 'Temp/__Backupscenes/0.backup'
	Deserialize:            0.698 ms
	Integration:            149.268 ms
	Integration of assets:  0.002 ms
	Thread Wait Time:       0.027 ms
	Total Operation Time:   149.995 ms
Unloading 26 unused Assets / (442.4 KB). Loaded Objects now: 5884.
Memory consumption went from 341.5 MB to 341.1 MB.
Total: 11.134900 ms (FindLiveObjects: 0.312500 ms CreateObjectMapping: 0.219100 ms MarkObjects: 10.461800 ms  DeleteObjects: 0.139700 ms)

[Licensing::Client] Successfully resolved entitlement details
[Licensing::Module] License group:
  Id: F4-99BH-9QMP-CCW5-HN7U-XXXX
  Product: Unity Personal
  Type: ULF
  Expiration: 2026-09-21T06:35:02Z
[Licensing::Module] License group:
  Id: ewogICJzdWJzR3JvdXAiIDogInVuaXR5IGVkaXRvciIsCiAgIm5hbWVzcGFjZSIgOiAidW5pdHlfZWRpdG9yIiwKICAidHlwZSIgOiAiRURJVE9SIiwKICAidGFnIiA6ICJVbml0eVBlcnNvbmFsXXXX
  Product: Unity Personal Version
  Type: Assigned
  Expiration: Unlimited
Starting new worker id: 0 with log in F:/天命之子/client/Logs/AssetImportWorker0.log
[VS-SMOKE] quitting editor after result pass=True
UnityEngine.Debug:ExtractStackTraceNoAlloc (byte*,int,string)
UnityEngine.StackTraceUtility:ExtractStackTrace ()
UnityEngine.DebugLogHandler:Internal_Log (UnityEngine.LogType,UnityEngine.LogOption,string,UnityEngine.Object)
UnityEngine.DebugLogHandler:LogFormat (UnityEngine.LogType,UnityEngine.Object,string,object[])
UnityEngine.Logger:Log (UnityEngine.LogType,object)
UnityEngine.Debug:Log (object)
Resonance.EditorTools.VerticalSliceSmoke:QuitIfSmokeDone () (at Assets/Editor/Smoke/VerticalSliceSmoke.cs:156)
Resonance.EditorTools.VerticalSliceSmoke:Poll () (at Assets/Editor/Smoke/VerticalSliceSmoke.cs:102)
UnityEditor.EditorApplication:Internal_CallUpdateFunctions ()

(Filename: Assets/Editor/Smoke/VerticalSliceSmoke.cs Line: 156)

[LAYOUT] About to save layout F:\天命之子\client\UserSettings\Layouts\default-6000.dwlt
[LAYOUT] About to save layout C:/Users/Administrator/AppData/Roaming/Unity/Editor-5.x/Preferences\Layouts\current\default-6000.dwlt
[CoreBusinessMetrics] Unable to remove a message from cache. SQLite returned error message "database is locked"
[CoreBusinessMetrics] Unable to remove a message from cache. SQLite returned error message "database is locked"
Killing ADB server in 0.1263525 seconds.
[CoreBusinessMetrics] Unable to remove a message from cache. SQLite returned error message "database is locked"
[CoreBusinessMetrics] Unable to remove a message from cache. SQLite returned error message "database is locked"
[CoreBusinessMetrics] Unable to remove a message from cache. SQLite returned error message "database is locked"
[CoreBusinessMetrics] Unable to remove a message from cache. SQLite returned error message "database is locked"
[CoreBusinessMetrics] Unable to remove a message from cache. SQLite returned error message "database is locked"
[CoreBusinessMetrics] Unable to remove a message from cache. SQLite returned error message "database is locked"
Input System module state changed to: ShutdownInProgress.
Input System polling thread exited.
Input System module state changed to: Shutdown.
[CoreBusinessMetrics] Unable to remove a message from cache. SQLite returned error message "database is locked"
[CoreBusinessMetrics] Unable to remove a message from cache. SQLite returned error message "database is locked"
[CoreBusinessMetrics] Unable to remove a message from cache. SQLite returned error message "database is locked"
[CoreBusinessMetrics] Unable to remove a message from cache. SQLite returned error message "database is locked"
[CoreBusinessMetrics] Unable to remove a message from cache. SQLite returned error message "database is locked"
[CoreBusinessMetrics] Unable to remove a message from cache. SQLite returned error message "database is locked"
[Physics::Module] Cleanup current backend.
[Physics::Module] Id: 0xf2b8ea05
[Licensing::IpcConnector] LicenseClient-Administrator-notifications channel disconnected successfully.
[Licensing::IpcConnector] LicenseClient-Administrator channel disconnected successfully.
[CoreBusinessMetrics] Unable to remove a message from cache. SQLite returned error message "database is locked"
AcceleratorClientConnectionCallback - disconnected - :0
[CoreBusinessMetrics] Unable to remove a message from cache. SQLite returned error message "database is locked"
Cleanup mono
[CoreBusinessMetrics] Unable to remove a message from cache. SQLite returned error message "database is locked"
[CoreBusinessMetrics] Unable to remove a message from cache. SQLite returned error message "database is locked"
[CoreBusinessMetrics] Unable to remove a message from cache. SQLite returned error message "database is locked"
[CoreBusinessMetrics] Unable to remove a message from cache. SQLite returned error message "database is locked"
[CoreBusinessMetrics] Unable to remove a message from cache. SQLite returned error message "database is locked"
[CoreBusinessMetrics] Unable to remove a message from cache. SQLite returned error message "database is locked"
[CoreBusinessMetrics] Unable to remove a message from cache. SQLite returned error message "database is locked"
[CoreBusinessMetrics] Unable to remove a message from cache. SQLite returned error message "database is locked"
[CoreBusinessMetrics] Unable to remove a message from cache. SQLite returned error message "database is locked"
Checking for leaked weakptr:
  Found no leaked weakptrs.
[Package Manager] Server process was shutdown
Internal: There are remaining Allocations on the JobTempAlloc. This is a leak, and will impact performance
To Debug, run app with -diag-job-temp-memory-leak-validation cmd line argument. This will output the callstacks of the leaked allocations.
Internal: There are remaining Allocations on the JobTempAlloc. This is a leak, and will impact performance
To Debug, run app with -diag-job-temp-memory-leak-validation cmd line argument. This will output the callstacks of the leaked allocations.
##utp:{"type":"MemoryLeaks","version":2,"phase":"Immediate","time":1789042013122,"processId":44048,"allocatedMemory":16243439,"memoryLabels":[{"Default":29313},{"Permanent":15236},{"NewDelete":436745},{"Thread":4238512},{"Manager":821728},{"VertexData":8},{"Geometry":816},{"Texture":296},{"Shader":89593},{"Material":24},{"GfxDevice":57968},{"GfxThread":1536},{"Animation":392},{"Audio":3040},{"FreeType":8},{"FontEngine":736},{"Physics":2146},{"Physics2D":16},{"Serialization":210799},{"Input":14984},{"JobScheduler":33024},{"TextLib":16120},{"Mono":32},{"MonoCode":184},{"ScriptingNativeRuntime":155060},{"BaseObject":1651824},{"Resource":1336},{"Renderer":3000},{"Transform":4685},{"File":1016},{"WebCam":616},{"Culling":32},{"Terrain":11394},{"Wind":24},{"STL":40},{"String":11295},{"DynamicArray":109840},{"HashMap":133678},{"Utility":2660986},{"Curl":48},{"PoolAlloc":2296},{"AI":80},{"TypeTree":13861},{"ScriptManager":512},{"RuntimeInitializeOnLoadManager":64},{"SpriteAtlas":112},{"GI":7792},{"Director":8240},{"CloudService":7024},{"WebRequest":7105},{"VR":47994},{"SceneManager":504},{"Video":208},{"LazyScriptCache":32},{"NativeArray":9768},{"Camera":17},{"Secure":2377},{"SerializationCache":1576},{"APIUpdating":10320},{"Subsystems":336},{"VirtualTexturing":57888},{"StaticSafetyDebugInfo":278528},{"Analytics":464},{"Hierarchy":608},{"CoreStats":13112},{"Identifiers":6480},{"Gui":375},{"EditorUtility":152349},{"VersionControl":4},{"Undo":947},{"AssetDatabase":4847939},{"EditorGi":328},{"UnityConnect":29344},{"Upm":1896},{"AssetCompliance":64},{"DrivenProperties":72},{"LocalIPC":219},{"ProfilerEditor":9746},{"CoreBusinessMetrics":3504},{"Licensing":1264},{"AssetReference":32},{"IPCStream":32}]}
