Input #0, mov,mp4,m4a,3gp,3g2,mj2, from 'F:\天命之子\DC_RECON_KIT\m1\REVIEW_350e3b6\artifacts\natural-play\20260920T071823-np_fever_v1\basic-focus.mp4':
  Metadata:
    major_brand     : isom
    minor_version   : 512
    compatible_brands: isomiso6iso2avc1mp41
    encoder         : Lavf62.12.101
  Duration: 00:01:58.20, start: 0.100000, bitrate: 769 kb/s
  Stream #0:0[0x1](und): Video: h264 (High) (avc1 / 0x31637661), yuv420p(progressive), 2560x1348, 766 kb/s, 27.28 fps, 30 tbr, 15360 tbn, start 0.100000 (default)
    Metadata:
      handler_name    : VideoHandler
      encoder         : Lavc62.28.101 libx264
Stream mapping:
  Stream #0:0 -> #0:0 (h264 (native) -> h264 (libx264))
Press [q] to stop, [?] for help
[libx264 @ 00000278efa09380] using cpu capabilities: MMX2 SSE2Fast SSSE3 SSE4.2 AVX FMA3 BMI2 AVX2
[libx264 @ 00000278efa09380] profile High, level 5.0, 4:2:0, 8-bit
[libx264 @ 00000278efa09380] 264 - core 165 r3223 0480cb0 - H.264/MPEG-4 AVC codec - Copyleft 2003-2025 - http://www.videolan.org/x264.html - options: cabac=1 ref=1 deblock=1:0:0 analyse=0x3:0x113 me=hex subme=2 psy=1 psy_rd=1.00:0.00 mixed_ref=0 me_range=16 chroma_me=1 trellis=0 8x8dct=1 cqm=0 deadzone=21,11 fast_pskip=1 chroma_qp_offset=0 threads=4 lookahead_threads=1 sliced_threads=0 nr=0 decimate=1 interlaced=0 bluray_compat=0 constrained_intra=0 bframes=3 b_pyramid=2 b_adapt=1 b_bias=0 direct=1 weightb=1 open_gop=0 weightp=1 keyint=250 keyint_min=25 scenecut=40 intra_refresh=0 rc_lookahead=10 rc=crf mbtree=1 crf=18.0 qcomp=0.60 qpmin=0 qpmax=69 qpstep=4 ip_ratio=1.40 aq=1:1.00
Output #0, mp4, to 'F:\天命之子\DC_RECON_KIT\m1\REVIEW_350e3b6\artifacts\natural-play\20260920T071823-np_fever_v1\gameplay-proof.mp4':
  Metadata:
    major_brand     : isom
    minor_version   : 512
    compatible_brands: isomiso6iso2avc1mp41
    encoder         : Lavf62.12.101
  Stream #0:0(und): Video: h264 (avc1 / 0x31637661), yuv420p(tv, progressive), 2560x1348, q=2-31, 30 fps, 15360 tbn (default)
    Metadata:
      encoder         : Lavc62.28.101 libx264
      handler_name    : VideoHandler
    Side data:
      CPB properties: bitrate max/min/avg: 0/0/0 buffer size: 0 vbv_delay: N/A
frame=   10 fps=0.0 q=24.0 size=       0KiB time=00:00:00.00 bitrate=N/A speed=   0x elapsed=0:00:00.51    
frame=   44 fps= 43 q=24.0 size=       0KiB time=00:00:01.16 bitrate=   0.3kbits/s speed=1.13x elapsed=0:00:01.03    
frame=   96 fps= 62 q=24.0 size=     256KiB time=00:00:03.10 bitrate= 676.6kbits/s speed=   2x elapsed=0:00:01.54    
frame=  132 fps= 64 q=24.0 size=     512KiB time=00:00:04.36 bitrate= 960.6kbits/s speed=2.12x elapsed=0:00:02.06    
frame=  168 fps= 65 q=22.0 size=     512KiB time=00:00:05.63 bitrate= 744.6kbits/s speed=2.19x elapsed=0:00:02.57    
frame=  246 fps= 79 q=24.0 size=    1024KiB time=00:00:08.53 bitrate= 983.1kbits/s speed=2.75x elapsed=0:00:03.10    
frame=  349 fps= 96 q=24.0 size=    1536KiB time=00:00:12.33 bitrate=1020.3kbits/s speed=3.41x elapsed=0:00:03.61    
frame=  430 fps=104 q=23.0 size=    2048KiB time=00:00:15.30 bitrate=1096.6kbits/s speed=3.71x elapsed=0:00:04.12    
frame=  526 fps=113 q=24.0 size=    2560KiB time=00:00:18.76 bitrate=1117.5kbits/s speed=4.04x elapsed=0:00:04.64    
frame=  636 fps=123 q=24.0 size=    3328KiB time=00:00:22.76 bitrate=1197.5kbits/s speed=4.42x elapsed=0:00:05.15    
frame=  745 fps=131 q=23.0 size=    3584KiB time=00:00:26.63 bitrate=1102.4kbits/s speed= 4.7x elapsed=0:00:05.66    
frame=  856 fps=138 q=24.0 size=    4352KiB time=00:00:30.73 bitrate=1160.0kbits/s speed=4.96x elapsed=0:00:06.19    
frame=  965 fps=144 q=24.0 size=    4864KiB time=00:00:34.86 bitrate=1142.8kbits/s speed=5.19x elapsed=0:00:06.71    
frame= 1072 fps=148 q=24.0 size=    5632KiB time=00:00:38.93 bitrate=1185.0kbits/s speed=5.39x elapsed=0:00:07.22    
frame= 1177 fps=152 q=23.0 size=    6400KiB time=00:00:42.70 bitrate=1227.8kbits/s speed=5.52x elapsed=0:00:07.73    
frame= 1281 fps=155 q=24.0 size=    6912KiB time=00:00:46.60 bitrate=1215.1kbits/s speed=5.65x elapsed=0:00:08.25    
frame= 1386 fps=158 q=24.0 size=    7424KiB time=00:00:50.53 bitrate=1203.5kbits/s speed=5.76x elapsed=0:00:08.76    
frame= 1494 fps=161 q=22.0 size=    7936KiB time=00:00:54.46 bitrate=1193.6kbits/s speed=5.87x elapsed=0:00:09.28    
frame= 1605 fps=164 q=24.0 size=    8704KiB time=00:00:58.46 bitrate=1219.6kbits/s speed=5.97x elapsed=0:00:09.79    
frame= 1700 fps=165 q=24.0 size=    9216KiB time=00:01:01.93 bitrate=1219.0kbits/s speed=6.01x elapsed=0:00:10.31    
frame= 1808 fps=167 q=24.0 size=    9984KiB time=00:01:06.03 bitrate=1238.6kbits/s speed= 6.1x elapsed=0:00:10.82    
frame= 1912 fps=169 q=24.0 size=   10496KiB time=00:01:10.06 bitrate=1227.2kbits/s speed=6.18x elapsed=0:00:11.34    
frame= 2006 fps=169 q=23.0 size=   11008KiB time=00:01:13.40 bitrate=1228.6kbits/s speed=6.19x elapsed=0:00:11.86    
frame= 2109 fps=170 q=22.0 size=   11520KiB time=00:01:17.20 bitrate=1222.4kbits/s speed=6.23x elapsed=0:00:12.38    
frame= 2216 fps=172 q=24.0 size=   11776KiB time=00:01:21.10 bitrate=1189.5kbits/s speed=6.29x elapsed=0:00:12.89    
frame= 2324 fps=173 q=24.0 size=   12288KiB time=00:01:25.16 bitrate=1182.0kbits/s speed=6.35x elapsed=0:00:13.40    
frame= 2437 fps=175 q=23.0 size=   12544KiB time=00:01:29.23 bitrate=1151.6kbits/s speed=6.41x elapsed=0:00:13.92    
frame= 2549 fps=177 q=24.0 size=   12800KiB time=00:01:33.30 bitrate=1123.9kbits/s speed=6.46x elapsed=0:00:14.43    
frame= 2659 fps=178 q=23.0 size=   13056KiB time=00:01:37.30 bitrate=1099.2kbits/s speed= 6.5x elapsed=0:00:14.95    
frame= 2760 fps=178 q=24.0 size=   13312KiB time=00:01:40.93 bitrate=1080.4kbits/s speed=6.52x elapsed=0:00:15.46    
frame= 2875 fps=180 q=24.0 size=   13824KiB time=00:01:45.16 bitrate=1076.8kbits/s speed=6.57x elapsed=0:00:15.99    
frame= 2987 fps=181 q=24.0 size=   13824KiB time=00:01:49.13 bitrate=1037.7kbits/s speed=6.61x elapsed=0:00:16.51    
[mp4 @ 00000278f19dec40] Starting second pass: moving the moov atom to the beginning of the file
[out#0/mp4 @ 00000278f14678c0] video:14213KiB audio:0KiB subtitle:0KiB other streams:0KiB global headers:0KiB muxing overhead: 0.287750%
frame= 3025 fps=181 q=-1.0 Lsize=   14254KiB time=00:01:50.43 bitrate=1057.4kbits/s speed=6.62x elapsed=0:00:16.67    
[libx264 @ 00000278efa09380] frame I:13    Avg QP: 6.11  size: 77050
[libx264 @ 00000278efa09380] frame P:794   Avg QP:17.28  size: 10227
[libx264 @ 00000278efa09380] frame B:2218  Avg QP:24.25  size:  2449
[libx264 @ 00000278efa09380] consecutive B-frames:  1.4%  1.6%  3.2% 93.9%
[libx264 @ 00000278efa09380] mb I  I16..4: 87.1%  2.5% 10.4%
[libx264 @ 00000278efa09380] mb P  I16..4:  0.6%  0.4%  0.5%  P16..4:  1.4%  0.6%  0.6%  0.0%  0.0%    skip:95.9%
[libx264 @ 00000278efa09380] mb B  I16..4:  0.1%  0.1%  0.0%  B16..8:  0.6%  0.4%  0.1%  direct: 0.4%  skip:98.3%  L0:38.0% L1:44.0% BI:18.0%
[libx264 @ 00000278efa09380] 8x8 transform intra:19.5% inter:15.4%
[libx264 @ 00000278efa09380] coded y,uvDC,uvAC intra: 32.2% 36.7% 21.1% inter: 0.7% 0.6% 0.2%
[libx264 @ 00000278efa09380] i16 v,h,dc,p: 61% 34%  3%  1%
[libx264 @ 00000278efa09380] i8 v,h,dc,ddl,ddr,vr,hd,vl,hu: 24% 23% 22%  7%  6%  4%  4%  4%  5%
[libx264 @ 00000278efa09380] i4 v,h,dc,ddl,ddr,vr,hd,vl,hu: 28% 25% 16%  6%  6%  6%  5%  5%  4%
[libx264 @ 00000278efa09380] i8c dc,h,v,p: 65% 17% 14%  4%
[libx264 @ 00000278efa09380] Weighted P-Frames: Y:0.0% UV:0.0%
[libx264 @ 00000278efa09380] kb/s:1051.12
