  正在确定要还原的项目…
  所有项目均是最新的，无法还原。
F:\天命之子\tools\BattleSim.Tests\OriginalRuleBoundaryTests.cs(37,31): warning xUnit2031: Do not use a Where clause to filter before calling Assert.Single. Use the overload of Assert.Single that accepts a filtering function. [F:\天命之子\tools\BattleSim.Tests\BattleSim.Tests.csproj]
F:\天命之子\tools\BattleSim.Tests\OriginalRuleBoundaryTests.cs(88,26): warning xUnit2031: Do not use a Where clause to filter before calling Assert.Single. Use the overload of Assert.Single that accepts a filtering function. [F:\天命之子\tools\BattleSim.Tests\BattleSim.Tests.csproj]
F:\天命之子\tools\BattleSim.Tests\OriginalResolutionIntegrationTests.cs(71,13): warning xUnit2031: Do not use a Where clause to filter before calling Assert.Single. Use the overload of Assert.Single that accepts a filtering function. [F:\天命之子\tools\BattleSim.Tests\BattleSim.Tests.csproj]
F:\天命之子\tools\BattleSim.Tests\OriginalResolutionIntegrationTests.cs(93,23): warning xUnit2031: Do not use a Where clause to filter before calling Assert.Single. Use the overload of Assert.Single that accepts a filtering function. [F:\天命之子\tools\BattleSim.Tests\BattleSim.Tests.csproj]
F:\天命之子\tools\BattleSim.Tests\OriginalResolutionIntegrationTests.cs(110,26): warning xUnit2031: Do not use a Where clause to filter before calling Assert.Single. Use the overload of Assert.Single that accepts a filtering function. [F:\天命之子\tools\BattleSim.Tests\BattleSim.Tests.csproj]
F:\天命之子\tools\BattleSim.Tests\M1FormulaIsolationTests.cs(86,13): warning xUnit2000: The literal or constant value DamageMath.FeverChannelAtkCoef should be passed as the 'expected' argument in the call to 'Assert.NotEqual(expected, actual)' in method 'FeverDoesNotReadTapCoefficients' on type 'M1FormulaIsolationTests'. Swap the parameter values. [F:\天命之子\tools\BattleSim.Tests\BattleSim.Tests.csproj]
F:\天命之子\tools\BattleSim.Tests\M1FormulaIsolationTests.cs(87,13): warning xUnit2000: The literal or constant value DamageMath.FeverChannelFlat should be passed as the 'expected' argument in the call to 'Assert.NotEqual(expected, actual)' in method 'FeverDoesNotReadTapCoefficients' on type 'M1FormulaIsolationTests'. Swap the parameter values. [F:\天命之子\tools\BattleSim.Tests\BattleSim.Tests.csproj]
  BattleSim.Tests -> F:\天命之子\tools\BattleSim.Tests\bin\Debug\net6.0\BattleSim.Tests.dll
F:\天命之子\tools\BattleSim.Tests\bin\Debug\net6.0\BattleSim.Tests.dll (.NETCoreApp,Version=v6.0)的测试运行
Microsoft (R) 测试执行命令行工具版本 17.3.3 (x64)
版权所有 (C) Microsoft Corporation。保留所有权利。

正在启动测试执行，请稍候...
总共 1 个测试文件与指定模式相匹配。
[xUnit.net 00:00:00.29]     Resonance.Tests.OriginalRuleBoundaryTests.DefenseOverflowFailsBeforeDamageInsteadOfBecomingZeroDefense [FAIL]
[xUnit.net 00:00:00.31]     Resonance.Tests.OriginalRuleBoundaryTests.PeriodicDotBossDeathSettlesBeforeAReadyMaskCanAttack [FAIL]
  失败 Resonance.Tests.OriginalRuleBoundaryTests.DefenseOverflowFailsBeforeDamageInsteadOfBecomingZeroDefense [60 ms]
  错误消息:
   Assert.Equal() Failure: Values differ
Expected: Failed
Actual:   InProgress
  堆栈跟踪:
     at Resonance.Tests.OriginalRuleBoundaryTests.DefenseOverflowFailsBeforeDamageInsteadOfBecomingZeroDefense() in F:\天命之子\tools\BattleSim.Tests\OriginalRuleBoundaryTests.cs:line 99
  失败 Resonance.Tests.OriginalRuleBoundaryTests.PeriodicDotBossDeathSettlesBeforeAReadyMaskCanAttack [19 ms]
  错误消息:
   Assert.Empty() Failure: Collection was not empty
Collection: [CastFx { CasterAlly = False, CasterSlot = 1, Fever = False, Name = "普攻", SlideRank = 0, ··· }]
  堆栈跟踪:
     at Resonance.Tests.OriginalRuleBoundaryTests.PeriodicDotBossDeathSettlesBeforeAReadyMaskCanAttack() in F:\天命之子\tools\BattleSim.Tests\OriginalRuleBoundaryTests.cs:line 51
结果文件: F:\天命之子\docs\original-expedition\evidence\o2\boundary-red.trx

失败!  - 失败:     2，通过:     0，已跳过:     0，总计:     2，持续时间: 23 ms - BattleSim.Tests.dll (net6.0)
