Mono path[0] = 'F:/天命之子/dist/original-expedition-v01/candidate-e04e49e9-20260921/player/originalexpedition_Data/Managed'
Mono config path = 'F:/天命之子/dist/original-expedition-v01/candidate-e04e49e9-20260921/player/MonoBleedingEdge/etc'
Input System module state changed to: Initialized.
[Physics::Module] Initialized fallback backend.
[Physics::Module] Id: 0xdecafbad
Loading player data from F:/天命之子/dist/original-expedition-v01/candidate-e04e49e9-20260921/player/originalexpedition_Data/data.unity3d
Initialize engine version: 6000.3.23f1 (09d2ecc7fb28)
[Subsystems] Discovering subsystems at path F:/天命之子/dist/original-expedition-v01/candidate-e04e49e9-20260921/player/originalexpedition_Data/UnitySubsystems
[D3D12 Device Filter] Vendor Name: NVIDIA
[D3D12 Device Filter] Device Name: NVIDIA GeForce RTX 4060 Ti
[D3D12 Device Filter] Driver Version: 32.0.16.1047
[D3D12 Device Filter] Feature Level: 12.2
[D3D12 Device Filter] Graphics Memory: 7949 MB
[D3D12 Device Filter] Processor Count: 16
[D3D12 Device Filter] Device Type: Discrete
GfxDevice: creating device client; kGfxThreadingModeSplitJobs
d3d12: failed to query info queue interface (0x80004002).
Direct3D:
    Version:         Direct3D 12 [level 12.2]
    Renderer:        NVIDIA GeForce RTX 4060 Ti (ID=0x2803)
    Vendor:          NVIDIA
    VRAM:            7949 MB
    App VRAM Budget: 7181 MB
    Driver:          32.0.16.1047
Begin MonoManager ReloadAssembly
- Loaded All Assemblies, in  0.097 seconds
- Finished resetting the current domain, in  0.002 seconds
[Physics::Module] Selected backend.
[Physics::Module] Name: PhysX
[Physics::Module] Id: 0xf2b8ea05
[Physics::Module] SDK Version: 4.1.2
[Physics::Module] Integration Version: 1.0.0
[Physics::Module] Threading Mode: Multi-Threaded
<RI> Initializing input.
Using Windows.Gaming.Input
<RI> Input initialized.
UnloadTime: 0.449000 ms
ORIGINAL_REPLAY_MATCH path=C:\Users\Administrator\AppData\LocalLow\Resonance\契灵回响\OriginalExpedition\Replays\battle-d2f2185c4ac04d2aa19d36153c6a6cc6.original-replay.json input=98f9fe1facbbd17cf2c2e7a4b8af429b366e1a8202f816c540793f73cb9aa0f5 ticks=670 events=f9e0346ff3a6850b1fd95fde91fc1126f2da2df4fdcbe426626de226bbcf13a3 resolutions=a477114bc9a65390ea6de2628d446fb40bc21114df73ab93888e12503ef6c950
[Physics::Module] Cleanup current backend.
[Physics::Module] Id: 0xf2b8ea05
Input System module state changed to: ShutdownInProgress.
Input System polling thread exited.
Input System module state changed to: Shutdown.
GarbageCollector disposing of ComputeBuffer. Please use ComputeBuffer.Release() or .Dispose() to manually release the buffer.
[d3d12] Unreleased non-evictable resource 00000276AC894370 (size 4096 B, lastUsedFence 9)
