F:\天命之子\tools\BattleSim.Tests\M1FormulaIsolationTests.cs(86,13): warning xUnit2000: The literal or constant value DamageMath.FeverChannelAtkCoef should be passed as the 'expected' argument in the call to 'Assert.NotEqual(expected, actual)' in method 'FeverDoesNotReadTapCoefficients' on type 'M1FormulaIsolationTests'. Swap the parameter values. [F:\天命之子\tools\BattleSim.Tests\BattleSim.Tests.csproj]
F:\天命之子\tools\BattleSim.Tests\M1FormulaIsolationTests.cs(87,13): warning xUnit2000: The literal or constant value DamageMath.FeverChannelFlat should be passed as the 'expected' argument in the call to 'Assert.NotEqual(expected, actual)' in method 'FeverDoesNotReadTapCoefficients' on type 'M1FormulaIsolationTests'. Swap the parameter values. [F:\天命之子\tools\BattleSim.Tests\BattleSim.Tests.csproj]
  BattleSim.Tests -> F:\天命之子\tools\BattleSim.Tests\bin\Debug\net6.0\BattleSim.Tests.dll
F:\天命之子\tools\BattleSim.Tests\bin\Debug\net6.0\BattleSim.Tests.dll (.NETCoreApp,Version=v6.0)的测试运行
Microsoft (R) 测试执行命令行工具版本 17.3.3 (x64)
版权所有 (C) Microsoft Corporation。保留所有权利。

正在启动测试执行，请稍候...
总共 1 个测试文件与指定模式相匹配。
[xUnit.net 00:00:00.26]     Resonance.Tests.OriginalExpeditionModeTests.OriginalMode_RejectsDriveFeverAutoOwnershipAndThreeTimesSpeed [FAIL]
[xUnit.net 00:00:00.27]     Resonance.Tests.OriginalExpeditionModeTests.OriginalSingleWave_EndsWithoutEnteringPhantomSecondWave [FAIL]
  失败 Resonance.Tests.OriginalExpeditionModeTests.OriginalMode_RejectsDriveFeverAutoOwnershipAndThreeTimesSpeed [3 ms]
  错误消息:
   Assert.False() Failure
Expected: False
Actual:   True
  堆栈跟踪:
     at Resonance.Tests.OriginalExpeditionModeTests.OriginalMode_RejectsDriveFeverAutoOwnershipAndThreeTimesSpeed() in F:\天命之子\tools\BattleSim.Tests\OriginalExpeditionModeTests.cs:line 31
  失败 Resonance.Tests.OriginalExpeditionModeTests.OriginalSingleWave_EndsWithoutEnteringPhantomSecondWave [4 ms]
  错误消息:
   Assert.Equal() Failure: Values differ
Expected: Victory
Actual:   InProgress
  堆栈跟踪:
     at Resonance.Tests.OriginalExpeditionModeTests.OriginalSingleWave_EndsWithoutEnteringPhantomSecondWave() in F:\天命之子\tools\BattleSim.Tests\OriginalExpeditionModeTests.cs:line 90
结果文件: F:\天命之子\docs\original-expedition\evidence\o0\mode-red-2.trx

失败!  - 失败:     2，通过:     3，已跳过:     0，总计:     5，持续时间: 38 ms - BattleSim.Tests.dll (net6.0)
