[Licensing::Module] Trying to connect to existing licensing client channel...
[Licensing::IpcConnector] Channel LicenseClient-Administrator doesn't exist
Built from '6000.3/staging' branch; Version is '6000.3.23f1 (09d2ecc7fb28) revision 643820'; Using compiler version '194234433'; Build Type 'Release'
OS: 'Windows 11  (10.0.26200) Professional' Language: 'zh' Physical Memory: 32581 MB
BatchMode: 0, IsHumanControllingUs: 1, StartBugReporterOnCrash: 1, Is64bit: 1
System  architecture: x64
Process architecture: x64
Date: 2026-09-14T18:37:08Z
[Licensing::Module] Successfully launched the LicensingClient (PId: 6476)

COMMAND LINE ARGUMENTS:
D:\Unity\Hub\Editor\6000.3.23f1\Editor\Unity.exe
-projectPath
F:\天命之子\client
-natural-play
-natural-scenario
np.fever.v1
-executeMethod
Resonance.EditorTools.NaturalPlaySmoke.CliFever
-logFile
F:\天命之子\DC_RECON_KIT\m1\REVIEW_1b2ca8e\logs\editor-np-fever-v1-20260914T183658.log
Successfully changed project path to: F:\天命之子\client
F:/天命之子/client
[UnityMemory] Configuration Parameters - Can be set up in boot.config
    "memorysetup-temp-allocator-size-nav-mesh-worker=65536"
    "memorysetup-temp-allocator-size-audio-worker=65536"
    "memorysetup-temp-allocator-size-gfx=262144"
    "memorysetup-allocator-temp-initial-block-size-main=262144"
    "memorysetup-allocator-temp-initial-block-size-worker=262144"
    "memorysetup-temp-allocator-size-background-worker=32768"
    "memorysetup-temp-allocator-size-job-worker=262144"
    "memorysetup-temp-allocator-size-preload-manager=33554432"
    "memorysetup-remapper-allocator-initial-capacity=32768"
    "memorysetup-temp-allocator-size-gi-baking-worker=262144"
    "memorysetup-temp-allocator-size-gi-baking-worker=262144"
    "memorysetup-temp-allocator-size-gi-baking-worker=262144"
    "memorysetup-temp-allocator-size-gi-baking-worker=262144"
    "memorysetup-temp-allocator-size-gi-baking-worker=262144"
    "memorysetup-bucket-allocator-granularity=16"
    "memorysetup-bucket-allocator-bucket-count=8"
    "memorysetup-bucket-allocator-block-size=33554432"
    "memorysetup-bucket-allocator-block-count=8"
    "memorysetup-main-allocator-block-size=16777216"
    "memorysetup-thread-allocator-block-size=16777216"
    "memorysetup-gfx-main-allocator-block-size=16777216"
    "memorysetup-gfx-thread-allocator-block-size=16777216"
    "memorysetup-cache-allocator-block-size=4194304"
    "memorysetup-typetree-allocator-block-size=2097152"
    "memorysetup-profiler-bucket-allocator-granularity=16"
    "memorysetup-profiler-bucket-allocator-bucket-count=8"
    "memorysetup-profiler-bucket-allocator-block-size=33554432"
    "memorysetup-profiler-bucket-allocator-block-count=8"
    "memorysetup-profiler-allocator-block-size=16777216"
    "memorysetup-profiler-editor-allocator-block-size=1048576"
    "memorysetup-temp-allocator-size-main=16777216"
    "memorysetup-job-temp-allocator-block-size=2097152"
    "memorysetup-job-temp-allocator-block-size-background=1048576"
    "memorysetup-job-temp-allocator-reduction-small-platforms=262144"
    "memorysetup-temp-allocator-size-cloud-worker=32768"
Player connection [29484]  Target information:

Player connection [29484]  * "[IP] 192.168.1.54 [Port] 55504 [Flags] 2 [Guid] 1120221765 [EditorId] 1120221765 [Version] 1048832 [Id] WindowsEditor(7,DESKTOP-AKI3LSA) [Debug] 1 [PackageName] WindowsEditor [ProjectName] Editor" 

Player connection [29484]  * "[IP] 198.18.0.1 [Port] 55504 [Flags] 2 [Guid] 1120221765 [EditorId] 1120221765 [Version] 1048832 [Id] WindowsEditor(7,DESKTOP-AKI3LSA) [Debug] 1 [PackageName] WindowsEditor [ProjectName] Editor" 

Player connection [29484] Host joined multi-casting on [225.0.0.222:54997]...
Player connection [29484] Host joined alternative multi-casting on [225.0.0.222:34997]...
Input System module state changed to: Initialized.
[Physics::Module] Initialized fallback backend.
[Physics::Module] Id: 0xdecafbad
[Package Manager] Connected to IPC stream "Upm-18416" after 3.6 seconds.
[Licensing::Module] Licensing is not yet initialized.
[Licensing::IpcConnector] Successfully connected to: "LicenseClient-Administrator" at "2026-09-14T18:37:18.3567579Z"
[Licensing::Client] Code 10 while verifying Licensing Client signature (process Id: 6476, path: "D:/Unity/Hub/Editor/6000.3.23f1/Editor/Data/Resources/Licensing/Client/Unity.Licensing.Client.exe")
[Licensing::Module] LicensingClient has failed validation; ignoring
[Licensing::Client] Handshaking with LicensingClient:
  Version:                 1.18.3+d7ffd15
  Session Id:              c9ceb4720d77432ead1d916cee16b183
  Correlation Id:          cc256484f38cf800d41c987d9a523224
  External correlation Id: 7286175823210551221
  Machine Id:              2I/XDZsLcGAfRljEGy76IATF7BI=
[Licensing::Module] Successfully connected to LicensingClient on channel: "LicenseClient-Administrator" (connect: 9.88s, validation: 0.40s, handshake: 0.22s)
[Licensing::IpcConnector] Successfully connected to: "LicenseClient-Administrator-notifications" at "2026-09-14T18:37:18.9797278Z"
[Licensing::Module] Connected to LicensingClient (PId: 6476, launch time: 0.22, total connection time: 10.51s)
[Licensing::Module] Error: Access token is unavailable; failed to update
[Licensing::Client] Successfully resolved entitlement details
[Licensing::Module] License group:
  Id: F4-99BH-9QMP-CCW5-HN7U-XXXX
  Product: Unity Personal
  Type: ULF
  Expiration: 2026-09-24T19:10:49Z
[Licensing::Module] License group:
  Id: ewogICJzdWJzR3JvdXAiIDogInVuaXR5IGVkaXRvciIsCiAgIm5hbWVzcGFjZSIgOiAidW5pdHlfZWRpdG9yIiwKICAidHlwZSIgOiAiRURJVE9SIiwKICAidGFnIiA6ICJVbml0eVBlcnNvbmFsXXXX
  Product: Unity Personal Version
  Type: Assigned
  Expiration: Unlimited
[Licensing::Client] Successfully updated license, isAsync: True, time: 0.06
[Licensing::Client] Successfully resolved entitlement details
[Licensing::Module] License group:
  Id: F4-99BH-9QMP-CCW5-HN7U-XXXX
  Product: Unity Personal
  Type: ULF
  Expiration: 2026-09-24T19:10:49Z
[Licensing::Module] License group:
  Id: ewogICJzdWJzR3JvdXAiIDogInVuaXR5IGVkaXRvciIsCiAgIm5hbWVzcGFjZSIgOiAidW5pdHlfZWRpdG9yIiwKICAidHlwZSIgOiAiRURJVE9SIiwKICAidGFnIiA6ICJVbml0eVBlcnNvbmFsXXXX
  Product: Unity Personal Version
  Type: Assigned
  Expiration: Unlimited
[Licensing::Module] Licensing Background thread has ended after 10.92s
[Licensing::Module] Licensing is initialized (took 4.02s).
[Licensing::Client] Successfully resolved entitlement details
[Licensing::Module] License group:
  Id: F4-99BH-9QMP-CCW5-HN7U-XXXX
  Product: Unity Personal
  Type: ULF
  Expiration: 2026-09-24T19:10:49Z
[Licensing::Module] License group:
  Id: ewogICJzdWJzR3JvdXAiIDogInVuaXR5IGVkaXRvciIsCiAgIm5hbWVzcGFjZSIgOiAidW5pdHlfZWRpdG9yIiwKICAidHlwZSIgOiAiRURJVE9SIiwKICAidGFnIiA6ICJVbml0eVBlcnNvbmFsXXXX
  Product: Unity Personal Version
  Type: Assigned
  Expiration: Unlimited
Library Redirect Path: Library/
[Physics::Module] Selected backend.
[Physics::Module] Name: PhysX
[Physics::Module] Id: 0xf2b8ea05
[Physics::Module] SDK Version: 4.1.2
[Physics::Module] Integration Version: 1.0.0
[Physics::Module] Threading Mode: Multi-Threaded
Refreshing native plugins compatible for Editor in 66.04 ms, found 3 plugins.
Preloading 0 native plugins for Editor in 0.00 ms.
Initialize engine version: 6000.3.23f1 (09d2ecc7fb28)
[Subsystems] Discovering subsystems at path D:/Unity/Hub/Editor/6000.3.23f1/Editor/Data/Resources/UnitySubsystems
[Subsystems] Discovering subsystems at path F:/天命之子/client/Assets
[D3D12 Device Filter] Vendor Name: NVIDIA
[D3D12 Device Filter] Device Name: NVIDIA GeForce RTX 4060 Ti
[D3D12 Device Filter] Driver Version: 32.0.16.1047
[D3D12 Device Filter] Feature Level: 12.2
[D3D12 Device Filter] Graphics Memory: 7949 MB
[D3D12 Device Filter] Processor Count: 16
[D3D12 Device Filter] Device Type: Discrete
GfxDevice: creating device client; kGfxThreadingModeSplitJobs
d3d12: failed to query info queue interface (0x80004002).
Direct3D:
    Version:         Direct3D 12 [level 12.2]
    Renderer:        NVIDIA GeForce RTX 4060 Ti (ID=0x2803)
    Vendor:          NVIDIA
    VRAM:            7949 MB
    App VRAM Budget: 7181 MB
    Driver:          32.0.16.1047
Initialize mono
Mono path[0] = 'D:/Unity/Hub/Editor/6000.3.23f1/Editor/Data/Managed'
Mono path[1] = 'D:/Unity/Hub/Editor/6000.3.23f1/Editor/Data/MonoBleedingEdge/lib/mono/unityjit-win32'
Mono config path = 'D:/Unity/Hub/Editor/6000.3.23f1/Editor/Data/MonoBleedingEdge/etc'
Using monoOptions --debugger-agent=transport=dt_socket,embedding=1,server=y,suspend=n,address=127.0.0.1:56416
Using cacheserver namespaces - metadata:defaultmetadata, artifacts:defaultartifacts
Using cacheserver namespaces - metadata:defaultmetadata, artifacts:defaultartifacts
ImportWorker Server TCP listen port: 0
AcceleratorClientConnectionCallback - disconnected - :0
Begin MonoManager ReloadAssembly
Registering precompiled unity dll's ...
Register platform support module: D:/Unity/Hub/Editor/6000.3.23f1/Editor/Data/PlaybackEngines/WindowsStandaloneSupport/UnityEditor.WindowsStandalone.Extensions.dll
[Licensing::Client] Successfully resolved entitlement details
[Licensing::Module] License group:
  Id: F4-99BH-9QMP-CCW5-HN7U-XXXX
  Product: Unity Personal
  Type: ULF
  Expiration: 2026-09-24T19:37:20Z
[Licensing::Module] License group:
  Id: ewogICJzdWJzR3JvdXAiIDogInVuaXR5IGVkaXRvciIsCiAgIm5hbWVzcGFjZSIgOiAidW5pdHlfZWRpdG9yIiwKICAidHlwZSIgOiAiRURJVE9SIiwKICAidGFnIiA6ICJVbml0eVBlcnNvbmFsXXXX
  Product: Unity Personal Version
  Type: Assigned
  Expiration: Unlimited
Register platform support module: D:/Unity/Hub/Editor/6000.3.23f1/Editor/Data/PlaybackEngines/AndroidPlayer/UnityEditor.Android.Extensions.dll
Registered in 0.015055 seconds.
- Loaded All Assemblies, in  2.154 seconds
Native extension for Android target not found
Native extension for WindowsStandalone target not found
Package Manager log level set to [2]
ScheduleIndexationOnStartup MainProcess:False IndexOnStartup:True
Mono: successfully reloaded assembly
- Finished resetting the current domain, in  2.042 seconds
Domain Reload Profiling: 4192ms
	BeginReloadAssembly (1208ms)
		ExecutionOrderSort (1ms)
		DisableScriptedObjects (0ms)
		BackupInstance (0ms)
		ReleaseScriptingObjects (0ms)
		CreateAndSetChildDomain (110ms)
	RebuildCommonClasses (179ms)
	RebuildNativeTypeToScriptingClass (14ms)
	initialDomainReloadingComplete (304ms)
	LoadAllAssembliesAndSetupDomain (443ms)
		LoadAssemblies (1088ms)
		RebuildTransferFunctionScriptingTraits (0ms)
		AnalyzeDomain (394ms)
			TypeCache.Refresh (388ms)
				TypeCache.ScanAssembly (329ms)
			BuildScriptInfoCaches (2ms)
			ResolveRequiredComponents (4ms)
	FinalizeReload (2044ms)
		ReleaseScriptCaches (0ms)
		RebuildScriptCaches (0ms)
		SetupLoadedEditorAssemblies (1846ms)
			LogAssemblyErrors (0ms)
			InitializePlatformSupportModulesInManaged (785ms)
			SetLoadedEditorAssemblies (4ms)
			BeforeProcessingInitializeOnLoad (118ms)
			ProcessInitializeOnLoadAttributes (507ms)
			ProcessInitializeOnLoadMethodAttributes (430ms)
			AfterProcessingInitializeOnLoad (0ms)
			EditorAssembliesLoaded (2ms)
		ExecutionOrderSort2 (0ms)
		AwakeInstancesAfterBackupRestoration (0ms)
[Licensing::Client] Successfully resolved entitlement details
[Licensing::Module] License group:
  Id: F4-99BH-9QMP-CCW5-HN7U-XXXX
  Product: Unity Personal
  Type: ULF
  Expiration: 2026-09-24T19:37:20Z
[Licensing::Module] License group:
  Id: ewogICJzdWJzR3JvdXAiIDogInVuaXR5IGVkaXRvciIsCiAgIm5hbWVzcGFjZSIgOiAidW5pdHlfZWRpdG9yIiwKICAidHlwZSIgOiAiRURJVE9SIiwKICAidGFnIiA6ICJVbml0eVBlcnNvbmFsXXXX
  Product: Unity Personal Version
  Type: Assigned
  Expiration: Unlimited
Application.AssetDatabase Initial Refresh Start
[Package Manager] Restoring resolved packages state from cache
[Licensing::Client] Successfully resolved entitlement details
[Package Manager] Registered 51 packages:
  Packages from [https://packages.unity.com]:
    com.unity.ide.visualstudio@2.0.22 (location: F:\天命之子\client\Library\PackageCache\com.unity.ide.visualstudio@8140e851d83e)
    com.unity.inputsystem@1.14.2 (location: F:\天命之子\client\Library\PackageCache\com.unity.inputsystem@be6c4fd0abf5)
    com.unity.2d.animation@11.0.0 (location: F:\天命之子\client\Library\PackageCache\com.unity.2d.animation@a1db3619cb6f)
    com.unity.2d.common@12.0.4 (location: F:\天命之子\client\Library\PackageCache\com.unity.2d.common@3e42aeccb30d)
    com.unity.collections@2.6.8 (location: F:\天命之子\client\Library\PackageCache\com.unity.collections@84e8eb3fc12e)
    com.unity.burst@1.8.30 (location: F:\天命之子\client\Library\PackageCache\com.unity.burst@2f3d916873ea)
    com.unity.mathematics@1.3.3 (location: F:\天命之子\client\Library\PackageCache\com.unity.mathematics@19a9377c4ffa)
    com.unity.nuget.mono-cecil@1.11.6 (location: F:\天命之子\client\Library\PackageCache\com.unity.nuget.mono-cecil@ecb9724e46ff)
    com.unity.test-framework.performance@3.5.0 (location: F:\天命之子\client\Library\PackageCache\com.unity.test-framework.performance@8b56083ec0f0)
    com.unity.searcher@4.9.5 (location: F:\天命之子\client\Library\PackageCache\com.unity.searcher@a463122f2c00)
  Built-in packages:
    com.unity.render-pipelines.universal@17.3.0 (location: F:\天命之子\client\Library\PackageCache\com.unity.render-pipelines.universal@7865b6b91f8a)
    com.unity.test-framework@1.6.0 (location: F:\天命之子\client\Library\PackageCache\com.unity.test-framework@bd7f943e9647)
    com.unity.ugui@2.0.0 (location: F:\天命之子\client\Library\PackageCache\com.unity.ugui@27635d171b1a)
    com.unity.2d.sprite@1.0.0 (location: F:\天命之子\client\Library\PackageCache\com.unity.2d.sprite@5b922524bd83)
    com.unity.modules.ai@1.0.0 (location: F:\天命之子\client\Library\PackageCache\com.unity.modules.ai)
    com.unity.modules.androidjni@1.0.0 (location: F:\天命之子\client\Library\PackageCache\com.unity.modules.androidjni)
    com.unity.modules.animation@1.0.0 (location: F:\天命之子\client\Library\PackageCache\com.unity.modules.animation)
    com.unity.modules.assetbundle@1.0.0 (location: F:\天命之子\client\Library\PackageCache\com.unity.modules.assetbundle)
    com.unity.modules.audio@1.0.0 (location: F:\天命之子\client\Library\PackageCache\com.unity.modules.audio)
    com.unity.modules.cloth@1.0.0 (location: F:\天命之子\client\Library\PackageCache\com.unity.modules.cloth)
    com.unity.modules.director@1.0.0 (location: F:\天命之子\client\Library\PackageCache\com.unity.modules.director)
    com.unity.modules.imageconversion@1.0.0 (location: F:\天命之子\client\Library\PackageCache\com.unity.modules.imageconversion)
    com.unity.modules.imgui@1.0.0 (location: F:\天命之子\client\Library\PackageCache\com.unity.modules.imgui)
    com.unity.modules.jsonserialize@1.0.0 (location: F:\天命之子\client\Library\PackageCache\com.unity.modules.jsonserialize)
    com.unity.modules.particlesystem@1.0.0 (location: F:\天命之子\client\Library\PackageCache\com.unity.modules.particlesystem)
    com.unity.modules.physics@1.0.0 (location: F:\天命之子\client\Library\PackageCache\com.unity.modules.physics)
    com.unity.modules.physics2d@1.0.0 (location: F:\天命之子\client\Library\PackageCache\com.unity.modules.physics2d)
    com.unity.modules.screencapture@1.0.0 (location: F:\天命之子\client\Library\PackageCache\com.unity.modules.screencapture)
    com.unity.modules.terrain@1.0.0 (location: F:\天命之子\client\Library\PackageCache\com.unity.modules.terrain)
    com.unity.modules.terrainphysics@1.0.0 (location: F:\天命之子\client\Library\PackageCache\com.unity.modules.terrainphysics)
    com.unity.modules.tilemap@1.0.0 (location: F:\天命之子\client\Library\PackageCache\com.unity.modules.tilemap)
    com.unity.modules.ui@1.0.0 (location: F:\天命之子\client\Library\PackageCache\com.unity.modules.ui)
    com.unity.modules.uielements@1.0.0 (location: F:\天命之子\client\Library\PackageCache\com.unity.modules.uielements)
    com.unity.modules.umbra@1.0.0 (location: F:\天命之子\client\Library\PackageCache\com.unity.modules.umbra)
    com.unity.modules.unityanalytics@1.0.0 (location: F:\天命之子\client\Library\PackageCache\com.unity.modules.unityanalytics)
    com.unity.modules.unitywebrequest@1.0.0 (location: F:\天命之子\client\Library\PackageCache\com.unity.modules.unitywebrequest)
    com.unity.modules.unitywebrequestassetbundle@1.0.0 (location: F:\天命之子\client\Library\PackageCache\com.unity.modules.unitywebrequestassetbundle)
    com.unity.modules.unitywebrequestaudio@1.0.0 (location: F:\天命之子\client\Library\PackageCache\com.unity.modules.unitywebrequestaudio)
    com.unity.modules.unitywebrequesttexture@1.0.0 (location: F:\天命之子\client\Library\PackageCache\com.unity.modules.unitywebrequesttexture)
    com.unity.modules.unitywebrequestwww@1.0.0 (location: F:\天命之子\client\Library\PackageCache\com.unity.modules.unitywebrequestwww)
    com.unity.modules.vehicles@1.0.0 (location: F:\天命之子\client\Library\PackageCache\com.unity.modules.vehicles)
    com.unity.modules.video@1.0.0 (location: F:\天命之子\client\Library\PackageCache\com.unity.modules.video)
    com.unity.modules.vr@1.0.0 (location: F:\天命之子\client\Library\PackageCache\com.unity.modules.vr)
    com.unity.modules.wind@1.0.0 (location: F:\天命之子\client\Library\PackageCache\com.unity.modules.wind)
    com.unity.modules.xr@1.0.0 (location: F:\天命之子\client\Library\PackageCache\com.unity.modules.xr)
    com.unity.modules.subsystems@1.0.0 (location: F:\天命之子\client\Library\PackageCache\com.unity.modules.subsystems)
    com.unity.modules.hierarchycore@1.0.0 (location: F:\天命之子\client\Library\PackageCache\com.unity.modules.hierarchycore)
    com.unity.ext.nunit@2.0.5 (location: F:\天命之子\client\Library\PackageCache\com.unity.ext.nunit@d8c07649098d)
    com.unity.render-pipelines.core@17.3.0 (location: F:\天命之子\client\Library\PackageCache\com.unity.render-pipelines.core@0bb36005e9ba)
    com.unity.shadergraph@17.3.0 (location: F:\天命之子\client\Library\PackageCache\com.unity.shadergraph@b4b75cc00891)
    com.unity.render-pipelines.universal-config@17.0.3 (location: F:\天命之子\client\Library\PackageCache\com.unity.render-pipelines.universal-config@8dc1aab4af1d)
[Subsystems] No new subsystems found in resolved package list.
[Package Manager] Done registering packages in 0.08 seconds
[ScriptCompilation] Requested script compilation because: Assetdatabase observed changes in script compilation related files
Starting: D:\Unity\Hub\Editor\6000.3.23f1\Editor\Data\Tools\BuildPipeline\bee_backend.exe --ipc --defer-dag-verification --dagfile="Library/Bee/1900b0aE.dag" --continue-on-failure --profile="Library/Bee/backend1.traceevents" ScriptAssemblies
WorkingDir: F:/天命之子/client
ExitCode: 0 Duration: 17s
[632/808    0s] ILPP-Configuration Library/ilpp-configuration.nevergeneratedoutput
[BUSY       6s] Csc Library/Bee/artifacts/1900b0aE.dag/Resonance.App.dll (+2 others)
[792/808   13s] Csc Library/Bee/artifacts/1900b0aE.dag/Resonance.App.dll (+2 others)
Assets\Scripts\Resonance.App\Debug\VerticalSliceSmokeRuntime.cs(55,14): warning CS0414: The field 'VerticalSliceSmokeRuntime._loseShot' is assigned but its value is never used

Assets\Scripts\Resonance.App\Characters\PuppetRig.cs(78,14): warning CS0414: The field 'PuppetRig._hasFoot' is assigned but its value is never used

Assets\Scripts\Resonance.App\Characters\PuppetRig.cs(77,14): warning CS0414: The field 'PuppetRig._hasHand' is assigned but its value is never used

Assets\Scripts\Resonance.App\Characters\PuppetRig.cs(76,14): warning CS0414: The field 'PuppetRig._hasHair' is assigned but its value is never used

Assets\Scripts\Resonance.App\Characters\PuppetRig.cs(75,14): warning CS0414: The field 'PuppetRig._hasHead' is assigned but its value is never used
[796/808    0s] ILPostProcess Library/Bee/artifacts/1900b0aE.dag/post-processed/Resonance.Editor.dll (+pdb)
Processing assembly Library/Bee/artifacts/1900b0aE.dag/Resonance.Editor.dll, with 138 defines and 276 references

processors: Unity.Jobs.CodeGen.JobsILPostProcessor, zzzUnity.Burst.CodeGen.BurstILPostProcessor

running Unity.Jobs.CodeGen.JobsILPostProcessor

running zzzUnity.Burst.CodeGen.BurstILPostProcessor
[797/808    0s] ILPostProcess Library/Bee/artifacts/1900b0aE.dag/post-processed/Resonance.App.dll (+pdb)
Processing assembly Library/Bee/artifacts/1900b0aE.dag/Resonance.App.dll, with 140 defines and 264 references

processors: Unity.Jobs.CodeGen.JobsILPostProcessor, zzzUnity.Burst.CodeGen.BurstILPostProcessor

running Unity.Jobs.CodeGen.JobsILPostProcessor

running zzzUnity.Burst.CodeGen.BurstILPostProcessor
[798/808    0s] CopyFiles Library/ScriptAssemblies/Resonance.App.pdb
[799/808    0s] CopyFiles Library/ScriptAssemblies/Resonance.App.dll
[802/808    2s] ILPostProcess Library/Bee/artifacts/1900b0aE.dag/post-processed/Assembly-CSharp.dll (+pdb)
Processing assembly Library/Bee/artifacts/1900b0aE.dag/Assembly-CSharp.dll, with 140 defines and 307 references

processors: Unity.Jobs.CodeGen.JobsILPostProcessor, zzzUnity.Burst.CodeGen.BurstILPostProcessor

running Unity.Jobs.CodeGen.JobsILPostProcessor

running zzzUnity.Burst.CodeGen.BurstILPostProcessor
[803/808    2s] ILPostProcess Library/Bee/artifacts/1900b0aE.dag/post-processed/Assembly-CSharp-Editor.dll (+pdb)
Processing assembly Library/Bee/artifacts/1900b0aE.dag/Assembly-CSharp-Editor.dll, with 138 defines and 323 references

processors: Unity.Jobs.CodeGen.JobsILPostProcessor, zzzUnity.Burst.CodeGen.BurstILPostProcessor

running Unity.Jobs.CodeGen.JobsILPostProcessor

running zzzUnity.Burst.CodeGen.BurstILPostProcessor
*** Tundra build success (17.49 seconds), 8 items updated, 808 evaluated
Assets\Scripts\Resonance.App\Debug\VerticalSliceSmokeRuntime.cs(55,14): warning CS0414: The field 'VerticalSliceSmokeRuntime._loseShot' is assigned but its value is never used
Assets\Scripts\Resonance.App\Characters\PuppetRig.cs(78,14): warning CS0414: The field 'PuppetRig._hasFoot' is assigned but its value is never used
Assets\Scripts\Resonance.App\Characters\PuppetRig.cs(77,14): warning CS0414: The field 'PuppetRig._hasHand' is assigned but its value is never used
Assets\Scripts\Resonance.App\Characters\PuppetRig.cs(76,14): warning CS0414: The field 'PuppetRig._hasHair' is assigned but its value is never used
Assets\Scripts\Resonance.App\Characters\PuppetRig.cs(75,14): warning CS0414: The field 'PuppetRig._hasHead' is assigned but its value is never used
AssetDatabase: script compilation time: 27.069719s
Begin MonoManager ReloadAssembly
- Loaded All Assemblies, in  1.146 seconds
Refreshing native plugins compatible for Editor in 8.10 ms, found 4 plugins.
Missing types referenced from component UniversalRenderPipelineGlobalSettings on game object UniversalRenderPipelineGlobalSettings:
	UnityEngine.PathTracing.Core.WorldRenderPipelineResources, Unity.PathTracing.Runtime (1 object)
Native extension for Android target not found
Native extension for WindowsStandalone target not found
[MODES] ModeService[none].Initialize
[MODES] ModeService[none].LoadModes
[MODES] Loading mode Default (0) for mode-current-id-契灵回响
<RI> Initializing input.
Using Windows.Gaming.Input
<RI> Input initialized.
[NATURAL-PLAY] game view portrait index=7
UnityEngine.Debug:ExtractStackTraceNoAlloc (byte*,int,string)
UnityEngine.StackTraceUtility:ExtractStackTrace ()
UnityEngine.DebugLogHandler:Internal_Log (UnityEngine.LogType,UnityEngine.LogOption,string,UnityEngine.Object)
UnityEngine.DebugLogHandler:LogFormat (UnityEngine.LogType,UnityEngine.Object,string,object[])
UnityEngine.Logger:Log (UnityEngine.LogType,object)
UnityEngine.Debug:Log (object)
Resonance.EditorTools.NaturalPlaySmoke:FocusPortraitGameView () (at Assets/Editor/Smoke/NaturalPlaySmoke.cs:247)
Resonance.EditorTools.NaturalPlaySmoke:TryEnterPlay () (at Assets/Editor/Smoke/NaturalPlaySmoke.cs:196)
Resonance.EditorTools.NaturalPlaySmoke:RequestRun (string) (at Assets/Editor/Smoke/NaturalPlaySmoke.cs:133)
Resonance.EditorTools.NaturalPlaySmoke:TryArmFromCommandLine () (at Assets/Editor/Smoke/NaturalPlaySmoke.cs:101)
Resonance.EditorTools.NaturalPlaySmoke:.cctor () (at Assets/Editor/Smoke/NaturalPlaySmoke.cs:34)
System.Runtime.CompilerServices.RuntimeHelpers:RunClassConstructor (System.RuntimeTypeHandle)
UnityEditor.EditorAssemblies:ProcessInitializeOnLoadAttributes (System.Type[])

(Filename: Assets/Editor/Smoke/NaturalPlaySmoke.cs Line: 247)

[NATURAL-PLAY] entering play mode
UnityEngine.Debug:ExtractStackTraceNoAlloc (byte*,int,string)
UnityEngine.StackTraceUtility:ExtractStackTrace ()
UnityEngine.DebugLogHandler:Internal_Log (UnityEngine.LogType,UnityEngine.LogOption,string,UnityEngine.Object)
UnityEngine.DebugLogHandler:LogFormat (UnityEngine.LogType,UnityEngine.Object,string,object[])
UnityEngine.Logger:Log (UnityEngine.LogType,object)
UnityEngine.Debug:Log (object)
Resonance.EditorTools.NaturalPlaySmoke:TryEnterPlay () (at Assets/Editor/Smoke/NaturalPlaySmoke.cs:197)
Resonance.EditorTools.NaturalPlaySmoke:RequestRun (string) (at Assets/Editor/Smoke/NaturalPlaySmoke.cs:133)
Resonance.EditorTools.NaturalPlaySmoke:TryArmFromCommandLine () (at Assets/Editor/Smoke/NaturalPlaySmoke.cs:101)
Resonance.EditorTools.NaturalPlaySmoke:.cctor () (at Assets/Editor/Smoke/NaturalPlaySmoke.cs:34)
System.Runtime.CompilerServices.RuntimeHelpers:RunClassConstructor (System.RuntimeTypeHandle)
UnityEditor.EditorAssemblies:ProcessInitializeOnLoadAttributes (System.Type[])

(Filename: Assets/Editor/Smoke/NaturalPlaySmoke.cs Line: 197)

ScheduleIndexationOnStartup MainProcess:True IndexOnStartup:True
Mono: successfully reloaded assembly
- Finished resetting the current domain, in  5.310 seconds
Domain Reload Profiling: 6448ms
	BeginReloadAssembly (457ms)
		ExecutionOrderSort (0ms)
		DisableScriptedObjects (42ms)
		BackupInstance (0ms)
		ReleaseScriptingObjects (0ms)
		CreateAndSetChildDomain (202ms)
	RebuildCommonClasses (51ms)
	RebuildNativeTypeToScriptingClass (16ms)
	initialDomainReloadingComplete (47ms)
	LoadAllAssembliesAndSetupDomain (567ms)
		LoadAssemblies (541ms)
		RebuildTransferFunctionScriptingTraits (0ms)
		AnalyzeDomain (184ms)
			TypeCache.Refresh (121ms)
				TypeCache.ScanAssembly (109ms)
			BuildScriptInfoCaches (48ms)
			ResolveRequiredComponents (12ms)
	FinalizeReload (5310ms)
		ReleaseScriptCaches (0ms)
		RebuildScriptCaches (0ms)
		SetupLoadedEditorAssemblies (4485ms)
			LogAssemblyErrors (0ms)
			InitializePlatformSupportModulesInManaged (52ms)
			SetLoadedEditorAssemblies (4ms)
			BeforeProcessingInitializeOnLoad (210ms)
			ProcessInitializeOnLoadAttributes (4075ms)
			ProcessInitializeOnLoadMethodAttributes (130ms)
			AfterProcessingInitializeOnLoad (12ms)
			EditorAssembliesLoaded (1ms)
		ExecutionOrderSort2 (0ms)
		AwakeInstancesAfterBackupRestoration (62ms)
Refreshing native plugins compatible for Editor in 1.47 ms, found 4 plugins.
Preloading 0 native plugins for Editor in 0.00 ms.
Asset Pipeline Refresh (id=8bfbf9566a802cd47a2e8a2f3a42550b): Total: 36.477 seconds - Initiated by InitialRefreshV2(ForceSynchronousImport)
	Summary:
		Imports: total=0 (actual=0, local cache=0, cache server=0)
		Asset DB Process Time: managed=0 ms, native=7704 ms
		Asset DB Callback time: managed=375 ms, native=131 ms
		Scripting: domain reloads=1, domain reload time=1147 ms, compile time=27072 ms, other=46 ms
		Project Asset Count: scripts=1008, non-scripts=2764
		Asset File Changes: new=0, changed=1, moved=0, deleted=0
		Scan Filter Count: 0
	InvokeCustomDependenciesCallbacks: 0.002ms
	InvokePackagesCallback: 91.641ms
	ApplyChangesToAssetFolders: 1.205ms
	Scan: 1405.242ms
	OnSourceAssetsModified: 3.139ms
	CategorizeAssetsWithTransientArtifact: 79.967ms
	ProcessAssetsWithTransientArtifactChanges: 121.061ms
	CategorizeAssets: 200.111ms
	ImportOutOfDateAssets: 5332.535ms (-21744.009ms without children)
		CompileScripts: 27071.617ms
		ReloadNativeAssets: 0.039ms
		UnloadImportedAssets: 2.376ms
		EnsureUptoDateAssetsAreRegisteredWithGuidPM: 0.709ms
		InitializingProgressBar: 0.001ms
		PostProcessAllAssetNotificationsAddChangedAssets: 0.000ms
		OnDemandSchedulerStart: 1.800ms
	PostProcessAllAssets: 386.050ms
	Hotreload: 28.948ms
	GatherAllCurrentPrimaryArtifactRevisions: 0.002ms
	UnloadStreamsBegin: 2.397ms
	PersistCurrentRevisions: 0.154ms
	UnloadStreamsEnd: 0.002ms
	GenerateScriptTypeHashes: 3.479ms
	Untracked: 28824.438ms

Application.AssetDatabase Initial Refresh End
Launched and connected shader compiler UnityShaderCompiler.exe after 0.10 seconds
Scanning for USB devices : 9.756ms
Initializing Unity extensions:
Unloading 19 Unused Serialized files (Serialized files now loaded: 0)
Unloading 4211 unused Assets / (4.3 MB). Loaded Objects now: 5900.
Memory consumption went from 315.7 MB to 311.4 MB.
Total: 16.144800 ms (FindLiveObjects: 0.426000 ms CreateObjectMapping: 0.435400 ms MarkObjects: 13.313100 ms  DeleteObjects: 1.968900 ms)

[LAYOUT] About to load UserSettings\Layouts\default-6000.dwlt, keepMainWindow=False
[LAYOUT] About to save layout F:\天命之子\client\UserSettings\Layouts\default-6000.dwlt
[LAYOUT] About to save layout C:/Users/Administrator/AppData/Roaming/Unity/Editor-5.x/Preferences\Layouts\current\default-6000.dwlt
[MODES] ModeService[default].InitializeCurrentMode
[MODES] ModeService[default].RaiseModeChanged(default, default)
This project uses Input Manager, which is marked for deprecation. To manage input in your project, use the <a href="https://docs.unity3d.com/Packages/com.unity.inputsystem@latest">Input System package</a> instead.
[NATURAL-PLAY] game view portrait index=7
UnityEngine.Debug:ExtractStackTraceNoAlloc (byte*,int,string)
UnityEngine.StackTraceUtility:ExtractStackTrace ()
UnityEngine.DebugLogHandler:Internal_Log (UnityEngine.LogType,UnityEngine.LogOption,string,UnityEngine.Object)
UnityEngine.DebugLogHandler:LogFormat (UnityEngine.LogType,UnityEngine.Object,string,object[])
UnityEngine.Logger:Log (UnityEngine.LogType,object)
UnityEngine.Debug:Log (object)
Resonance.EditorTools.NaturalPlaySmoke:FocusPortraitGameView () (at Assets/Editor/Smoke/NaturalPlaySmoke.cs:247)
Resonance.EditorTools.NaturalPlaySmoke:TryEnterPlay () (at Assets/Editor/Smoke/NaturalPlaySmoke.cs:196)
Resonance.EditorTools.NaturalPlaySmoke:RequestRun (string) (at Assets/Editor/Smoke/NaturalPlaySmoke.cs:133)
Resonance.EditorTools.NaturalPlaySmoke:CliFever () (at Assets/Editor/Smoke/NaturalPlaySmoke.cs:74)

(Filename: Assets/Editor/Smoke/NaturalPlaySmoke.cs Line: 247)

[NATURAL-PLAY] entering play mode
UnityEngine.Debug:ExtractStackTraceNoAlloc (byte*,int,string)
UnityEngine.StackTraceUtility:ExtractStackTrace ()
UnityEngine.DebugLogHandler:Internal_Log (UnityEngine.LogType,UnityEngine.LogOption,string,UnityEngine.Object)
UnityEngine.DebugLogHandler:LogFormat (UnityEngine.LogType,UnityEngine.Object,string,object[])
UnityEngine.Logger:Log (UnityEngine.LogType,object)
UnityEngine.Debug:Log (object)
Resonance.EditorTools.NaturalPlaySmoke:TryEnterPlay () (at Assets/Editor/Smoke/NaturalPlaySmoke.cs:197)
Resonance.EditorTools.NaturalPlaySmoke:RequestRun (string) (at Assets/Editor/Smoke/NaturalPlaySmoke.cs:133)
Resonance.EditorTools.NaturalPlaySmoke:CliFever () (at Assets/Editor/Smoke/NaturalPlaySmoke.cs:74)

(Filename: Assets/Editor/Smoke/NaturalPlaySmoke.cs Line: 197)

[Project] Loading completed in 67.417 seconds
	Project init time: 				59.394 seconds
		Template init time: 		0.000 seconds
		Package Manager init time: 		7.671 seconds
		Asset Database init time: 		1.949 seconds
		Global illumination init time: 	0.103 seconds
		Assemblies load time: 			4.300 seconds
		Unity extensions init time: 	0.006 seconds
		Asset Database refresh time: 	36.510 seconds
	Scene opening time: 			5.483 seconds
##utp:{"type":"ProjectInfo","version":2,"phase":"Immediate","time":1789411094291,"processId":18416,"projectLoad":67.4169229,"projectInit":59.393812,"templateInit":0.0,"packageManagerInit":7.6709408,"assetDatabaseInit":1.9489584,"globalIlluminationInit":0.1031305,"assembliesLoad":4.2996813,"unityExtensionsInit":0.0064508,"assetDatabaseRefresh":36.509674,"sceneOpening":5.4827129}
##utp:{"type":"EditorInfo","version":2,"phase":"Immediate","time":1789411094292,"processId":18416,"editorVersion":"6000.3.23f1 (09d2ecc7fb28)","branch":"6000.3/staging","buildType":"Release","platform":"Windows"}
Reloading assemblies for play mode.
Reloading assemblies after forced synchronous recompile.
Begin MonoManager ReloadAssembly
- Loaded All Assemblies, in  0.806 seconds
Refreshing native plugins compatible for Editor in 1.45 ms, found 4 plugins.
Missing types referenced from component UniversalRenderPipelineGlobalSettings on game object UniversalRenderPipelineGlobalSettings:
	UnityEngine.PathTracing.Core.WorldRenderPipelineResources, Unity.PathTracing.Runtime (1 object)
Native extension for Android target not found
Native extension for WindowsStandalone target not found
ScheduleIndexationOnStartup MainProcess:True IndexOnStartup:True
[MODES] ModeService[none].Initialize
[MODES] ModeService[none].LoadModes
Mono: successfully reloaded assembly
- Finished resetting the current domain, in  2.056 seconds
Domain Reload Profiling: 2857ms
	BeginReloadAssembly (527ms)
		ExecutionOrderSort (0ms)
		DisableScriptedObjects (97ms)
		BackupInstance (0ms)
		ReleaseScriptingObjects (0ms)
		CreateAndSetChildDomain (248ms)
	RebuildCommonClasses (41ms)
	RebuildNativeTypeToScriptingClass (16ms)
	initialDomainReloadingComplete (30ms)
	LoadAllAssembliesAndSetupDomain (186ms)
		LoadAssemblies (147ms)
		RebuildTransferFunctionScriptingTraits (0ms)
		AnalyzeDomain (156ms)
			TypeCache.Refresh (5ms)
				TypeCache.ScanAssembly (0ms)
			BuildScriptInfoCaches (115ms)
			ResolveRequiredComponents (32ms)
	FinalizeReload (2057ms)
		ReleaseScriptCaches (0ms)
		RebuildScriptCaches (0ms)
		SetupLoadedEditorAssemblies (862ms)
			LogAssemblyErrors (0ms)
			InitializePlatformSupportModulesInManaged (47ms)
			SetLoadedEditorAssemblies (5ms)
			BeforeProcessingInitializeOnLoad (186ms)
			ProcessInitializeOnLoadAttributes (522ms)
			ProcessInitializeOnLoadMethodAttributes (88ms)
			AfterProcessingInitializeOnLoad (13ms)
			EditorAssembliesLoaded (0ms)
		ExecutionOrderSort2 (0ms)
		AwakeInstancesAfterBackupRestoration (747ms)
Asset Pipeline Refresh (id=0743c69ffe76c4e4d81abc4f1e7449bf): Total: 3.037 seconds - Initiated by StopAssetImportingV2(ForceSynchronousImport | ForceDomainReload)
	Summary:
		Imports: total=0 (actual=0, local cache=0, cache server=0)
		Asset DB Process Time: managed=0 ms, native=2165 ms
		Asset DB Callback time: managed=44 ms, native=0 ms
		Scripting: domain reloads=1, domain reload time=824 ms, compile time=2 ms, other=0 ms
		Project Asset Count: scripts=1008, non-scripts=2764
		Asset File Changes: new=0, changed=0, moved=0, deleted=0
		Scan Filter Count: 0
	InvokeCustomDependenciesCallbacks: 0.001ms
	InvokePackagesCallback: 1.697ms
	ApplyChangesToAssetFolders: 0.213ms
	Scan: 0.001ms
	OnSourceAssetsModified: 0.002ms
	CategorizeAssetsWithTransientArtifact: 0.004ms
	ProcessAssetsWithTransientArtifactChanges: 2.961ms
	CategorizeAssets: 54.380ms
	ImportOutOfDateAssets: 2066.508ms (2060.299ms without children)
		CompileScripts: 1.538ms
		CollectScriptTypesHashes: 1.288ms
		ReloadNativeAssets: 0.893ms
		UnloadImportedAssets: 1.425ms
		EnsureUptoDateAssetsAreRegisteredWithGuidPM: 0.696ms
		InitializingProgressBar: 0.001ms
		PostProcessAllAssetNotificationsAddChangedAssets: 0.001ms
		OnDemandSchedulerStart: 0.369ms
	PostProcessAllAssets: 44.567ms
	GatherAllCurrentPrimaryArtifactRevisions: 0.161ms
	UnloadStreamsBegin: 1.092ms
	PersistCurrentRevisions: 0.144ms
	UnloadStreamsEnd: 0.001ms
	GenerateScriptTypeHashes: 4.656ms
	Untracked: 864.794ms

Loaded scene 'Temp/__Backupscenes/0.backup'
	Deserialize:            1.790 ms
	Integration:            314.486 ms
	Integration of assets:  0.004 ms
	Thread Wait Time:       0.018 ms
	Total Operation Time:   316.297 ms
EMERALD_LOADED parts=4 vertices=11873 parameters=6
UnityEngine.Debug:ExtractStackTraceNoAlloc (byte*,int,string)
UnityEngine.StackTraceUtility:ExtractStackTrace ()
UnityEngine.DebugLogHandler:Internal_Log (UnityEngine.LogType,UnityEngine.LogOption,string,UnityEngine.Object)
UnityEngine.DebugLogHandler:LogFormat (UnityEngine.LogType,UnityEngine.Object,string,object[])
UnityEngine.Logger:Log (UnityEngine.LogType,object)
UnityEngine.Debug:Log (object)
EmeraldInochi.InochiStandee:Initialize () (at Assets/EmeraldInochi/InochiStandee.cs:94)
EmeraldInochi.InochiStandee:Attach (UnityEngine.Transform) (at Assets/EmeraldInochi/InochiStandee.cs:51)
Resonance.App.EmeraldLobby:TryAttach (UnityEngine.Transform,System.Collections.Generic.List`1<UnityEngine.GameObject>) (at Assets/Scripts/Resonance.App/UI/EmeraldLobby.cs:16)
Resonance.App.GameRoot:DrawHome () (at Assets/Scripts/Resonance.App/Core/GameRoot.cs:442)
Resonance.App.GameRoot:Show (Resonance.App.GameRoot/ScreenId) (at Assets/Scripts/Resonance.App/Core/GameRoot.cs:402)
Resonance.App.GameRoot:<DrawBoot>b__80_0 () (at Assets/Scripts/Resonance.App/Core/GameRoot.cs:432)
Resonance.App.BootSplash/Hold:Update () (at Assets/Scripts/Resonance.App/UI/BootSplash.cs:83)

(Filename: Assets/EmeraldInochi/InochiStandee.cs Line: 94)

[NATURAL-PLAY] game view portrait index=7
UnityEngine.Debug:ExtractStackTraceNoAlloc (byte*,int,string)
UnityEngine.StackTraceUtility:ExtractStackTrace ()
UnityEngine.DebugLogHandler:Internal_Log (UnityEngine.LogType,UnityEngine.LogOption,string,UnityEngine.Object)
UnityEngine.DebugLogHandler:LogFormat (UnityEngine.LogType,UnityEngine.Object,string,object[])
UnityEngine.Logger:Log (UnityEngine.LogType,object)
UnityEngine.Debug:Log (object)
Resonance.EditorTools.NaturalPlaySmoke:FocusPortraitGameView () (at Assets/Editor/Smoke/NaturalPlaySmoke.cs:247)
Resonance.EditorTools.NaturalPlaySmoke:OnPlayMode (UnityEditor.PlayModeStateChange) (at Assets/Editor/Smoke/NaturalPlaySmoke.cs:141)
UnityEditor.EditorApplication:Internal_PlayModeStateChanged (UnityEditor.PlayModeStateChange)

(Filename: Assets/Editor/Smoke/NaturalPlaySmoke.cs Line: 247)

Asset Pipeline Refresh (id=6bfbef6b22cc37445a78cf1cd3e0d0d1): Total: 0.009 seconds - Initiated by RefreshV2(NoUpdateAssetOptions)
Start Indexing on Editor startup
[Indexing] Starting Initial Indexing for Assets
Created GICache directory at C:/Users/Administrator/AppData/LocalLow/Unity/Caches/GiCache. Took: 0.039s, timestamps: [73.425 - 73.464]
[Licensing::Client] Successfully resolved entitlement details
[Licensing::Client] Successfully resolved entitlement details
Android Extension - Scanning For ADB Devices 3729 ms
Android Extension - Scanning For ADB Devices 1876 ms
Attempted to call .Dispose on an already disposed CancellationTokenSource
Android Extension - Scanning For ADB Devices 1812 ms
Android Extension - Scanning For ADB Devices 6613 ms
TrimDiskCacheJob: Current cache size 0mb
EMERALD_LOADED parts=4 vertices=11873 parameters=6
UnityEngine.Debug:ExtractStackTraceNoAlloc (byte*,int,string)
UnityEngine.StackTraceUtility:ExtractStackTrace ()
UnityEngine.DebugLogHandler:Internal_Log (UnityEngine.LogType,UnityEngine.LogOption,string,UnityEngine.Object)
UnityEngine.DebugLogHandler:LogFormat (UnityEngine.LogType,UnityEngine.Object,string,object[])
UnityEngine.Logger:Log (UnityEngine.LogType,object)
UnityEngine.Debug:Log (object)
EmeraldInochi.InochiStandee:Initialize () (at Assets/EmeraldInochi/InochiStandee.cs:94)
EmeraldInochi.InochiStandee:Attach (UnityEngine.Transform) (at Assets/EmeraldInochi/InochiStandee.cs:51)
Resonance.App.EmeraldLobby:TryAttach (UnityEngine.Transform,System.Collections.Generic.List`1<UnityEngine.GameObject>) (at Assets/Scripts/Resonance.App/UI/EmeraldLobby.cs:16)
Resonance.App.GameRoot:DrawHome () (at Assets/Scripts/Resonance.App/Core/GameRoot.cs:442)
Resonance.App.GameRoot:Show (Resonance.App.GameRoot/ScreenId) (at Assets/Scripts/Resonance.App/Core/GameRoot.cs:402)
Resonance.App.GameRoot:<ToggleBattlePause>b__67_0 () (at Assets/Scripts/Resonance.App/Core/GameRoot.cs:208)
Resonance.App.UiChrome/<>c__DisplayClass18_0:<Hit>b__0 () (at Assets/Scripts/Resonance.App/UI/UiChrome.cs:554)
UnityEngine.Events.InvokableCall:Invoke ()
UnityEngine.Events.UnityEvent:Invoke ()
UnityEngine.UI.Button:Press () (at ./Library/PackageCache/com.unity.ugui@27635d171b1a/Runtime/UGUI/UI/Core/Button.cs:71)
UnityEngine.UI.Button:OnPointerClick (UnityEngine.EventSystems.PointerEventData) (at ./Library/PackageCache/com.unity.ugui@27635d171b1a/Runtime/UGUI/UI/Core/Button.cs:115)
UnityEngine.EventSystems.ExecuteEvents:Execute (UnityEngine.EventSystems.IPointerClickHandler,UnityEngine.EventSystems.BaseEventData) (at ./Library/PackageCache/com.unity.ugui@27635d171b1a/Runtime/UGUI/EventSystem/ExecuteEvents.cs:57)
UnityEngine.EventSystems.ExecuteEvents:Execute<UnityEngine.EventSystems.IPointerClickHandler> (UnityEngine.GameObject,UnityEngine.EventSystems.BaseEventData,UnityEngine.EventSystems.ExecuteEvents/EventFunction`1<UnityEngine.EventSystems.IPointerClickHandler>) (at ./Library/PackageCache/com.unity.ugui@27635d171b1a/Runtime/UGUI/EventSystem/ExecuteEvents.cs:272)
Resonance.App.NaturalPlayRuntime/<PointerAt>d__80:MoveNext () (at Assets/Scripts/Resonance.App/Debug/NaturalPlayRuntime.cs:1367)
UnityEngine.SetupCoroutine:InvokeMoveNext (System.Collections.IEnumerator,intptr)

(Filename: Assets/EmeraldInochi/InochiStandee.cs Line: 94)

[NATURAL-PLAY]
PASS
historical_baseline=DC_RECON_KIT/m1/G2_REVIEW_20260913/artifacts/natural-play/run7
historical_verdict=FAIL BattlePlay missing=Tap,Slide
historical_note=run7 kept as FAIL; this session does not rewrite it to PASS
pointer=UnityEngine.EventSystem
os_touch=NOT_CLAIMED
provenance=DESIGN_PLACEHOLDER
schema=G2R14-NP-1
plan=np.fever.v1
session=np-20260914T183818
battle_ids=np-20260914T183818-001,np-20260914T183818-002
battle_1=np-20260914T183818-001 scenario=np.fever.v1 stage=NP-FEVER persisted=1 outcome=Victory digest=92ecc20dfa1c191a472ce1c56d1622a18864a1d1e83e7032032730446f00b499 dir=F:\天命之子\client\captures\natural-play\battles\np-20260914T183818-001
battle_2=np-20260914T183818-002 scenario=np.fever.v1 stage=NP-FEVER persisted=1 outcome=InProgress digest=f9f3de1e9b949328f93bf5e705fa4a6444e5202ef2c0765bae3336765c4e4e06 dir=F:\天命之子\client\captures\natural-play\battles\np-20260914T183818-002
catalog=DESIGN_PLACEHOLDER G2R14-NP-1 mode=np.fever.v1+A53_SUB_STRIP_DOT_FLAME sub=A53_SUB_STRIP_DOT_FLAME fights=1 chargeSec=1.25 declaredAutoDriveGain=2 honorDeclared=True tickUnitFloor=Math.Max(14f,DriveGain) until integrator hunk roster=ok
captures=np_01_battle.png,np_04_qte.png,np_05_judge.png,np_08_fever.png,np_09_result.png,np_10_rematch.png,np_11_home.png
screen=Home
title=CLEAR!!
drive=0 fever=False ever=False speed=1 auto=Manual outcome=InProgress wave=0

phase	expected	observed	frame	ms
VerificationCatalog	DESIGN_PLACEHOLDER before FIGHT	DESIGN_PLACEHOLDER G2R14-NP-1 mode=np.fever.v1+A53_SUB_STRIP_DOT_FLAME sub=A53_SUB_STRIP_DOT_FLAME fights=1 chargeSec=1.25 declaredAutoDriveGain=2 honorDeclared=True tickUnitFloor=Math.Max(14f,DriveGain) until integrator hunk roster=ok	1	0
HomeVisible	screen=Home	screen=Home	2	5962
TapToStage	tap 关卡	tapped GameRoot/Canvas/首页/关卡	3	6324
StageVisible	screen=Stage	screen=Stage	6	6625
TapStart	tap FIGHT	tapped GameRoot/Canvas/StageBoard/WavePreview/FIGHT	8	8253
BattleVisible	screen=Battle hud=p0	screen=Battle hud=p0 wave=0	20	8381
BattleId	unique battle_id + frozen BattleInitialHeader + RunHeader	id=np-20260914T183818-001 scenario=np.fever.v1 frozen=True header=seed=108890109;rules=g2-patha-2026-09-13;profile=JP_LEGACY_EMPIRICAL;auto=Manual;speed=1;forceNoCrit=0;stage=NP-FEVER;data=g2id1-b078632c5f28a3727180f69f48398c62aad1a435fbf9a2ddebf731e382227388;party=C001,C007,C010,C003,C005	21	8389
OpenQte#1	tap p0	tapped GameRoot/Canvas/p0	1776	28505
OpenQte#1	QteOpen or PendingDrive	QteOpen=True pending=0	1787	28632
JudgeQte#1	QTE resolved via vfxGood tap	screen=Battle last=DRIVE  冰刃  焚城  Perfect drive=0 qte=-1 fever=False feverEver=False feverGauge=40 paused=False speed=1 auto=Manual wave=0 outcome=InProgress cmd=seq=2 tick=631 kind=DriveResolve slot=0 source=Player accepted=True reason=None timing=Perfect value=0 lastDrive=Perfect feverGauge=40	1815	28990
OpenQte#2	tap p0	tapped GameRoot/Canvas/p0	3502	48374
OpenQte#2	QteOpen or PendingDrive	QteOpen=True pending=0	3512	48496
JudgeQte#2	QTE resolved via vfxGood tap	screen=Battle last=DRIVE  冰刃  焚城  Perfect drive=0 qte=-1 fever=False feverEver=False feverGauge=80 paused=False speed=1 auto=Manual wave=0 outcome=InProgress cmd=seq=4 tick=1227 kind=DriveResolve slot=0 source=Player accepted=True reason=None timing=Perfect value=0 lastDrive=Perfect feverGauge=80	3550	48859
OpenQte#3	tap p0	tapped GameRoot/Canvas/p0	5355	68686
OpenQte#3	QteOpen or PendingDrive	QteOpen=True pending=0	5372	68811
JudgeQte#3	QTE resolved via vfxGood tap	screen=Battle last=DRIVE  冰刃  焚城  Perfect drive=0 qte=-1 fever=True feverEver=True feverGauge=0 paused=False speed=1 auto=Manual wave=0 outcome=InProgress cmd=seq=6 tick=1837 kind=DriveResolve slot=0 source=Player accepted=True reason=None timing=Perfect value=0 lastDrive=Perfect feverGauge=0	5424	69194
FeverReached	Fever via QTE Submit (not injected)	screen=Battle last=DRIVE  冰刃  焚城  Perfect drive=0 qte=-1 fever=True feverEver=True feverGauge=0 paused=False speed=1 auto=Manual wave=0 outcome=InProgress cmd=seq=6 tick=1837 kind=DriveResolve slot=0 source=Player accepted=True reason=None timing=Perfect value=0	5425	69345
FeverPlay	Fever required + two slot FeverTap	slots=0,1 screen=Battle last=DRIVE  冰刃  焚城  Perfect drive=4 qte=-1 fever=True feverEver=True feverGauge=0 paused=False speed=1 auto=Manual wave=0 outcome=InProgress cmd=seq=8 tick=1858 kind=FeverTap slot=1 source=Player accepted=True reason=None timing=Bad value=0	5506	70363
ResultVisible	screen=Result	screen=Result title=CLEAR!!	7329	85157
ResultVisible	ResultBoard interactable	board=True interactable=True	7333	85235
Rematch	tap NEXT	tapped GameRoot/Canvas/ResultBoard/NEXT	7335	85375
RematchBattle	screen=Battle hud=p0	screen=Battle hud=p0 wave=0	7355	85500
BattleId	unique battle_id + frozen BattleInitialHeader + RunHeader	id=np-20260914T183818-002 scenario=np.fever.v1 frozen=True header=seed=108968781;rules=g2-patha-2026-09-13;profile=JP_LEGACY_EMPIRICAL;auto=Manual;speed=1;forceNoCrit=0;stage=NP-FEVER;data=g2id1-b078632c5f28a3727180f69f48398c62aad1a435fbf9a2ddebf731e382227388;party=C001,C007,C010,C003,C005	7356	85506
ExitPause	tap || PAUSE	tapped GameRoot/Canvas/|| PAUSE	7358	86049
ExitPause	PauseBoard + Paused	PauseBoard Paused=true	7377	86170
ExitHome	tap HOME	tapped GameRoot/Canvas/PauseBoard/HOME	7379	86791
HomeReturn	screen=Home	screen=Home	7396	86916

--- inputs ---
note natural-play start
note historical_baseline=DC_RECON_KIT/m1/G2_REVIEW_20260913/artifacts/natural-play/run7 verdict=FAIL BattlePlay missing=Tap,Slide (kept; not rewritten)
note pointer=UnityEngine.EventSystem os_touch=NOT_CLAIMED
note plan mode=np.fever.v1 fights=1 provenance=DESIGN_PLACEHOLDER schema=G2R14-NP-1
note catalog DESIGN_PLACEHOLDER G2R14-NP-1 mode=np.fever.v1+A53_SUB_STRIP_DOT_FLAME sub=A53_SUB_STRIP_DOT_FLAME fights=1 chargeSec=1.25 declaredAutoDriveGain=2 honorDeclared=True tickUnitFloor=Math.Max(14f,DriveGain) until integrator hunk roster=ok
note ok VerificationCatalog DESIGN_PLACEHOLDER G2R14-NP-1 mode=np.fever.v1+A53_SUB_STRIP_DOT_FLAME sub=A53_SUB_STRIP_DOT_FLAME fights=1 chargeSec=1.25 declaredAutoDriveGain=2 honorDeclared=True tickUnitFloor=Math.Max(14f,DriveGain) until integrator hunk roster=ok
note ok HomeVisible screen=Home
frame=2 t=5.963 kind=tap pos=289,438 target=none after=battle=null screen=Stage
note ok TapToStage tapped GameRoot/Canvas/首页/关卡
note ok StageVisible screen=Stage
frame=7 t=6.632 kind=tap pos=540,250 target=none after=screen=Battle last=第一波 drive=0 qte=-1 fever=False feverEver=False feverGauge=0 paused=False speed=1 auto=Manual wave=0 outcome=InProgress
note ok TapStart tapped GameRoot/Canvas/StageBoard/WavePreview/FIGHT
note ok BattleVisible screen=Battle hud=p0 wave=0
note ok BattleId id=np-20260914T183818-001 scenario=np.fever.v1 frozen=True header=seed=108890109;rules=g2-patha-2026-09-13;profile=JP_LEGACY_EMPIRICAL;auto=Manual;speed=1;forceNoCrit=0;stage=NP-FEVER;data=g2id1-b078632c5f28a3727180f69f48398c62aad1a435fbf9a2ddebf731e382227388;party=C001,C007,C010,C003,C005
note shot np_01_battle.png
note fever-drive-open phase=OpenQte#1 slot=0 p0 slot=0 p0 alive DriveBegin-ready skipped=
frame=1775 t=28.453 kind=tap pos=119,307 target=GameRoot/Canvas/p0 after=screen=Battle last=冰刃 准备 Drive drive=100 qte=0 fever=False feverEver=False feverGauge=0 paused=False speed=1 auto=Manual wave=0 outcome=InProgress cmd=seq=1 tick=616 kind=DriveBegin slot=0 source=Player accepted=True reason=None timing=Bad value=0
note ok OpenQte#1 tapped GameRoot/Canvas/p0
note ok OpenQte#1 QteOpen=True pending=0
note shot np_04_qte.png
note qte-window phase=JudgeQte#1 age=0.521 until=0.000 in=True
frame=1814 t=28.974 kind=tap pos=540,515 target=GameRoot/Canvas/vfxGood/face after=screen=Battle last=DRIVE  冰刃  焚城  Perfect drive=0 qte=-1 fever=False feverEver=False feverGauge=40 paused=False speed=1 auto=Manual wave=0 outcome=InProgress cmd=seq=2 tick=631 kind=DriveResolve slot=0 source=Player accepted=True reason=None timing=Perfect value=0
note ok JudgeQte#1 screen=Battle last=DRIVE  冰刃  焚城  Perfect drive=0 qte=-1 fever=False feverEver=False feverGauge=40 paused=False speed=1 auto=Manual wave=0 outcome=InProgress cmd=seq=2 tick=631 kind=DriveResolve slot=0 source=Player accepted=True reason=None timing=Perfect value=0 lastDrive=Perfect feverGauge=40
note shot np_05_judge.png
note fever-drive-open phase=OpenQte#2 slot=0 p0 slot=0 p0 alive DriveBegin-ready skipped=
frame=3501 t=48.322 kind=tap pos=119,307 target=GameRoot/Canvas/p0 after=screen=Battle last=冰刃 准备 Drive drive=100 qte=0 fever=False feverEver=False feverGauge=40 paused=False speed=1 auto=Manual wave=0 outcome=InProgress cmd=seq=3 tick=1212 kind=DriveBegin slot=0 source=Player accepted=True reason=None timing=Bad value=0
note ok OpenQte#2 tapped GameRoot/Canvas/p0
note ok OpenQte#2 QteOpen=True pending=0
note qte-window phase=JudgeQte#2 age=0.524 until=0.000 in=True
frame=3549 t=48.846 kind=tap pos=540,515 target=GameRoot/Canvas/vfxGood/face after=screen=Battle last=DRIVE  冰刃  焚城  Perfect drive=0 qte=-1 fever=False feverEver=False feverGauge=80 paused=False speed=1 auto=Manual wave=0 outcome=InProgress cmd=seq=4 tick=1227 kind=DriveResolve slot=0 source=Player accepted=True reason=None timing=Perfect value=0
note ok JudgeQte#2 screen=Battle last=DRIVE  冰刃  焚城  Perfect drive=0 qte=-1 fever=False feverEver=False feverGauge=80 paused=False speed=1 auto=Manual wave=0 outcome=InProgress cmd=seq=4 tick=1227 kind=DriveResolve slot=0 source=Player accepted=True reason=None timing=Perfect value=0 lastDrive=Perfect feverGauge=80
note fever-drive-open phase=OpenQte#3 slot=0 p0 slot=0 p0 alive DriveBegin-ready skipped=
frame=5354 t=68.658 kind=tap pos=119,307 target=GameRoot/Canvas/p0 after=screen=Battle last=冰刃 准备 Drive drive=100 qte=0 fever=False feverEver=False feverGauge=80 paused=False speed=1 auto=Manual wave=0 outcome=InProgress cmd=seq=5 tick=1822 kind=DriveBegin slot=0 source=Player accepted=True reason=None timing=Bad value=0
note ok OpenQte#3 tapped GameRoot/Canvas/p0
note ok OpenQte#3 QteOpen=True pending=0
note qte-window phase=JudgeQte#3 age=0.526 until=0.000 in=True
frame=5423 t=69.184 kind=tap pos=540,515 target=GameRoot/Canvas/vfxGood/face after=screen=Battle last=DRIVE  冰刃  焚城  Perfect drive=0 qte=-1 fever=True feverEver=True feverGauge=0 paused=False speed=1 auto=Manual wave=0 outcome=InProgress cmd=seq=6 tick=1837 kind=DriveResolve slot=0 source=Player accepted=True reason=None timing=Perfect value=0
note ok JudgeQte#3 screen=Battle last=DRIVE  冰刃  焚城  Perfect drive=0 qte=-1 fever=True feverEver=True feverGauge=0 paused=False speed=1 auto=Manual wave=0 outcome=InProgress cmd=seq=6 tick=1837 kind=DriveResolve slot=0 source=Player accepted=True reason=None timing=Perfect value=0 lastDrive=Perfect feverGauge=0
note shot np_08_fever.png
note ok FeverReached screen=Battle last=DRIVE  冰刃  焚城  Perfect drive=0 qte=-1 fever=True feverEver=True feverGauge=0 paused=False speed=1 auto=Manual wave=0 outcome=InProgress cmd=seq=6 tick=1837 kind=DriveResolve slot=0 source=Player accepted=True reason=None timing=Perfect value=0
frame=5425 t=69.345 kind=tap pos=119,307 target=GameRoot/Canvas/p0 after=screen=Battle last=DRIVE  冰刃  焚城  Perfect drive=0 qte=-1 fever=True feverEver=True feverGauge=0 paused=False speed=1 auto=Manual wave=0 outcome=InProgress cmd=seq=7 tick=1842 kind=FeverTap slot=0 source=Player accepted=True reason=None timing=Bad value=0
frame=5459 t=69.864 kind=tap pos=329,332 target=GameRoot/Canvas/p1 after=screen=Battle last=DRIVE  冰刃  焚城  Perfect drive=2 qte=-1 fever=True feverEver=True feverGauge=0 paused=False speed=1 auto=Manual wave=0 outcome=InProgress cmd=seq=8 tick=1858 kind=FeverTap slot=1 source=Player accepted=True reason=None timing=Bad value=0
note ok FeverPlay slots=0,1 screen=Battle last=DRIVE  冰刃  焚城  Perfect drive=4 qte=-1 fever=True feverEver=True feverGauge=0 paused=False speed=1 auto=Manual wave=0 outcome=InProgress cmd=seq=8 tick=1858 kind=FeverTap slot=1 source=Player accepted=True reason=None timing=Bad value=0
note ok ResultVisible screen=Result title=CLEAR!!
note persist np-20260914T183818-001 why=pre-next status=F:\天命之子\client\captures\natural-play\battles\np-20260914T183818-001 outcome=Victory digest=92ecc20dfa1c191a472ce1c56d1622a18864a1d1e83e7032032730446f00b499 replay=F:\天命之子\client\captures\natural-play\battles\np-20260914T183818-001\replay.jsonl
frame=7329 t=85.158 kind=tap pos=540,960 target=none after=screen=Result last=Fever 结束 drive=54 qte=-1 fever=False feverEver=True feverGauge=0 paused=False speed=1 auto=Manual wave=1 outcome=Victory cmd=seq=8 tick=1858 kind=FeverTap slot=1 source=Player accepted=True reason=None timing=Bad value=0
frame=7331 t=85.220 kind=tap pos=540,960 target=GameRoot/Canvas/vfxStageClear/veil after=screen=Result last=Fever 结束 drive=54 qte=-1 fever=False feverEver=True feverGauge=0 paused=False speed=1 auto=Manual wave=1 outcome=Victory cmd=seq=8 tick=1858 kind=FeverTap slot=1 source=Player accepted=True reason=None timing=Bad value=0
note ok ResultVisible board=True interactable=True
note shot np_09_result.png
frame=7334 t=85.300 kind=tap pos=756,576 target=none after=screen=Battle last=第一波 drive=0 qte=-1 fever=False feverEver=False feverGauge=0 paused=False speed=1 auto=Manual wave=0 outcome=InProgress
note ok Rematch tapped GameRoot/Canvas/ResultBoard/NEXT
note ok RematchBattle screen=Battle hud=p0 wave=0
note ok BattleId id=np-20260914T183818-002 scenario=np.fever.v1 frozen=True header=seed=108968781;rules=g2-patha-2026-09-13;profile=JP_LEGACY_EMPIRICAL;auto=Manual;speed=1;forceNoCrit=0;stage=NP-FEVER;data=g2id1-b078632c5f28a3727180f69f48398c62aad1a435fbf9a2ddebf731e382227388;party=C001,C007,C010,C003,C005
note shot np_10_rematch.png
note persist np-20260914T183818-002 why=rematch-enter status=F:\天命之子\client\captures\natural-play\battles\np-20260914T183818-002 outcome=InProgress digest=c091e9300c334c9f2501e4427299ca4239e5c69f7c40fd1480a7b0e326ae32c1 replay=F:\天命之子\client\captures\natural-play\battles\np-20260914T183818-002\replay.jsonl
frame=7357 t=85.608 kind=tap pos=97,1824 target=GameRoot/Canvas/|| PAUSE after=screen=Battle last=第一波 drive=0 qte=-1 fever=False feverEver=False feverGauge=0 paused=True speed=1 auto=Manual wave=0 outcome=InProgress cmd=seq=1 tick=9 kind=Pause slot=0 source=Player accepted=True reason=None timing=Bad value=0
note ok ExitPause tapped GameRoot/Canvas/|| PAUSE
note ok ExitPause PauseBoard Paused=true
note persist np-20260914T183818-002 why=pre-home status=F:\天命之子\client\captures\natural-play\battles\np-20260914T183818-002 outcome=InProgress digest=f9f3de1e9b949328f93bf5e705fa4a6444e5202ef2c0765bae3336765c4e4e06 replay=F:\天命之子\client\captures\natural-play\battles\np-20260914T183818-002\replay.jsonl
frame=7378 t=86.177 kind=tap pos=238,538 target=none after=screen=Home last=第一波 drive=0 qte=-1 fever=False feverEver=False feverGauge=0 paused=True speed=1 auto=Manual wave=0 outcome=InProgress cmd=seq=1 tick=9 kind=Pause slot=0 source=Player accepted=True reason=None timing=Bad value=0
note ok ExitHome tapped GameRoot/Canvas/PauseBoard/HOME
note ok HomeReturn screen=Home
note shot np_11_home.png
note persist np-20260914T183818-002 why=quit status=F:\天命之子\client\captures\natural-play\battles\np-20260914T183818-002 outcome=InProgress digest=f9f3de1e9b949328f93bf5e705fa4a6444e5202ef2c0765bae3336765c4e4e06 replay=F:\天命之子\client\captures\natural-play\battles\np-20260914T183818-002\replay.jsonl

--- frozen battle headers (authoritative) ---
np-20260914T183818-001	seed=108890109;rules=g2-patha-2026-09-13;profile=JP_LEGACY_EMPIRICAL;auto=Manual;speed=1;forceNoCrit=0;stage=NP-FEVER;data=g2id1-b078632c5f28a3727180f69f48398c62aad1a435fbf9a2ddebf731e382227388;party=C001,C007,C010,C003,C005
np-20260914T183818-002	seed=108968781;rules=g2-patha-2026-09-13;profile=JP_LEGACY_EMPIRICAL;auto=Manual;speed=1;forceNoCrit=0;stage=NP-FEVER;data=g2id1-b078632c5f28a3727180f69f48398c62aad1a435fbf9a2ddebf731e382227388;party=C001,C007,C010,C003,C005

--- live RunHeader (current GameRoot.Battle; may be fight 2) ---
seed=108968781;rules=g2-patha-2026-09-13;profile=JP_LEGACY_EMPIRICAL;auto=Manual;speed=1;forceNoCrit=0;stage=NP-FEVER;data=g2id1-739d8b44874327aba5cc7bbf1de521bdd7e524983b1452f749fcacbf4d40f054;party=C001,C007,C010,C003,C005

--- live CommandLog (current GameRoot.Battle; per-fight files are authoritative) ---
seq=1 tick=9 kind=Pause slot=0 source=Player accepted=True reason=None timing=Bad value=0

--- reflection (read-only) ---
BattleSim.CommandLog (public, read-only)
BattleSim.RunHeader() (read-only)
UnityEngine.Debug:ExtractStackTraceNoAlloc (byte*,int,string)
UnityEngine.StackTraceUtility:ExtractStackTrace ()
UnityEngine.DebugLogHandler:Internal_Log (UnityEngine.LogType,UnityEngine.LogOption,string,UnityEngine.Object)
UnityEngine.DebugLogHandler:LogFormat (UnityEngine.LogType,UnityEngine.Object,string,object[])
UnityEngine.Logger:Log (UnityEngine.LogType,object)
UnityEngine.Debug:Log (object)
Resonance.App.NaturalPlayRuntime:WriteAndQuit (bool) (at Assets/Scripts/Resonance.App/Debug/NaturalPlayRuntime.cs:1719)
Resonance.App.NaturalPlayRuntime:Pass () (at Assets/Scripts/Resonance.App/Debug/NaturalPlayRuntime.cs:1640)
Resonance.App.NaturalPlayRuntime/<Run>d__43:MoveNext () (at Assets/Scripts/Resonance.App/Debug/NaturalPlayRuntime.cs:277)
UnityEngine.SetupCoroutine:InvokeMoveNext (System.Collections.IEnumerator,intptr)

(Filename: Assets/Scripts/Resonance.App/Debug/NaturalPlayRuntime.cs Line: 1719)

Unloading 22 Unused Serialized files (Serialized files now loaded: 0)
Loaded scene 'Temp/__Backupscenes/0.backup'
	Deserialize:            0.737 ms
	Integration:            150.427 ms
	Integration of assets:  0.002 ms
	Thread Wait Time:       0.028 ms
	Total Operation Time:   151.194 ms
Unloading 73 unused Assets / (17.5 MB). Loaded Objects now: 6049.
Memory consumption went from 351.0 MB to 333.6 MB.
Total: 16.564900 ms (FindLiveObjects: 0.319700 ms CreateObjectMapping: 0.216600 ms MarkObjects: 11.790100 ms  DeleteObjects: 4.237200 ms)

[Licensing::Client] Successfully resolved entitlement details
[Licensing::Module] License group:
  Id: F4-99BH-9QMP-CCW5-HN7U-XXXX
  Product: Unity Personal
  Type: ULF
  Expiration: 2026-09-24T19:37:20Z
[Licensing::Module] License group:
  Id: ewogICJzdWJzR3JvdXAiIDogInVuaXR5IGVkaXRvciIsCiAgIm5hbWVzcGFjZSIgOiAidW5pdHlfZWRpdG9yIiwKICAidHlwZSIgOiAiRURJVE9SIiwKICAidGFnIiA6ICJVbml0eVBlcnNvbmFsXXXX
  Product: Unity Personal Version
  Type: Assigned
  Expiration: Unlimited
Starting new worker id: 0 with log in F:/天命之子/client/Logs/AssetImportWorker0.log
Starting new worker id: 1 with log in F:/天命之子/client/Logs/AssetImportWorker1.log
Starting new worker id: 2 with log in F:/天命之子/client/Logs/AssetImportWorker2.log
[NATURAL-PLAY] quitting editor after result pass=True
UnityEngine.Debug:ExtractStackTraceNoAlloc (byte*,int,string)
UnityEngine.StackTraceUtility:ExtractStackTrace ()
UnityEngine.DebugLogHandler:Internal_Log (UnityEngine.LogType,UnityEngine.LogOption,string,UnityEngine.Object)
UnityEngine.DebugLogHandler:LogFormat (UnityEngine.LogType,UnityEngine.Object,string,object[])
UnityEngine.Logger:Log (UnityEngine.LogType,object)
UnityEngine.Debug:Log (object)
Resonance.EditorTools.NaturalPlaySmoke:QuitIfDone () (at Assets/Editor/Smoke/NaturalPlaySmoke.cs:226)
Resonance.EditorTools.NaturalPlaySmoke:Poll () (at Assets/Editor/Smoke/NaturalPlaySmoke.cs:171)
UnityEditor.EditorApplication:Internal_CallUpdateFunctions ()

(Filename: Assets/Editor/Smoke/NaturalPlaySmoke.cs Line: 226)

[LAYOUT] About to save layout F:\天命之子\client\UserSettings\Layouts\default-6000.dwlt
[LAYOUT] About to save layout C:/Users/Administrator/AppData/Roaming/Unity/Editor-5.x/Preferences\Layouts\current\default-6000.dwlt
Killing ADB server in 0.707709 seconds.
Input System module state changed to: ShutdownInProgress.
Input System polling thread exited.
Input System module state changed to: Shutdown.
[Physics::Module] Cleanup current backend.
[Physics::Module] Id: 0xf2b8ea05
[Licensing::IpcConnector] LicenseClient-Administrator-notifications channel disconnected successfully.
[Licensing::IpcConnector] LicenseClient-Administrator channel disconnected successfully.
AcceleratorClientConnectionCallback - disconnected - :0
Cleanup mono
Checking for leaked weakptr:
  Found no leaked weakptrs.
[Package Manager] Server process was shutdown
Internal: There are remaining Allocations on the JobTempAlloc. This is a leak, and will impact performance
To Debug, run app with -diag-job-temp-memory-leak-validation cmd line argument. This will output the callstacks of the leaked allocations.
Internal: There are remaining Allocations on the JobTempAlloc. This is a leak, and will impact performance
To Debug, run app with -diag-job-temp-memory-leak-validation cmd line argument. This will output the callstacks of the leaked allocations.
##utp:{"type":"MemoryLeaks","version":2,"phase":"Immediate","time":1789411185343,"processId":18416,"allocatedMemory":16291494,"memoryLabels":[{"Default":29313},{"Permanent":15236},{"NewDelete":431321},{"Thread":4237960},{"Manager":821728},{"VertexData":8},{"Geometry":816},{"Texture":296},{"Shader":89593},{"Material":24},{"GfxDevice":57928},{"Animation":392},{"Audio":2664},{"FreeType":8},{"FontEngine":736},{"Physics":2146},{"Physics2D":16},{"Serialization":176967},{"Input":14984},{"JobScheduler":33024},{"TextLib":16120},{"Mono":32},{"MonoCode":184},{"ScriptingNativeRuntime":155060},{"BaseObject":1641152},{"Resource":1336},{"Renderer":3000},{"Transform":4685},{"File":33167},{"WebCam":616},{"Culling":32},{"Terrain":11394},{"Wind":24},{"STL":40},{"String":11260},{"DynamicArray":109937},{"HashMap":130646},{"Utility":2661026},{"Curl":48},{"PoolAlloc":2296},{"AI":80},{"TypeTree":13861},{"ScriptManager":512},{"RuntimeInitializeOnLoadManager":64},{"SpriteAtlas":112},{"GI":7792},{"Director":8240},{"CloudService":7024},{"WebRequest":15078},{"VR":47994},{"SceneManager":504},{"Video":208},{"LazyScriptCache":32},{"NativeArray":9768},{"Camera":17},{"Secure":2377},{"SerializationCache":1576},{"APIUpdating":10320},{"Subsystems":336},{"VirtualTexturing":57888},{"StaticSafetyDebugInfo":278528},{"Analytics":464},{"Hierarchy":608},{"CoreStats":13112},{"Identifiers":6480},{"Gui":237},{"EditorUtility":187108},{"VersionControl":4},{"Undo":947},{"AssetDatabase":4876611},{"EditorGi":328},{"UnityConnect":29344},{"Upm":1896},{"AssetCompliance":64},{"DrivenProperties":72},{"LocalIPC":219},{"ProfilerEditor":9746},{"CoreBusinessMetrics":3504},{"Licensing":1264},{"AssetReference":32},{"IPCStream":32}]}
