<?xml version="1.0" encoding="utf-8"?>
<TestRun id="76f6bf3f-186e-4acc-8b72-7631c7af4e4b" name="Administrator@DESKTOP-AKI3LSA 2026-09-21 02:07:09" runUser="DESKTOP-AKI3LSA\Administrator" xmlns="http://microsoft.com/schemas/VisualStudio/TeamTest/2010">
  <Times creation="2026-09-21T02:07:09.9151408+08:00" queuing="2026-09-21T02:07:09.9151411+08:00" start="2026-09-21T02:07:09.1702620+08:00" finish="2026-09-21T02:07:10.4206850+08:00" />
  <TestSettings name="default" id="92884507-6598-4d0f-b2d3-38081eab004f">
    <Deployment runDeploymentRoot="Administrator_DESKTOP-AKI3LSA_2026-09-21_02_07_09" />
  </TestSettings>
  <Results>
    <UnitTestResult executionId="89a511ba-50b1-4f7f-aa03-5ad626c29f48" testId="978dadb2-bd88-0ecc-cd85-42b654ce01f0" testName="Resonance.Tests.OriginalReplayTests.CapturedTapeOwnsCopiesOfInputCommandsAndFinalState" computerName="DESKTOP-AKI3LSA" duration="00:00:00.0030041" startTime="2026-09-21T02:07:10.3103069+08:00" endTime="2026-09-21T02:07:10.3103071+08:00" testType="13cdc9d9-ddb5-4fa4-a97d-d965ccfc6d4b" outcome="Passed" testListId="8c84fa94-04c1-424b-9868-57a2d4851a1d" relativeResultsDirectory="89a511ba-50b1-4f7f-aa03-5ad626c29f48" />
    <UnitTestResult executionId="5e2113e6-4f20-439c-b423-edb154f124ef" testId="4b393bbf-e449-9dd3-cb78-4a2880328571" testName="Resonance.Tests.OriginalReplayTests.NewStateDifferenceFailsEvenWhenOldDigestAndHpAreIdentical(difference: &quot;generation&quot;)" computerName="DESKTOP-AKI3LSA" duration="00:00:00.0110095" startTime="2026-09-21T02:07:10.0783311+08:00" endTime="2026-09-21T02:07:10.0783313+08:00" testType="13cdc9d9-ddb5-4fa4-a97d-d965ccfc6d4b" outcome="Passed" testListId="8c84fa94-04c1-424b-9868-57a2d4851a1d" relativeResultsDirectory="5e2113e6-4f20-439c-b423-edb154f124ef" />
    <UnitTestResult executionId="fe444243-6b13-4d2c-aabf-f32d442ba084" testId="11df5183-44b4-c032-22ec-263b6097975c" testName="Resonance.Tests.OriginalReplayTests.NewStateDifferenceFailsEvenWhenOldDigestAndHpAreIdentical(difference: &quot;barrier&quot;)" computerName="DESKTOP-AKI3LSA" duration="00:00:00.0119180" startTime="2026-09-21T02:07:10.1407354+08:00" endTime="2026-09-21T02:07:10.1407356+08:00" testType="13cdc9d9-ddb5-4fa4-a97d-d965ccfc6d4b" outcome="Passed" testListId="8c84fa94-04c1-424b-9868-57a2d4851a1d" relativeResultsDirectory="fe444243-6b13-4d2c-aabf-f32d442ba084" />
    <UnitTestResult executionId="7e685383-7af6-478c-be4f-5178b0f5b495" testId="8136ac9c-7773-0718-4013-7eb6d4bc8a86" testName="Resonance.Tests.OriginalReplayTests.ExpectedFinalOutputsCannotChooseOrShortenTheReplayBoundary" computerName="DESKTOP-AKI3LSA" duration="00:00:00.1405305" startTime="2026-09-21T02:07:10.0403550+08:00" endTime="2026-09-21T02:07:10.0403552+08:00" testType="13cdc9d9-ddb5-4fa4-a97d-d965ccfc6d4b" outcome="Passed" testListId="8c84fa94-04c1-424b-9868-57a2d4851a1d" relativeResultsDirectory="7e685383-7af6-478c-be4f-5178b0f5b495" />
    <UnitTestResult executionId="a9be55c4-ffe3-4908-9e05-387e5c80ae82" testId="8764e17e-8358-23e6-1d11-112a2f1be01c" testName="Resonance.Tests.OriginalExpeditionQueueTests.NotReadyAtResume_IsConsumedWithoutRefillOrAutomaticRetryWhenChargeLaterBecomesReady" computerName="DESKTOP-AKI3LSA" duration="00:00:00.0133759" startTime="2026-09-21T02:07:09.8604104+08:00" endTime="2026-09-21T02:07:09.8604106+08:00" testType="13cdc9d9-ddb5-4fa4-a97d-d965ccfc6d4b" outcome="Passed" testListId="8c84fa94-04c1-424b-9868-57a2d4851a1d" relativeResultsDirectory="a9be55c4-ffe3-4908-9e05-387e5c80ae82" />
    <UnitTestResult executionId="8a6bb73f-e26e-4e78-addd-ec65472ca7bb" testId="019d0d7d-bd2d-1dc0-b5d7-dbdd7eedc137" testName="Resonance.Tests.OriginalReplayTests.NewStateDifferenceFailsEvenWhenOldDigestAndHpAreIdentical(difference: &quot;native-root&quot;)" computerName="DESKTOP-AKI3LSA" duration="00:00:00.0144895" startTime="2026-09-21T02:07:10.0672387+08:00" endTime="2026-09-21T02:07:10.0672390+08:00" testType="13cdc9d9-ddb5-4fa4-a97d-d965ccfc6d4b" outcome="Passed" testListId="8c84fa94-04c1-424b-9868-57a2d4851a1d" relativeResultsDirectory="8a6bb73f-e26e-4e78-addd-ec65472ca7bb" />
    <UnitTestResult executionId="9851a9a7-2b98-4efc-9c7f-9396fd6fe434" testId="a7fbc97f-7c71-3221-49a2-a2f8b33d3d05" testName="Resonance.Tests.OriginalReplayTests.UnknownInputVersionIsExplicitlyRejectedEvenWithRecomputedInputHash(change: &quot;record-schema&quot;)" computerName="DESKTOP-AKI3LSA" duration="00:00:00.0011201" startTime="2026-09-21T02:07:10.1826186+08:00" endTime="2026-09-21T02:07:10.1826187+08:00" testType="13cdc9d9-ddb5-4fa4-a97d-d965ccfc6d4b" outcome="Passed" testListId="8c84fa94-04c1-424b-9868-57a2d4851a1d" relativeResultsDirectory="9851a9a7-2b98-4efc-9c7f-9396fd6fe434" />
    <UnitTestResult executionId="624f397c-3290-48ce-8039-a9684daead99" testId="486b4b68-2b32-22bc-0f73-bd19674d2e3b" testName="Resonance.Tests.OriginalFeedbackTests.EffectiveAndOverhealingAreKeptSeparate_AndAdviceRespondsToActualOverheal" computerName="DESKTOP-AKI3LSA" duration="00:00:00.0097471" startTime="2026-09-21T02:07:10.3724861+08:00" endTime="2026-09-21T02:07:10.3724865+08:00" testType="13cdc9d9-ddb5-4fa4-a97d-d965ccfc6d4b" outcome="Passed" testListId="8c84fa94-04c1-424b-9868-57a2d4851a1d" relativeResultsDirectory="624f397c-3290-48ce-8039-a9684daead99" />
    <UnitTestResult executionId="a369b188-9362-4095-91b2-372c91ea7441" testId="f0798542-1a0c-0651-e87a-6c0cc5357e48" testName="Resonance.Tests.OriginalReplayTests.NewStateDifferenceFailsEvenWhenOldDigestAndHpAreIdentical(difference: &quot;trigger&quot;)" computerName="DESKTOP-AKI3LSA" duration="00:00:00.0121823" startTime="2026-09-21T02:07:10.0526401+08:00" endTime="2026-09-21T02:07:10.0526404+08:00" testType="13cdc9d9-ddb5-4fa4-a97d-d965ccfc6d4b" outcome="Passed" testListId="8c84fa94-04c1-424b-9868-57a2d4851a1d" relativeResultsDirectory="a369b188-9362-4095-91b2-372c91ea7441" />
    <UnitTestResult executionId="46c57687-b4a6-41c3-9dbf-70953f3483a5" testId="9c631432-4607-aafe-2b4e-ddf91ec6d881" testName="Resonance.Tests.OriginalReplayTests.TamperedFrozenSkillWithUnchangedInputHashIsRejectedBeforeSimulation" computerName="DESKTOP-AKI3LSA" duration="00:00:00.0008974" startTime="2026-09-21T02:07:10.3112805+08:00" endTime="2026-09-21T02:07:10.3112807+08:00" testType="13cdc9d9-ddb5-4fa4-a97d-d965ccfc6d4b" outcome="Passed" testListId="8c84fa94-04c1-424b-9868-57a2d4851a1d" relativeResultsDirectory="46c57687-b4a6-41c3-9dbf-70953f3483a5" />
    <UnitTestResult executionId="769df9a4-526c-4e0c-9add-809d3cfc623d" testId="6ff773df-d8c4-eaf6-215a-256fa6bc115f" testName="Resonance.Tests.OriginalFeedbackTests.LatestScatterTargetsAreActualB01Resolutions_WithRootAndGeneration_AndSurviveLaterSupportActions" computerName="DESKTOP-AKI3LSA" duration="00:00:00.0028034" startTime="2026-09-21T02:07:10.3756214+08:00" endTime="2026-09-21T02:07:10.3756216+08:00" testType="13cdc9d9-ddb5-4fa4-a97d-d965ccfc6d4b" outcome="Passed" testListId="8c84fa94-04c1-424b-9868-57a2d4851a1d" relativeResultsDirectory="769df9a4-526c-4e0c-9add-809d3cfc623d" />
    <UnitTestResult executionId="e2f336b5-2e1b-48d6-9548-4742d81fb96a" testId="bea5f2f4-2e2f-cdf7-8f33-b4665442db3c" testName="Resonance.Tests.OriginalFeedbackTests.BarrierAndScatterFromTheSameAction_BothKeepTheirActualTriggerSerial" computerName="DESKTOP-AKI3LSA" duration="00:00:00.0020134" startTime="2026-09-21T02:07:10.3609077+08:00" endTime="2026-09-21T02:07:10.3609078+08:00" testType="13cdc9d9-ddb5-4fa4-a97d-d965ccfc6d4b" outcome="Passed" testListId="8c84fa94-04c1-424b-9868-57a2d4851a1d" relativeResultsDirectory="e2f336b5-2e1b-48d6-9548-4742d81fb96a" />
    <UnitTestResult executionId="ad422c2a-6615-4832-a8ea-6e2c5dbb43f2" testId="5c12a923-04b0-50df-7c15-ca1c6c1e370d" testName="Resonance.Tests.OriginalReplayTests.UnknownInputVersionIsExplicitlyRejectedEvenWithRecomputedInputHash(change: &quot;ruleset&quot;)" computerName="DESKTOP-AKI3LSA" duration="00:00:00.0007877" startTime="2026-09-21T02:07:10.1836921+08:00" endTime="2026-09-21T02:07:10.1836921+08:00" testType="13cdc9d9-ddb5-4fa4-a97d-d965ccfc6d4b" outcome="Passed" testListId="8c84fa94-04c1-424b-9868-57a2d4851a1d" relativeResultsDirectory="ad422c2a-6615-4832-a8ea-6e2c5dbb43f2" />
    <UnitTestResult executionId="694c6d39-b090-4022-9b66-981d98c8d6fc" testId="196ca3b5-cf81-7e33-4580-3953902cf28a" testName="Resonance.Tests.OriginalReplayTests.FullBossVictoryReplaysPhaseMaskGenerationsAndFinalTickRejectedCommands" computerName="DESKTOP-AKI3LSA" duration="00:00:00.0892966" startTime="2026-09-21T02:07:10.3072100+08:00" endTime="2026-09-21T02:07:10.3072102+08:00" testType="13cdc9d9-ddb5-4fa4-a97d-d965ccfc6d4b" outcome="Passed" testListId="8c84fa94-04c1-424b-9868-57a2d4851a1d" relativeResultsDirectory="694c6d39-b090-4022-9b66-981d98c8d6fc">
      <Output>
        <StdOut>fullBossOutcome=Victory; ticks=2608; elapsed=86.9333; phase=2; rebuiltMasks=2; eventHash=342115320e140144abc88a32cbb60a471bbdc1c93cba7f9b6d3742080d031ad2; resolutionHash=ee62d8c0939c88f97d2fab2fb86c09cf23db9e85c420b04372488888925f107a</StdOut>
      </Output>
    </UnitTestResult>
    <UnitTestResult executionId="b35099b4-2d24-4368-a048-b0e76e132a07" testId="94940be5-9327-1752-9688-93c7ca89c434" testName="Resonance.Tests.OriginalExpeditionQueueTests.ResumeRevalidatesCurrentActorState_RejectsWithoutBlockingIndependentCommands(reason: ActionLocked)" computerName="DESKTOP-AKI3LSA" duration="00:00:00.0001119" startTime="2026-09-21T02:07:09.8636009+08:00" endTime="2026-09-21T02:07:09.8636010+08:00" testType="13cdc9d9-ddb5-4fa4-a97d-d965ccfc6d4b" outcome="Passed" testListId="8c84fa94-04c1-424b-9868-57a2d4851a1d" relativeResultsDirectory="b35099b4-2d24-4368-a048-b0e76e132a07" />
    <UnitTestResult executionId="14a248ab-53c7-4a6c-85b3-7540554ba8f6" testId="ae446524-fec4-351f-c352-17c67bb41ac8" testName="Resonance.Tests.OriginalReplayTests.InvalidBoundGenerationRejectionIsPreservedAsActualSubmittedInput" computerName="DESKTOP-AKI3LSA" duration="00:00:00.0058903" startTime="2026-09-21T02:07:10.3294217+08:00" endTime="2026-09-21T02:07:10.3294220+08:00" testType="13cdc9d9-ddb5-4fa4-a97d-d965ccfc6d4b" outcome="Passed" testListId="8c84fa94-04c1-424b-9868-57a2d4851a1d" relativeResultsDirectory="14a248ab-53c7-4a6c-85b3-7540554ba8f6" />
    <UnitTestResult executionId="a50ed2cf-edf4-4734-959f-d58015145668" testId="d70fc7ec-584b-d0f0-84e3-a09bbf97e7e5" testName="Resonance.Tests.OriginalExpeditionQueueTests.ResumeRevalidatesCurrentActorState_RejectsWithoutBlockingIndependentCommands(reason: NotCharged)" computerName="DESKTOP-AKI3LSA" duration="00:00:00.0012177" startTime="2026-09-21T02:07:09.8632416+08:00" endTime="2026-09-21T02:07:09.8632418+08:00" testType="13cdc9d9-ddb5-4fa4-a97d-d965ccfc6d4b" outcome="Passed" testListId="8c84fa94-04c1-424b-9868-57a2d4851a1d" relativeResultsDirectory="a50ed2cf-edf4-4734-959f-d58015145668" />
    <UnitTestResult executionId="4963c687-aa06-40f8-b8b0-c3fd606181bb" testId="a59797d6-4f92-ac79-b47a-f7f675bd2817" testName="Resonance.Tests.OriginalFeedbackTests.HarmonyBitsAndStoredForteComeFromRuntime_AndC04SerialAppearsOnlyWhenForteIsConsumed" computerName="DESKTOP-AKI3LSA" duration="00:00:00.0055486" startTime="2026-09-21T02:07:10.3588185+08:00" endTime="2026-09-21T02:07:10.3588188+08:00" testType="13cdc9d9-ddb5-4fa4-a97d-d965ccfc6d4b" outcome="Passed" testListId="8c84fa94-04c1-424b-9868-57a2d4851a1d" relativeResultsDirectory="4963c687-aa06-40f8-b8b0-c3fd606181bb" />
    <UnitTestResult executionId="4fc2c361-ab18-4476-9ba7-0b1f168640f4" testId="fba768f6-c969-1df0-d53e-c447ea151ea2" testName="Resonance.Tests.OriginalExpeditionQueueTests.ScopedTargetRestoresEvenWhenTheActionThrows_AndUnboundTapUsesGlobalFocus" computerName="DESKTOP-AKI3LSA" duration="00:00:00.0008249" startTime="2026-09-21T02:07:09.8929619+08:00" endTime="2026-09-21T02:07:09.8929620+08:00" testType="13cdc9d9-ddb5-4fa4-a97d-d965ccfc6d4b" outcome="Passed" testListId="8c84fa94-04c1-424b-9868-57a2d4851a1d" relativeResultsDirectory="4fc2c361-ab18-4476-9ba7-0b1f168640f4" />
    <UnitTestResult executionId="840ab943-2925-484d-9c13-6fb449ed4bb9" testId="f92c24b2-e1c2-f4e0-1026-915ccfb7556f" testName="Resonance.Tests.OriginalReplayTests.NewStateDifferenceFailsEvenWhenOldDigestAndHpAreIdentical(difference: &quot;intent&quot;)" computerName="DESKTOP-AKI3LSA" duration="00:00:00.0104365" startTime="2026-09-21T02:07:10.1051448+08:00" endTime="2026-09-21T02:07:10.1051449+08:00" testType="13cdc9d9-ddb5-4fa4-a97d-d965ccfc6d4b" outcome="Passed" testListId="8c84fa94-04c1-424b-9868-57a2d4851a1d" relativeResultsDirectory="840ab943-2925-484d-9c13-6fb449ed4bb9" />
    <UnitTestResult executionId="600c5edd-a6bf-4dfb-a2df-6e02d1b1ed6c" testId="127ddea9-beb6-0392-d83a-817530a21ac9" testName="Resonance.Tests.OriginalFeedbackTests.EveryRelicTriggeredByOneNativeActionRetainsItsOwnSerial_AndQueryCopiesStayUnchanged" computerName="DESKTOP-AKI3LSA" duration="00:00:00.0013441" startTime="2026-09-21T02:07:10.3795477+08:00" endTime="2026-09-21T02:07:10.3795479+08:00" testType="13cdc9d9-ddb5-4fa4-a97d-d965ccfc6d4b" outcome="Passed" testListId="8c84fa94-04c1-424b-9868-57a2d4851a1d" relativeResultsDirectory="600c5edd-a6bf-4dfb-a2df-6e02d1b1ed6c" />
    <UnitTestResult executionId="0738a3cd-2d80-41fc-9ac7-c02c689f14b2" testId="8c0d6b80-67ac-edee-d5fb-a43cd5571c65" testName="Resonance.Tests.OriginalExpeditionQueueTests.SameSlotWithANewGeneration_IsRejectedWithoutDamagingTheReplacement" computerName="DESKTOP-AKI3LSA" duration="00:00:00.0005949" startTime="2026-09-21T02:07:09.8919971+08:00" endTime="2026-09-21T02:07:09.8919973+08:00" testType="13cdc9d9-ddb5-4fa4-a97d-d965ccfc6d4b" outcome="Passed" testListId="8c84fa94-04c1-424b-9868-57a2d4851a1d" relativeResultsDirectory="0738a3cd-2d80-41fc-9ac7-c02c689f14b2" />
    <UnitTestResult executionId="51e6f264-be02-4054-acec-7a1e4e098723" testId="250788af-cba3-05f5-f5f3-d6104aab95c6" testName="Resonance.Tests.OriginalReplayTests.NegativeIndependentBoundaryIsRejectedBeforeSimulation" computerName="DESKTOP-AKI3LSA" duration="00:00:00.0009698" startTime="2026-09-21T02:07:10.3304796+08:00" endTime="2026-09-21T02:07:10.3304798+08:00" testType="13cdc9d9-ddb5-4fa4-a97d-d965ccfc6d4b" outcome="Passed" testListId="8c84fa94-04c1-424b-9868-57a2d4851a1d" relativeResultsDirectory="51e6f264-be02-4054-acec-7a1e4e098723" />
    <UnitTestResult executionId="cd0c1c8b-9155-4509-8a78-eb38909a41e2" testId="2f2ee3a8-81ed-0ef6-1a18-bfdf9c92efe2" testName="Resonance.Tests.OriginalFeedbackTests.CapturedTotalsAndLatestActionRecomputeFromActualResults_AndReadingNeverMutatesSimulation" computerName="DESKTOP-AKI3LSA" duration="00:00:00.0016735" startTime="2026-09-21T02:07:10.3626418+08:00" endTime="2026-09-21T02:07:10.3626419+08:00" testType="13cdc9d9-ddb5-4fa4-a97d-d965ccfc6d4b" outcome="Passed" testListId="8c84fa94-04c1-424b-9868-57a2d4851a1d" relativeResultsDirectory="cd0c1c8b-9155-4509-8a78-eb38909a41e2" />
    <UnitTestResult executionId="a60a42f3-22ca-4974-b363-25a289abc6e2" testId="725b5bd5-644d-a6a5-53a6-089fa7b998d8" testName="Resonance.Tests.OriginalReplayTests.ResolutionHashUsesActualPropertiesRatherThanOnlyTheNumberOfResults" computerName="DESKTOP-AKI3LSA" duration="00:00:00.0128736" startTime="2026-09-21T02:07:10.3530489+08:00" endTime="2026-09-21T02:07:10.3530490+08:00" testType="13cdc9d9-ddb5-4fa4-a97d-d965ccfc6d4b" outcome="Passed" testListId="8c84fa94-04c1-424b-9868-57a2d4851a1d" relativeResultsDirectory="a60a42f3-22ca-4974-b363-25a289abc6e2" />
    <UnitTestResult executionId="1a7fd281-bd89-4571-b74f-39b86bfda203" testId="913c9c49-7d2c-4b8c-cf02-8ce62a4bdafc" testName="Resonance.Tests.OriginalReplayTests.UnknownInputVersionIsExplicitlyRejectedEvenWithRecomputedInputHash(change: &quot;content-version&quot;)" computerName="DESKTOP-AKI3LSA" duration="00:00:00.0007383" startTime="2026-09-21T02:07:10.1844918+08:00" endTime="2026-09-21T02:07:10.1844919+08:00" testType="13cdc9d9-ddb5-4fa4-a97d-d965ccfc6d4b" outcome="Passed" testListId="8c84fa94-04c1-424b-9868-57a2d4851a1d" relativeResultsDirectory="1a7fd281-bd89-4571-b74f-39b86bfda203" />
    <UnitTestResult executionId="90c67254-7c4e-4c98-a66f-27ad031fec56" testId="79c17b87-cd41-aa64-3fea-b630331fd0b5" testName="Resonance.Tests.OriginalReplayTests.RecordedAcceptedAndRejectedCommandsRoundTripWithDefaultCriticalRolls" computerName="DESKTOP-AKI3LSA" duration="00:00:00.0305031" startTime="2026-09-21T02:07:10.2177239+08:00" endTime="2026-09-21T02:07:10.2177242+08:00" testType="13cdc9d9-ddb5-4fa4-a97d-d965ccfc6d4b" outcome="Passed" testListId="8c84fa94-04c1-424b-9868-57a2d4851a1d" relativeResultsDirectory="90c67254-7c4e-4c98-a66f-27ad031fec56">
      <Output>
        <StdOut>accepted=18; rejected=3; ticks=600; critsInRetainedLog=1; eventHash=62973d6c01249e874718aa7a9717eb19defd042d9d814c126089627de1333602; resolutionHash=2a2e161c8740d1c97e4f8b0a159987e84b86d33302f2dbf883fe5298af75ad84</StdOut>
      </Output>
    </UnitTestResult>
    <UnitTestResult executionId="6845ee73-0b0a-4ce3-8ce1-76c41345f6f0" testId="e480b280-1265-1273-3ea1-e28a3c17fc9b" testName="Resonance.Tests.OriginalReplayTests.NewStateDifferenceFailsEvenWhenOldDigestAndHpAreIdentical(difference: &quot;harmony&quot;)" computerName="DESKTOP-AKI3LSA" duration="00:00:00.0116592" startTime="2026-09-21T02:07:10.1524786+08:00" endTime="2026-09-21T02:07:10.1524789+08:00" testType="13cdc9d9-ddb5-4fa4-a97d-d965ccfc6d4b" outcome="Passed" testListId="8c84fa94-04c1-424b-9868-57a2d4851a1d" relativeResultsDirectory="6845ee73-0b0a-4ce3-8ce1-76c41345f6f0" />
    <UnitTestResult executionId="6ad42770-3ba5-4ecb-8c44-a1c535dcdec3" testId="c24cd4e0-b13d-c7fa-5dde-b9a59984da22" testName="Resonance.Tests.OriginalExpeditionQueueTests.OnlySingleEnemyDamageBindsFocus_SupportSweepAndUnfocusedCommandsDoNot" computerName="DESKTOP-AKI3LSA" duration="00:00:00.0014553" startTime="2026-09-21T02:07:09.8619505+08:00" endTime="2026-09-21T02:07:09.8619507+08:00" testType="13cdc9d9-ddb5-4fa4-a97d-d965ccfc6d4b" outcome="Passed" testListId="8c84fa94-04c1-424b-9868-57a2d4851a1d" relativeResultsDirectory="6ad42770-3ba5-4ecb-8c44-a1c535dcdec3" />
    <UnitTestResult executionId="e28c1221-073c-430d-a3ba-cc4148a19138" testId="f9d4735e-bd64-dd74-6fb8-cec9b74e0753" testName="Resonance.Tests.OriginalReplayTests.NewStateDifferenceFailsEvenWhenOldDigestAndHpAreIdentical(difference: &quot;threshold&quot;)" computerName="DESKTOP-AKI3LSA" duration="00:00:00.0150816" startTime="2026-09-21T02:07:10.0935082+08:00" endTime="2026-09-21T02:07:10.0935084+08:00" testType="13cdc9d9-ddb5-4fa4-a97d-d965ccfc6d4b" outcome="Passed" testListId="8c84fa94-04c1-424b-9868-57a2d4851a1d" relativeResultsDirectory="e28c1221-073c-430d-a3ba-cc4148a19138" />
    <UnitTestResult executionId="ba734da4-55de-4764-a2ce-67535992d650" testId="8b756153-eedb-7ee8-5caf-ca6bbcebd4c2" testName="Resonance.Tests.OriginalReplayTests.UnknownInputVersionIsExplicitlyRejectedEvenWithRecomputedInputHash(change: &quot;content-hash&quot;)" computerName="DESKTOP-AKI3LSA" duration="00:00:00.0007242" startTime="2026-09-21T02:07:10.1871416+08:00" endTime="2026-09-21T02:07:10.1871417+08:00" testType="13cdc9d9-ddb5-4fa4-a97d-d965ccfc6d4b" outcome="Passed" testListId="8c84fa94-04c1-424b-9868-57a2d4851a1d" relativeResultsDirectory="ba734da4-55de-4764-a2ce-67535992d650" />
    <UnitTestResult executionId="73d68795-fd46-4928-8abd-58a98683a963" testId="bf998dca-90fb-1590-2184-cf674b20eb42" testName="Resonance.Tests.OriginalReplayTests.NewStateDifferenceFailsEvenWhenOldDigestAndHpAreIdentical(difference: &quot;phase&quot;)" computerName="DESKTOP-AKI3LSA" duration="00:00:00.0108943" startTime="2026-09-21T02:07:10.1287224+08:00" endTime="2026-09-21T02:07:10.1287226+08:00" testType="13cdc9d9-ddb5-4fa4-a97d-d965ccfc6d4b" outcome="Passed" testListId="8c84fa94-04c1-424b-9868-57a2d4851a1d" relativeResultsDirectory="73d68795-fd46-4928-8abd-58a98683a963" />
    <UnitTestResult executionId="d8a6115c-ed50-4a6e-b0da-5f93c2683486" testId="d24ced3d-6313-c58b-8db2-e9d6a30a7ca7" testName="Resonance.Tests.OriginalExpeditionQueueTests.QueueReplacementPreservesOrder_ClearThenReinsertMovesToEnd_AndSnapshotsAreStable" computerName="DESKTOP-AKI3LSA" duration="00:00:00.0005811" startTime="2026-09-21T02:07:09.8935985+08:00" endTime="2026-09-21T02:07:09.8935986+08:00" testType="13cdc9d9-ddb5-4fa4-a97d-d965ccfc6d4b" outcome="Passed" testListId="8c84fa94-04c1-424b-9868-57a2d4851a1d" relativeResultsDirectory="d8a6115c-ed50-4a6e-b0da-5f93c2683486" />
    <UnitTestResult executionId="3693bf57-d19a-4f59-830e-a0b4d9c83639" testId="de9e3089-18e7-6bb1-7125-6107dd183a10" testName="Resonance.Tests.OriginalReplayTests.UnknownInputVersionIsExplicitlyRejectedEvenWithRecomputedInputHash(change: &quot;input-schema&quot;)" computerName="DESKTOP-AKI3LSA" duration="00:00:00.0009984" startTime="2026-09-21T02:07:10.1855402+08:00" endTime="2026-09-21T02:07:10.1855402+08:00" testType="13cdc9d9-ddb5-4fa4-a97d-d965ccfc6d4b" outcome="Passed" testListId="8c84fa94-04c1-424b-9868-57a2d4851a1d" relativeResultsDirectory="3693bf57-d19a-4f59-830e-a0b4d9c83639" />
    <UnitTestResult executionId="106384d9-9bd9-4a3c-b8bd-c372fc340f96" testId="07747fcc-c9f5-854d-f7a5-8c92dbfaa332" testName="Resonance.Tests.OriginalReplayTests.NewStateDifferenceFailsEvenWhenOldDigestAndHpAreIdentical(difference: &quot;completed-root&quot;)" computerName="DESKTOP-AKI3LSA" duration="00:00:00.0125050" startTime="2026-09-21T02:07:10.1177446+08:00" endTime="2026-09-21T02:07:10.1177448+08:00" testType="13cdc9d9-ddb5-4fa4-a97d-d965ccfc6d4b" outcome="Passed" testListId="8c84fa94-04c1-424b-9868-57a2d4851a1d" relativeResultsDirectory="106384d9-9bd9-4a3c-b8bd-c372fc340f96" />
    <UnitTestResult executionId="3e078e5d-0534-48d6-8cfb-d6f9a6f7c94a" testId="0bb73a4a-a21c-0ab4-ea31-ec4df2b3ebcd" testName="Resonance.Tests.OriginalExpeditionQueueTests.PausedQueueEditingAndTicks_DoNotAdvanceAnyCapturedBattleState" computerName="DESKTOP-AKI3LSA" duration="00:00:00.0030834" startTime="2026-09-21T02:07:09.8469216+08:00" endTime="2026-09-21T02:07:09.8469220+08:00" testType="13cdc9d9-ddb5-4fa4-a97d-d965ccfc6d4b" outcome="Passed" testListId="8c84fa94-04c1-424b-9868-57a2d4851a1d" relativeResultsDirectory="3e078e5d-0534-48d6-8cfb-d6f9a6f7c94a" />
    <UnitTestResult executionId="1b918346-748f-4cb3-af03-97a9122b3e02" testId="714439b6-a4c4-01cb-d283-e1f5fc82c8a8" testName="Resonance.Tests.OriginalReplayTests.UnknownInputVersionIsExplicitlyRejectedEvenWithRecomputedInputHash(change: &quot;mode&quot;)" computerName="DESKTOP-AKI3LSA" duration="00:00:00.0007693" startTime="2026-09-21T02:07:10.1863676+08:00" endTime="2026-09-21T02:07:10.1863677+08:00" testType="13cdc9d9-ddb5-4fa4-a97d-d965ccfc6d4b" outcome="Passed" testListId="8c84fa94-04c1-424b-9868-57a2d4851a1d" relativeResultsDirectory="1b918346-748f-4cb3-af03-97a9122b3e02" />
    <UnitTestResult executionId="c7a071de-99ac-4899-81f8-a2c24c7b904c" testId="e6115b94-b5dd-5ebe-a46f-350f0ee0a3ec" testName="Resonance.Tests.OriginalFeedbackTests.EmptyAndRejectedActionsDoNotInventFeedback_AndSummaryHasThreeCheckableFactsAndOneSpecificAdvice" computerName="DESKTOP-AKI3LSA" duration="00:00:00.0024340" startTime="2026-09-21T02:07:10.3781346+08:00" endTime="2026-09-21T02:07:10.3781347+08:00" testType="13cdc9d9-ddb5-4fa4-a97d-d965ccfc6d4b" outcome="Passed" testListId="8c84fa94-04c1-424b-9868-57a2d4851a1d" relativeResultsDirectory="c7a071de-99ac-4899-81f8-a2c24c7b904c" />
    <UnitTestResult executionId="3f6ef678-0048-4d23-96dc-00bde2ba6875" testId="72a92f12-8a56-e5c8-9acf-394d91937dc1" testName="Resonance.Tests.OriginalExpeditionQueueTests.ResumeIsLoggedBeforeQueuedActions_AndAllDrainBeforeTheNextTick" computerName="DESKTOP-AKI3LSA" duration="00:00:00.0103268" startTime="2026-09-21T02:07:09.8741256+08:00" endTime="2026-09-21T02:07:09.8741258+08:00" testType="13cdc9d9-ddb5-4fa4-a97d-d965ccfc6d4b" outcome="Passed" testListId="8c84fa94-04c1-424b-9868-57a2d4851a1d" relativeResultsDirectory="3f6ef678-0048-4d23-96dc-00bde2ba6875" />
    <UnitTestResult executionId="82d5e508-f45d-42a3-acca-e4282102825a" testId="babf0bf9-b34f-7ce6-84e8-b734e02e8471" testName="Resonance.Tests.OriginalReplayTests.NewStateDifferenceFailsEvenWhenOldDigestAndHpAreIdentical(difference: &quot;forte&quot;)" computerName="DESKTOP-AKI3LSA" duration="00:00:00.0120165" startTime="2026-09-21T02:07:10.1645892+08:00" endTime="2026-09-21T02:07:10.1645894+08:00" testType="13cdc9d9-ddb5-4fa4-a97d-d965ccfc6d4b" outcome="Passed" testListId="8c84fa94-04c1-424b-9868-57a2d4851a1d" relativeResultsDirectory="82d5e508-f45d-42a3-acca-e4282102825a" />
    <UnitTestResult executionId="503260a4-d968-4681-aa08-e140a6e19147" testId="124076f7-b5a2-b5e6-c07a-a2c2a2ff8546" testName="Resonance.Tests.OriginalReplayTests.ChangingOnlyExpectedCommandAcceptanceIsDetectedWithoutChangingExecution" computerName="DESKTOP-AKI3LSA" duration="00:00:00.0057497" startTime="2026-09-21T02:07:10.1813840+08:00" endTime="2026-09-21T02:07:10.1813843+08:00" testType="13cdc9d9-ddb5-4fa4-a97d-d965ccfc6d4b" outcome="Passed" testListId="8c84fa94-04c1-424b-9868-57a2d4851a1d" relativeResultsDirectory="503260a4-d968-4681-aa08-e140a6e19147" />
    <UnitTestResult executionId="ca4f12b2-b35c-4de0-b817-66a3d5a20d1c" testId="5d8968c0-c446-ccfb-f986-c84f2c662c6b" testName="Resonance.Tests.OriginalExpeditionQueueTests.EarlierQueuedKill_InvalidatesLaterBoundTarget_WhileSupportAndGlobalFocusRemainIndependent" computerName="DESKTOP-AKI3LSA" duration="00:00:00.0024223" startTime="2026-09-21T02:07:09.8960761+08:00" endTime="2026-09-21T02:07:09.8960762+08:00" testType="13cdc9d9-ddb5-4fa4-a97d-d965ccfc6d4b" outcome="Passed" testListId="8c84fa94-04c1-424b-9868-57a2d4851a1d" relativeResultsDirectory="ca4f12b2-b35c-4de0-b817-66a3d5a20d1c" />
    <UnitTestResult executionId="e3c6bfab-f3be-451e-889c-42f7641706f6" testId="f6e33530-3c35-b326-3724-0decfa258d99" testName="Resonance.Tests.OriginalReplayTests.NewStateDifferenceFailsEvenWhenOldDigestAndHpAreIdentical(difference: &quot;last-relic&quot;)" computerName="DESKTOP-AKI3LSA" duration="00:00:00.0108427" startTime="2026-09-21T02:07:10.1755291+08:00" endTime="2026-09-21T02:07:10.1755293+08:00" testType="13cdc9d9-ddb5-4fa4-a97d-d965ccfc6d4b" outcome="Passed" testListId="8c84fa94-04c1-424b-9868-57a2d4851a1d" relativeResultsDirectory="e3c6bfab-f3be-451e-889c-42f7641706f6" />
    <UnitTestResult executionId="84c65ba6-3d02-4488-acca-c8467656be94" testId="e0e00737-647c-93c0-9e59-0542e2f33956" testName="Resonance.Tests.OriginalExpeditionQueueTests.ResumeRevalidatesCurrentActorState_RejectsWithoutBlockingIndependentCommands(reason: Silenced)" computerName="DESKTOP-AKI3LSA" duration="00:00:00.0001453" startTime="2026-09-21T02:07:09.8634462+08:00" endTime="2026-09-21T02:07:09.8634463+08:00" testType="13cdc9d9-ddb5-4fa4-a97d-d965ccfc6d4b" outcome="Passed" testListId="8c84fa94-04c1-424b-9868-57a2d4851a1d" relativeResultsDirectory="84c65ba6-3d02-4488-acca-c8467656be94" />
    <UnitTestResult executionId="acdcd56d-d29f-4068-8bf2-96568ea0bb03" testId="8a12e40f-3f73-402c-80c2-b2e9b0d31561" testName="Resonance.Tests.OriginalExpeditionQueueTests.ClearForExitRemovesPendingAndPreviousResults_AndQueueApisRejectWrongStateOrSlot" computerName="DESKTOP-AKI3LSA" duration="00:00:00.0455036" startTime="2026-09-21T02:07:09.8406707+08:00" endTime="2026-09-21T02:07:09.8406840+08:00" testType="13cdc9d9-ddb5-4fa4-a97d-d965ccfc6d4b" outcome="Passed" testListId="8c84fa94-04c1-424b-9868-57a2d4851a1d" relativeResultsDirectory="acdcd56d-d29f-4068-8bf2-96568ea0bb03" />
    <UnitTestResult executionId="014e6c2f-ecae-4cb9-a7c4-7fe2ec1ec62b" testId="9d06168e-f6f2-884c-315f-8920cf4faa08" testName="Resonance.Tests.OriginalReplayTests.CaptureWhilePausedRetainsUnsubmittedQueueWithoutExecutingItOrAdvancingTime" computerName="DESKTOP-AKI3LSA" duration="00:00:00.0116007" startTime="2026-09-21T02:07:10.3234442+08:00" endTime="2026-09-21T02:07:10.3234444+08:00" testType="13cdc9d9-ddb5-4fa4-a97d-d965ccfc6d4b" outcome="Passed" testListId="8c84fa94-04c1-424b-9868-57a2d4851a1d" relativeResultsDirectory="014e6c2f-ecae-4cb9-a7c4-7fe2ec1ec62b" />
    <UnitTestResult executionId="ae08ae40-2380-4b92-894e-e2571533a8b8" testId="8cc9cd1d-d8d6-261a-cb84-75d9c0a9458e" testName="Resonance.Tests.OriginalExpeditionQueueTests.ResumeRevalidatesCurrentActorState_RejectsWithoutBlockingIndependentCommands(reason: UnitDead)" computerName="DESKTOP-AKI3LSA" duration="00:00:00.0001003" startTime="2026-09-21T02:07:09.8637332+08:00" endTime="2026-09-21T02:07:09.8637332+08:00" testType="13cdc9d9-ddb5-4fa4-a97d-d965ccfc6d4b" outcome="Passed" testListId="8c84fa94-04c1-424b-9868-57a2d4851a1d" relativeResultsDirectory="ae08ae40-2380-4b92-894e-e2571533a8b8" />
    <UnitTestResult executionId="9d012190-cf25-4f60-95f0-190f9524a8c2" testId="3de3a05a-4271-8d51-3735-4a265d0cf742" testName="Resonance.Tests.OriginalReplayTests.PausedQueueReplacementClearAndResumeRegenerateBoundCommandsExactlyOnce" computerName="DESKTOP-AKI3LSA" duration="00:00:00.0094959" startTime="2026-09-21T02:07:10.3400787+08:00" endTime="2026-09-21T02:07:10.3400789+08:00" testType="13cdc9d9-ddb5-4fa4-a97d-d965ccfc6d4b" outcome="Passed" testListId="8c84fa94-04c1-424b-9868-57a2d4851a1d" relativeResultsDirectory="9d012190-cf25-4f60-95f0-190f9524a8c2" />
  </Results>
  <TestDefinitions>
    <UnitTest name="Resonance.Tests.OriginalReplayTests.CaptureWhilePausedRetainsUnsubmittedQueueWithoutExecutingItOrAdvancingTime" storage="f:\天命之子\tools\battlesim.tests\bin\debug\net6.0\battlesim.tests.dll" id="9d06168e-f6f2-884c-315f-8920cf4faa08">
      <Execution id="014e6c2f-ecae-4cb9-a7c4-7fe2ec1ec62b" />
      <TestMethod codeBase="F:\天命之子\tools\BattleSim.Tests\bin\Debug\net6.0\BattleSim.Tests.dll" adapterTypeName="executor://xunit/VsTestRunner2/netcoreapp" className="Resonance.Tests.OriginalReplayTests" name="CaptureWhilePausedRetainsUnsubmittedQueueWithoutExecutingItOrAdvancingTime" />
    </UnitTest>
    <UnitTest name="Resonance.Tests.OriginalExpeditionQueueTests.NotReadyAtResume_IsConsumedWithoutRefillOrAutomaticRetryWhenChargeLaterBecomesReady" storage="f:\天命之子\tools\battlesim.tests\bin\debug\net6.0\battlesim.tests.dll" id="8764e17e-8358-23e6-1d11-112a2f1be01c">
      <Execution id="a9be55c4-ffe3-4908-9e05-387e5c80ae82" />
      <TestMethod codeBase="F:\天命之子\tools\BattleSim.Tests\bin\Debug\net6.0\BattleSim.Tests.dll" adapterTypeName="executor://xunit/VsTestRunner2/netcoreapp" className="Resonance.Tests.OriginalExpeditionQueueTests" name="NotReadyAtResume_IsConsumedWithoutRefillOrAutomaticRetryWhenChargeLaterBecomesReady" />
    </UnitTest>
    <UnitTest name="Resonance.Tests.OriginalExpeditionQueueTests.OnlySingleEnemyDamageBindsFocus_SupportSweepAndUnfocusedCommandsDoNot" storage="f:\天命之子\tools\battlesim.tests\bin\debug\net6.0\battlesim.tests.dll" id="c24cd4e0-b13d-c7fa-5dde-b9a59984da22">
      <Execution id="6ad42770-3ba5-4ecb-8c44-a1c535dcdec3" />
      <TestMethod codeBase="F:\天命之子\tools\BattleSim.Tests\bin\Debug\net6.0\BattleSim.Tests.dll" adapterTypeName="executor://xunit/VsTestRunner2/netcoreapp" className="Resonance.Tests.OriginalExpeditionQueueTests" name="OnlySingleEnemyDamageBindsFocus_SupportSweepAndUnfocusedCommandsDoNot" />
    </UnitTest>
    <UnitTest name="Resonance.Tests.OriginalReplayTests.ChangingOnlyExpectedCommandAcceptanceIsDetectedWithoutChangingExecution" storage="f:\天命之子\tools\battlesim.tests\bin\debug\net6.0\battlesim.tests.dll" id="124076f7-b5a2-b5e6-c07a-a2c2a2ff8546">
      <Execution id="503260a4-d968-4681-aa08-e140a6e19147" />
      <TestMethod codeBase="F:\天命之子\tools\BattleSim.Tests\bin\Debug\net6.0\BattleSim.Tests.dll" adapterTypeName="executor://xunit/VsTestRunner2/netcoreapp" className="Resonance.Tests.OriginalReplayTests" name="ChangingOnlyExpectedCommandAcceptanceIsDetectedWithoutChangingExecution" />
    </UnitTest>
    <UnitTest name="Resonance.Tests.OriginalFeedbackTests.EffectiveAndOverhealingAreKeptSeparate_AndAdviceRespondsToActualOverheal" storage="f:\天命之子\tools\battlesim.tests\bin\debug\net6.0\battlesim.tests.dll" id="486b4b68-2b32-22bc-0f73-bd19674d2e3b">
      <Execution id="624f397c-3290-48ce-8039-a9684daead99" />
      <TestMethod codeBase="F:\天命之子\tools\BattleSim.Tests\bin\Debug\net6.0\BattleSim.Tests.dll" adapterTypeName="executor://xunit/VsTestRunner2/netcoreapp" className="Resonance.Tests.OriginalFeedbackTests" name="EffectiveAndOverhealingAreKeptSeparate_AndAdviceRespondsToActualOverheal" />
    </UnitTest>
    <UnitTest name="Resonance.Tests.OriginalReplayTests.NewStateDifferenceFailsEvenWhenOldDigestAndHpAreIdentical(difference: &quot;intent&quot;)" storage="f:\天命之子\tools\battlesim.tests\bin\debug\net6.0\battlesim.tests.dll" id="f92c24b2-e1c2-f4e0-1026-915ccfb7556f">
      <Execution id="840ab943-2925-484d-9c13-6fb449ed4bb9" />
      <TestMethod codeBase="F:\天命之子\tools\BattleSim.Tests\bin\Debug\net6.0\BattleSim.Tests.dll" adapterTypeName="executor://xunit/VsTestRunner2/netcoreapp" className="Resonance.Tests.OriginalReplayTests" name="NewStateDifferenceFailsEvenWhenOldDigestAndHpAreIdentical" />
    </UnitTest>
    <UnitTest name="Resonance.Tests.OriginalReplayTests.NewStateDifferenceFailsEvenWhenOldDigestAndHpAreIdentical(difference: &quot;last-relic&quot;)" storage="f:\天命之子\tools\battlesim.tests\bin\debug\net6.0\battlesim.tests.dll" id="f6e33530-3c35-b326-3724-0decfa258d99">
      <Execution id="e3c6bfab-f3be-451e-889c-42f7641706f6" />
      <TestMethod codeBase="F:\天命之子\tools\BattleSim.Tests\bin\Debug\net6.0\BattleSim.Tests.dll" adapterTypeName="executor://xunit/VsTestRunner2/netcoreapp" className="Resonance.Tests.OriginalReplayTests" name="NewStateDifferenceFailsEvenWhenOldDigestAndHpAreIdentical" />
    </UnitTest>
    <UnitTest name="Resonance.Tests.OriginalReplayTests.InvalidBoundGenerationRejectionIsPreservedAsActualSubmittedInput" storage="f:\天命之子\tools\battlesim.tests\bin\debug\net6.0\battlesim.tests.dll" id="ae446524-fec4-351f-c352-17c67bb41ac8">
      <Execution id="14a248ab-53c7-4a6c-85b3-7540554ba8f6" />
      <TestMethod codeBase="F:\天命之子\tools\BattleSim.Tests\bin\Debug\net6.0\BattleSim.Tests.dll" adapterTypeName="executor://xunit/VsTestRunner2/netcoreapp" className="Resonance.Tests.OriginalReplayTests" name="InvalidBoundGenerationRejectionIsPreservedAsActualSubmittedInput" />
    </UnitTest>
    <UnitTest name="Resonance.Tests.OriginalReplayTests.NewStateDifferenceFailsEvenWhenOldDigestAndHpAreIdentical(difference: &quot;forte&quot;)" storage="f:\天命之子\tools\battlesim.tests\bin\debug\net6.0\battlesim.tests.dll" id="babf0bf9-b34f-7ce6-84e8-b734e02e8471">
      <Execution id="82d5e508-f45d-42a3-acca-e4282102825a" />
      <TestMethod codeBase="F:\天命之子\tools\BattleSim.Tests\bin\Debug\net6.0\BattleSim.Tests.dll" adapterTypeName="executor://xunit/VsTestRunner2/netcoreapp" className="Resonance.Tests.OriginalReplayTests" name="NewStateDifferenceFailsEvenWhenOldDigestAndHpAreIdentical" />
    </UnitTest>
    <UnitTest name="Resonance.Tests.OriginalFeedbackTests.BarrierAndScatterFromTheSameAction_BothKeepTheirActualTriggerSerial" storage="f:\天命之子\tools\battlesim.tests\bin\debug\net6.0\battlesim.tests.dll" id="bea5f2f4-2e2f-cdf7-8f33-b4665442db3c">
      <Execution id="e2f336b5-2e1b-48d6-9548-4742d81fb96a" />
      <TestMethod codeBase="F:\天命之子\tools\BattleSim.Tests\bin\Debug\net6.0\BattleSim.Tests.dll" adapterTypeName="executor://xunit/VsTestRunner2/netcoreapp" className="Resonance.Tests.OriginalFeedbackTests" name="BarrierAndScatterFromTheSameAction_BothKeepTheirActualTriggerSerial" />
    </UnitTest>
    <UnitTest name="Resonance.Tests.OriginalExpeditionQueueTests.ResumeRevalidatesCurrentActorState_RejectsWithoutBlockingIndependentCommands(reason: UnitDead)" storage="f:\天命之子\tools\battlesim.tests\bin\debug\net6.0\battlesim.tests.dll" id="8cc9cd1d-d8d6-261a-cb84-75d9c0a9458e">
      <Execution id="ae08ae40-2380-4b92-894e-e2571533a8b8" />
      <TestMethod codeBase="F:\天命之子\tools\BattleSim.Tests\bin\Debug\net6.0\BattleSim.Tests.dll" adapterTypeName="executor://xunit/VsTestRunner2/netcoreapp" className="Resonance.Tests.OriginalExpeditionQueueTests" name="ResumeRevalidatesCurrentActorState_RejectsWithoutBlockingIndependentCommands" />
    </UnitTest>
    <UnitTest name="Resonance.Tests.OriginalExpeditionQueueTests.QueueReplacementPreservesOrder_ClearThenReinsertMovesToEnd_AndSnapshotsAreStable" storage="f:\天命之子\tools\battlesim.tests\bin\debug\net6.0\battlesim.tests.dll" id="d24ced3d-6313-c58b-8db2-e9d6a30a7ca7">
      <Execution id="d8a6115c-ed50-4a6e-b0da-5f93c2683486" />
      <TestMethod codeBase="F:\天命之子\tools\BattleSim.Tests\bin\Debug\net6.0\BattleSim.Tests.dll" adapterTypeName="executor://xunit/VsTestRunner2/netcoreapp" className="Resonance.Tests.OriginalExpeditionQueueTests" name="QueueReplacementPreservesOrder_ClearThenReinsertMovesToEnd_AndSnapshotsAreStable" />
    </UnitTest>
    <UnitTest name="Resonance.Tests.OriginalExpeditionQueueTests.ResumeRevalidatesCurrentActorState_RejectsWithoutBlockingIndependentCommands(reason: NotCharged)" storage="f:\天命之子\tools\battlesim.tests\bin\debug\net6.0\battlesim.tests.dll" id="d70fc7ec-584b-d0f0-84e3-a09bbf97e7e5">
      <Execution id="a50ed2cf-edf4-4734-959f-d58015145668" />
      <TestMethod codeBase="F:\天命之子\tools\BattleSim.Tests\bin\Debug\net6.0\BattleSim.Tests.dll" adapterTypeName="executor://xunit/VsTestRunner2/netcoreapp" className="Resonance.Tests.OriginalExpeditionQueueTests" name="ResumeRevalidatesCurrentActorState_RejectsWithoutBlockingIndependentCommands" />
    </UnitTest>
    <UnitTest name="Resonance.Tests.OriginalReplayTests.CapturedTapeOwnsCopiesOfInputCommandsAndFinalState" storage="f:\天命之子\tools\battlesim.tests\bin\debug\net6.0\battlesim.tests.dll" id="978dadb2-bd88-0ecc-cd85-42b654ce01f0">
      <Execution id="89a511ba-50b1-4f7f-aa03-5ad626c29f48" />
      <TestMethod codeBase="F:\天命之子\tools\BattleSim.Tests\bin\Debug\net6.0\BattleSim.Tests.dll" adapterTypeName="executor://xunit/VsTestRunner2/netcoreapp" className="Resonance.Tests.OriginalReplayTests" name="CapturedTapeOwnsCopiesOfInputCommandsAndFinalState" />
    </UnitTest>
    <UnitTest name="Resonance.Tests.OriginalReplayTests.UnknownInputVersionIsExplicitlyRejectedEvenWithRecomputedInputHash(change: &quot;mode&quot;)" storage="f:\天命之子\tools\battlesim.tests\bin\debug\net6.0\battlesim.tests.dll" id="714439b6-a4c4-01cb-d283-e1f5fc82c8a8">
      <Execution id="1b918346-748f-4cb3-af03-97a9122b3e02" />
      <TestMethod codeBase="F:\天命之子\tools\BattleSim.Tests\bin\Debug\net6.0\BattleSim.Tests.dll" adapterTypeName="executor://xunit/VsTestRunner2/netcoreapp" className="Resonance.Tests.OriginalReplayTests" name="UnknownInputVersionIsExplicitlyRejectedEvenWithRecomputedInputHash" />
    </UnitTest>
    <UnitTest name="Resonance.Tests.OriginalExpeditionQueueTests.ScopedTargetRestoresEvenWhenTheActionThrows_AndUnboundTapUsesGlobalFocus" storage="f:\天命之子\tools\battlesim.tests\bin\debug\net6.0\battlesim.tests.dll" id="fba768f6-c969-1df0-d53e-c447ea151ea2">
      <Execution id="4fc2c361-ab18-4476-9ba7-0b1f168640f4" />
      <TestMethod codeBase="F:\天命之子\tools\BattleSim.Tests\bin\Debug\net6.0\BattleSim.Tests.dll" adapterTypeName="executor://xunit/VsTestRunner2/netcoreapp" className="Resonance.Tests.OriginalExpeditionQueueTests" name="ScopedTargetRestoresEvenWhenTheActionThrows_AndUnboundTapUsesGlobalFocus" />
    </UnitTest>
    <UnitTest name="Resonance.Tests.OriginalExpeditionQueueTests.ResumeRevalidatesCurrentActorState_RejectsWithoutBlockingIndependentCommands(reason: ActionLocked)" storage="f:\天命之子\tools\battlesim.tests\bin\debug\net6.0\battlesim.tests.dll" id="94940be5-9327-1752-9688-93c7ca89c434">
      <Execution id="b35099b4-2d24-4368-a048-b0e76e132a07" />
      <TestMethod codeBase="F:\天命之子\tools\BattleSim.Tests\bin\Debug\net6.0\BattleSim.Tests.dll" adapterTypeName="executor://xunit/VsTestRunner2/netcoreapp" className="Resonance.Tests.OriginalExpeditionQueueTests" name="ResumeRevalidatesCurrentActorState_RejectsWithoutBlockingIndependentCommands" />
    </UnitTest>
    <UnitTest name="Resonance.Tests.OriginalReplayTests.NewStateDifferenceFailsEvenWhenOldDigestAndHpAreIdentical(difference: &quot;generation&quot;)" storage="f:\天命之子\tools\battlesim.tests\bin\debug\net6.0\battlesim.tests.dll" id="4b393bbf-e449-9dd3-cb78-4a2880328571">
      <Execution id="5e2113e6-4f20-439c-b423-edb154f124ef" />
      <TestMethod codeBase="F:\天命之子\tools\BattleSim.Tests\bin\Debug\net6.0\BattleSim.Tests.dll" adapterTypeName="executor://xunit/VsTestRunner2/netcoreapp" className="Resonance.Tests.OriginalReplayTests" name="NewStateDifferenceFailsEvenWhenOldDigestAndHpAreIdentical" />
    </UnitTest>
    <UnitTest name="Resonance.Tests.OriginalReplayTests.ResolutionHashUsesActualPropertiesRatherThanOnlyTheNumberOfResults" storage="f:\天命之子\tools\battlesim.tests\bin\debug\net6.0\battlesim.tests.dll" id="725b5bd5-644d-a6a5-53a6-089fa7b998d8">
      <Execution id="a60a42f3-22ca-4974-b363-25a289abc6e2" />
      <TestMethod codeBase="F:\天命之子\tools\BattleSim.Tests\bin\Debug\net6.0\BattleSim.Tests.dll" adapterTypeName="executor://xunit/VsTestRunner2/netcoreapp" className="Resonance.Tests.OriginalReplayTests" name="ResolutionHashUsesActualPropertiesRatherThanOnlyTheNumberOfResults" />
    </UnitTest>
    <UnitTest name="Resonance.Tests.OriginalReplayTests.NewStateDifferenceFailsEvenWhenOldDigestAndHpAreIdentical(difference: &quot;harmony&quot;)" storage="f:\天命之子\tools\battlesim.tests\bin\debug\net6.0\battlesim.tests.dll" id="e480b280-1265-1273-3ea1-e28a3c17fc9b">
      <Execution id="6845ee73-0b0a-4ce3-8ce1-76c41345f6f0" />
      <TestMethod codeBase="F:\天命之子\tools\BattleSim.Tests\bin\Debug\net6.0\BattleSim.Tests.dll" adapterTypeName="executor://xunit/VsTestRunner2/netcoreapp" className="Resonance.Tests.OriginalReplayTests" name="NewStateDifferenceFailsEvenWhenOldDigestAndHpAreIdentical" />
    </UnitTest>
    <UnitTest name="Resonance.Tests.OriginalReplayTests.NewStateDifferenceFailsEvenWhenOldDigestAndHpAreIdentical(difference: &quot;threshold&quot;)" storage="f:\天命之子\tools\battlesim.tests\bin\debug\net6.0\battlesim.tests.dll" id="f9d4735e-bd64-dd74-6fb8-cec9b74e0753">
      <Execution id="e28c1221-073c-430d-a3ba-cc4148a19138" />
      <TestMethod codeBase="F:\天命之子\tools\BattleSim.Tests\bin\Debug\net6.0\BattleSim.Tests.dll" adapterTypeName="executor://xunit/VsTestRunner2/netcoreapp" className="Resonance.Tests.OriginalReplayTests" name="NewStateDifferenceFailsEvenWhenOldDigestAndHpAreIdentical" />
    </UnitTest>
    <UnitTest name="Resonance.Tests.OriginalReplayTests.UnknownInputVersionIsExplicitlyRejectedEvenWithRecomputedInputHash(change: &quot;record-schema&quot;)" storage="f:\天命之子\tools\battlesim.tests\bin\debug\net6.0\battlesim.tests.dll" id="a7fbc97f-7c71-3221-49a2-a2f8b33d3d05">
      <Execution id="9851a9a7-2b98-4efc-9c7f-9396fd6fe434" />
      <TestMethod codeBase="F:\天命之子\tools\BattleSim.Tests\bin\Debug\net6.0\BattleSim.Tests.dll" adapterTypeName="executor://xunit/VsTestRunner2/netcoreapp" className="Resonance.Tests.OriginalReplayTests" name="UnknownInputVersionIsExplicitlyRejectedEvenWithRecomputedInputHash" />
    </UnitTest>
    <UnitTest name="Resonance.Tests.OriginalFeedbackTests.CapturedTotalsAndLatestActionRecomputeFromActualResults_AndReadingNeverMutatesSimulation" storage="f:\天命之子\tools\battlesim.tests\bin\debug\net6.0\battlesim.tests.dll" id="2f2ee3a8-81ed-0ef6-1a18-bfdf9c92efe2">
      <Execution id="cd0c1c8b-9155-4509-8a78-eb38909a41e2" />
      <TestMethod codeBase="F:\天命之子\tools\BattleSim.Tests\bin\Debug\net6.0\BattleSim.Tests.dll" adapterTypeName="executor://xunit/VsTestRunner2/netcoreapp" className="Resonance.Tests.OriginalFeedbackTests" name="CapturedTotalsAndLatestActionRecomputeFromActualResults_AndReadingNeverMutatesSimulation" />
    </UnitTest>
    <UnitTest name="Resonance.Tests.OriginalReplayTests.NewStateDifferenceFailsEvenWhenOldDigestAndHpAreIdentical(difference: &quot;native-root&quot;)" storage="f:\天命之子\tools\battlesim.tests\bin\debug\net6.0\battlesim.tests.dll" id="019d0d7d-bd2d-1dc0-b5d7-dbdd7eedc137">
      <Execution id="8a6bb73f-e26e-4e78-addd-ec65472ca7bb" />
      <TestMethod codeBase="F:\天命之子\tools\BattleSim.Tests\bin\Debug\net6.0\BattleSim.Tests.dll" adapterTypeName="executor://xunit/VsTestRunner2/netcoreapp" className="Resonance.Tests.OriginalReplayTests" name="NewStateDifferenceFailsEvenWhenOldDigestAndHpAreIdentical" />
    </UnitTest>
    <UnitTest name="Resonance.Tests.OriginalReplayTests.FullBossVictoryReplaysPhaseMaskGenerationsAndFinalTickRejectedCommands" storage="f:\天命之子\tools\battlesim.tests\bin\debug\net6.0\battlesim.tests.dll" id="196ca3b5-cf81-7e33-4580-3953902cf28a">
      <Execution id="694c6d39-b090-4022-9b66-981d98c8d6fc" />
      <TestMethod codeBase="F:\天命之子\tools\BattleSim.Tests\bin\Debug\net6.0\BattleSim.Tests.dll" adapterTypeName="executor://xunit/VsTestRunner2/netcoreapp" className="Resonance.Tests.OriginalReplayTests" name="FullBossVictoryReplaysPhaseMaskGenerationsAndFinalTickRejectedCommands" />
    </UnitTest>
    <UnitTest name="Resonance.Tests.OriginalReplayTests.UnknownInputVersionIsExplicitlyRejectedEvenWithRecomputedInputHash(change: &quot;input-schema&quot;)" storage="f:\天命之子\tools\battlesim.tests\bin\debug\net6.0\battlesim.tests.dll" id="de9e3089-18e7-6bb1-7125-6107dd183a10">
      <Execution id="3693bf57-d19a-4f59-830e-a0b4d9c83639" />
      <TestMethod codeBase="F:\天命之子\tools\BattleSim.Tests\bin\Debug\net6.0\BattleSim.Tests.dll" adapterTypeName="executor://xunit/VsTestRunner2/netcoreapp" className="Resonance.Tests.OriginalReplayTests" name="UnknownInputVersionIsExplicitlyRejectedEvenWithRecomputedInputHash" />
    </UnitTest>
    <UnitTest name="Resonance.Tests.OriginalExpeditionQueueTests.ResumeIsLoggedBeforeQueuedActions_AndAllDrainBeforeTheNextTick" storage="f:\天命之子\tools\battlesim.tests\bin\debug\net6.0\battlesim.tests.dll" id="72a92f12-8a56-e5c8-9acf-394d91937dc1">
      <Execution id="3f6ef678-0048-4d23-96dc-00bde2ba6875" />
      <TestMethod codeBase="F:\天命之子\tools\BattleSim.Tests\bin\Debug\net6.0\BattleSim.Tests.dll" adapterTypeName="executor://xunit/VsTestRunner2/netcoreapp" className="Resonance.Tests.OriginalExpeditionQueueTests" name="ResumeIsLoggedBeforeQueuedActions_AndAllDrainBeforeTheNextTick" />
    </UnitTest>
    <UnitTest name="Resonance.Tests.OriginalFeedbackTests.HarmonyBitsAndStoredForteComeFromRuntime_AndC04SerialAppearsOnlyWhenForteIsConsumed" storage="f:\天命之子\tools\battlesim.tests\bin\debug\net6.0\battlesim.tests.dll" id="a59797d6-4f92-ac79-b47a-f7f675bd2817">
      <Execution id="4963c687-aa06-40f8-b8b0-c3fd606181bb" />
      <TestMethod codeBase="F:\天命之子\tools\BattleSim.Tests\bin\Debug\net6.0\BattleSim.Tests.dll" adapterTypeName="executor://xunit/VsTestRunner2/netcoreapp" className="Resonance.Tests.OriginalFeedbackTests" name="HarmonyBitsAndStoredForteComeFromRuntime_AndC04SerialAppearsOnlyWhenForteIsConsumed" />
    </UnitTest>
    <UnitTest name="Resonance.Tests.OriginalExpeditionQueueTests.SameSlotWithANewGeneration_IsRejectedWithoutDamagingTheReplacement" storage="f:\天命之子\tools\battlesim.tests\bin\debug\net6.0\battlesim.tests.dll" id="8c0d6b80-67ac-edee-d5fb-a43cd5571c65">
      <Execution id="0738a3cd-2d80-41fc-9ac7-c02c689f14b2" />
      <TestMethod codeBase="F:\天命之子\tools\BattleSim.Tests\bin\Debug\net6.0\BattleSim.Tests.dll" adapterTypeName="executor://xunit/VsTestRunner2/netcoreapp" className="Resonance.Tests.OriginalExpeditionQueueTests" name="SameSlotWithANewGeneration_IsRejectedWithoutDamagingTheReplacement" />
    </UnitTest>
    <UnitTest name="Resonance.Tests.OriginalReplayTests.PausedQueueReplacementClearAndResumeRegenerateBoundCommandsExactlyOnce" storage="f:\天命之子\tools\battlesim.tests\bin\debug\net6.0\battlesim.tests.dll" id="3de3a05a-4271-8d51-3735-4a265d0cf742">
      <Execution id="9d012190-cf25-4f60-95f0-190f9524a8c2" />
      <TestMethod codeBase="F:\天命之子\tools\BattleSim.Tests\bin\Debug\net6.0\BattleSim.Tests.dll" adapterTypeName="executor://xunit/VsTestRunner2/netcoreapp" className="Resonance.Tests.OriginalReplayTests" name="PausedQueueReplacementClearAndResumeRegenerateBoundCommandsExactlyOnce" />
    </UnitTest>
    <UnitTest name="Resonance.Tests.OriginalReplayTests.TamperedFrozenSkillWithUnchangedInputHashIsRejectedBeforeSimulation" storage="f:\天命之子\tools\battlesim.tests\bin\debug\net6.0\battlesim.tests.dll" id="9c631432-4607-aafe-2b4e-ddf91ec6d881">
      <Execution id="46c57687-b4a6-41c3-9dbf-70953f3483a5" />
      <TestMethod codeBase="F:\天命之子\tools\BattleSim.Tests\bin\Debug\net6.0\BattleSim.Tests.dll" adapterTypeName="executor://xunit/VsTestRunner2/netcoreapp" className="Resonance.Tests.OriginalReplayTests" name="TamperedFrozenSkillWithUnchangedInputHashIsRejectedBeforeSimulation" />
    </UnitTest>
    <UnitTest name="Resonance.Tests.OriginalReplayTests.UnknownInputVersionIsExplicitlyRejectedEvenWithRecomputedInputHash(change: &quot;content-hash&quot;)" storage="f:\天命之子\tools\battlesim.tests\bin\debug\net6.0\battlesim.tests.dll" id="8b756153-eedb-7ee8-5caf-ca6bbcebd4c2">
      <Execution id="ba734da4-55de-4764-a2ce-67535992d650" />
      <TestMethod codeBase="F:\天命之子\tools\BattleSim.Tests\bin\Debug\net6.0\BattleSim.Tests.dll" adapterTypeName="executor://xunit/VsTestRunner2/netcoreapp" className="Resonance.Tests.OriginalReplayTests" name="UnknownInputVersionIsExplicitlyRejectedEvenWithRecomputedInputHash" />
    </UnitTest>
    <UnitTest name="Resonance.Tests.OriginalFeedbackTests.LatestScatterTargetsAreActualB01Resolutions_WithRootAndGeneration_AndSurviveLaterSupportActions" storage="f:\天命之子\tools\battlesim.tests\bin\debug\net6.0\battlesim.tests.dll" id="6ff773df-d8c4-eaf6-215a-256fa6bc115f">
      <Execution id="769df9a4-526c-4e0c-9add-809d3cfc623d" />
      <TestMethod codeBase="F:\天命之子\tools\BattleSim.Tests\bin\Debug\net6.0\BattleSim.Tests.dll" adapterTypeName="executor://xunit/VsTestRunner2/netcoreapp" className="Resonance.Tests.OriginalFeedbackTests" name="LatestScatterTargetsAreActualB01Resolutions_WithRootAndGeneration_AndSurviveLaterSupportActions" />
    </UnitTest>
    <UnitTest name="Resonance.Tests.OriginalReplayTests.NewStateDifferenceFailsEvenWhenOldDigestAndHpAreIdentical(difference: &quot;barrier&quot;)" storage="f:\天命之子\tools\battlesim.tests\bin\debug\net6.0\battlesim.tests.dll" id="11df5183-44b4-c032-22ec-263b6097975c">
      <Execution id="fe444243-6b13-4d2c-aabf-f32d442ba084" />
      <TestMethod codeBase="F:\天命之子\tools\BattleSim.Tests\bin\Debug\net6.0\BattleSim.Tests.dll" adapterTypeName="executor://xunit/VsTestRunner2/netcoreapp" className="Resonance.Tests.OriginalReplayTests" name="NewStateDifferenceFailsEvenWhenOldDigestAndHpAreIdentical" />
    </UnitTest>
    <UnitTest name="Resonance.Tests.OriginalReplayTests.NewStateDifferenceFailsEvenWhenOldDigestAndHpAreIdentical(difference: &quot;completed-root&quot;)" storage="f:\天命之子\tools\battlesim.tests\bin\debug\net6.0\battlesim.tests.dll" id="07747fcc-c9f5-854d-f7a5-8c92dbfaa332">
      <Execution id="106384d9-9bd9-4a3c-b8bd-c372fc340f96" />
      <TestMethod codeBase="F:\天命之子\tools\BattleSim.Tests\bin\Debug\net6.0\BattleSim.Tests.dll" adapterTypeName="executor://xunit/VsTestRunner2/netcoreapp" className="Resonance.Tests.OriginalReplayTests" name="NewStateDifferenceFailsEvenWhenOldDigestAndHpAreIdentical" />
    </UnitTest>
    <UnitTest name="Resonance.Tests.OriginalReplayTests.UnknownInputVersionIsExplicitlyRejectedEvenWithRecomputedInputHash(change: &quot;content-version&quot;)" storage="f:\天命之子\tools\battlesim.tests\bin\debug\net6.0\battlesim.tests.dll" id="913c9c49-7d2c-4b8c-cf02-8ce62a4bdafc">
      <Execution id="1a7fd281-bd89-4571-b74f-39b86bfda203" />
      <TestMethod codeBase="F:\天命之子\tools\BattleSim.Tests\bin\Debug\net6.0\BattleSim.Tests.dll" adapterTypeName="executor://xunit/VsTestRunner2/netcoreapp" className="Resonance.Tests.OriginalReplayTests" name="UnknownInputVersionIsExplicitlyRejectedEvenWithRecomputedInputHash" />
    </UnitTest>
    <UnitTest name="Resonance.Tests.OriginalReplayTests.UnknownInputVersionIsExplicitlyRejectedEvenWithRecomputedInputHash(change: &quot;ruleset&quot;)" storage="f:\天命之子\tools\battlesim.tests\bin\debug\net6.0\battlesim.tests.dll" id="5c12a923-04b0-50df-7c15-ca1c6c1e370d">
      <Execution id="ad422c2a-6615-4832-a8ea-6e2c5dbb43f2" />
      <TestMethod codeBase="F:\天命之子\tools\BattleSim.Tests\bin\Debug\net6.0\BattleSim.Tests.dll" adapterTypeName="executor://xunit/VsTestRunner2/netcoreapp" className="Resonance.Tests.OriginalReplayTests" name="UnknownInputVersionIsExplicitlyRejectedEvenWithRecomputedInputHash" />
    </UnitTest>
    <UnitTest name="Resonance.Tests.OriginalFeedbackTests.EmptyAndRejectedActionsDoNotInventFeedback_AndSummaryHasThreeCheckableFactsAndOneSpecificAdvice" storage="f:\天命之子\tools\battlesim.tests\bin\debug\net6.0\battlesim.tests.dll" id="e6115b94-b5dd-5ebe-a46f-350f0ee0a3ec">
      <Execution id="c7a071de-99ac-4899-81f8-a2c24c7b904c" />
      <TestMethod codeBase="F:\天命之子\tools\BattleSim.Tests\bin\Debug\net6.0\BattleSim.Tests.dll" adapterTypeName="executor://xunit/VsTestRunner2/netcoreapp" className="Resonance.Tests.OriginalFeedbackTests" name="EmptyAndRejectedActionsDoNotInventFeedback_AndSummaryHasThreeCheckableFactsAndOneSpecificAdvice" />
    </UnitTest>
    <UnitTest name="Resonance.Tests.OriginalExpeditionQueueTests.PausedQueueEditingAndTicks_DoNotAdvanceAnyCapturedBattleState" storage="f:\天命之子\tools\battlesim.tests\bin\debug\net6.0\battlesim.tests.dll" id="0bb73a4a-a21c-0ab4-ea31-ec4df2b3ebcd">
      <Execution id="3e078e5d-0534-48d6-8cfb-d6f9a6f7c94a" />
      <TestMethod codeBase="F:\天命之子\tools\BattleSim.Tests\bin\Debug\net6.0\BattleSim.Tests.dll" adapterTypeName="executor://xunit/VsTestRunner2/netcoreapp" className="Resonance.Tests.OriginalExpeditionQueueTests" name="PausedQueueEditingAndTicks_DoNotAdvanceAnyCapturedBattleState" />
    </UnitTest>
    <UnitTest name="Resonance.Tests.OriginalReplayTests.NewStateDifferenceFailsEvenWhenOldDigestAndHpAreIdentical(difference: &quot;trigger&quot;)" storage="f:\天命之子\tools\battlesim.tests\bin\debug\net6.0\battlesim.tests.dll" id="f0798542-1a0c-0651-e87a-6c0cc5357e48">
      <Execution id="a369b188-9362-4095-91b2-372c91ea7441" />
      <TestMethod codeBase="F:\天命之子\tools\BattleSim.Tests\bin\Debug\net6.0\BattleSim.Tests.dll" adapterTypeName="executor://xunit/VsTestRunner2/netcoreapp" className="Resonance.Tests.OriginalReplayTests" name="NewStateDifferenceFailsEvenWhenOldDigestAndHpAreIdentical" />
    </UnitTest>
    <UnitTest name="Resonance.Tests.OriginalReplayTests.NegativeIndependentBoundaryIsRejectedBeforeSimulation" storage="f:\天命之子\tools\battlesim.tests\bin\debug\net6.0\battlesim.tests.dll" id="250788af-cba3-05f5-f5f3-d6104aab95c6">
      <Execution id="51e6f264-be02-4054-acec-7a1e4e098723" />
      <TestMethod codeBase="F:\天命之子\tools\BattleSim.Tests\bin\Debug\net6.0\BattleSim.Tests.dll" adapterTypeName="executor://xunit/VsTestRunner2/netcoreapp" className="Resonance.Tests.OriginalReplayTests" name="NegativeIndependentBoundaryIsRejectedBeforeSimulation" />
    </UnitTest>
    <UnitTest name="Resonance.Tests.OriginalFeedbackTests.EveryRelicTriggeredByOneNativeActionRetainsItsOwnSerial_AndQueryCopiesStayUnchanged" storage="f:\天命之子\tools\battlesim.tests\bin\debug\net6.0\battlesim.tests.dll" id="127ddea9-beb6-0392-d83a-817530a21ac9">
      <Execution id="600c5edd-a6bf-4dfb-a2df-6e02d1b1ed6c" />
      <TestMethod codeBase="F:\天命之子\tools\BattleSim.Tests\bin\Debug\net6.0\BattleSim.Tests.dll" adapterTypeName="executor://xunit/VsTestRunner2/netcoreapp" className="Resonance.Tests.OriginalFeedbackTests" name="EveryRelicTriggeredByOneNativeActionRetainsItsOwnSerial_AndQueryCopiesStayUnchanged" />
    </UnitTest>
    <UnitTest name="Resonance.Tests.OriginalReplayTests.RecordedAcceptedAndRejectedCommandsRoundTripWithDefaultCriticalRolls" storage="f:\天命之子\tools\battlesim.tests\bin\debug\net6.0\battlesim.tests.dll" id="79c17b87-cd41-aa64-3fea-b630331fd0b5">
      <Execution id="90c67254-7c4e-4c98-a66f-27ad031fec56" />
      <TestMethod codeBase="F:\天命之子\tools\BattleSim.Tests\bin\Debug\net6.0\BattleSim.Tests.dll" adapterTypeName="executor://xunit/VsTestRunner2/netcoreapp" className="Resonance.Tests.OriginalReplayTests" name="RecordedAcceptedAndRejectedCommandsRoundTripWithDefaultCriticalRolls" />
    </UnitTest>
    <UnitTest name="Resonance.Tests.OriginalReplayTests.ExpectedFinalOutputsCannotChooseOrShortenTheReplayBoundary" storage="f:\天命之子\tools\battlesim.tests\bin\debug\net6.0\battlesim.tests.dll" id="8136ac9c-7773-0718-4013-7eb6d4bc8a86">
      <Execution id="7e685383-7af6-478c-be4f-5178b0f5b495" />
      <TestMethod codeBase="F:\天命之子\tools\BattleSim.Tests\bin\Debug\net6.0\BattleSim.Tests.dll" adapterTypeName="executor://xunit/VsTestRunner2/netcoreapp" className="Resonance.Tests.OriginalReplayTests" name="ExpectedFinalOutputsCannotChooseOrShortenTheReplayBoundary" />
    </UnitTest>
    <UnitTest name="Resonance.Tests.OriginalExpeditionQueueTests.ResumeRevalidatesCurrentActorState_RejectsWithoutBlockingIndependentCommands(reason: Silenced)" storage="f:\天命之子\tools\battlesim.tests\bin\debug\net6.0\battlesim.tests.dll" id="e0e00737-647c-93c0-9e59-0542e2f33956">
      <Execution id="84c65ba6-3d02-4488-acca-c8467656be94" />
      <TestMethod codeBase="F:\天命之子\tools\BattleSim.Tests\bin\Debug\net6.0\BattleSim.Tests.dll" adapterTypeName="executor://xunit/VsTestRunner2/netcoreapp" className="Resonance.Tests.OriginalExpeditionQueueTests" name="ResumeRevalidatesCurrentActorState_RejectsWithoutBlockingIndependentCommands" />
    </UnitTest>
    <UnitTest name="Resonance.Tests.OriginalExpeditionQueueTests.EarlierQueuedKill_InvalidatesLaterBoundTarget_WhileSupportAndGlobalFocusRemainIndependent" storage="f:\天命之子\tools\battlesim.tests\bin\debug\net6.0\battlesim.tests.dll" id="5d8968c0-c446-ccfb-f986-c84f2c662c6b">
      <Execution id="ca4f12b2-b35c-4de0-b817-66a3d5a20d1c" />
      <TestMethod codeBase="F:\天命之子\tools\BattleSim.Tests\bin\Debug\net6.0\BattleSim.Tests.dll" adapterTypeName="executor://xunit/VsTestRunner2/netcoreapp" className="Resonance.Tests.OriginalExpeditionQueueTests" name="EarlierQueuedKill_InvalidatesLaterBoundTarget_WhileSupportAndGlobalFocusRemainIndependent" />
    </UnitTest>
    <UnitTest name="Resonance.Tests.OriginalExpeditionQueueTests.ClearForExitRemovesPendingAndPreviousResults_AndQueueApisRejectWrongStateOrSlot" storage="f:\天命之子\tools\battlesim.tests\bin\debug\net6.0\battlesim.tests.dll" id="8a12e40f-3f73-402c-80c2-b2e9b0d31561">
      <Execution id="acdcd56d-d29f-4068-8bf2-96568ea0bb03" />
      <TestMethod codeBase="F:\天命之子\tools\BattleSim.Tests\bin\Debug\net6.0\BattleSim.Tests.dll" adapterTypeName="executor://xunit/VsTestRunner2/netcoreapp" className="Resonance.Tests.OriginalExpeditionQueueTests" name="ClearForExitRemovesPendingAndPreviousResults_AndQueueApisRejectWrongStateOrSlot" />
    </UnitTest>
    <UnitTest name="Resonance.Tests.OriginalReplayTests.NewStateDifferenceFailsEvenWhenOldDigestAndHpAreIdentical(difference: &quot;phase&quot;)" storage="f:\天命之子\tools\battlesim.tests\bin\debug\net6.0\battlesim.tests.dll" id="bf998dca-90fb-1590-2184-cf674b20eb42">
      <Execution id="73d68795-fd46-4928-8abd-58a98683a963" />
      <TestMethod codeBase="F:\天命之子\tools\BattleSim.Tests\bin\Debug\net6.0\BattleSim.Tests.dll" adapterTypeName="executor://xunit/VsTestRunner2/netcoreapp" className="Resonance.Tests.OriginalReplayTests" name="NewStateDifferenceFailsEvenWhenOldDigestAndHpAreIdentical" />
    </UnitTest>
  </TestDefinitions>
  <TestEntries>
    <TestEntry testId="978dadb2-bd88-0ecc-cd85-42b654ce01f0" executionId="89a511ba-50b1-4f7f-aa03-5ad626c29f48" testListId="8c84fa94-04c1-424b-9868-57a2d4851a1d" />
    <TestEntry testId="4b393bbf-e449-9dd3-cb78-4a2880328571" executionId="5e2113e6-4f20-439c-b423-edb154f124ef" testListId="8c84fa94-04c1-424b-9868-57a2d4851a1d" />
    <TestEntry testId="11df5183-44b4-c032-22ec-263b6097975c" executionId="fe444243-6b13-4d2c-aabf-f32d442ba084" testListId="8c84fa94-04c1-424b-9868-57a2d4851a1d" />
    <TestEntry testId="8136ac9c-7773-0718-4013-7eb6d4bc8a86" executionId="7e685383-7af6-478c-be4f-5178b0f5b495" testListId="8c84fa94-04c1-424b-9868-57a2d4851a1d" />
    <TestEntry testId="8764e17e-8358-23e6-1d11-112a2f1be01c" executionId="a9be55c4-ffe3-4908-9e05-387e5c80ae82" testListId="8c84fa94-04c1-424b-9868-57a2d4851a1d" />
    <TestEntry testId="019d0d7d-bd2d-1dc0-b5d7-dbdd7eedc137" executionId="8a6bb73f-e26e-4e78-addd-ec65472ca7bb" testListId="8c84fa94-04c1-424b-9868-57a2d4851a1d" />
    <TestEntry testId="a7fbc97f-7c71-3221-49a2-a2f8b33d3d05" executionId="9851a9a7-2b98-4efc-9c7f-9396fd6fe434" testListId="8c84fa94-04c1-424b-9868-57a2d4851a1d" />
    <TestEntry testId="486b4b68-2b32-22bc-0f73-bd19674d2e3b" executionId="624f397c-3290-48ce-8039-a9684daead99" testListId="8c84fa94-04c1-424b-9868-57a2d4851a1d" />
    <TestEntry testId="f0798542-1a0c-0651-e87a-6c0cc5357e48" executionId="a369b188-9362-4095-91b2-372c91ea7441" testListId="8c84fa94-04c1-424b-9868-57a2d4851a1d" />
    <TestEntry testId="9c631432-4607-aafe-2b4e-ddf91ec6d881" executionId="46c57687-b4a6-41c3-9dbf-70953f3483a5" testListId="8c84fa94-04c1-424b-9868-57a2d4851a1d" />
    <TestEntry testId="6ff773df-d8c4-eaf6-215a-256fa6bc115f" executionId="769df9a4-526c-4e0c-9add-809d3cfc623d" testListId="8c84fa94-04c1-424b-9868-57a2d4851a1d" />
    <TestEntry testId="bea5f2f4-2e2f-cdf7-8f33-b4665442db3c" executionId="e2f336b5-2e1b-48d6-9548-4742d81fb96a" testListId="8c84fa94-04c1-424b-9868-57a2d4851a1d" />
    <TestEntry testId="5c12a923-04b0-50df-7c15-ca1c6c1e370d" executionId="ad422c2a-6615-4832-a8ea-6e2c5dbb43f2" testListId="8c84fa94-04c1-424b-9868-57a2d4851a1d" />
    <TestEntry testId="196ca3b5-cf81-7e33-4580-3953902cf28a" executionId="694c6d39-b090-4022-9b66-981d98c8d6fc" testListId="8c84fa94-04c1-424b-9868-57a2d4851a1d" />
    <TestEntry testId="94940be5-9327-1752-9688-93c7ca89c434" executionId="b35099b4-2d24-4368-a048-b0e76e132a07" testListId="8c84fa94-04c1-424b-9868-57a2d4851a1d" />
    <TestEntry testId="ae446524-fec4-351f-c352-17c67bb41ac8" executionId="14a248ab-53c7-4a6c-85b3-7540554ba8f6" testListId="8c84fa94-04c1-424b-9868-57a2d4851a1d" />
    <TestEntry testId="d70fc7ec-584b-d0f0-84e3-a09bbf97e7e5" executionId="a50ed2cf-edf4-4734-959f-d58015145668" testListId="8c84fa94-04c1-424b-9868-57a2d4851a1d" />
    <TestEntry testId="a59797d6-4f92-ac79-b47a-f7f675bd2817" executionId="4963c687-aa06-40f8-b8b0-c3fd606181bb" testListId="8c84fa94-04c1-424b-9868-57a2d4851a1d" />
    <TestEntry testId="fba768f6-c969-1df0-d53e-c447ea151ea2" executionId="4fc2c361-ab18-4476-9ba7-0b1f168640f4" testListId="8c84fa94-04c1-424b-9868-57a2d4851a1d" />
    <TestEntry testId="f92c24b2-e1c2-f4e0-1026-915ccfb7556f" executionId="840ab943-2925-484d-9c13-6fb449ed4bb9" testListId="8c84fa94-04c1-424b-9868-57a2d4851a1d" />
    <TestEntry testId="127ddea9-beb6-0392-d83a-817530a21ac9" executionId="600c5edd-a6bf-4dfb-a2df-6e02d1b1ed6c" testListId="8c84fa94-04c1-424b-9868-57a2d4851a1d" />
    <TestEntry testId="8c0d6b80-67ac-edee-d5fb-a43cd5571c65" executionId="0738a3cd-2d80-41fc-9ac7-c02c689f14b2" testListId="8c84fa94-04c1-424b-9868-57a2d4851a1d" />
    <TestEntry testId="250788af-cba3-05f5-f5f3-d6104aab95c6" executionId="51e6f264-be02-4054-acec-7a1e4e098723" testListId="8c84fa94-04c1-424b-9868-57a2d4851a1d" />
    <TestEntry testId="2f2ee3a8-81ed-0ef6-1a18-bfdf9c92efe2" executionId="cd0c1c8b-9155-4509-8a78-eb38909a41e2" testListId="8c84fa94-04c1-424b-9868-57a2d4851a1d" />
    <TestEntry testId="725b5bd5-644d-a6a5-53a6-089fa7b998d8" executionId="a60a42f3-22ca-4974-b363-25a289abc6e2" testListId="8c84fa94-04c1-424b-9868-57a2d4851a1d" />
    <TestEntry testId="913c9c49-7d2c-4b8c-cf02-8ce62a4bdafc" executionId="1a7fd281-bd89-4571-b74f-39b86bfda203" testListId="8c84fa94-04c1-424b-9868-57a2d4851a1d" />
    <TestEntry testId="79c17b87-cd41-aa64-3fea-b630331fd0b5" executionId="90c67254-7c4e-4c98-a66f-27ad031fec56" testListId="8c84fa94-04c1-424b-9868-57a2d4851a1d" />
    <TestEntry testId="e480b280-1265-1273-3ea1-e28a3c17fc9b" executionId="6845ee73-0b0a-4ce3-8ce1-76c41345f6f0" testListId="8c84fa94-04c1-424b-9868-57a2d4851a1d" />
    <TestEntry testId="c24cd4e0-b13d-c7fa-5dde-b9a59984da22" executionId="6ad42770-3ba5-4ecb-8c44-a1c535dcdec3" testListId="8c84fa94-04c1-424b-9868-57a2d4851a1d" />
    <TestEntry testId="f9d4735e-bd64-dd74-6fb8-cec9b74e0753" executionId="e28c1221-073c-430d-a3ba-cc4148a19138" testListId="8c84fa94-04c1-424b-9868-57a2d4851a1d" />
    <TestEntry testId="8b756153-eedb-7ee8-5caf-ca6bbcebd4c2" executionId="ba734da4-55de-4764-a2ce-67535992d650" testListId="8c84fa94-04c1-424b-9868-57a2d4851a1d" />
    <TestEntry testId="bf998dca-90fb-1590-2184-cf674b20eb42" executionId="73d68795-fd46-4928-8abd-58a98683a963" testListId="8c84fa94-04c1-424b-9868-57a2d4851a1d" />
    <TestEntry testId="d24ced3d-6313-c58b-8db2-e9d6a30a7ca7" executionId="d8a6115c-ed50-4a6e-b0da-5f93c2683486" testListId="8c84fa94-04c1-424b-9868-57a2d4851a1d" />
    <TestEntry testId="de9e3089-18e7-6bb1-7125-6107dd183a10" executionId="3693bf57-d19a-4f59-830e-a0b4d9c83639" testListId="8c84fa94-04c1-424b-9868-57a2d4851a1d" />
    <TestEntry testId="07747fcc-c9f5-854d-f7a5-8c92dbfaa332" executionId="106384d9-9bd9-4a3c-b8bd-c372fc340f96" testListId="8c84fa94-04c1-424b-9868-57a2d4851a1d" />
    <TestEntry testId="0bb73a4a-a21c-0ab4-ea31-ec4df2b3ebcd" executionId="3e078e5d-0534-48d6-8cfb-d6f9a6f7c94a" testListId="8c84fa94-04c1-424b-9868-57a2d4851a1d" />
    <TestEntry testId="714439b6-a4c4-01cb-d283-e1f5fc82c8a8" executionId="1b918346-748f-4cb3-af03-97a9122b3e02" testListId="8c84fa94-04c1-424b-9868-57a2d4851a1d" />
    <TestEntry testId="e6115b94-b5dd-5ebe-a46f-350f0ee0a3ec" executionId="c7a071de-99ac-4899-81f8-a2c24c7b904c" testListId="8c84fa94-04c1-424b-9868-57a2d4851a1d" />
    <TestEntry testId="72a92f12-8a56-e5c8-9acf-394d91937dc1" executionId="3f6ef678-0048-4d23-96dc-00bde2ba6875" testListId="8c84fa94-04c1-424b-9868-57a2d4851a1d" />
    <TestEntry testId="babf0bf9-b34f-7ce6-84e8-b734e02e8471" executionId="82d5e508-f45d-42a3-acca-e4282102825a" testListId="8c84fa94-04c1-424b-9868-57a2d4851a1d" />
    <TestEntry testId="124076f7-b5a2-b5e6-c07a-a2c2a2ff8546" executionId="503260a4-d968-4681-aa08-e140a6e19147" testListId="8c84fa94-04c1-424b-9868-57a2d4851a1d" />
    <TestEntry testId="5d8968c0-c446-ccfb-f986-c84f2c662c6b" executionId="ca4f12b2-b35c-4de0-b817-66a3d5a20d1c" testListId="8c84fa94-04c1-424b-9868-57a2d4851a1d" />
    <TestEntry testId="f6e33530-3c35-b326-3724-0decfa258d99" executionId="e3c6bfab-f3be-451e-889c-42f7641706f6" testListId="8c84fa94-04c1-424b-9868-57a2d4851a1d" />
    <TestEntry testId="e0e00737-647c-93c0-9e59-0542e2f33956" executionId="84c65ba6-3d02-4488-acca-c8467656be94" testListId="8c84fa94-04c1-424b-9868-57a2d4851a1d" />
    <TestEntry testId="8a12e40f-3f73-402c-80c2-b2e9b0d31561" executionId="acdcd56d-d29f-4068-8bf2-96568ea0bb03" testListId="8c84fa94-04c1-424b-9868-57a2d4851a1d" />
    <TestEntry testId="9d06168e-f6f2-884c-315f-8920cf4faa08" executionId="014e6c2f-ecae-4cb9-a7c4-7fe2ec1ec62b" testListId="8c84fa94-04c1-424b-9868-57a2d4851a1d" />
    <TestEntry testId="8cc9cd1d-d8d6-261a-cb84-75d9c0a9458e" executionId="ae08ae40-2380-4b92-894e-e2571533a8b8" testListId="8c84fa94-04c1-424b-9868-57a2d4851a1d" />
    <TestEntry testId="3de3a05a-4271-8d51-3735-4a265d0cf742" executionId="9d012190-cf25-4f60-95f0-190f9524a8c2" testListId="8c84fa94-04c1-424b-9868-57a2d4851a1d" />
  </TestEntries>
  <TestLists>
    <TestList name="列表中未列出的结果" id="8c84fa94-04c1-424b-9868-57a2d4851a1d" />
    <TestList name="所有已加载的结果" id="19431567-8539-422a-85d7-44ee4e166bda" />
  </TestLists>
  <ResultSummary outcome="Completed">
    <Counters total="48" executed="48" passed="48" failed="0" error="0" timeout="0" aborted="0" inconclusive="0" passedButRunAborted="0" notRunnable="0" notExecuted="0" disconnected="0" warning="0" completed="0" inProgress="0" pending="0" />
    <Output>
      <StdOut>[xUnit.net 00:00:00.00] xUnit.net VSTest Adapter v2.8.2+699d445a1a (64-bit .NET 6.0.33)&#xD;
[xUnit.net 00:00:00.08]   Discovering: BattleSim.Tests&#xD;
[xUnit.net 00:00:00.15]   Discovered:  BattleSim.Tests&#xD;
[xUnit.net 00:00:00.16]   Starting:    BattleSim.Tests&#xD;
[xUnit.net 00:00:00.78]   Finished:    BattleSim.Tests&#xD;
</StdOut>
    </Output>
  </ResultSummary>
</TestRun>