  正在确定要还原的项目…
  所有项目均是最新的，无法还原。
F:\天命之子\tools\BattleSim.Tests\M1FormulaIsolationTests.cs(86,13): warning xUnit2000: The literal or constant value DamageMath.FeverChannelAtkCoef should be passed as the 'expected' argument in the call to 'Assert.NotEqual(expected, actual)' in method 'FeverDoesNotReadTapCoefficients' on type 'M1FormulaIsolationTests'. Swap the parameter values. [F:\天命之子\tools\BattleSim.Tests\BattleSim.Tests.csproj]
F:\天命之子\tools\BattleSim.Tests\M1FormulaIsolationTests.cs(87,13): warning xUnit2000: The literal or constant value DamageMath.FeverChannelFlat should be passed as the 'expected' argument in the call to 'Assert.NotEqual(expected, actual)' in method 'FeverDoesNotReadTapCoefficients' on type 'M1FormulaIsolationTests'. Swap the parameter values. [F:\天命之子\tools\BattleSim.Tests\BattleSim.Tests.csproj]
  BattleSim.Tests -> F:\天命之子\tools\BattleSim.Tests\bin\Debug\net6.0\BattleSim.Tests.dll
F:\天命之子\tools\BattleSim.Tests\bin\Debug\net6.0\BattleSim.Tests.dll (.NETCoreApp,Version=v6.0)的测试运行
Microsoft (R) 测试执行命令行工具版本 17.3.3 (x64)
版权所有 (C) Microsoft Corporation。保留所有权利。

正在启动测试执行，请稍候...
总共 1 个测试文件与指定模式相匹配。
[xUnit.net 00:00:00.30]     Resonance.Tests.G2TerminalFeverReplayTests.PartialTerminalSnapshot_ReplaysOnlyTheRecordedClockCalls [FAIL]
[xUnit.net 00:00:00.33]     Resonance.Tests.G2TerminalFeverReplayTests.TamperedExpectedFeverActive_CannotChangeTheReplayClock [FAIL]
  失败 Resonance.Tests.G2TerminalFeverReplayTests.PartialTerminalSnapshot_ReplaysOnlyTheRecordedClockCalls [59 ms]
  错误消息:
   Assert.Equal() Failure: Values differ
Expected: 0.150000006
Actual:   0.216666669
  堆栈跟踪:
     at Resonance.Tests.G2TerminalFeverReplayTests.PartialTerminalSnapshot_ReplaysOnlyTheRecordedClockCalls() in F:\天命之子\tools\BattleSim.Tests\G2TerminalFeverReplayTests.cs:line 71
  失败 Resonance.Tests.G2TerminalFeverReplayTests.TamperedExpectedFeverActive_CannotChangeTheReplayClock [2 ms]
  错误消息:
   Assert.Equal() Failure: Values differ
Expected: 0.216666669
Actual:   0
  堆栈跟踪:
     at Resonance.Tests.G2TerminalFeverReplayTests.TamperedExpectedFeverActive_CannotChangeTheReplayClock() in F:\天命之子\tools\BattleSim.Tests\G2TerminalFeverReplayTests.cs:line 88
结果文件: F:\天命之子\DC_RECON_KIT\m1\REVIEW_350e3b6\artifacts\finite-closeout\fever-boundary\boundary-red.trx

失败!  - 失败:     2，通过:     3，已跳过:     0，总计:     5，持续时间: 32 ms - BattleSim.Tests.dll (net6.0)
