<?xml version="1.0" encoding="utf-8"?>
<TestRun id="027ca193-4bb8-4601-9714-7f52134c971a" name="Administrator@DESKTOP-AKI3LSA 2026-09-20 17:54:49" runUser="DESKTOP-AKI3LSA\Administrator" xmlns="http://microsoft.com/schemas/VisualStudio/TeamTest/2010">
  <Times creation="2026-09-20T17:54:49.2144046+08:00" queuing="2026-09-20T17:54:49.2144049+08:00" start="2026-09-20T17:54:48.5076173+08:00" finish="2026-09-20T17:54:49.2840203+08:00" />
  <TestSettings name="default" id="f780b698-576d-4ce7-a284-ec02199385e4">
    <Deployment runDeploymentRoot="Administrator_DESKTOP-AKI3LSA_2026-09-20_17_54_49" />
  </TestSettings>
  <Results>
    <UnitTestResult executionId="9f59ea32-d3f3-4b75-985c-5ffc5c9cd17b" testId="6932dfdb-7f50-a647-1f45-b7217daf1f13" testName="Resonance.Tests.G2TerminalFeverReplayTests.MalformedBoundaryRows_AreRejected(replacement: &quot;{\&quot;rec\&quot;:\&quot;boundary\&quot;,\&quot;battleTickIndex\&quot;:1}&quot;)" computerName="DESKTOP-AKI3LSA" duration="00:00:00.0010088" startTime="2026-09-20T17:54:49.2037492+08:00" endTime="2026-09-20T17:54:49.2037493+08:00" testType="13cdc9d9-ddb5-4fa4-a97d-d965ccfc6d4b" outcome="Passed" testListId="8c84fa94-04c1-424b-9868-57a2d4851a1d" relativeResultsDirectory="9f59ea32-d3f3-4b75-985c-5ffc5c9cd17b" />
    <UnitTestResult executionId="dd66b9ec-de26-4dc4-ae4b-1105db085147" testId="5decdfa1-7a59-7a0b-169e-c7314303a0c9" testName="Resonance.Tests.G2TerminalFeverReplayTests.MalformedBoundaryRows_AreRejected(replacement: &quot;{\&quot;rec\&quot;:\&quot;boundary\&quot;,\&quot;terminalFeverTicks\&quot;:0}&quot;)" computerName="DESKTOP-AKI3LSA" duration="00:00:00.0036678" startTime="2026-09-20T17:54:49.2007751+08:00" endTime="2026-09-20T17:54:49.2007753+08:00" testType="13cdc9d9-ddb5-4fa4-a97d-d965ccfc6d4b" outcome="Passed" testListId="8c84fa94-04c1-424b-9868-57a2d4851a1d" relativeResultsDirectory="dd66b9ec-de26-4dc4-ae4b-1105db085147" />
    <UnitTestResult executionId="2585056f-f54d-4d8a-911e-08dbc382b8fa" testId="5455ded9-9691-d4d6-1ae9-356cd41e9fc7" testName="Resonance.Tests.G2TerminalFeverReplayTests.InvalidTerminalCommandOffsets_AreRejected(corruption: &quot;beyond&quot;)" computerName="DESKTOP-AKI3LSA" duration="00:00:00.0036779" startTime="2026-09-20T17:54:49.1526558+08:00" endTime="2026-09-20T17:54:49.1526559+08:00" testType="13cdc9d9-ddb5-4fa4-a97d-d965ccfc6d4b" outcome="Passed" testListId="8c84fa94-04c1-424b-9868-57a2d4851a1d" relativeResultsDirectory="2585056f-f54d-4d8a-911e-08dbc382b8fa" />
    <UnitTestResult executionId="a8023c0f-4e40-4360-9907-2a8f997c6516" testId="a3b20f20-1c7b-1d64-aeb6-f957a9d8db79" testName="Resonance.Tests.G2TerminalFeverReplayTests.SettledTerminalRecord_ReplaysFeverEndAtTheResultTick" computerName="DESKTOP-AKI3LSA" duration="00:00:00.0030986" startTime="2026-09-20T17:54:49.2399928+08:00" endTime="2026-09-20T17:54:49.2399929+08:00" testType="13cdc9d9-ddb5-4fa4-a97d-d965ccfc6d4b" outcome="Passed" testListId="8c84fa94-04c1-424b-9868-57a2d4851a1d" relativeResultsDirectory="a8023c0f-4e40-4360-9907-2a8f997c6516" />
    <UnitTestResult executionId="4061860c-0b35-47f8-a5a5-de8f87857fb3" testId="2a42cd3a-8f19-c788-9649-353a7e49dcfc" testName="Resonance.Tests.G2TerminalFeverReplayTests.CapturedBoundary_IsAnIndependentValueAndSurvivesSerialization" computerName="DESKTOP-AKI3LSA" duration="00:00:00.0021254" startTime="2026-09-20T17:54:49.2080235+08:00" endTime="2026-09-20T17:54:49.2080236+08:00" testType="13cdc9d9-ddb5-4fa4-a97d-d965ccfc6d4b" outcome="Passed" testListId="8c84fa94-04c1-424b-9868-57a2d4851a1d" relativeResultsDirectory="4061860c-0b35-47f8-a5a5-de8f87857fb3" />
    <UnitTestResult executionId="91ebd808-1853-4e8b-aca9-08da25163b5d" testId="e3dab7ef-33cb-7a16-5907-3a5d3376769f" testName="Resonance.Tests.G2TerminalFeverReplayTests.DuplicateBoundaryError_CannotBeRemovedByReserializingTheRecord" computerName="DESKTOP-AKI3LSA" duration="00:00:00.0019359" startTime="2026-09-20T17:54:49.2368249+08:00" endTime="2026-09-20T17:54:49.2368251+08:00" testType="13cdc9d9-ddb5-4fa4-a97d-d965ccfc6d4b" outcome="Passed" testListId="8c84fa94-04c1-424b-9868-57a2d4851a1d" relativeResultsDirectory="91ebd808-1853-4e8b-aca9-08da25163b5d" />
    <UnitTestResult executionId="49c5fc95-7ca2-4817-aab9-c937730294fb" testId="a532e7aa-4d00-ce2e-3dde-070736e4072a" testName="Resonance.Tests.G2TerminalFeverReplayTests.TerminalClock_DoesNotDealDamageOrEmitAnotherResult(auto: Manual)" computerName="DESKTOP-AKI3LSA" duration="00:00:00.0055480" startTime="2026-09-20T17:54:49.2149580+08:00" endTime="2026-09-20T17:54:49.2149583+08:00" testType="13cdc9d9-ddb5-4fa4-a97d-d965ccfc6d4b" outcome="Passed" testListId="8c84fa94-04c1-424b-9868-57a2d4851a1d" relativeResultsDirectory="49c5fc95-7ca2-4817-aab9-c937730294fb" />
    <UnitTestResult executionId="ba4e6870-aee8-404a-9060-09c095dbe149" testId="78fb5390-56da-be2c-3ad6-e79173dd184a" testName="Resonance.Tests.G2TerminalFeverReplayTests.TamperedExpectedFeverActive_CannotChangeTheReplayClock" computerName="DESKTOP-AKI3LSA" duration="00:00:00.0023968" startTime="2026-09-20T17:54:49.2426739+08:00" endTime="2026-09-20T17:54:49.2426741+08:00" testType="13cdc9d9-ddb5-4fa4-a97d-d965ccfc6d4b" outcome="Passed" testListId="8c84fa94-04c1-424b-9868-57a2d4851a1d" relativeResultsDirectory="ba4e6870-aee8-404a-9060-09c095dbe149" />
    <UnitTestResult executionId="32ca5371-d9ef-4837-86b7-ecdabb48763b" testId="9c5d18e3-f8b0-2373-a92d-766de1252590" testName="Resonance.Tests.G2TerminalFeverReplayTests.MalformedBoundaryRows_AreRejected(replacement: &quot;{\&quot;rec\&quot;:\&quot;boundary\&quot;,\&quot;battleTickIndex\&quot;:1,\&quot;term&quot;···)" computerName="DESKTOP-AKI3LSA" duration="00:00:00.0012902" startTime="2026-09-20T17:54:49.1970326+08:00" endTime="2026-09-20T17:54:49.1970327+08:00" testType="13cdc9d9-ddb5-4fa4-a97d-d965ccfc6d4b" outcome="Passed" testListId="8c84fa94-04c1-424b-9868-57a2d4851a1d" relativeResultsDirectory="32ca5371-d9ef-4837-86b7-ecdabb48763b" />
    <UnitTestResult executionId="ef5b810d-d848-474f-9cf4-88e0e1f8ed1d" testId="711f0d35-82cb-d173-fa47-b21cbfa6e6ba" testName="Resonance.Tests.G2TerminalFeverReplayTests.MissingLegacyBoundary_StillAllowsOrdinaryNoTailRecords" computerName="DESKTOP-AKI3LSA" duration="00:00:00.0014096" startTime="2026-09-20T17:54:49.1736196+08:00" endTime="2026-09-20T17:54:49.1736197+08:00" testType="13cdc9d9-ddb5-4fa4-a97d-d965ccfc6d4b" outcome="Passed" testListId="8c84fa94-04c1-424b-9868-57a2d4851a1d" relativeResultsDirectory="ef5b810d-d848-474f-9cf4-88e0e1f8ed1d" />
    <UnitTestResult executionId="b5407b6b-55c6-45b2-b09c-a23f198a3bf9" testId="e4100467-837e-c5fc-9227-81f88cabb91b" testName="Resonance.Tests.G2TerminalFeverReplayTests.TamperedExpectedOutcome_CannotPreventTheRecordedClockCalls" computerName="DESKTOP-AKI3LSA" duration="00:00:00.0097492" startTime="2026-09-20T17:54:49.1688834+08:00" endTime="2026-09-20T17:54:49.1688835+08:00" testType="13cdc9d9-ddb5-4fa4-a97d-d965ccfc6d4b" outcome="Passed" testListId="8c84fa94-04c1-424b-9868-57a2d4851a1d" relativeResultsDirectory="b5407b6b-55c6-45b2-b09c-a23f198a3bf9" />
    <UnitTestResult executionId="f360200d-e791-4169-ab09-866133177fb5" testId="07db9d37-54f1-1082-368d-6c44ab47b4bb" testName="Resonance.Tests.G2TerminalFeverReplayTests.TerminalClock_DoesNotDealDamageOrEmitAnotherResult(auto: Full)" computerName="DESKTOP-AKI3LSA" duration="00:00:00.0016188" startTime="2026-09-20T17:54:49.2166525+08:00" endTime="2026-09-20T17:54:49.2166527+08:00" testType="13cdc9d9-ddb5-4fa4-a97d-d965ccfc6d4b" outcome="Passed" testListId="8c84fa94-04c1-424b-9868-57a2d4851a1d" relativeResultsDirectory="f360200d-e791-4169-ab09-866133177fb5" />
    <UnitTestResult executionId="996c2203-c2f2-4ad3-bfc2-c43e30e29c1c" testId="09f0f15f-8949-c87e-83ca-80aa4ee42643" testName="Resonance.Tests.G2TerminalFeverReplayTests.InvalidTerminalCommandOffsets_AreRejected(corruption: &quot;missing&quot;)" computerName="DESKTOP-AKI3LSA" duration="00:00:00.0022991" startTime="2026-09-20T17:54:49.1488863+08:00" endTime="2026-09-20T17:54:49.1488864+08:00" testType="13cdc9d9-ddb5-4fa4-a97d-d965ccfc6d4b" outcome="Passed" testListId="8c84fa94-04c1-424b-9868-57a2d4851a1d" relativeResultsDirectory="996c2203-c2f2-4ad3-bfc2-c43e30e29c1c" />
    <UnitTestResult executionId="a7877499-f8d7-45dc-90aa-afab4a29933c" testId="f5cf319a-5401-0352-8b8b-005de3fdc55e" testName="Resonance.Tests.G2TerminalFeverReplayTests.TerminalSpeedChange_ReplaysBetweenItsRecordedClockCalls" computerName="DESKTOP-AKI3LSA" duration="00:00:00.0013346" startTime="2026-09-20T17:54:49.2192422+08:00" endTime="2026-09-20T17:54:49.2192424+08:00" testType="13cdc9d9-ddb5-4fa4-a97d-d965ccfc6d4b" outcome="Passed" testListId="8c84fa94-04c1-424b-9868-57a2d4851a1d" relativeResultsDirectory="a7877499-f8d7-45dc-90aa-afab4a29933c" />
    <UnitTestResult executionId="64c3f461-805f-45e8-b4a5-fd885919bdd4" testId="ec39203c-9e64-c153-ce3c-9f4e91e6c037" testName="Resonance.Tests.G2TerminalFeverReplayTests.ClockCounter_ExcludesBattleTicksPausedAndInactiveCalls" computerName="DESKTOP-AKI3LSA" duration="00:00:00.0005159" startTime="2026-09-20T17:54:49.1956721+08:00" endTime="2026-09-20T17:54:49.1956723+08:00" testType="13cdc9d9-ddb5-4fa4-a97d-d965ccfc6d4b" outcome="Passed" testListId="8c84fa94-04c1-424b-9868-57a2d4851a1d" relativeResultsDirectory="64c3f461-805f-45e8-b4a5-fd885919bdd4" />
    <UnitTestResult executionId="e34abef4-e936-4ad6-8395-b88a02bcc521" testId="4c9f2ec0-0dbf-2904-0452-2ff2a530d9c4" testName="Resonance.Tests.G2TerminalFeverReplayTests.PartialTerminalSnapshot_ReplaysOnlyTheRecordedClockCalls" computerName="DESKTOP-AKI3LSA" duration="00:00:00.0045006" startTime="2026-09-20T17:54:49.1590584+08:00" endTime="2026-09-20T17:54:49.1590585+08:00" testType="13cdc9d9-ddb5-4fa4-a97d-d965ccfc6d4b" outcome="Passed" testListId="8c84fa94-04c1-424b-9868-57a2d4851a1d" relativeResultsDirectory="e34abef4-e936-4ad6-8395-b88a02bcc521" />
    <UnitTestResult executionId="be7287e6-00b8-41ce-b8a5-d27994f1d3d5" testId="102b20fe-61a4-1ed7-8f6b-128a5c61b83b" testName="Resonance.Tests.G2TerminalFeverReplayTests.TerminalSpeedAndAutoChanges_PreserveSameOffsetSequenceAndClockSegments" computerName="DESKTOP-AKI3LSA" duration="00:00:00.0065354" startTime="2026-09-20T17:54:49.2278337+08:00" endTime="2026-09-20T17:54:49.2278340+08:00" testType="13cdc9d9-ddb5-4fa4-a97d-d965ccfc6d4b" outcome="Passed" testListId="8c84fa94-04c1-424b-9868-57a2d4851a1d" relativeResultsDirectory="be7287e6-00b8-41ce-b8a5-d27994f1d3d5" />
    <UnitTestResult executionId="cb7092f0-4900-40d0-a449-800e52f67dcf" testId="1cdca60e-578e-d1f3-92e2-56a70d9f53fc" testName="Resonance.Tests.G2TerminalFeverReplayTests.InvalidRecordedBoundary_FailsWithoutAdvancingTheClock(calls: -1)" computerName="DESKTOP-AKI3LSA" duration="00:00:00.0012629" startTime="2026-09-20T17:54:49.1702282+08:00" endTime="2026-09-20T17:54:49.1702283+08:00" testType="13cdc9d9-ddb5-4fa4-a97d-d965ccfc6d4b" outcome="Passed" testListId="8c84fa94-04c1-424b-9868-57a2d4851a1d" relativeResultsDirectory="cb7092f0-4900-40d0-a449-800e52f67dcf" />
    <UnitTestResult executionId="57101e9e-818e-48ee-bc96-5345443b4b7f" testId="1a73f357-7186-3003-0ab6-0460f60d3d17" testName="Resonance.Tests.G2TerminalFeverReplayTests.TerminalClock_DoesNotDealDamageOrEmitAnotherResult(auto: Semi)" computerName="DESKTOP-AKI3LSA" duration="00:00:00.0011454" startTime="2026-09-20T17:54:49.2178533+08:00" endTime="2026-09-20T17:54:49.2178534+08:00" testType="13cdc9d9-ddb5-4fa4-a97d-d965ccfc6d4b" outcome="Passed" testListId="8c84fa94-04c1-424b-9868-57a2d4851a1d" relativeResultsDirectory="57101e9e-818e-48ee-bc96-5345443b4b7f" />
    <UnitTestResult executionId="11346b2b-3074-480b-aa7f-a96b48ee9da4" testId="de038d7c-ec1d-3890-6d00-f9cd510d58f6" testName="Resonance.Tests.G2TerminalFeverReplayTests.InvalidTerminalCommandOffsets_AreRejected(corruption: &quot;negative&quot;)" computerName="DESKTOP-AKI3LSA" duration="00:00:00.0013617" startTime="2026-09-20T17:54:49.1543001+08:00" endTime="2026-09-20T17:54:49.1543002+08:00" testType="13cdc9d9-ddb5-4fa4-a97d-d965ccfc6d4b" outcome="Passed" testListId="8c84fa94-04c1-424b-9868-57a2d4851a1d" relativeResultsDirectory="11346b2b-3074-480b-aa7f-a96b48ee9da4" />
    <UnitTestResult executionId="f99d3ae5-15b6-4436-8436-e6e4e31ece86" testId="87d0a371-01f4-fd40-99f6-61a89a6adadb" testName="Resonance.Tests.G2TerminalFeverReplayTests.TamperedExpectedEvents_CannotChangeTheReplayClockOrEvents" computerName="DESKTOP-AKI3LSA" duration="00:00:00.0020159" startTime="2026-09-20T17:54:49.2058266+08:00" endTime="2026-09-20T17:54:49.2058267+08:00" testType="13cdc9d9-ddb5-4fa4-a97d-d965ccfc6d4b" outcome="Passed" testListId="8c84fa94-04c1-424b-9868-57a2d4851a1d" relativeResultsDirectory="f99d3ae5-15b6-4436-8436-e6e4e31ece86" />
    <UnitTestResult executionId="6d19f1f0-15a8-4f09-b54c-0f6a0fb09a93" testId="87023b8f-fb05-6e05-fd9f-b9b6fa02a928" testName="Resonance.Tests.G2TerminalFeverReplayTests.InvalidRecordedBoundary_FailsWithoutAdvancingTheClock(calls: 2147483647)" computerName="DESKTOP-AKI3LSA" duration="00:00:00.0018369" startTime="2026-09-20T17:54:49.1721429+08:00" endTime="2026-09-20T17:54:49.1721431+08:00" testType="13cdc9d9-ddb5-4fa4-a97d-d965ccfc6d4b" outcome="Passed" testListId="8c84fa94-04c1-424b-9868-57a2d4851a1d" relativeResultsDirectory="6d19f1f0-15a8-4f09-b54c-0f6a0fb09a93" />
    <UnitTestResult executionId="6648f8bb-4ccf-4e2f-9cb7-a7550c77f16a" testId="e082fc3e-307c-3b2a-e50b-aee7580656a4" testName="Resonance.Tests.G2TerminalFeverReplayTests.MalformedBoundaryRows_AreRejected(replacement: &quot;{\&quot;rec\&quot;:\&quot;boundary\&quot;,\&quot;battleTickIndex\&quot;:1,\&quot;term&quot;···)" computerName="DESKTOP-AKI3LSA" duration="00:00:00.0009216" startTime="2026-09-20T17:54:49.2017608+08:00" endTime="2026-09-20T17:54:49.2017609+08:00" testType="13cdc9d9-ddb5-4fa4-a97d-d965ccfc6d4b" outcome="Passed" testListId="8c84fa94-04c1-424b-9868-57a2d4851a1d" relativeResultsDirectory="6648f8bb-4ccf-4e2f-9cb7-a7550c77f16a" />
    <UnitTestResult executionId="02822f98-bf27-4752-af3b-fd9013727eba" testId="d24f4a72-60f5-ce00-9ea8-ee060ae04fc2" testName="Resonance.Tests.G2TerminalFeverReplayTests.MissingLegacyBoundary_DoesNotInferSettledFeverFromExpectedOutput" computerName="DESKTOP-AKI3LSA" duration="00:00:00.0068806" startTime="2026-09-20T17:54:49.2348073+08:00" endTime="2026-09-20T17:54:49.2348075+08:00" testType="13cdc9d9-ddb5-4fa4-a97d-d965ccfc6d4b" outcome="Passed" testListId="8c84fa94-04c1-424b-9868-57a2d4851a1d" relativeResultsDirectory="02822f98-bf27-4752-af3b-fd9013727eba" />
    <UnitTestResult executionId="6dda8869-925e-4d1b-9751-26b9d7ac266e" testId="2e8ecd0d-7790-2c6b-d54b-f871abcd34bb" testName="Resonance.Tests.G2TerminalFeverReplayTests.InvalidTerminalCommandOffsets_AreRejected(corruption: &quot;backwards&quot;)" computerName="DESKTOP-AKI3LSA" duration="00:00:00.0507942" startTime="2026-09-20T17:54:49.1434300+08:00" endTime="2026-09-20T17:54:49.1434431+08:00" testType="13cdc9d9-ddb5-4fa4-a97d-d965ccfc6d4b" outcome="Passed" testListId="8c84fa94-04c1-424b-9868-57a2d4851a1d" relativeResultsDirectory="6dda8869-925e-4d1b-9751-26b9d7ac266e" />
    <UnitTestResult executionId="dd6479fa-84f1-4fea-b017-47c89ecdb023" testId="0873813e-dd4c-31a3-02d2-73aa12796760" testName="Resonance.Tests.G2TerminalFeverReplayTests.TamperedExpectedTickIndex_CannotChangeTheReplayBoundary" computerName="DESKTOP-AKI3LSA" duration="00:00:00.0038001" startTime="2026-09-20T17:54:49.1949056+08:00" endTime="2026-09-20T17:54:49.1949060+08:00" testType="13cdc9d9-ddb5-4fa4-a97d-d965ccfc6d4b" outcome="Passed" testListId="8c84fa94-04c1-424b-9868-57a2d4851a1d" relativeResultsDirectory="dd6479fa-84f1-4fea-b017-47c89ecdb023" />
    <UnitTestResult executionId="a40908a2-7ebe-4cc2-8299-982deed9d8aa" testId="24f33973-393f-4a17-e744-6797dffcfa35" testName="Resonance.Tests.G2TerminalFeverReplayTests.MalformedBoundaryRows_AreRejected(replacement: &quot;{\&quot;rec\&quot;:\&quot;boundary\&quot;,\&quot;battleTickIndex\&quot;:1,\&quot;term&quot;···)" computerName="DESKTOP-AKI3LSA" duration="00:00:00.0008894" startTime="2026-09-20T17:54:49.2026974+08:00" endTime="2026-09-20T17:54:49.2026974+08:00" testType="13cdc9d9-ddb5-4fa4-a97d-d965ccfc6d4b" outcome="Passed" testListId="8c84fa94-04c1-424b-9868-57a2d4851a1d" relativeResultsDirectory="a40908a2-7ebe-4cc2-8299-982deed9d8aa" />
    <UnitTestResult executionId="4d60d10a-beca-48d4-90e1-cf65a2c7e221" testId="0e1df0e6-5bef-a26d-6284-761e6049d6da" testName="Resonance.Tests.G2TerminalFeverReplayTests.ActiveTerminalSnapshot_DoesNotAdvanceFeverBeyondTheRecord" computerName="DESKTOP-AKI3LSA" duration="00:00:00.0019001" startTime="2026-09-20T17:54:49.2212067+08:00" endTime="2026-09-20T17:54:49.2212069+08:00" testType="13cdc9d9-ddb5-4fa4-a97d-d965ccfc6d4b" outcome="Passed" testListId="8c84fa94-04c1-424b-9868-57a2d4851a1d" relativeResultsDirectory="4d60d10a-beca-48d4-90e1-cf65a2c7e221" />
  </Results>
  <TestDefinitions>
    <UnitTest name="Resonance.Tests.G2TerminalFeverReplayTests.CapturedBoundary_IsAnIndependentValueAndSurvivesSerialization" storage="f:\天命之子\tools\battlesim.tests\bin\debug\net6.0\battlesim.tests.dll" id="2a42cd3a-8f19-c788-9649-353a7e49dcfc">
      <Execution id="4061860c-0b35-47f8-a5a5-de8f87857fb3" />
      <TestMethod codeBase="F:\天命之子\tools\BattleSim.Tests\bin\Debug\net6.0\BattleSim.Tests.dll" adapterTypeName="executor://xunit/VsTestRunner2/netcoreapp" className="Resonance.Tests.G2TerminalFeverReplayTests" name="CapturedBoundary_IsAnIndependentValueAndSurvivesSerialization" />
    </UnitTest>
    <UnitTest name="Resonance.Tests.G2TerminalFeverReplayTests.InvalidTerminalCommandOffsets_AreRejected(corruption: &quot;missing&quot;)" storage="f:\天命之子\tools\battlesim.tests\bin\debug\net6.0\battlesim.tests.dll" id="09f0f15f-8949-c87e-83ca-80aa4ee42643">
      <Execution id="996c2203-c2f2-4ad3-bfc2-c43e30e29c1c" />
      <TestMethod codeBase="F:\天命之子\tools\BattleSim.Tests\bin\Debug\net6.0\BattleSim.Tests.dll" adapterTypeName="executor://xunit/VsTestRunner2/netcoreapp" className="Resonance.Tests.G2TerminalFeverReplayTests" name="InvalidTerminalCommandOffsets_AreRejected" />
    </UnitTest>
    <UnitTest name="Resonance.Tests.G2TerminalFeverReplayTests.MissingLegacyBoundary_DoesNotInferSettledFeverFromExpectedOutput" storage="f:\天命之子\tools\battlesim.tests\bin\debug\net6.0\battlesim.tests.dll" id="d24f4a72-60f5-ce00-9ea8-ee060ae04fc2">
      <Execution id="02822f98-bf27-4752-af3b-fd9013727eba" />
      <TestMethod codeBase="F:\天命之子\tools\BattleSim.Tests\bin\Debug\net6.0\BattleSim.Tests.dll" adapterTypeName="executor://xunit/VsTestRunner2/netcoreapp" className="Resonance.Tests.G2TerminalFeverReplayTests" name="MissingLegacyBoundary_DoesNotInferSettledFeverFromExpectedOutput" />
    </UnitTest>
    <UnitTest name="Resonance.Tests.G2TerminalFeverReplayTests.MalformedBoundaryRows_AreRejected(replacement: &quot;{\&quot;rec\&quot;:\&quot;boundary\&quot;,\&quot;battleTickIndex\&quot;:1,\&quot;term&quot;···)" storage="f:\天命之子\tools\battlesim.tests\bin\debug\net6.0\battlesim.tests.dll" id="e082fc3e-307c-3b2a-e50b-aee7580656a4">
      <Execution id="6648f8bb-4ccf-4e2f-9cb7-a7550c77f16a" />
      <TestMethod codeBase="F:\天命之子\tools\BattleSim.Tests\bin\Debug\net6.0\BattleSim.Tests.dll" adapterTypeName="executor://xunit/VsTestRunner2/netcoreapp" className="Resonance.Tests.G2TerminalFeverReplayTests" name="MalformedBoundaryRows_AreRejected" />
    </UnitTest>
    <UnitTest name="Resonance.Tests.G2TerminalFeverReplayTests.TerminalClock_DoesNotDealDamageOrEmitAnotherResult(auto: Full)" storage="f:\天命之子\tools\battlesim.tests\bin\debug\net6.0\battlesim.tests.dll" id="07db9d37-54f1-1082-368d-6c44ab47b4bb">
      <Execution id="f360200d-e791-4169-ab09-866133177fb5" />
      <TestMethod codeBase="F:\天命之子\tools\BattleSim.Tests\bin\Debug\net6.0\BattleSim.Tests.dll" adapterTypeName="executor://xunit/VsTestRunner2/netcoreapp" className="Resonance.Tests.G2TerminalFeverReplayTests" name="TerminalClock_DoesNotDealDamageOrEmitAnotherResult" />
    </UnitTest>
    <UnitTest name="Resonance.Tests.G2TerminalFeverReplayTests.TamperedExpectedFeverActive_CannotChangeTheReplayClock" storage="f:\天命之子\tools\battlesim.tests\bin\debug\net6.0\battlesim.tests.dll" id="78fb5390-56da-be2c-3ad6-e79173dd184a">
      <Execution id="ba4e6870-aee8-404a-9060-09c095dbe149" />
      <TestMethod codeBase="F:\天命之子\tools\BattleSim.Tests\bin\Debug\net6.0\BattleSim.Tests.dll" adapterTypeName="executor://xunit/VsTestRunner2/netcoreapp" className="Resonance.Tests.G2TerminalFeverReplayTests" name="TamperedExpectedFeverActive_CannotChangeTheReplayClock" />
    </UnitTest>
    <UnitTest name="Resonance.Tests.G2TerminalFeverReplayTests.DuplicateBoundaryError_CannotBeRemovedByReserializingTheRecord" storage="f:\天命之子\tools\battlesim.tests\bin\debug\net6.0\battlesim.tests.dll" id="e3dab7ef-33cb-7a16-5907-3a5d3376769f">
      <Execution id="91ebd808-1853-4e8b-aca9-08da25163b5d" />
      <TestMethod codeBase="F:\天命之子\tools\BattleSim.Tests\bin\Debug\net6.0\BattleSim.Tests.dll" adapterTypeName="executor://xunit/VsTestRunner2/netcoreapp" className="Resonance.Tests.G2TerminalFeverReplayTests" name="DuplicateBoundaryError_CannotBeRemovedByReserializingTheRecord" />
    </UnitTest>
    <UnitTest name="Resonance.Tests.G2TerminalFeverReplayTests.SettledTerminalRecord_ReplaysFeverEndAtTheResultTick" storage="f:\天命之子\tools\battlesim.tests\bin\debug\net6.0\battlesim.tests.dll" id="a3b20f20-1c7b-1d64-aeb6-f957a9d8db79">
      <Execution id="a8023c0f-4e40-4360-9907-2a8f997c6516" />
      <TestMethod codeBase="F:\天命之子\tools\BattleSim.Tests\bin\Debug\net6.0\BattleSim.Tests.dll" adapterTypeName="executor://xunit/VsTestRunner2/netcoreapp" className="Resonance.Tests.G2TerminalFeverReplayTests" name="SettledTerminalRecord_ReplaysFeverEndAtTheResultTick" />
    </UnitTest>
    <UnitTest name="Resonance.Tests.G2TerminalFeverReplayTests.InvalidTerminalCommandOffsets_AreRejected(corruption: &quot;beyond&quot;)" storage="f:\天命之子\tools\battlesim.tests\bin\debug\net6.0\battlesim.tests.dll" id="5455ded9-9691-d4d6-1ae9-356cd41e9fc7">
      <Execution id="2585056f-f54d-4d8a-911e-08dbc382b8fa" />
      <TestMethod codeBase="F:\天命之子\tools\BattleSim.Tests\bin\Debug\net6.0\BattleSim.Tests.dll" adapterTypeName="executor://xunit/VsTestRunner2/netcoreapp" className="Resonance.Tests.G2TerminalFeverReplayTests" name="InvalidTerminalCommandOffsets_AreRejected" />
    </UnitTest>
    <UnitTest name="Resonance.Tests.G2TerminalFeverReplayTests.ActiveTerminalSnapshot_DoesNotAdvanceFeverBeyondTheRecord" storage="f:\天命之子\tools\battlesim.tests\bin\debug\net6.0\battlesim.tests.dll" id="0e1df0e6-5bef-a26d-6284-761e6049d6da">
      <Execution id="4d60d10a-beca-48d4-90e1-cf65a2c7e221" />
      <TestMethod codeBase="F:\天命之子\tools\BattleSim.Tests\bin\Debug\net6.0\BattleSim.Tests.dll" adapterTypeName="executor://xunit/VsTestRunner2/netcoreapp" className="Resonance.Tests.G2TerminalFeverReplayTests" name="ActiveTerminalSnapshot_DoesNotAdvanceFeverBeyondTheRecord" />
    </UnitTest>
    <UnitTest name="Resonance.Tests.G2TerminalFeverReplayTests.TamperedExpectedEvents_CannotChangeTheReplayClockOrEvents" storage="f:\天命之子\tools\battlesim.tests\bin\debug\net6.0\battlesim.tests.dll" id="87d0a371-01f4-fd40-99f6-61a89a6adadb">
      <Execution id="f99d3ae5-15b6-4436-8436-e6e4e31ece86" />
      <TestMethod codeBase="F:\天命之子\tools\BattleSim.Tests\bin\Debug\net6.0\BattleSim.Tests.dll" adapterTypeName="executor://xunit/VsTestRunner2/netcoreapp" className="Resonance.Tests.G2TerminalFeverReplayTests" name="TamperedExpectedEvents_CannotChangeTheReplayClockOrEvents" />
    </UnitTest>
    <UnitTest name="Resonance.Tests.G2TerminalFeverReplayTests.ClockCounter_ExcludesBattleTicksPausedAndInactiveCalls" storage="f:\天命之子\tools\battlesim.tests\bin\debug\net6.0\battlesim.tests.dll" id="ec39203c-9e64-c153-ce3c-9f4e91e6c037">
      <Execution id="64c3f461-805f-45e8-b4a5-fd885919bdd4" />
      <TestMethod codeBase="F:\天命之子\tools\BattleSim.Tests\bin\Debug\net6.0\BattleSim.Tests.dll" adapterTypeName="executor://xunit/VsTestRunner2/netcoreapp" className="Resonance.Tests.G2TerminalFeverReplayTests" name="ClockCounter_ExcludesBattleTicksPausedAndInactiveCalls" />
    </UnitTest>
    <UnitTest name="Resonance.Tests.G2TerminalFeverReplayTests.TamperedExpectedTickIndex_CannotChangeTheReplayBoundary" storage="f:\天命之子\tools\battlesim.tests\bin\debug\net6.0\battlesim.tests.dll" id="0873813e-dd4c-31a3-02d2-73aa12796760">
      <Execution id="dd6479fa-84f1-4fea-b017-47c89ecdb023" />
      <TestMethod codeBase="F:\天命之子\tools\BattleSim.Tests\bin\Debug\net6.0\BattleSim.Tests.dll" adapterTypeName="executor://xunit/VsTestRunner2/netcoreapp" className="Resonance.Tests.G2TerminalFeverReplayTests" name="TamperedExpectedTickIndex_CannotChangeTheReplayBoundary" />
    </UnitTest>
    <UnitTest name="Resonance.Tests.G2TerminalFeverReplayTests.InvalidRecordedBoundary_FailsWithoutAdvancingTheClock(calls: 2147483647)" storage="f:\天命之子\tools\battlesim.tests\bin\debug\net6.0\battlesim.tests.dll" id="87023b8f-fb05-6e05-fd9f-b9b6fa02a928">
      <Execution id="6d19f1f0-15a8-4f09-b54c-0f6a0fb09a93" />
      <TestMethod codeBase="F:\天命之子\tools\BattleSim.Tests\bin\Debug\net6.0\BattleSim.Tests.dll" adapterTypeName="executor://xunit/VsTestRunner2/netcoreapp" className="Resonance.Tests.G2TerminalFeverReplayTests" name="InvalidRecordedBoundary_FailsWithoutAdvancingTheClock" />
    </UnitTest>
    <UnitTest name="Resonance.Tests.G2TerminalFeverReplayTests.TamperedExpectedOutcome_CannotPreventTheRecordedClockCalls" storage="f:\天命之子\tools\battlesim.tests\bin\debug\net6.0\battlesim.tests.dll" id="e4100467-837e-c5fc-9227-81f88cabb91b">
      <Execution id="b5407b6b-55c6-45b2-b09c-a23f198a3bf9" />
      <TestMethod codeBase="F:\天命之子\tools\BattleSim.Tests\bin\Debug\net6.0\BattleSim.Tests.dll" adapterTypeName="executor://xunit/VsTestRunner2/netcoreapp" className="Resonance.Tests.G2TerminalFeverReplayTests" name="TamperedExpectedOutcome_CannotPreventTheRecordedClockCalls" />
    </UnitTest>
    <UnitTest name="Resonance.Tests.G2TerminalFeverReplayTests.TerminalClock_DoesNotDealDamageOrEmitAnotherResult(auto: Semi)" storage="f:\天命之子\tools\battlesim.tests\bin\debug\net6.0\battlesim.tests.dll" id="1a73f357-7186-3003-0ab6-0460f60d3d17">
      <Execution id="57101e9e-818e-48ee-bc96-5345443b4b7f" />
      <TestMethod codeBase="F:\天命之子\tools\BattleSim.Tests\bin\Debug\net6.0\BattleSim.Tests.dll" adapterTypeName="executor://xunit/VsTestRunner2/netcoreapp" className="Resonance.Tests.G2TerminalFeverReplayTests" name="TerminalClock_DoesNotDealDamageOrEmitAnotherResult" />
    </UnitTest>
    <UnitTest name="Resonance.Tests.G2TerminalFeverReplayTests.MalformedBoundaryRows_AreRejected(replacement: &quot;{\&quot;rec\&quot;:\&quot;boundary\&quot;,\&quot;battleTickIndex\&quot;:1}&quot;)" storage="f:\天命之子\tools\battlesim.tests\bin\debug\net6.0\battlesim.tests.dll" id="6932dfdb-7f50-a647-1f45-b7217daf1f13">
      <Execution id="9f59ea32-d3f3-4b75-985c-5ffc5c9cd17b" />
      <TestMethod codeBase="F:\天命之子\tools\BattleSim.Tests\bin\Debug\net6.0\BattleSim.Tests.dll" adapterTypeName="executor://xunit/VsTestRunner2/netcoreapp" className="Resonance.Tests.G2TerminalFeverReplayTests" name="MalformedBoundaryRows_AreRejected" />
    </UnitTest>
    <UnitTest name="Resonance.Tests.G2TerminalFeverReplayTests.PartialTerminalSnapshot_ReplaysOnlyTheRecordedClockCalls" storage="f:\天命之子\tools\battlesim.tests\bin\debug\net6.0\battlesim.tests.dll" id="4c9f2ec0-0dbf-2904-0452-2ff2a530d9c4">
      <Execution id="e34abef4-e936-4ad6-8395-b88a02bcc521" />
      <TestMethod codeBase="F:\天命之子\tools\BattleSim.Tests\bin\Debug\net6.0\BattleSim.Tests.dll" adapterTypeName="executor://xunit/VsTestRunner2/netcoreapp" className="Resonance.Tests.G2TerminalFeverReplayTests" name="PartialTerminalSnapshot_ReplaysOnlyTheRecordedClockCalls" />
    </UnitTest>
    <UnitTest name="Resonance.Tests.G2TerminalFeverReplayTests.TerminalClock_DoesNotDealDamageOrEmitAnotherResult(auto: Manual)" storage="f:\天命之子\tools\battlesim.tests\bin\debug\net6.0\battlesim.tests.dll" id="a532e7aa-4d00-ce2e-3dde-070736e4072a">
      <Execution id="49c5fc95-7ca2-4817-aab9-c937730294fb" />
      <TestMethod codeBase="F:\天命之子\tools\BattleSim.Tests\bin\Debug\net6.0\BattleSim.Tests.dll" adapterTypeName="executor://xunit/VsTestRunner2/netcoreapp" className="Resonance.Tests.G2TerminalFeverReplayTests" name="TerminalClock_DoesNotDealDamageOrEmitAnotherResult" />
    </UnitTest>
    <UnitTest name="Resonance.Tests.G2TerminalFeverReplayTests.MalformedBoundaryRows_AreRejected(replacement: &quot;{\&quot;rec\&quot;:\&quot;boundary\&quot;,\&quot;terminalFeverTicks\&quot;:0}&quot;)" storage="f:\天命之子\tools\battlesim.tests\bin\debug\net6.0\battlesim.tests.dll" id="5decdfa1-7a59-7a0b-169e-c7314303a0c9">
      <Execution id="dd66b9ec-de26-4dc4-ae4b-1105db085147" />
      <TestMethod codeBase="F:\天命之子\tools\BattleSim.Tests\bin\Debug\net6.0\BattleSim.Tests.dll" adapterTypeName="executor://xunit/VsTestRunner2/netcoreapp" className="Resonance.Tests.G2TerminalFeverReplayTests" name="MalformedBoundaryRows_AreRejected" />
    </UnitTest>
    <UnitTest name="Resonance.Tests.G2TerminalFeverReplayTests.MalformedBoundaryRows_AreRejected(replacement: &quot;{\&quot;rec\&quot;:\&quot;boundary\&quot;,\&quot;battleTickIndex\&quot;:1,\&quot;term&quot;···)" storage="f:\天命之子\tools\battlesim.tests\bin\debug\net6.0\battlesim.tests.dll" id="24f33973-393f-4a17-e744-6797dffcfa35">
      <Execution id="a40908a2-7ebe-4cc2-8299-982deed9d8aa" />
      <TestMethod codeBase="F:\天命之子\tools\BattleSim.Tests\bin\Debug\net6.0\BattleSim.Tests.dll" adapterTypeName="executor://xunit/VsTestRunner2/netcoreapp" className="Resonance.Tests.G2TerminalFeverReplayTests" name="MalformedBoundaryRows_AreRejected" />
    </UnitTest>
    <UnitTest name="Resonance.Tests.G2TerminalFeverReplayTests.MalformedBoundaryRows_AreRejected(replacement: &quot;{\&quot;rec\&quot;:\&quot;boundary\&quot;,\&quot;battleTickIndex\&quot;:1,\&quot;term&quot;···)" storage="f:\天命之子\tools\battlesim.tests\bin\debug\net6.0\battlesim.tests.dll" id="9c5d18e3-f8b0-2373-a92d-766de1252590">
      <Execution id="32ca5371-d9ef-4837-86b7-ecdabb48763b" />
      <TestMethod codeBase="F:\天命之子\tools\BattleSim.Tests\bin\Debug\net6.0\BattleSim.Tests.dll" adapterTypeName="executor://xunit/VsTestRunner2/netcoreapp" className="Resonance.Tests.G2TerminalFeverReplayTests" name="MalformedBoundaryRows_AreRejected" />
    </UnitTest>
    <UnitTest name="Resonance.Tests.G2TerminalFeverReplayTests.InvalidRecordedBoundary_FailsWithoutAdvancingTheClock(calls: -1)" storage="f:\天命之子\tools\battlesim.tests\bin\debug\net6.0\battlesim.tests.dll" id="1cdca60e-578e-d1f3-92e2-56a70d9f53fc">
      <Execution id="cb7092f0-4900-40d0-a449-800e52f67dcf" />
      <TestMethod codeBase="F:\天命之子\tools\BattleSim.Tests\bin\Debug\net6.0\BattleSim.Tests.dll" adapterTypeName="executor://xunit/VsTestRunner2/netcoreapp" className="Resonance.Tests.G2TerminalFeverReplayTests" name="InvalidRecordedBoundary_FailsWithoutAdvancingTheClock" />
    </UnitTest>
    <UnitTest name="Resonance.Tests.G2TerminalFeverReplayTests.TerminalSpeedAndAutoChanges_PreserveSameOffsetSequenceAndClockSegments" storage="f:\天命之子\tools\battlesim.tests\bin\debug\net6.0\battlesim.tests.dll" id="102b20fe-61a4-1ed7-8f6b-128a5c61b83b">
      <Execution id="be7287e6-00b8-41ce-b8a5-d27994f1d3d5" />
      <TestMethod codeBase="F:\天命之子\tools\BattleSim.Tests\bin\Debug\net6.0\BattleSim.Tests.dll" adapterTypeName="executor://xunit/VsTestRunner2/netcoreapp" className="Resonance.Tests.G2TerminalFeverReplayTests" name="TerminalSpeedAndAutoChanges_PreserveSameOffsetSequenceAndClockSegments" />
    </UnitTest>
    <UnitTest name="Resonance.Tests.G2TerminalFeverReplayTests.InvalidTerminalCommandOffsets_AreRejected(corruption: &quot;backwards&quot;)" storage="f:\天命之子\tools\battlesim.tests\bin\debug\net6.0\battlesim.tests.dll" id="2e8ecd0d-7790-2c6b-d54b-f871abcd34bb">
      <Execution id="6dda8869-925e-4d1b-9751-26b9d7ac266e" />
      <TestMethod codeBase="F:\天命之子\tools\BattleSim.Tests\bin\Debug\net6.0\BattleSim.Tests.dll" adapterTypeName="executor://xunit/VsTestRunner2/netcoreapp" className="Resonance.Tests.G2TerminalFeverReplayTests" name="InvalidTerminalCommandOffsets_AreRejected" />
    </UnitTest>
    <UnitTest name="Resonance.Tests.G2TerminalFeverReplayTests.TerminalSpeedChange_ReplaysBetweenItsRecordedClockCalls" storage="f:\天命之子\tools\battlesim.tests\bin\debug\net6.0\battlesim.tests.dll" id="f5cf319a-5401-0352-8b8b-005de3fdc55e">
      <Execution id="a7877499-f8d7-45dc-90aa-afab4a29933c" />
      <TestMethod codeBase="F:\天命之子\tools\BattleSim.Tests\bin\Debug\net6.0\BattleSim.Tests.dll" adapterTypeName="executor://xunit/VsTestRunner2/netcoreapp" className="Resonance.Tests.G2TerminalFeverReplayTests" name="TerminalSpeedChange_ReplaysBetweenItsRecordedClockCalls" />
    </UnitTest>
    <UnitTest name="Resonance.Tests.G2TerminalFeverReplayTests.InvalidTerminalCommandOffsets_AreRejected(corruption: &quot;negative&quot;)" storage="f:\天命之子\tools\battlesim.tests\bin\debug\net6.0\battlesim.tests.dll" id="de038d7c-ec1d-3890-6d00-f9cd510d58f6">
      <Execution id="11346b2b-3074-480b-aa7f-a96b48ee9da4" />
      <TestMethod codeBase="F:\天命之子\tools\BattleSim.Tests\bin\Debug\net6.0\BattleSim.Tests.dll" adapterTypeName="executor://xunit/VsTestRunner2/netcoreapp" className="Resonance.Tests.G2TerminalFeverReplayTests" name="InvalidTerminalCommandOffsets_AreRejected" />
    </UnitTest>
    <UnitTest name="Resonance.Tests.G2TerminalFeverReplayTests.MissingLegacyBoundary_StillAllowsOrdinaryNoTailRecords" storage="f:\天命之子\tools\battlesim.tests\bin\debug\net6.0\battlesim.tests.dll" id="711f0d35-82cb-d173-fa47-b21cbfa6e6ba">
      <Execution id="ef5b810d-d848-474f-9cf4-88e0e1f8ed1d" />
      <TestMethod codeBase="F:\天命之子\tools\BattleSim.Tests\bin\Debug\net6.0\BattleSim.Tests.dll" adapterTypeName="executor://xunit/VsTestRunner2/netcoreapp" className="Resonance.Tests.G2TerminalFeverReplayTests" name="MissingLegacyBoundary_StillAllowsOrdinaryNoTailRecords" />
    </UnitTest>
  </TestDefinitions>
  <TestEntries>
    <TestEntry testId="6932dfdb-7f50-a647-1f45-b7217daf1f13" executionId="9f59ea32-d3f3-4b75-985c-5ffc5c9cd17b" testListId="8c84fa94-04c1-424b-9868-57a2d4851a1d" />
    <TestEntry testId="5decdfa1-7a59-7a0b-169e-c7314303a0c9" executionId="dd66b9ec-de26-4dc4-ae4b-1105db085147" testListId="8c84fa94-04c1-424b-9868-57a2d4851a1d" />
    <TestEntry testId="5455ded9-9691-d4d6-1ae9-356cd41e9fc7" executionId="2585056f-f54d-4d8a-911e-08dbc382b8fa" testListId="8c84fa94-04c1-424b-9868-57a2d4851a1d" />
    <TestEntry testId="a3b20f20-1c7b-1d64-aeb6-f957a9d8db79" executionId="a8023c0f-4e40-4360-9907-2a8f997c6516" testListId="8c84fa94-04c1-424b-9868-57a2d4851a1d" />
    <TestEntry testId="2a42cd3a-8f19-c788-9649-353a7e49dcfc" executionId="4061860c-0b35-47f8-a5a5-de8f87857fb3" testListId="8c84fa94-04c1-424b-9868-57a2d4851a1d" />
    <TestEntry testId="e3dab7ef-33cb-7a16-5907-3a5d3376769f" executionId="91ebd808-1853-4e8b-aca9-08da25163b5d" testListId="8c84fa94-04c1-424b-9868-57a2d4851a1d" />
    <TestEntry testId="a532e7aa-4d00-ce2e-3dde-070736e4072a" executionId="49c5fc95-7ca2-4817-aab9-c937730294fb" testListId="8c84fa94-04c1-424b-9868-57a2d4851a1d" />
    <TestEntry testId="78fb5390-56da-be2c-3ad6-e79173dd184a" executionId="ba4e6870-aee8-404a-9060-09c095dbe149" testListId="8c84fa94-04c1-424b-9868-57a2d4851a1d" />
    <TestEntry testId="9c5d18e3-f8b0-2373-a92d-766de1252590" executionId="32ca5371-d9ef-4837-86b7-ecdabb48763b" testListId="8c84fa94-04c1-424b-9868-57a2d4851a1d" />
    <TestEntry testId="711f0d35-82cb-d173-fa47-b21cbfa6e6ba" executionId="ef5b810d-d848-474f-9cf4-88e0e1f8ed1d" testListId="8c84fa94-04c1-424b-9868-57a2d4851a1d" />
    <TestEntry testId="e4100467-837e-c5fc-9227-81f88cabb91b" executionId="b5407b6b-55c6-45b2-b09c-a23f198a3bf9" testListId="8c84fa94-04c1-424b-9868-57a2d4851a1d" />
    <TestEntry testId="07db9d37-54f1-1082-368d-6c44ab47b4bb" executionId="f360200d-e791-4169-ab09-866133177fb5" testListId="8c84fa94-04c1-424b-9868-57a2d4851a1d" />
    <TestEntry testId="09f0f15f-8949-c87e-83ca-80aa4ee42643" executionId="996c2203-c2f2-4ad3-bfc2-c43e30e29c1c" testListId="8c84fa94-04c1-424b-9868-57a2d4851a1d" />
    <TestEntry testId="f5cf319a-5401-0352-8b8b-005de3fdc55e" executionId="a7877499-f8d7-45dc-90aa-afab4a29933c" testListId="8c84fa94-04c1-424b-9868-57a2d4851a1d" />
    <TestEntry testId="ec39203c-9e64-c153-ce3c-9f4e91e6c037" executionId="64c3f461-805f-45e8-b4a5-fd885919bdd4" testListId="8c84fa94-04c1-424b-9868-57a2d4851a1d" />
    <TestEntry testId="4c9f2ec0-0dbf-2904-0452-2ff2a530d9c4" executionId="e34abef4-e936-4ad6-8395-b88a02bcc521" testListId="8c84fa94-04c1-424b-9868-57a2d4851a1d" />
    <TestEntry testId="102b20fe-61a4-1ed7-8f6b-128a5c61b83b" executionId="be7287e6-00b8-41ce-b8a5-d27994f1d3d5" testListId="8c84fa94-04c1-424b-9868-57a2d4851a1d" />
    <TestEntry testId="1cdca60e-578e-d1f3-92e2-56a70d9f53fc" executionId="cb7092f0-4900-40d0-a449-800e52f67dcf" testListId="8c84fa94-04c1-424b-9868-57a2d4851a1d" />
    <TestEntry testId="1a73f357-7186-3003-0ab6-0460f60d3d17" executionId="57101e9e-818e-48ee-bc96-5345443b4b7f" testListId="8c84fa94-04c1-424b-9868-57a2d4851a1d" />
    <TestEntry testId="de038d7c-ec1d-3890-6d00-f9cd510d58f6" executionId="11346b2b-3074-480b-aa7f-a96b48ee9da4" testListId="8c84fa94-04c1-424b-9868-57a2d4851a1d" />
    <TestEntry testId="87d0a371-01f4-fd40-99f6-61a89a6adadb" executionId="f99d3ae5-15b6-4436-8436-e6e4e31ece86" testListId="8c84fa94-04c1-424b-9868-57a2d4851a1d" />
    <TestEntry testId="87023b8f-fb05-6e05-fd9f-b9b6fa02a928" executionId="6d19f1f0-15a8-4f09-b54c-0f6a0fb09a93" testListId="8c84fa94-04c1-424b-9868-57a2d4851a1d" />
    <TestEntry testId="e082fc3e-307c-3b2a-e50b-aee7580656a4" executionId="6648f8bb-4ccf-4e2f-9cb7-a7550c77f16a" testListId="8c84fa94-04c1-424b-9868-57a2d4851a1d" />
    <TestEntry testId="d24f4a72-60f5-ce00-9ea8-ee060ae04fc2" executionId="02822f98-bf27-4752-af3b-fd9013727eba" testListId="8c84fa94-04c1-424b-9868-57a2d4851a1d" />
    <TestEntry testId="2e8ecd0d-7790-2c6b-d54b-f871abcd34bb" executionId="6dda8869-925e-4d1b-9751-26b9d7ac266e" testListId="8c84fa94-04c1-424b-9868-57a2d4851a1d" />
    <TestEntry testId="0873813e-dd4c-31a3-02d2-73aa12796760" executionId="dd6479fa-84f1-4fea-b017-47c89ecdb023" testListId="8c84fa94-04c1-424b-9868-57a2d4851a1d" />
    <TestEntry testId="24f33973-393f-4a17-e744-6797dffcfa35" executionId="a40908a2-7ebe-4cc2-8299-982deed9d8aa" testListId="8c84fa94-04c1-424b-9868-57a2d4851a1d" />
    <TestEntry testId="0e1df0e6-5bef-a26d-6284-761e6049d6da" executionId="4d60d10a-beca-48d4-90e1-cf65a2c7e221" testListId="8c84fa94-04c1-424b-9868-57a2d4851a1d" />
  </TestEntries>
  <TestLists>
    <TestList name="列表中未列出的结果" id="8c84fa94-04c1-424b-9868-57a2d4851a1d" />
    <TestList name="所有已加载的结果" id="19431567-8539-422a-85d7-44ee4e166bda" />
  </TestLists>
  <ResultSummary outcome="Completed">
    <Counters total="28" executed="28" passed="28" failed="0" error="0" timeout="0" aborted="0" inconclusive="0" passedButRunAborted="0" notRunnable="0" notExecuted="0" disconnected="0" warning="0" completed="0" inProgress="0" pending="0" />
    <Output>
      <StdOut>[xUnit.net 00:00:00.00] xUnit.net VSTest Adapter v2.8.2+699d445a1a (64-bit .NET 6.0.33)&#xD;
[xUnit.net 00:00:00.08]   Discovering: BattleSim.Tests&#xD;
[xUnit.net 00:00:00.14]   Discovered:  BattleSim.Tests&#xD;
[xUnit.net 00:00:00.14]   Starting:    BattleSim.Tests&#xD;
[xUnit.net 00:00:00.34]   Finished:    BattleSim.Tests&#xD;
</StdOut>
    </Output>
  </ResultSummary>
</TestRun>