START
{
  "texts": [
    "导视",
    "跳过导航",
    "Search",
    "搜索",
    "通过语音搜索内容",
    "设置",
    "登录",
    "Destiny Child Gameplay - English Version | Part 1 (Android/iOS)",
    "点按取消静音",
    "关闭",
    "播放",
    "复制链接",
    "信息购物",
    "显示信息卡",
    "更多",
    "播放列表",
    "与另外 4 人一起顶此视频",
    "不喜欢此视频",
    "评论",
    "分享",
    "更多操作",
    "取消",
    "确认",
    "播放 (k)",
    "下一个 (SHIFT+n)",
    "静音 (m)",
    "直播",
    "•",
    "自动播放模式已开启",
    "无法显示字幕",
    "影院模式 (t)",
    "在电视上播放",
    "全屏 (f)",
    "23:21Making a Storage System in Hardcore Minecraft!RonaldOMG47万 • 5年前直播播放列表 ()视频合辑 (50+)",
    "Noah Kahan - The Great Divide: The Last Of The BugsNoah Kahan1955人正在观看 • 4个月前直播播放列表 ()视频合辑 (50+)",
    "41:21釜底抽薪—中国真正的危机老梁343万 • 2周前直播播放列表 ()视频合辑 (50+)",
    "27:222026口碑大片《歡迎來龍餐館》，評分飆到8.7，年度華語最佳！後勁封神！外星人探案51万 • 10天前直播播放列表 ()视频合辑 (50+)",
    "35:43Top Eleven Be a Soccer Manager V1Dumahz38 • 1个月前直播播放列表 ()视频合辑 (50+)",
    "18:30The Beginner's Guide to Elden RingVaatiVidya685万 • 4年前直播播放列表 ()视频合辑 (50+)",
    "Soaking Worship Instrumental – Prayer, Devotional, Meditation and Relaxation | Worship PianoTonefield415人正在观看 • 1个月前直播播放列表 ()视频合辑 (50+)",
    "2:22:38Смешарики | Самые весёлые серии. Смотреть онлайн. Мультики для детей. 0+Смешарики. Сборники серий633万 • 3年前直播播放列表 ()视频合辑 (50+)",
    "ORACIÓN DE LA MAÑANA 🙏 ADORACIÓN AL SANTÍSIMO EN VIVO | Jesús Sacramentado, Bendice Mi Día 24/7Brainrot Evolution973人正在观看 • 2个月前直播播放列表 ()视频合辑 (50+)",
    "3:20:57⏱ Pomodoro 40/10 📖Fall Jazz Library ☕ 4 Sessions | Jazz | Fireplace Crackles | No Midroll AdsChill Crossing Hour111万 • 11个月前直播播放列表 ()视频合辑 (50+)",
    "20:05The Best Games from GMTK Game Jam 2021Game Maker's Toolkit144万 • 5年前直播播放列表 ()视频合辑 (50+)",
    "3:49:59Beautiful Relaxing Music - Stop Overthinking, Stress Relief Music, Sleep Music, Calming Music #242Inner Peace - Look Inside1687万 • 直播时间：1年前直播播放列表 ()视频合辑 (50+)",
    "了解详情",
    "GamePlayHere",
    "订阅",
    "当前设置为接收个性化通知。点按即可更改“GamePlayHere”频道的通知设置",
    "4"
  ],
  "dialogs": [
    "你已退出账号你观看的视频可能会添加到电视的观看记录中，并影响电视上的推荐内容。为避免发生这种情况，请取消并在计算机上登录 YouTube。取消确认",
    "",
    "分享包括播放列表检索分享信息时出错，请稍后重试。",
    "",
    "请登录，以便我们确认你不是聊天机器人\n这有助于保护我们的社区\n登录\n了解详情"
  ],
  "href": "https://www.youtube.com/watch?v=aSbBuFD12HY"
}
shot ok
