START
opts cookie=F:\天命之子\DC_RECON_KIT\docs\reference\gl-shutdown-pve\_yt_cookies.txt
FAIL DownloadError: ERROR: [youtube] IRDqNAhKKr4: Sign in to confirm you’re not a bot. Use --cookies-from-browser or --cookies for the authentication. See  https://github.com/yt-dlp/yt-dlp/wiki/FAQ#how-do-i-pass-cookies-to-yt-dlp  for how to manually pass cookies. Also see  https://github.com/yt-dlp/yt-dlp/wiki/Extractors#exporting-youtube-cookies  for tips on effectively exporting YouTube cookies
Traceback (most recent call last):
  File "C:\Users\Administrator\AppData\Local\Programs\Python\Python313\Lib\site-packages\yt_dlp\YoutubeDL.py", line 1731, in wrapper
    return func(self, *args, **kwargs)
  File "C:\Users\Administrator\AppData\Local\Programs\Python\Python313\Lib\site-packages\yt_dlp\YoutubeDL.py", line 1866, in __extract_info
    ie_result = ie.extract(url)
  File "C:\Users\Administrator\AppData\Local\Programs\Python\Python313\Lib\site-packages\yt_dlp\extractor\common.py", line 765, in extract
    ie_result = self._real_extract(url)
  File "C:\Users\Administrator\AppData\Local\Programs\Python\Python313\Lib\site-packages\yt_dlp\extractor\youtube\_video.py", line 4076, in _real_extract
    self.raise_no_formats(reason, expected=True)
    ~~~~~~~~~~~~~~~~~~~~~^^^^^^^^^^^^^^^^^^^^^^^
  File "C:\Users\Administrator\AppData\Local\Programs\Python\Python313\Lib\site-packages\yt_dlp\extractor\common.py", line 1272, in raise_no_formats
    raise ExtractorError(msg, expected=expected, video_id=video_id)
yt_dlp.utils.ExtractorError: [youtube] IRDqNAhKKr4: Sign in to confirm you’re not a bot. Use --cookies-from-browser or --cookies for the authentication. See  https://github.com/yt-dlp/yt-dlp/wiki/FAQ#how-do-i-pass-cookies-to-yt-dlp  for how to manually pass cookies. Also see  https://github.com/yt-dlp/yt-dlp/wiki/Extractors#exporting-youtube-cookies  for tips on effectively exporting YouTube cookies

During handling of the above exception, another exception occurred:

Traceback (most recent call last):
  File "F:\天命之子\DC_RECON_KIT\docs\reference\gl-shutdown-pve\_ytdlp_irdq.py", line 29, in <module>
    info=ydl.extract_info("https://www.youtube.com/watch?v=IRDqNAhKKr4", download=True)
  File "C:\Users\Administrator\AppData\Local\Programs\Python\Python313\Lib\site-packages\yt_dlp\YoutubeDL.py", line 1720, in extract_info
    return self.__extract_info(url, self.get_info_extractor(key), download, extra_info, process)
           ~~~~~~~~~~~~~~~~~~~^^^^^^^^^^^^^^^^^^^^^^^^^^^^^^^^^^^^^^^^^^^^^^^^^^^^^^^^^^^^^^^^^^
  File "C:\Users\Administrator\AppData\Local\Programs\Python\Python313\Lib\site-packages\yt_dlp\YoutubeDL.py", line 1749, in wrapper
    self.report_error(str(e), e.format_traceback())
    ~~~~~~~~~~~~~~~~~^^^^^^^^^^^^^^^^^^^^^^^^^^^^^^
  File "C:\Users\Administrator\AppData\Local\Programs\Python\Python313\Lib\site-packages\yt_dlp\YoutubeDL.py", line 1165, in report_error
    self.trouble(f'{self._format_err("ERROR:", self.Styles.ERROR)} {message}', *args, **kwargs)
    ~~~~~~~~~~~~^^^^^^^^^^^^^^^^^^^^^^^^^^^^^^^^^^^^^^^^^^^^^^^^^^^^^^^^^^^^^^^^^^^^^^^^^^^^^^^
  File "C:\Users\Administrator\AppData\Local\Programs\Python\Python313\Lib\site-packages\yt_dlp\YoutubeDL.py", line 1103, in trouble
    raise DownloadError(message, exc_info)
yt_dlp.utils.DownloadError: ERROR: [youtube] IRDqNAhKKr4: Sign in to confirm you’re not a bot. Use --cookies-from-browser or --cookies for the authentication. See  https://github.com/yt-dlp/yt-dlp/wiki/FAQ#how-do-i-pass-cookies-to-yt-dlp  for how to manually pass cookies. Also see  https://github.com/yt-dlp/yt-dlp/wiki/Extractors#exporting-youtube-cookies  for tips on effectively exporting YouTube cookies
