[Licensing::Module] Trying to connect to existing licensing client channel...
Built from '6000.3/staging' branch; Version is '6000.3.23f1 (09d2ecc7fb28) revision 643820'; Using compiler version '194234433'; Build Type 'Release'
[Licensing::IpcConnector] Channel LicenseClient-Administrator doesn't exist
OS: 'Windows 11  (10.0.26200) Professional' Language: 'zh' Physical Memory: 32581 MB
BatchMode: 0, IsHumanControllingUs: 1, StartBugReporterOnCrash: 1, Is64bit: 1
System  architecture: x64
Process architecture: x64
Date: 2026-09-14T17:50:21Z
[Licensing::Module] Successfully launched the LicensingClient (PId: 19180)

COMMAND LINE ARGUMENTS:
D:\Unity\Hub\Editor\6000.3.23f1\Editor\Unity.exe
-projectPath
F:\天命之子\client
-natural-play
-natural-scenario
np.fever.v1
-executeMethod
Resonance.EditorTools.NaturalPlaySmoke.CliFever
-logFile
F:\天命之子\DC_RECON_KIT\m1\REVIEW_1b2ca8e\logs\editor-np-fever-v1-20260914T175019.log
Successfully changed project path to: F:\天命之子\client
F:/天命之子/client
[UnityMemory] Configuration Parameters - Can be set up in boot.config
    "memorysetup-temp-allocator-size-nav-mesh-worker=65536"
    "memorysetup-temp-allocator-size-audio-worker=65536"
    "memorysetup-temp-allocator-size-gfx=262144"
    "memorysetup-allocator-temp-initial-block-size-main=262144"
    "memorysetup-allocator-temp-initial-block-size-worker=262144"
    "memorysetup-temp-allocator-size-background-worker=32768"
    "memorysetup-temp-allocator-size-job-worker=262144"
    "memorysetup-temp-allocator-size-preload-manager=33554432"
    "memorysetup-remapper-allocator-initial-capacity=32768"
    "memorysetup-temp-allocator-size-gi-baking-worker=262144"
    "memorysetup-temp-allocator-size-gi-baking-worker=262144"
    "memorysetup-temp-allocator-size-gi-baking-worker=262144"
    "memorysetup-temp-allocator-size-gi-baking-worker=262144"
    "memorysetup-temp-allocator-size-gi-baking-worker=262144"
    "memorysetup-bucket-allocator-granularity=16"
    "memorysetup-bucket-allocator-bucket-count=8"
    "memorysetup-bucket-allocator-block-size=33554432"
    "memorysetup-bucket-allocator-block-count=8"
    "memorysetup-main-allocator-block-size=16777216"
    "memorysetup-thread-allocator-block-size=16777216"
    "memorysetup-gfx-main-allocator-block-size=16777216"
    "memorysetup-gfx-thread-allocator-block-size=16777216"
    "memorysetup-cache-allocator-block-size=4194304"
    "memorysetup-typetree-allocator-block-size=2097152"
    "memorysetup-profiler-bucket-allocator-granularity=16"
    "memorysetup-profiler-bucket-allocator-bucket-count=8"
    "memorysetup-profiler-bucket-allocator-block-size=33554432"
    "memorysetup-profiler-bucket-allocator-block-count=8"
    "memorysetup-profiler-allocator-block-size=16777216"
    "memorysetup-profiler-editor-allocator-block-size=1048576"
    "memorysetup-temp-allocator-size-main=16777216"
    "memorysetup-job-temp-allocator-block-size=2097152"
    "memorysetup-job-temp-allocator-block-size-background=1048576"
    "memorysetup-job-temp-allocator-reduction-small-platforms=262144"
    "memorysetup-temp-allocator-size-cloud-worker=32768"
Player connection [10900]  Target information:

Player connection [10900]  * "[IP] 192.168.1.54 [Port] 55504 [Flags] 2 [Guid] 3280728522 [EditorId] 3280728522 [Version] 1048832 [Id] WindowsEditor(7,DESKTOP-AKI3LSA) [Debug] 1 [PackageName] WindowsEditor [ProjectName] Editor" 

Player connection [10900]  * "[IP] 198.18.0.1 [Port] 55504 [Flags] 2 [Guid] 3280728522 [EditorId] 3280728522 [Version] 1048832 [Id] WindowsEditor(7,DESKTOP-AKI3LSA) [Debug] 1 [PackageName] WindowsEditor [ProjectName] Editor" 

Player connection [10900] Host joined multi-casting on [225.0.0.222:54997]...
Player connection [10900] Host joined alternative multi-casting on [225.0.0.222:34997]...
Input System module state changed to: Initialized.
[Physics::Module] Initialized fallback backend.
[Physics::Module] Id: 0xdecafbad
[Package Manager] Connected to IPC stream "Upm-39164" after 0.6 seconds.
[Licensing::Module] Licensing is not yet initialized.
[Licensing::IpcConnector] Successfully connected to: "LicenseClient-Administrator" at "2026-09-14T17:50:23.9373983Z"
[Licensing::Client] Code 10 while verifying Licensing Client signature (process Id: 19180, path: "D:/Unity/Hub/Editor/6000.3.23f1/Editor/Data/Resources/Licensing/Client/Unity.Licensing.Client.exe")
[Licensing::Module] LicensingClient has failed validation; ignoring
[Licensing::Client] Handshaking with LicensingClient:
  Version:                 1.18.3+d7ffd15
  Session Id:              17658c5135f84e3ca817d29e4c70eff5
  Correlation Id:          e981a2765fea893e2426c7e9363eecec
  External correlation Id: 1694124545476191952
  Machine Id:              2I/XDZsLcGAfRljEGy76IATF7BI=
[Licensing::Module] Successfully connected to LicensingClient on channel: "LicenseClient-Administrator" (connect: 1.94s, validation: 0.42s, handshake: 0.18s)
[Licensing::IpcConnector] Successfully connected to: "LicenseClient-Administrator-notifications" at "2026-09-14T17:50:24.5297669Z"
[Licensing::Module] Connected to LicensingClient (PId: 19180, launch time: 0.17, total connection time: 2.53s)
[Licensing::Module] Error: Access token is unavailable; failed to update
[Licensing::Client] Successfully resolved entitlement details
[Licensing::Module] License group:
  Id: F4-99BH-9QMP-CCW5-HN7U-XXXX
  Product: Unity Personal
  Type: ULF
  Expiration: 2026-09-24T18:15:23Z
[Licensing::Module] License group:
  Id: ewogICJzdWJzR3JvdXAiIDogInVuaXR5IGVkaXRvciIsCiAgIm5hbWVzcGFjZSIgOiAidW5pdHlfZWRpdG9yIiwKICAidHlwZSIgOiAiRURJVE9SIiwKICAidGFnIiA6ICJVbml0eVBlcnNvbmFsXXXX
  Product: Unity Personal Version
  Type: Assigned
  Expiration: Unlimited
[Licensing::Client] Successfully updated license, isAsync: True, time: 0.03
[Licensing::Client] Successfully resolved entitlement details
[Licensing::Module] License group:
  Id: F4-99BH-9QMP-CCW5-HN7U-XXXX
  Product: Unity Personal
  Type: ULF
  Expiration: 2026-09-24T18:15:23Z
[Licensing::Module] License group:
  Id: ewogICJzdWJzR3JvdXAiIDogInVuaXR5IGVkaXRvciIsCiAgIm5hbWVzcGFjZSIgOiAidW5pdHlfZWRpdG9yIiwKICAidHlwZSIgOiAiRURJVE9SIiwKICAidGFnIiA6ICJVbml0eVBlcnNvbmFsXXXX
  Product: Unity Personal Version
  Type: Assigned
  Expiration: Unlimited
[Licensing::Module] Licensing Background thread has ended after 2.82s
[Licensing::Module] Licensing is initialized (took 0.76s).
[Licensing::Client] Successfully resolved entitlement details
[Licensing::Module] License group:
  Id: F4-99BH-9QMP-CCW5-HN7U-XXXX
  Product: Unity Personal
  Type: ULF
  Expiration: 2026-09-24T18:15:23Z
[Licensing::Module] License group:
  Id: ewogICJzdWJzR3JvdXAiIDogInVuaXR5IGVkaXRvciIsCiAgIm5hbWVzcGFjZSIgOiAidW5pdHlfZWRpdG9yIiwKICAidHlwZSIgOiAiRURJVE9SIiwKICAidGFnIiA6ICJVbml0eVBlcnNvbmFsXXXX
  Product: Unity Personal Version
  Type: Assigned
  Expiration: Unlimited
Library Redirect Path: Library/
[Physics::Module] Selected backend.
[Physics::Module] Name: PhysX
[Physics::Module] Id: 0xf2b8ea05
[Physics::Module] SDK Version: 4.1.2
[Physics::Module] Integration Version: 1.0.0
[Physics::Module] Threading Mode: Multi-Threaded
Refreshing native plugins compatible for Editor in 9.15 ms, found 3 plugins.
Preloading 0 native plugins for Editor in 0.00 ms.
Initialize engine version: 6000.3.23f1 (09d2ecc7fb28)
[Subsystems] Discovering subsystems at path D:/Unity/Hub/Editor/6000.3.23f1/Editor/Data/Resources/UnitySubsystems
[Subsystems] Discovering subsystems at path F:/天命之子/client/Assets
[D3D12 Device Filter] Vendor Name: NVIDIA
[D3D12 Device Filter] Device Name: NVIDIA GeForce RTX 4060 Ti
[D3D12 Device Filter] Driver Version: 32.0.16.1047
[D3D12 Device Filter] Feature Level: 12.2
[D3D12 Device Filter] Graphics Memory: 7949 MB
[D3D12 Device Filter] Processor Count: 16
[D3D12 Device Filter] Device Type: Discrete
GfxDevice: creating device client; kGfxThreadingModeSplitJobs
d3d12: failed to query info queue interface (0x80004002).
Direct3D:
    Version:         Direct3D 12 [level 12.2]
    Renderer:        NVIDIA GeForce RTX 4060 Ti (ID=0x2803)
    Vendor:          NVIDIA
    VRAM:            7949 MB
    App VRAM Budget: 7181 MB
    Driver:          32.0.16.1047
Initialize mono
Mono path[0] = 'D:/Unity/Hub/Editor/6000.3.23f1/Editor/Data/Managed'
Mono path[1] = 'D:/Unity/Hub/Editor/6000.3.23f1/Editor/Data/MonoBleedingEdge/lib/mono/unityjit-win32'
Mono config path = 'D:/Unity/Hub/Editor/6000.3.23f1/Editor/Data/MonoBleedingEdge/etc'
Using monoOptions --debugger-agent=transport=dt_socket,embedding=1,server=y,suspend=n,address=127.0.0.1:56164
Using cacheserver namespaces - metadata:defaultmetadata, artifacts:defaultartifacts
Using cacheserver namespaces - metadata:defaultmetadata, artifacts:defaultartifacts
ImportWorker Server TCP listen port: 0
AcceleratorClientConnectionCallback - disconnected - :0
Begin MonoManager ReloadAssembly
Registering precompiled unity dll's ...
Register platform support module: D:/Unity/Hub/Editor/6000.3.23f1/Editor/Data/PlaybackEngines/WindowsStandaloneSupport/UnityEditor.WindowsStandalone.Extensions.dll
[Licensing::Client] Successfully resolved entitlement details
[Licensing::Module] License group:
  Id: F4-99BH-9QMP-CCW5-HN7U-XXXX
  Product: Unity Personal
  Type: ULF
  Expiration: 2026-09-24T18:50:25Z
[Licensing::Module] License group:
  Id: ewogICJzdWJzR3JvdXAiIDogInVuaXR5IGVkaXRvciIsCiAgIm5hbWVzcGFjZSIgOiAidW5pdHlfZWRpdG9yIiwKICAidHlwZSIgOiAiRURJVE9SIiwKICAidGFnIiA6ICJVbml0eVBlcnNvbmFsXXXX
  Product: Unity Personal Version
  Type: Assigned
  Expiration: Unlimited
Register platform support module: D:/Unity/Hub/Editor/6000.3.23f1/Editor/Data/PlaybackEngines/AndroidPlayer/UnityEditor.Android.Extensions.dll
Registered in 0.012837 seconds.
- Loaded All Assemblies, in  0.767 seconds
Native extension for Android target not found
Native extension for WindowsStandalone target not found
Package Manager log level set to [2]
ScheduleIndexationOnStartup MainProcess:False IndexOnStartup:True
Mono: successfully reloaded assembly
- Finished resetting the current domain, in  0.812 seconds
Domain Reload Profiling: 1573ms
	BeginReloadAssembly (313ms)
		ExecutionOrderSort (0ms)
		DisableScriptedObjects (0ms)
		BackupInstance (0ms)
		ReleaseScriptingObjects (0ms)
		CreateAndSetChildDomain (25ms)
	RebuildCommonClasses (59ms)
	RebuildNativeTypeToScriptingClass (15ms)
	initialDomainReloadingComplete (81ms)
	LoadAllAssembliesAndSetupDomain (294ms)
		LoadAssemblies (281ms)
		RebuildTransferFunctionScriptingTraits (0ms)
		AnalyzeDomain (288ms)
			TypeCache.Refresh (285ms)
				TypeCache.ScanAssembly (265ms)
			BuildScriptInfoCaches (0ms)
			ResolveRequiredComponents (1ms)
	FinalizeReload (812ms)
		ReleaseScriptCaches (0ms)
		RebuildScriptCaches (0ms)
		SetupLoadedEditorAssemblies (718ms)
			LogAssemblyErrors (0ms)
			InitializePlatformSupportModulesInManaged (153ms)
			SetLoadedEditorAssemblies (4ms)
			BeforeProcessingInitializeOnLoad (95ms)
			ProcessInitializeOnLoadAttributes (168ms)
			ProcessInitializeOnLoadMethodAttributes (298ms)
			AfterProcessingInitializeOnLoad (0ms)
			EditorAssembliesLoaded (1ms)
		ExecutionOrderSort2 (0ms)
		AwakeInstancesAfterBackupRestoration (0ms)
[Licensing::Client] Successfully resolved entitlement details
[Licensing::Module] License group:
  Id: F4-99BH-9QMP-CCW5-HN7U-XXXX
  Product: Unity Personal
  Type: ULF
  Expiration: 2026-09-24T18:50:25Z
[Licensing::Module] License group:
  Id: ewogICJzdWJzR3JvdXAiIDogInVuaXR5IGVkaXRvciIsCiAgIm5hbWVzcGFjZSIgOiAidW5pdHlfZWRpdG9yIiwKICAidHlwZSIgOiAiRURJVE9SIiwKICAidGFnIiA6ICJVbml0eVBlcnNvbmFsXXXX
  Product: Unity Personal Version
  Type: Assigned
  Expiration: Unlimited
Application.AssetDatabase Initial Refresh Start
[Package Manager] Restoring resolved packages state from cache
[Licensing::Client] Successfully resolved entitlement details
[Package Manager] Registered 51 packages:
  Packages from [https://packages.unity.com]:
    com.unity.ide.visualstudio@2.0.22 (location: F:\天命之子\client\Library\PackageCache\com.unity.ide.visualstudio@8140e851d83e)
    com.unity.inputsystem@1.14.2 (location: F:\天命之子\client\Library\PackageCache\com.unity.inputsystem@be6c4fd0abf5)
    com.unity.2d.animation@11.0.0 (location: F:\天命之子\client\Library\PackageCache\com.unity.2d.animation@a1db3619cb6f)
    com.unity.2d.common@12.0.4 (location: F:\天命之子\client\Library\PackageCache\com.unity.2d.common@3e42aeccb30d)
    com.unity.collections@2.6.8 (location: F:\天命之子\client\Library\PackageCache\com.unity.collections@84e8eb3fc12e)
    com.unity.burst@1.8.30 (location: F:\天命之子\client\Library\PackageCache\com.unity.burst@2f3d916873ea)
    com.unity.mathematics@1.3.3 (location: F:\天命之子\client\Library\PackageCache\com.unity.mathematics@19a9377c4ffa)
    com.unity.nuget.mono-cecil@1.11.6 (location: F:\天命之子\client\Library\PackageCache\com.unity.nuget.mono-cecil@ecb9724e46ff)
    com.unity.test-framework.performance@3.5.0 (location: F:\天命之子\client\Library\PackageCache\com.unity.test-framework.performance@8b56083ec0f0)
    com.unity.searcher@4.9.5 (location: F:\天命之子\client\Library\PackageCache\com.unity.searcher@a463122f2c00)
  Built-in packages:
    com.unity.render-pipelines.universal@17.3.0 (location: F:\天命之子\client\Library\PackageCache\com.unity.render-pipelines.universal@7865b6b91f8a)
    com.unity.test-framework@1.6.0 (location: F:\天命之子\client\Library\PackageCache\com.unity.test-framework@bd7f943e9647)
    com.unity.ugui@2.0.0 (location: F:\天命之子\client\Library\PackageCache\com.unity.ugui@27635d171b1a)
    com.unity.2d.sprite@1.0.0 (location: F:\天命之子\client\Library\PackageCache\com.unity.2d.sprite@5b922524bd83)
    com.unity.modules.ai@1.0.0 (location: F:\天命之子\client\Library\PackageCache\com.unity.modules.ai)
    com.unity.modules.androidjni@1.0.0 (location: F:\天命之子\client\Library\PackageCache\com.unity.modules.androidjni)
    com.unity.modules.animation@1.0.0 (location: F:\天命之子\client\Library\PackageCache\com.unity.modules.animation)
    com.unity.modules.assetbundle@1.0.0 (location: F:\天命之子\client\Library\PackageCache\com.unity.modules.assetbundle)
    com.unity.modules.audio@1.0.0 (location: F:\天命之子\client\Library\PackageCache\com.unity.modules.audio)
    com.unity.modules.cloth@1.0.0 (location: F:\天命之子\client\Library\PackageCache\com.unity.modules.cloth)
    com.unity.modules.director@1.0.0 (location: F:\天命之子\client\Library\PackageCache\com.unity.modules.director)
    com.unity.modules.imageconversion@1.0.0 (location: F:\天命之子\client\Library\PackageCache\com.unity.modules.imageconversion)
    com.unity.modules.imgui@1.0.0 (location: F:\天命之子\client\Library\PackageCache\com.unity.modules.imgui)
    com.unity.modules.jsonserialize@1.0.0 (location: F:\天命之子\client\Library\PackageCache\com.unity.modules.jsonserialize)
    com.unity.modules.particlesystem@1.0.0 (location: F:\天命之子\client\Library\PackageCache\com.unity.modules.particlesystem)
    com.unity.modules.physics@1.0.0 (location: F:\天命之子\client\Library\PackageCache\com.unity.modules.physics)
    com.unity.modules.physics2d@1.0.0 (location: F:\天命之子\client\Library\PackageCache\com.unity.modules.physics2d)
    com.unity.modules.screencapture@1.0.0 (location: F:\天命之子\client\Library\PackageCache\com.unity.modules.screencapture)
    com.unity.modules.terrain@1.0.0 (location: F:\天命之子\client\Library\PackageCache\com.unity.modules.terrain)
    com.unity.modules.terrainphysics@1.0.0 (location: F:\天命之子\client\Library\PackageCache\com.unity.modules.terrainphysics)
    com.unity.modules.tilemap@1.0.0 (location: F:\天命之子\client\Library\PackageCache\com.unity.modules.tilemap)
    com.unity.modules.ui@1.0.0 (location: F:\天命之子\client\Library\PackageCache\com.unity.modules.ui)
    com.unity.modules.uielements@1.0.0 (location: F:\天命之子\client\Library\PackageCache\com.unity.modules.uielements)
    com.unity.modules.umbra@1.0.0 (location: F:\天命之子\client\Library\PackageCache\com.unity.modules.umbra)
    com.unity.modules.unityanalytics@1.0.0 (location: F:\天命之子\client\Library\PackageCache\com.unity.modules.unityanalytics)
    com.unity.modules.unitywebrequest@1.0.0 (location: F:\天命之子\client\Library\PackageCache\com.unity.modules.unitywebrequest)
    com.unity.modules.unitywebrequestassetbundle@1.0.0 (location: F:\天命之子\client\Library\PackageCache\com.unity.modules.unitywebrequestassetbundle)
    com.unity.modules.unitywebrequestaudio@1.0.0 (location: F:\天命之子\client\Library\PackageCache\com.unity.modules.unitywebrequestaudio)
    com.unity.modules.unitywebrequesttexture@1.0.0 (location: F:\天命之子\client\Library\PackageCache\com.unity.modules.unitywebrequesttexture)
    com.unity.modules.unitywebrequestwww@1.0.0 (location: F:\天命之子\client\Library\PackageCache\com.unity.modules.unitywebrequestwww)
    com.unity.modules.vehicles@1.0.0 (location: F:\天命之子\client\Library\PackageCache\com.unity.modules.vehicles)
    com.unity.modules.video@1.0.0 (location: F:\天命之子\client\Library\PackageCache\com.unity.modules.video)
    com.unity.modules.vr@1.0.0 (location: F:\天命之子\client\Library\PackageCache\com.unity.modules.vr)
    com.unity.modules.wind@1.0.0 (location: F:\天命之子\client\Library\PackageCache\com.unity.modules.wind)
    com.unity.modules.xr@1.0.0 (location: F:\天命之子\client\Library\PackageCache\com.unity.modules.xr)
    com.unity.modules.subsystems@1.0.0 (location: F:\天命之子\client\Library\PackageCache\com.unity.modules.subsystems)
    com.unity.modules.hierarchycore@1.0.0 (location: F:\天命之子\client\Library\PackageCache\com.unity.modules.hierarchycore)
    com.unity.ext.nunit@2.0.5 (location: F:\天命之子\client\Library\PackageCache\com.unity.ext.nunit@d8c07649098d)
    com.unity.render-pipelines.core@17.3.0 (location: F:\天命之子\client\Library\PackageCache\com.unity.render-pipelines.core@0bb36005e9ba)
    com.unity.shadergraph@17.3.0 (location: F:\天命之子\client\Library\PackageCache\com.unity.shadergraph@b4b75cc00891)
    com.unity.render-pipelines.universal-config@17.0.3 (location: F:\天命之子\client\Library\PackageCache\com.unity.render-pipelines.universal-config@8dc1aab4af1d)
[Subsystems] No new subsystems found in resolved package list.
[Package Manager] Done registering packages in 0.07 seconds
[ScriptCompilation] Requested script compilation because: Assetdatabase observed changes in script compilation related files
Starting: D:\Unity\Hub\Editor\6000.3.23f1\Editor\Data\Tools\BuildPipeline\bee_backend.exe --ipc --defer-dag-verification --dagfile="Library/Bee/1900b0aE.dag" --continue-on-failure --profile="Library/Bee/backend1.traceevents" ScriptAssemblies
WorkingDir: F:/天命之子/client
ExitCode: 0 Duration: 15s
[631/808    0s] ILPP-Configuration Library/ilpp-configuration.nevergeneratedoutput
[788/808    2s] Csc Library/Bee/artifacts/1900b0aE.dag/Resonance.Battle.dll (+2 others)
[789/808    0s] ILPostProcess Library/Bee/artifacts/1900b0aE.dag/post-processed/Resonance.Battle.dll (+pdb)
Processing assembly Library/Bee/artifacts/1900b0aE.dag/Resonance.Battle.dll, with 140 defines and 127 references

processors: Unity.Jobs.CodeGen.JobsILPostProcessor, zzzUnity.Burst.CodeGen.BurstILPostProcessor

running Unity.Jobs.CodeGen.JobsILPostProcessor

running zzzUnity.Burst.CodeGen.BurstILPostProcessor
[790/808    0s] CopyFiles Library/ScriptAssemblies/Resonance.Battle.dll
[791/808    0s] CopyFiles Library/ScriptAssemblies/Resonance.Battle.pdb
[BUSY       6s] Csc Library/Bee/artifacts/1900b0aE.dag/Resonance.App.dll (+2 others)
[792/808    9s] Csc Library/Bee/artifacts/1900b0aE.dag/Resonance.App.dll (+2 others)
Assets\Scripts\Resonance.App\Debug\VerticalSliceSmokeRuntime.cs(55,14): warning CS0414: The field 'VerticalSliceSmokeRuntime._loseShot' is assigned but its value is never used

Assets\Scripts\Resonance.App\Characters\PuppetRig.cs(76,14): warning CS0414: The field 'PuppetRig._hasHair' is assigned but its value is never used

Assets\Scripts\Resonance.App\Characters\PuppetRig.cs(75,14): warning CS0414: The field 'PuppetRig._hasHead' is assigned but its value is never used

Assets\Scripts\Resonance.App\Characters\PuppetRig.cs(78,14): warning CS0414: The field 'PuppetRig._hasFoot' is assigned but its value is never used

Assets\Scripts\Resonance.App\Characters\PuppetRig.cs(77,14): warning CS0414: The field 'PuppetRig._hasHand' is assigned but its value is never used
[793/808    0s] ILPostProcess Library/Bee/artifacts/1900b0aE.dag/post-processed/Resonance.App.dll (+pdb)
Processing assembly Library/Bee/artifacts/1900b0aE.dag/Resonance.App.dll, with 140 defines and 264 references

processors: Unity.Jobs.CodeGen.JobsILPostProcessor, zzzUnity.Burst.CodeGen.BurstILPostProcessor

running Unity.Jobs.CodeGen.JobsILPostProcessor

running zzzUnity.Burst.CodeGen.BurstILPostProcessor
[794/808    0s] CopyFiles Library/ScriptAssemblies/Resonance.App.pdb
[795/808    0s] CopyFiles Library/ScriptAssemblies/Resonance.App.dll
[796/808    0s] Csc Library/Bee/artifacts/1900b0aE.dag/Resonance.Editor.dll (+2 others)
[797/808    0s] ILPostProcess Library/Bee/artifacts/1900b0aE.dag/post-processed/Resonance.Editor.dll (+pdb)
Processing assembly Library/Bee/artifacts/1900b0aE.dag/Resonance.Editor.dll, with 138 defines and 276 references

processors: Unity.Jobs.CodeGen.JobsILPostProcessor, zzzUnity.Burst.CodeGen.BurstILPostProcessor

running Unity.Jobs.CodeGen.JobsILPostProcessor

running zzzUnity.Burst.CodeGen.BurstILPostProcessor
[798/808    0s] CopyFiles Library/ScriptAssemblies/Resonance.Editor.pdb
[799/808    0s] CopyFiles Library/ScriptAssemblies/Resonance.Editor.dll
[800/808    0s] Csc Library/Bee/artifacts/1900b0aE.dag/Assembly-CSharp.dll (+2 others)
[801/808    0s] Csc Library/Bee/artifacts/1900b0aE.dag/Assembly-CSharp-Editor.dll (+2 others)
[802/808    1s] ILPostProcess Library/Bee/artifacts/1900b0aE.dag/post-processed/Assembly-CSharp.dll (+pdb)
Processing assembly Library/Bee/artifacts/1900b0aE.dag/Assembly-CSharp.dll, with 140 defines and 307 references

processors: Unity.Jobs.CodeGen.JobsILPostProcessor, zzzUnity.Burst.CodeGen.BurstILPostProcessor

running Unity.Jobs.CodeGen.JobsILPostProcessor

running zzzUnity.Burst.CodeGen.BurstILPostProcessor
[803/808    0s] ILPostProcess Library/Bee/artifacts/1900b0aE.dag/post-processed/Assembly-CSharp-Editor.dll (+pdb)
Processing assembly Library/Bee/artifacts/1900b0aE.dag/Assembly-CSharp-Editor.dll, with 138 defines and 323 references

processors: Unity.Jobs.CodeGen.JobsILPostProcessor, zzzUnity.Burst.CodeGen.BurstILPostProcessor

running Unity.Jobs.CodeGen.JobsILPostProcessor

running zzzUnity.Burst.CodeGen.BurstILPostProcessor
[804/808    0s] CopyFiles Library/ScriptAssemblies/Assembly-CSharp.dll
[805/808    0s] CopyFiles Library/ScriptAssemblies/Assembly-CSharp.pdb
[806/808    0s] CopyFiles Library/ScriptAssemblies/Assembly-CSharp-Editor.dll
[807/808    0s] CopyFiles Library/ScriptAssemblies/Assembly-CSharp-Editor.pdb
*** Tundra build success (15.08 seconds), 21 items updated, 808 evaluated
Assets\Scripts\Resonance.App\Debug\VerticalSliceSmokeRuntime.cs(55,14): warning CS0414: The field 'VerticalSliceSmokeRuntime._loseShot' is assigned but its value is never used
Assets\Scripts\Resonance.App\Characters\PuppetRig.cs(76,14): warning CS0414: The field 'PuppetRig._hasHair' is assigned but its value is never used
Assets\Scripts\Resonance.App\Characters\PuppetRig.cs(75,14): warning CS0414: The field 'PuppetRig._hasHead' is assigned but its value is never used
Assets\Scripts\Resonance.App\Characters\PuppetRig.cs(78,14): warning CS0414: The field 'PuppetRig._hasFoot' is assigned but its value is never used
Assets\Scripts\Resonance.App\Characters\PuppetRig.cs(77,14): warning CS0414: The field 'PuppetRig._hasHand' is assigned but its value is never used
AssetDatabase: script compilation time: 17.496493s
Begin MonoManager ReloadAssembly
- Loaded All Assemblies, in  1.112 seconds
Refreshing native plugins compatible for Editor in 5.19 ms, found 4 plugins.
Missing types referenced from component UniversalRenderPipelineGlobalSettings on game object UniversalRenderPipelineGlobalSettings:
	UnityEngine.PathTracing.Core.WorldRenderPipelineResources, Unity.PathTracing.Runtime (1 object)
Native extension for Android target not found
Native extension for WindowsStandalone target not found
[MODES] ModeService[none].Initialize
[MODES] ModeService[none].LoadModes
[MODES] Loading mode Default (0) for mode-current-id-契灵回响
<RI> Initializing input.
Using Windows.Gaming.Input
<RI> Input initialized.
[NATURAL-PLAY] game view portrait index=7
UnityEngine.Debug:ExtractStackTraceNoAlloc (byte*,int,string)
UnityEngine.StackTraceUtility:ExtractStackTrace ()
UnityEngine.DebugLogHandler:Internal_Log (UnityEngine.LogType,UnityEngine.LogOption,string,UnityEngine.Object)
UnityEngine.DebugLogHandler:LogFormat (UnityEngine.LogType,UnityEngine.Object,string,object[])
UnityEngine.Logger:Log (UnityEngine.LogType,object)
UnityEngine.Debug:Log (object)
Resonance.EditorTools.NaturalPlaySmoke:FocusPortraitGameView () (at Assets/Editor/Smoke/NaturalPlaySmoke.cs:247)
Resonance.EditorTools.NaturalPlaySmoke:TryEnterPlay () (at Assets/Editor/Smoke/NaturalPlaySmoke.cs:196)
Resonance.EditorTools.NaturalPlaySmoke:RequestRun (string) (at Assets/Editor/Smoke/NaturalPlaySmoke.cs:133)
Resonance.EditorTools.NaturalPlaySmoke:TryArmFromCommandLine () (at Assets/Editor/Smoke/NaturalPlaySmoke.cs:101)
Resonance.EditorTools.NaturalPlaySmoke:.cctor () (at Assets/Editor/Smoke/NaturalPlaySmoke.cs:34)
System.Runtime.CompilerServices.RuntimeHelpers:RunClassConstructor (System.RuntimeTypeHandle)
UnityEditor.EditorAssemblies:ProcessInitializeOnLoadAttributes (System.Type[])

(Filename: Assets/Editor/Smoke/NaturalPlaySmoke.cs Line: 247)

[NATURAL-PLAY] entering play mode
UnityEngine.Debug:ExtractStackTraceNoAlloc (byte*,int,string)
UnityEngine.StackTraceUtility:ExtractStackTrace ()
UnityEngine.DebugLogHandler:Internal_Log (UnityEngine.LogType,UnityEngine.LogOption,string,UnityEngine.Object)
UnityEngine.DebugLogHandler:LogFormat (UnityEngine.LogType,UnityEngine.Object,string,object[])
UnityEngine.Logger:Log (UnityEngine.LogType,object)
UnityEngine.Debug:Log (object)
Resonance.EditorTools.NaturalPlaySmoke:TryEnterPlay () (at Assets/Editor/Smoke/NaturalPlaySmoke.cs:197)
Resonance.EditorTools.NaturalPlaySmoke:RequestRun (string) (at Assets/Editor/Smoke/NaturalPlaySmoke.cs:133)
Resonance.EditorTools.NaturalPlaySmoke:TryArmFromCommandLine () (at Assets/Editor/Smoke/NaturalPlaySmoke.cs:101)
Resonance.EditorTools.NaturalPlaySmoke:.cctor () (at Assets/Editor/Smoke/NaturalPlaySmoke.cs:34)
System.Runtime.CompilerServices.RuntimeHelpers:RunClassConstructor (System.RuntimeTypeHandle)
UnityEditor.EditorAssemblies:ProcessInitializeOnLoadAttributes (System.Type[])

(Filename: Assets/Editor/Smoke/NaturalPlaySmoke.cs Line: 197)

ScheduleIndexationOnStartup MainProcess:True IndexOnStartup:True
Mono: successfully reloaded assembly
- Finished resetting the current domain, in  4.083 seconds
Domain Reload Profiling: 5187ms
	BeginReloadAssembly (408ms)
		ExecutionOrderSort (0ms)
		DisableScriptedObjects (40ms)
		BackupInstance (0ms)
		ReleaseScriptingObjects (0ms)
		CreateAndSetChildDomain (171ms)
	RebuildCommonClasses (51ms)
	RebuildNativeTypeToScriptingClass (16ms)
	initialDomainReloadingComplete (40ms)
	LoadAllAssembliesAndSetupDomain (588ms)
		LoadAssemblies (544ms)
		RebuildTransferFunctionScriptingTraits (0ms)
		AnalyzeDomain (187ms)
			TypeCache.Refresh (126ms)
				TypeCache.ScanAssembly (115ms)
			BuildScriptInfoCaches (45ms)
			ResolveRequiredComponents (13ms)
	FinalizeReload (4084ms)
		ReleaseScriptCaches (0ms)
		RebuildScriptCaches (0ms)
		SetupLoadedEditorAssemblies (3701ms)
			LogAssemblyErrors (0ms)
			InitializePlatformSupportModulesInManaged (54ms)
			SetLoadedEditorAssemblies (4ms)
			BeforeProcessingInitializeOnLoad (199ms)
			ProcessInitializeOnLoadAttributes (3323ms)
			ProcessInitializeOnLoadMethodAttributes (109ms)
			AfterProcessingInitializeOnLoad (12ms)
			EditorAssembliesLoaded (0ms)
		ExecutionOrderSort2 (0ms)
		AwakeInstancesAfterBackupRestoration (25ms)
Start importing Packages/com.unity.render-pipelines.core/Tests/Editor/UnifiedRayTracing/TraceRays.urtshader using Guid(1142bbad8b9e8c44c83a9775ff120d37) (ScriptedImporter)Launched and connected shader compiler UnityShaderCompiler.exe after 0.36 seconds

Compiling Ray Tracing Shader "TraceRays.urtshader", keywords = <no keywords>
    finished in 0.13 seconds. Local cache hits 1, remote cache hits 0, compiled 0 platform variants
 -> (artifact id: '5553b18b7c8112bb9ccf89122cb67ade') in 0.7958444 seconds
Start importing Packages/com.unity.render-pipelines.universal/Runtime/RendererFeatures/SurfaceCacheGI/SurfaceCacheCore/RisEstimation.urtshader using Guid(713f6141bd66a134383b787f2eaa7c11) (ScriptedImporter)
Compiling Ray Tracing Shader "RisEstimation.urtshader", keywords = <no keywords>
    finished in 0.00 seconds. Local cache hits 1, remote cache hits 0, compiled 0 platform variants
 -> (artifact id: 'f3e1c77ba19ceee35f0267b5d0e51b7e') in 0.0262348 seconds
Start importing Packages/com.unity.render-pipelines.core/Editor/Lighting/ProbeVolume/RenderingLayerMask/TraceRenderingLayerMask.urtshader using Guid(94a070d33e408384bafc1dea4a565df9) (ScriptedImporter)
Compiling Ray Tracing Shader "TraceRenderingLayerMask.urtshader", keywords = <no keywords>
    finished in 0.00 seconds. Local cache hits 1, remote cache hits 0, compiled 0 platform variants
 -> (artifact id: '00bbb221d1e27c0f9443856a5487c0b3') in 0.0246867 seconds
Start importing Packages/com.unity.render-pipelines.universal/Runtime/RendererFeatures/SurfaceCacheGI/SurfaceCacheCore/UniformEstimation.urtshader using Guid(94a39d12848d8d64ca962a72b74e7c50) (ScriptedImporter)
Compiling Ray Tracing Shader "UniformEstimation.urtshader", keywords = <no keywords>
    finished in 0.00 seconds. Local cache hits 1, remote cache hits 0, compiled 0 platform variants
 -> (artifact id: '196b48d16add00849a1cec00bdd2d24f') in 0.0206427 seconds
Start importing Packages/com.unity.render-pipelines.core/Tests/Editor/UnifiedRayTracing/TraceTransparentRays.urtshader using Guid(6513c3b892e933c4f8d00c19d5c47532) (ScriptedImporter)
Compiling Ray Tracing Shader "TraceTransparentRays.urtshader", keywords = <no keywords>
    finished in 0.00 seconds. Local cache hits 1, remote cache hits 0, compiled 0 platform variants
 -> (artifact id: '54b3dc491ce57cafb618490eab295fc7') in 0.0072017 seconds
Start importing Packages/com.unity.render-pipelines.core/Editor/Lighting/ProbeVolume/DynamicGI/DynamicGISkyOcclusion.urtshader using Guid(5a2a534753fbdb44e96c3c78b5a6999d) (ScriptedImporter)
Compiling Ray Tracing Shader "DynamicGISkyOcclusion.urtshader", keywords = <no keywords>
    finished in 0.00 seconds. Local cache hits 1, remote cache hits 0, compiled 0 platform variants
 -> (artifact id: '85aff15bdeaa166b3ec75f6e9791ba7e') in 0.0128441 seconds
Start importing Packages/com.unity.render-pipelines.core/Tests/Editor/UnifiedRayTracing/TraceRaysAndFetchAttributes.urtshader using Guid(fbc59f55df2416344b008dc23753cae2) (ScriptedImporter)
Compiling Ray Tracing Shader "TraceRaysAndFetchAttributes.urtshader", keywords = <no keywords>
    finished in 0.00 seconds. Local cache hits 1, remote cache hits 0, compiled 0 platform variants
 -> (artifact id: 'bb9357e14210f19acbd00034a5eda908') in 0.0099574 seconds
Start importing Packages/com.unity.render-pipelines.universal/Runtime/RendererFeatures/SurfaceCacheGI/SurfaceCacheCore/RestirCandidateTemporal.urtshader using Guid(ad3a9f9982f8c4f4a839a78955e78458) (ScriptedImporter)
Compiling Ray Tracing Shader "RestirCandidateTemporal.urtshader", keywords = <no keywords>
    finished in 0.00 seconds. Local cache hits 1, remote cache hits 0, compiled 0 platform variants
 -> (artifact id: '2a77cd8c49e7ad2366be5bb7e4a8b440') in 0.0138838 seconds
Start importing Packages/com.unity.render-pipelines.core/Editor/Lighting/ProbeVolume/VirtualOffset/TraceVirtualOffset.urtshader using Guid(ff2cbab5da58bf04d82c5f34037ed123) (ScriptedImporter)
Compiling Ray Tracing Shader "TraceVirtualOffset.urtshader", keywords = <no keywords>
    finished in 0.00 seconds. Local cache hits 1, remote cache hits 0, compiled 0 platform variants
 -> (artifact id: '1e33304e9d405c62e9503b03959361c1') in 0.0169525 seconds
Refreshing native plugins compatible for Editor in 1.68 ms, found 4 plugins.
Preloading 0 native plugins for Editor in 0.00 ms.
Asset Pipeline Refresh (id=a36c07374e170134c9b18536ff966a19): Total: 24.645 seconds - Initiated by InitialRefreshV2(ForceSynchronousImport)
	Summary:
		Imports: total=2931 (actual=9, local cache=2922, cache server=0)
		Asset DB Process Time: managed=6 ms, native=5632 ms
		Asset DB Callback time: managed=168 ms, native=175 ms
		Scripting: domain reloads=1, domain reload time=1112 ms, compile time=17498 ms, other=50 ms
		Project Asset Count: scripts=1008, non-scripts=2764
		Asset File Changes: new=0, changed=1, moved=0, deleted=0
		Scan Filter Count: 0
	InvokeCustomDependenciesCallbacks: 0.003ms
	InvokePackagesCallback: 73.949ms
	ApplyChangesToAssetFolders: 0.640ms
	Scan: 159.475ms
	OnSourceAssetsModified: 0.950ms
	CategorizeAssetsWithTransientArtifact: 37.914ms
	ProcessAssetsWithTransientArtifactChanges: 181.481ms
	CategorizeAssets: 53.676ms
	ImportOutOfDateAssets: 5035.168ms (-13399.700ms without children)
		ImportManagerImport: 933.553ms (1.992ms without children)
			ImportInProcess: 931.172ms
			UpdateCategorizedAssets: 0.389ms
		CompileScripts: 17498.196ms
		ReloadNativeAssets: 0.024ms
		UnloadImportedAssets: 1.312ms
		ReloadImportedAssets: 0.053ms
		EnsureUptoDateAssetsAreRegisteredWithGuidPM: 1.140ms
		InitializingProgressBar: 0.001ms
		PostProcessAllAssetNotificationsAddChangedAssets: 0.001ms
		OnDemandSchedulerStart: 0.587ms
	PostProcessAllAssets: 265.272ms
	Hotreload: 6.284ms
	GatherAllCurrentPrimaryArtifactRevisions: 0.002ms
	UnloadStreamsBegin: 2.410ms
	PersistCurrentRevisions: 2.010ms
	UnloadStreamsEnd: 0.002ms
	GenerateScriptTypeHashes: 3.380ms
	Untracked: 18826.020ms

Application.AssetDatabase Initial Refresh End
Scanning for USB devices : 2.638ms
Initializing Unity extensions:
Unloading 90 Unused Serialized files (Serialized files now loaded: 0)
Unloading 4223 unused Assets / (4.5 MB). Loaded Objects now: 5845.
Memory consumption went from 314.8 MB to 310.2 MB.
Total: 14.111000 ms (FindLiveObjects: 0.425600 ms CreateObjectMapping: 0.424400 ms MarkObjects: 11.062100 ms  DeleteObjects: 2.197000 ms)

[LAYOUT] About to load UserSettings\Layouts\default-6000.dwlt, keepMainWindow=False
[LAYOUT] About to save layout F:\天命之子\client\UserSettings\Layouts\default-6000.dwlt
[LAYOUT] About to save layout C:/Users/Administrator/AppData/Roaming/Unity/Editor-5.x/Preferences\Layouts\current\default-6000.dwlt
[MODES] ModeService[default].InitializeCurrentMode
[MODES] ModeService[default].RaiseModeChanged(default, default)
This project uses Input Manager, which is marked for deprecation. To manage input in your project, use the <a href="https://docs.unity3d.com/Packages/com.unity.inputsystem@latest">Input System package</a> instead.
[NATURAL-PLAY] game view portrait index=7
UnityEngine.Debug:ExtractStackTraceNoAlloc (byte*,int,string)
UnityEngine.StackTraceUtility:ExtractStackTrace ()
UnityEngine.DebugLogHandler:Internal_Log (UnityEngine.LogType,UnityEngine.LogOption,string,UnityEngine.Object)
UnityEngine.DebugLogHandler:LogFormat (UnityEngine.LogType,UnityEngine.Object,string,object[])
UnityEngine.Logger:Log (UnityEngine.LogType,object)
UnityEngine.Debug:Log (object)
Resonance.EditorTools.NaturalPlaySmoke:FocusPortraitGameView () (at Assets/Editor/Smoke/NaturalPlaySmoke.cs:247)
Resonance.EditorTools.NaturalPlaySmoke:TryEnterPlay () (at Assets/Editor/Smoke/NaturalPlaySmoke.cs:196)
Resonance.EditorTools.NaturalPlaySmoke:RequestRun (string) (at Assets/Editor/Smoke/NaturalPlaySmoke.cs:133)
Resonance.EditorTools.NaturalPlaySmoke:CliFever () (at Assets/Editor/Smoke/NaturalPlaySmoke.cs:74)

(Filename: Assets/Editor/Smoke/NaturalPlaySmoke.cs Line: 247)

[NATURAL-PLAY] entering play mode
UnityEngine.Debug:ExtractStackTraceNoAlloc (byte*,int,string)
UnityEngine.StackTraceUtility:ExtractStackTrace ()
UnityEngine.DebugLogHandler:Internal_Log (UnityEngine.LogType,UnityEngine.LogOption,string,UnityEngine.Object)
UnityEngine.DebugLogHandler:LogFormat (UnityEngine.LogType,UnityEngine.Object,string,object[])
UnityEngine.Logger:Log (UnityEngine.LogType,object)
UnityEngine.Debug:Log (object)
Resonance.EditorTools.NaturalPlaySmoke:TryEnterPlay () (at Assets/Editor/Smoke/NaturalPlaySmoke.cs:197)
Resonance.EditorTools.NaturalPlaySmoke:RequestRun (string) (at Assets/Editor/Smoke/NaturalPlaySmoke.cs:133)
Resonance.EditorTools.NaturalPlaySmoke:CliFever () (at Assets/Editor/Smoke/NaturalPlaySmoke.cs:74)

(Filename: Assets/Editor/Smoke/NaturalPlaySmoke.cs Line: 197)

[Project] Loading completed in 36.476 seconds
	Project init time: 				31.608 seconds
		Template init time: 		0.000 seconds
		Package Manager init time: 		1.376 seconds
		Asset Database init time: 		0.444 seconds
		Global illumination init time: 	0.014 seconds
		Assemblies load time: 			1.651 seconds
		Unity extensions init time: 	0.006 seconds
		Asset Database refresh time: 	24.646 seconds
	Scene opening time: 			4.040 seconds
##utp:{"type":"ProjectInfo","version":2,"phase":"Immediate","time":1789408258209,"processId":39164,"projectLoad":36.4755161,"projectInit":31.6076726,"templateInit":0.0,"packageManagerInit":1.3759921,"assetDatabaseInit":0.4436268,"globalIlluminationInit":0.0140804,"assembliesLoad":1.6514905,"unityExtensionsInit":0.0056571,"assetDatabaseRefresh":24.6455967,"sceneOpening":4.0398645}
##utp:{"type":"EditorInfo","version":2,"phase":"Immediate","time":1789408258209,"processId":39164,"editorVersion":"6000.3.23f1 (09d2ecc7fb28)","branch":"6000.3/staging","buildType":"Release","platform":"Windows"}
Reloading assemblies for play mode.
Reloading assemblies after forced synchronous recompile.
Begin MonoManager ReloadAssembly
- Loaded All Assemblies, in  1.018 seconds
Refreshing native plugins compatible for Editor in 1.72 ms, found 4 plugins.
Missing types referenced from component UniversalRenderPipelineGlobalSettings on game object UniversalRenderPipelineGlobalSettings:
	UnityEngine.PathTracing.Core.WorldRenderPipelineResources, Unity.PathTracing.Runtime (1 object)
Native extension for Android target not found
Native extension for WindowsStandalone target not found
ScheduleIndexationOnStartup MainProcess:True IndexOnStartup:True
[MODES] ModeService[none].Initialize
[MODES] ModeService[none].LoadModes
Mono: successfully reloaded assembly
- Finished resetting the current domain, in  2.159 seconds
Domain Reload Profiling: 3172ms
	BeginReloadAssembly (643ms)
		ExecutionOrderSort (0ms)
		DisableScriptedObjects (106ms)
		BackupInstance (0ms)
		ReleaseScriptingObjects (0ms)
		CreateAndSetChildDomain (264ms)
	RebuildCommonClasses (50ms)
	RebuildNativeTypeToScriptingClass (20ms)
	initialDomainReloadingComplete (37ms)
	LoadAllAssembliesAndSetupDomain (262ms)
		LoadAssemblies (242ms)
		RebuildTransferFunctionScriptingTraits (0ms)
		AnalyzeDomain (228ms)
			TypeCache.Refresh (6ms)
				TypeCache.ScanAssembly (0ms)
			BuildScriptInfoCaches (169ms)
			ResolveRequiredComponents (48ms)
	FinalizeReload (2160ms)
		ReleaseScriptCaches (0ms)
		RebuildScriptCaches (0ms)
		SetupLoadedEditorAssemblies (862ms)
			LogAssemblyErrors (0ms)
			InitializePlatformSupportModulesInManaged (49ms)
			SetLoadedEditorAssemblies (4ms)
			BeforeProcessingInitializeOnLoad (180ms)
			ProcessInitializeOnLoadAttributes (517ms)
			ProcessInitializeOnLoadMethodAttributes (97ms)
			AfterProcessingInitializeOnLoad (15ms)
			EditorAssembliesLoaded (0ms)
		ExecutionOrderSort2 (0ms)
		AwakeInstancesAfterBackupRestoration (796ms)
Asset Pipeline Refresh (id=0ec704f8f6cf1e743b72a1e952922cd7): Total: 3.482 seconds - Initiated by StopAssetImportingV2(ForceSynchronousImport | ForceDomainReload)
	Summary:
		Imports: total=0 (actual=0, local cache=0, cache server=0)
		Asset DB Process Time: managed=0 ms, native=2397 ms
		Asset DB Callback time: managed=41 ms, native=0 ms
		Scripting: domain reloads=1, domain reload time=1040 ms, compile time=1 ms, other=0 ms
		Project Asset Count: scripts=1008, non-scripts=2764
		Asset File Changes: new=0, changed=0, moved=0, deleted=0
		Scan Filter Count: 0
	InvokeCustomDependenciesCallbacks: 0.001ms
	InvokePackagesCallback: 2.520ms
	ApplyChangesToAssetFolders: 0.268ms
	Scan: 0.001ms
	OnSourceAssetsModified: 0.002ms
	CategorizeAssetsWithTransientArtifact: 0.006ms
	ProcessAssetsWithTransientArtifactChanges: 3.254ms
	CategorizeAssets: 57.820ms
	ImportOutOfDateAssets: 2170.861ms (2052.638ms without children)
		CompileScripts: 1.451ms
		CollectScriptTypesHashes: 112.587ms
		ReloadNativeAssets: 0.990ms
		UnloadImportedAssets: 2.059ms
		EnsureUptoDateAssetsAreRegisteredWithGuidPM: 0.756ms
		InitializingProgressBar: 0.001ms
		PostProcessAllAssetNotificationsAddChangedAssets: 0.001ms
		OnDemandSchedulerStart: 0.381ms
	PostProcessAllAssets: 41.734ms
	GatherAllCurrentPrimaryArtifactRevisions: 0.176ms
	UnloadStreamsBegin: 1.337ms
	PersistCurrentRevisions: 0.151ms
	UnloadStreamsEnd: 0.002ms
	GenerateScriptTypeHashes: 4.905ms
	Untracked: 1203.780ms

Loaded scene 'Temp/__Backupscenes/0.backup'
	Deserialize:            0.763 ms
	Integration:            305.839 ms
	Integration of assets:  0.002 ms
	Thread Wait Time:       0.023 ms
	Total Operation Time:   306.626 ms
EMERALD_LOADED parts=4 vertices=11873 parameters=6
UnityEngine.Debug:ExtractStackTraceNoAlloc (byte*,int,string)
UnityEngine.StackTraceUtility:ExtractStackTrace ()
UnityEngine.DebugLogHandler:Internal_Log (UnityEngine.LogType,UnityEngine.LogOption,string,UnityEngine.Object)
UnityEngine.DebugLogHandler:LogFormat (UnityEngine.LogType,UnityEngine.Object,string,object[])
UnityEngine.Logger:Log (UnityEngine.LogType,object)
UnityEngine.Debug:Log (object)
EmeraldInochi.InochiStandee:Initialize () (at Assets/EmeraldInochi/InochiStandee.cs:94)
EmeraldInochi.InochiStandee:Attach (UnityEngine.Transform) (at Assets/EmeraldInochi/InochiStandee.cs:51)
Resonance.App.EmeraldLobby:TryAttach (UnityEngine.Transform,System.Collections.Generic.List`1<UnityEngine.GameObject>) (at Assets/Scripts/Resonance.App/UI/EmeraldLobby.cs:16)
Resonance.App.GameRoot:DrawHome () (at Assets/Scripts/Resonance.App/Core/GameRoot.cs:442)
Resonance.App.GameRoot:Show (Resonance.App.GameRoot/ScreenId) (at Assets/Scripts/Resonance.App/Core/GameRoot.cs:402)
Resonance.App.GameRoot:<DrawBoot>b__80_0 () (at Assets/Scripts/Resonance.App/Core/GameRoot.cs:432)
Resonance.App.BootSplash/Hold:Update () (at Assets/Scripts/Resonance.App/UI/BootSplash.cs:83)

(Filename: Assets/EmeraldInochi/InochiStandee.cs Line: 94)

[NATURAL-PLAY] game view portrait index=7
UnityEngine.Debug:ExtractStackTraceNoAlloc (byte*,int,string)
UnityEngine.StackTraceUtility:ExtractStackTrace ()
UnityEngine.DebugLogHandler:Internal_Log (UnityEngine.LogType,UnityEngine.LogOption,string,UnityEngine.Object)
UnityEngine.DebugLogHandler:LogFormat (UnityEngine.LogType,UnityEngine.Object,string,object[])
UnityEngine.Logger:Log (UnityEngine.LogType,object)
UnityEngine.Debug:Log (object)
Resonance.EditorTools.NaturalPlaySmoke:FocusPortraitGameView () (at Assets/Editor/Smoke/NaturalPlaySmoke.cs:247)
Resonance.EditorTools.NaturalPlaySmoke:OnPlayMode (UnityEditor.PlayModeStateChange) (at Assets/Editor/Smoke/NaturalPlaySmoke.cs:141)
UnityEditor.EditorApplication:Internal_PlayModeStateChanged (UnityEditor.PlayModeStateChange)

(Filename: Assets/Editor/Smoke/NaturalPlaySmoke.cs Line: 247)

Asset Pipeline Refresh (id=2b0076a83f110b24aab587d5511e473c): Total: 0.009 seconds - Initiated by RefreshV2(NoUpdateAssetOptions)
Start Indexing on Editor startup
[Indexing] Starting Initial Indexing for Assets
Created GICache directory at C:/Users/Administrator/AppData/LocalLow/Unity/Caches/GiCache. Took: 0.055s, timestamps: [42.734 - 42.789]
[Licensing::Client] Successfully resolved entitlement details
[Licensing::Client] Successfully resolved entitlement details
Android Extension - Scanning For ADB Devices 3925 ms
Android Extension - Scanning For ADB Devices 1733 ms
Attempted to call .Dispose on an already disposed CancellationTokenSource
Android Extension - Scanning For ADB Devices 1312 ms
Android Extension - Scanning For ADB Devices 1472 ms
TrimDiskCacheJob: Current cache size 0mb
[NATURAL-PLAY]
FAIL OpenQte#3
historical_baseline=DC_RECON_KIT/m1/G2_REVIEW_20260913/artifacts/natural-play/run7
historical_verdict=FAIL BattlePlay missing=Tap,Slide
historical_note=run7 kept as FAIL; this session does not rewrite it to PASS
pointer=UnityEngine.EventSystem
os_touch=NOT_CLAIMED
provenance=DESIGN_PLACEHOLDER
schema=G2R14-NP-1
plan=np.fever.v1
session=np-20260914T175102
battle_ids=np-20260914T175102-001
battle_1=np-20260914T175102-001 scenario=np.fever.v1 stage=NP-FEVER persisted=1 outcome=InProgress digest=3bf113de0f161d3e5a0a04f7c1d7fdb8c3acc7e94eacfe3864ea66b1efd78092 dir=F:\天命之子\client\captures\natural-play\battles\np-20260914T175102-001
catalog=DESIGN_PLACEHOLDER G2R14-NP-1 mode=np.fever.v1+A53_SUB_STRIP_DOT_FLAME sub=A53_SUB_STRIP_DOT_FLAME fights=1 chargeSec=1.25 declaredAutoDriveGain=2 honorDeclared=True tickUnitFloor=Math.Max(14f,DriveGain) until integrator hunk roster=ok
captures=np_01_battle.png,np_04_qte.png,np_05_judge.png
screen=Battle
title=
drive=100 fever=False ever=False speed=1 auto=Manual outcome=InProgress wave=0

phase	expected	observed	frame	ms
VerificationCatalog	DESIGN_PLACEHOLDER before FIGHT	DESIGN_PLACEHOLDER G2R14-NP-1 mode=np.fever.v1+A53_SUB_STRIP_DOT_FLAME sub=A53_SUB_STRIP_DOT_FLAME fights=1 chargeSec=1.25 declaredAutoDriveGain=2 honorDeclared=True tickUnitFloor=Math.Max(14f,DriveGain) until integrator hunk roster=ok	1	0
HomeVisible	screen=Home	screen=Home	2	6206
TapToStage	tap 关卡	tapped GameRoot/Canvas/首页/关卡	3	6496
StageVisible	screen=Stage	screen=Stage	7	6757
TapStart	tap FIGHT	tapped GameRoot/Canvas/StageBoard/WavePreview/FIGHT	9	8156
BattleVisible	screen=Battle hud=p0	screen=Battle hud=p0 wave=0	20	8288
BattleId	unique battle_id + frozen BattleInitialHeader + RunHeader	id=np-20260914T175102-001 scenario=np.fever.v1 frozen=True header=seed=106054296;rules=g2-patha-2026-09-13;profile=JP_LEGACY_EMPIRICAL;auto=Manual;speed=1;forceNoCrit=0;stage=NP-FEVER;data=g2id1-b078632c5f28a3727180f69f48398c62aad1a435fbf9a2ddebf731e382227388;party=C001,C007,C010,C003,C005	21	8298
OpenQte#1	tap p0	tapped GameRoot/Canvas/p0	2140	28406
OpenQte#1	QteOpen or PendingDrive	QteOpen=True pending=0	2154	28533
JudgeQte#1	QTE resolved via vfxGood tap	screen=Battle last=DRIVE  冰刃  焚城  Perfect drive=0 qte=-1 fever=False feverEver=False feverGauge=40 paused=False speed=1 auto=Manual wave=0 outcome=InProgress cmd=seq=2 tick=631 kind=DriveResolve slot=0 source=Player accepted=True reason=None timing=Perfect value=0 lastDrive=Perfect feverGauge=40	2188	28904
OpenQte#2	tap p0	tapped GameRoot/Canvas/p0	3966	48275
OpenQte#2	QteOpen or PendingDrive	QteOpen=True pending=0	3976	48397
JudgeQte#2	QTE resolved via vfxGood tap	screen=Battle last=DRIVE  冰刃  焚城  Perfect drive=0 qte=-1 fever=False feverEver=False feverGauge=80 paused=False speed=1 auto=Manual wave=0 outcome=InProgress cmd=seq=4 tick=1227 kind=DriveResolve slot=0 source=Player accepted=True reason=None timing=Perfect value=0 lastDrive=Perfect feverGauge=80	4016	48770
OpenQte#3	tap p0	tapped GameRoot/Canvas/p0	6015	70859
OpenQte#3	QteOpen or PendingDrive	QteOpen=False pending=-1	6415	74992

--- inputs ---
note natural-play start
note historical_baseline=DC_RECON_KIT/m1/G2_REVIEW_20260913/artifacts/natural-play/run7 verdict=FAIL BattlePlay missing=Tap,Slide (kept; not rewritten)
note pointer=UnityEngine.EventSystem os_touch=NOT_CLAIMED
note plan mode=np.fever.v1 fights=1 provenance=DESIGN_PLACEHOLDER schema=G2R14-NP-1
note catalog DESIGN_PLACEHOLDER G2R14-NP-1 mode=np.fever.v1+A53_SUB_STRIP_DOT_FLAME sub=A53_SUB_STRIP_DOT_FLAME fights=1 chargeSec=1.25 declaredAutoDriveGain=2 honorDeclared=True tickUnitFloor=Math.Max(14f,DriveGain) until integrator hunk roster=ok
note ok VerificationCatalog DESIGN_PLACEHOLDER G2R14-NP-1 mode=np.fever.v1+A53_SUB_STRIP_DOT_FLAME sub=A53_SUB_STRIP_DOT_FLAME fights=1 chargeSec=1.25 declaredAutoDriveGain=2 honorDeclared=True tickUnitFloor=Math.Max(14f,DriveGain) until integrator hunk roster=ok
note ok HomeVisible screen=Home
frame=2 t=6.207 kind=tap pos=289,438 target=none after=battle=null screen=Stage
note ok TapToStage tapped GameRoot/Canvas/首页/关卡
note ok StageVisible screen=Stage
frame=8 t=6.888 kind=tap pos=540,250 target=none after=screen=Battle last=第一波 drive=0 qte=-1 fever=False feverEver=False feverGauge=0 paused=False speed=1 auto=Manual wave=0 outcome=InProgress
note ok TapStart tapped GameRoot/Canvas/StageBoard/WavePreview/FIGHT
note ok BattleVisible screen=Battle hud=p0 wave=0
note ok BattleId id=np-20260914T175102-001 scenario=np.fever.v1 frozen=True header=seed=106054296;rules=g2-patha-2026-09-13;profile=JP_LEGACY_EMPIRICAL;auto=Manual;speed=1;forceNoCrit=0;stage=NP-FEVER;data=g2id1-b078632c5f28a3727180f69f48398c62aad1a435fbf9a2ddebf731e382227388;party=C001,C007,C010,C003,C005
note shot np_01_battle.png
frame=2139 t=28.363 kind=tap pos=119,307 target=GameRoot/Canvas/p0 after=screen=Battle last=冰刃 准备 Drive drive=100 qte=0 fever=False feverEver=False feverGauge=0 paused=False speed=1 auto=Manual wave=0 outcome=InProgress cmd=seq=1 tick=616 kind=DriveBegin slot=0 source=Player accepted=True reason=None timing=Bad value=0
note ok OpenQte#1 tapped GameRoot/Canvas/p0
note ok OpenQte#1 QteOpen=True pending=0
note shot np_04_qte.png
note qte-window phase=JudgeQte#1 age=0.521 until=0.000 in=True
frame=2187 t=28.885 kind=tap pos=540,515 target=GameRoot/Canvas/vfxGood/face after=screen=Battle last=DRIVE  冰刃  焚城  Perfect drive=0 qte=-1 fever=False feverEver=False feverGauge=40 paused=False speed=1 auto=Manual wave=0 outcome=InProgress cmd=seq=2 tick=631 kind=DriveResolve slot=0 source=Player accepted=True reason=None timing=Perfect value=0
note ok JudgeQte#1 screen=Battle last=DRIVE  冰刃  焚城  Perfect drive=0 qte=-1 fever=False feverEver=False feverGauge=40 paused=False speed=1 auto=Manual wave=0 outcome=InProgress cmd=seq=2 tick=631 kind=DriveResolve slot=0 source=Player accepted=True reason=None timing=Perfect value=0 lastDrive=Perfect feverGauge=40
note shot np_05_judge.png
frame=3965 t=48.231 kind=tap pos=119,307 target=GameRoot/Canvas/p0 after=screen=Battle last=冰刃 准备 Drive drive=100 qte=0 fever=False feverEver=False feverGauge=40 paused=False speed=1 auto=Manual wave=0 outcome=InProgress cmd=seq=3 tick=1212 kind=DriveBegin slot=0 source=Player accepted=True reason=None timing=Bad value=0
note ok OpenQte#2 tapped GameRoot/Canvas/p0
note ok OpenQte#2 QteOpen=True pending=0
note qte-window phase=JudgeQte#2 age=0.525 until=0.000 in=True
frame=4015 t=48.756 kind=tap pos=540,515 target=GameRoot/Canvas/vfxGood/face after=screen=Battle last=DRIVE  冰刃  焚城  Perfect drive=0 qte=-1 fever=False feverEver=False feverGauge=80 paused=False speed=1 auto=Manual wave=0 outcome=InProgress cmd=seq=4 tick=1227 kind=DriveResolve slot=0 source=Player accepted=True reason=None timing=Perfect value=0
note ok JudgeQte#2 screen=Battle last=DRIVE  冰刃  焚城  Perfect drive=0 qte=-1 fever=False feverEver=False feverGauge=80 paused=False speed=1 auto=Manual wave=0 outcome=InProgress cmd=seq=4 tick=1227 kind=DriveResolve slot=0 source=Player accepted=True reason=None timing=Perfect value=0 lastDrive=Perfect feverGauge=80
frame=6014 t=70.827 kind=tap pos=119,307 target=GameRoot/Canvas/p0 after=screen=Battle last=DRIVE  冰刃  焚城  Perfect drive=100 qte=-1 fever=False feverEver=False feverGauge=80 paused=False speed=1 auto=Manual wave=0 outcome=InProgress cmd=seq=5 tick=1890 kind=DriveBegin slot=0 source=Player accepted=False reason=UnitDead timing=Bad value=0
note ok OpenQte#3 tapped GameRoot/Canvas/p0
note fail OpenQte#3 QteOpen=False pending=-1
note persist np-20260914T175102-001 why=quit status=F:\天命之子\client\captures\natural-play\battles\np-20260914T175102-001 outcome=InProgress digest=3bf113de0f161d3e5a0a04f7c1d7fdb8c3acc7e94eacfe3864ea66b1efd78092 replay=F:\天命之子\client\captures\natural-play\battles\np-20260914T175102-001\replay.jsonl

--- frozen battle headers (authoritative) ---
np-20260914T175102-001	seed=106054296;rules=g2-patha-2026-09-13;profile=JP_LEGACY_EMPIRICAL;auto=Manual;speed=1;forceNoCrit=0;stage=NP-FEVER;data=g2id1-b078632c5f28a3727180f69f48398c62aad1a435fbf9a2ddebf731e382227388;party=C001,C007,C010,C003,C005

--- live RunHeader (current GameRoot.Battle; may be fight 2) ---
seed=106054296;rules=g2-patha-2026-09-13;profile=JP_LEGACY_EMPIRICAL;auto=Manual;speed=1;forceNoCrit=0;stage=NP-FEVER;data=g2id1-739d8b44874327aba5cc7bbf1de521bdd7e524983b1452f749fcacbf4d40f054;party=C001,C007,C010,C003,C005

--- live CommandLog (current GameRoot.Battle; per-fight files are authoritative) ---
seq=1 tick=616 kind=DriveBegin slot=0 source=Player accepted=True reason=None timing=Bad value=0
seq=2 tick=631 kind=DriveResolve slot=0 source=Player accepted=True reason=None timing=Perfect value=0
seq=3 tick=1212 kind=DriveBegin slot=0 source=Player accepted=True reason=None timing=Bad value=0
seq=4 tick=1227 kind=DriveResolve slot=0 source=Player accepted=True reason=None timing=Perfect value=0
seq=5 tick=1890 kind=DriveBegin slot=0 source=Player accepted=False reason=UnitDead timing=Bad value=0

--- reflection (read-only) ---
BattleSim.CommandLog (public, read-only)
BattleSim.RunHeader() (read-only)
UnityEngine.Debug:ExtractStackTraceNoAlloc (byte*,int,string)
UnityEngine.StackTraceUtility:ExtractStackTrace ()
UnityEngine.DebugLogHandler:Internal_Log (UnityEngine.LogType,UnityEngine.LogOption,string,UnityEngine.Object)
UnityEngine.DebugLogHandler:LogFormat (UnityEngine.LogType,UnityEngine.Object,string,object[])
UnityEngine.Logger:Log (UnityEngine.LogType,object)
UnityEngine.Debug:Log (object)
Resonance.App.NaturalPlayRuntime:WriteAndQuit (bool) (at Assets/Scripts/Resonance.App/Debug/NaturalPlayRuntime.cs:1650)
Resonance.App.NaturalPlayRuntime:Fail (string,string,string) (at Assets/Scripts/Resonance.App/Debug/NaturalPlayRuntime.cs:1557)
Resonance.App.NaturalPlayRuntime/<WaitQteOpen>d__61:MoveNext () (at Assets/Scripts/Resonance.App/Debug/NaturalPlayRuntime.cs:823)
UnityEngine.SetupCoroutine:InvokeMoveNext (System.Collections.IEnumerator,intptr)

(Filename: Assets/Scripts/Resonance.App/Debug/NaturalPlayRuntime.cs Line: 1650)

Unloading 22 Unused Serialized files (Serialized files now loaded: 0)
Loaded scene 'Temp/__Backupscenes/0.backup'
	Deserialize:            0.678 ms
	Integration:            131.094 ms
	Integration of assets:  0.001 ms
	Thread Wait Time:       0.018 ms
	Total Operation Time:   131.791 ms
Unloading 73 unused Assets / (17.3 MB). Loaded Objects now: 6049.
Memory consumption went from 351.2 MB to 333.8 MB.
Total: 14.855200 ms (FindLiveObjects: 0.252900 ms CreateObjectMapping: 0.127100 ms MarkObjects: 10.769400 ms  DeleteObjects: 3.704200 ms)

[Licensing::Client] Successfully resolved entitlement details
[Licensing::Module] License group:
  Id: F4-99BH-9QMP-CCW5-HN7U-XXXX
  Product: Unity Personal
  Type: ULF
  Expiration: 2026-09-24T18:50:25Z
[Licensing::Module] License group:
  Id: ewogICJzdWJzR3JvdXAiIDogInVuaXR5IGVkaXRvciIsCiAgIm5hbWVzcGFjZSIgOiAidW5pdHlfZWRpdG9yIiwKICAidHlwZSIgOiAiRURJVE9SIiwKICAidGFnIiA6ICJVbml0eVBlcnNvbmFsXXXX
  Product: Unity Personal Version
  Type: Assigned
  Expiration: Unlimited
Starting new worker id: 0 with log in F:/天命之子/client/Logs/AssetImportWorker0.log
Starting new worker id: 1 with log in F:/天命之子/client/Logs/AssetImportWorker1.log
Starting new worker id: 2 with log in F:/天命之子/client/Logs/AssetImportWorker2.log
[NATURAL-PLAY] quitting editor after result pass=False
UnityEngine.Debug:ExtractStackTraceNoAlloc (byte*,int,string)
UnityEngine.StackTraceUtility:ExtractStackTrace ()
UnityEngine.DebugLogHandler:Internal_Log (UnityEngine.LogType,UnityEngine.LogOption,string,UnityEngine.Object)
UnityEngine.DebugLogHandler:LogFormat (UnityEngine.LogType,UnityEngine.Object,string,object[])
UnityEngine.Logger:Log (UnityEngine.LogType,object)
UnityEngine.Debug:Log (object)
Resonance.EditorTools.NaturalPlaySmoke:QuitIfDone () (at Assets/Editor/Smoke/NaturalPlaySmoke.cs:226)
Resonance.EditorTools.NaturalPlaySmoke:Poll () (at Assets/Editor/Smoke/NaturalPlaySmoke.cs:171)
UnityEditor.EditorApplication:Internal_CallUpdateFunctions ()

(Filename: Assets/Editor/Smoke/NaturalPlaySmoke.cs Line: 226)

[LAYOUT] About to save layout F:\天命之子\client\UserSettings\Layouts\default-6000.dwlt
[LAYOUT] About to save layout C:/Users/Administrator/AppData/Roaming/Unity/Editor-5.x/Preferences\Layouts\current\default-6000.dwlt
Killing ADB server in 0.6445756 seconds.
