Input #0, mov,mp4,m4a,3gp,3g2,mj2, from 'F:\天命之子\DC_RECON_KIT\m1\REVIEW_350e3b6\artifacts\natural-play\20260920T062640-np_basic_v1\basic-focus.mp4':
  Metadata:
    major_brand     : isom
    minor_version   : 512
    compatible_brands: isomiso6iso2avc1mp41
    encoder         : Lavf62.12.101
  Duration: 00:00:23.13, start: 0.233333, bitrate: 556 kb/s
  Stream #0:0[0x1](und): Video: h264 (High) (avc1 / 0x31637661), yuv420p(progressive), 2560x1348, 553 kb/s, 26.97 fps, 30 tbr, 15360 tbn, start 0.233333 (default)
    Metadata:
      handler_name    : VideoHandler
      encoder         : Lavc62.28.101 libx264
Stream mapping:
  Stream #0:0 -> #0:0 (h264 (native) -> h264 (libx264))
Press [q] to stop, [?] for help
[libx264 @ 000001786f659840] using cpu capabilities: MMX2 SSE2Fast SSSE3 SSE4.2 AVX FMA3 BMI2 AVX2
[libx264 @ 000001786f659840] profile High, level 5.0, 4:2:0, 8-bit
[libx264 @ 000001786f659840] 264 - core 165 r3223 0480cb0 - H.264/MPEG-4 AVC codec - Copyleft 2003-2025 - http://www.videolan.org/x264.html - options: cabac=1 ref=3 deblock=1:0:0 analyse=0x3:0x113 me=hex subme=7 psy=1 psy_rd=1.00:0.00 mixed_ref=1 me_range=16 chroma_me=1 trellis=1 8x8dct=1 cqm=0 deadzone=21,11 fast_pskip=1 chroma_qp_offset=-2 threads=24 lookahead_threads=4 sliced_threads=0 nr=0 decimate=1 interlaced=0 bluray_compat=0 constrained_intra=0 bframes=3 b_pyramid=2 b_adapt=1 b_bias=0 direct=1 weightb=1 open_gop=0 weightp=2 keyint=250 keyint_min=25 scenecut=40 intra_refresh=0 rc_lookahead=40 rc=crf mbtree=1 crf=18.0 qcomp=0.60 qpmin=0 qpmax=69 qpstep=4 ip_ratio=1.40 aq=1:1.00
Output #0, mp4, to 'F:\天命之子\DC_RECON_KIT\m1\REVIEW_350e3b6\artifacts\natural-play\20260920T062640-np_basic_v1\gameplay-proof.mp4':
  Metadata:
    major_brand     : isom
    minor_version   : 512
    compatible_brands: isomiso6iso2avc1mp41
    encoder         : Lavf62.12.101
  Stream #0:0(und): Video: h264 (avc1 / 0x31637661), yuv420p(tv, progressive), 2560x1348, q=2-31, 30 fps, 15360 tbn (default)
    Metadata:
      encoder         : Lavc62.28.101 libx264
      handler_name    : VideoHandler
    Side data:
      CPB properties: bitrate max/min/avg: 0/0/0 buffer size: 0 vbv_delay: N/A
frame=   37 fps=0.0 q=24.0 size=       0KiB time=00:00:01.26 bitrate=   0.3kbits/s speed= 2.5x elapsed=0:00:00.50    
frame=  172 fps=168 q=24.0 size=     768KiB time=00:00:06.20 bitrate=1014.8kbits/s speed=6.07x elapsed=0:00:01.02    
[mp4 @ 000001786f6550c0] Starting second pass: moving the moov atom to the beginning of the file
[out#0/mp4 @ 000001786f5d5900] video:1552KiB audio:0KiB subtitle:0KiB other streams:0KiB global headers:0KiB muxing overhead: 0.304405%
frame=  303 fps=226 q=-1.0 Lsize=    1556KiB time=00:00:10.83 bitrate=1177.0kbits/s speed= 8.1x elapsed=0:00:01.33    
[libx264 @ 000001786f659840] frame I:2     Avg QP: 7.46  size: 54608
[libx264 @ 000001786f659840] frame P:80    Avg QP:15.86  size: 12174
[libx264 @ 000001786f659840] frame B:221   Avg QP:23.08  size:  2286
[libx264 @ 000001786f659840] consecutive B-frames:  1.7%  0.7%  7.9% 89.8%
[libx264 @ 000001786f659840] mb I  I16..4: 55.1% 37.1%  7.8%
[libx264 @ 000001786f659840] mb P  I16..4:  0.7%  0.8%  0.8%  P16..4:  1.4%  0.6%  0.6%  0.0%  0.0%    skip:95.1%
[libx264 @ 000001786f659840] mb B  I16..4:  0.1%  0.1%  0.1%  B16..8:  1.3%  0.3%  0.1%  direct: 0.3%  skip:97.7%  L0:38.7% L1:51.7% BI: 9.6%
[libx264 @ 000001786f659840] 8x8 transform intra:37.8% inter:31.5%
[libx264 @ 000001786f659840] coded y,uvDC,uvAC intra: 29.1% 33.7% 21.0% inter: 0.6% 0.7% 0.2%
[libx264 @ 000001786f659840] i16 v,h,dc,p: 50% 45%  3%  2%
[libx264 @ 000001786f659840] i8 v,h,dc,ddl,ddr,vr,hd,vl,hu: 38% 20% 21%  5%  5%  3%  3%  3%  3%
[libx264 @ 000001786f659840] i4 v,h,dc,ddl,ddr,vr,hd,vl,hu: 28% 27% 16%  5%  5%  5%  5%  5%  4%
[libx264 @ 000001786f659840] i8c dc,h,v,p: 67% 17% 13%  3%
[libx264 @ 000001786f659840] Weighted P-Frames: Y:0.0% UV:0.0%
[libx264 @ 000001786f659840] ref P L0: 66.4% 10.8% 11.7% 11.1%
[libx264 @ 000001786f659840] ref B L0: 83.7% 14.6%  1.7%
[libx264 @ 000001786f659840] ref B L1: 97.5%  2.5%
[libx264 @ 000001786f659840] kb/s:1165.73
