[Licensing::Module] Trying to connect to existing licensing client channel...
Built from '6000.3/staging' branch; Version is '6000.3.23f1 (09d2ecc7fb28) revision 643820'; Using compiler version '194234433'; Build Type 'Release'
[Licensing::IpcConnector] Channel LicenseClient-Administrator doesn't exist
OS: 'Windows 11  (10.0.26200) Professional' Language: 'zh' Physical Memory: 32581 MB
BatchMode: 0, IsHumanControllingUs: 1, StartBugReporterOnCrash: 1, Is64bit: 1
System  architecture: x64
Process architecture: x64
Date: 2026-09-20T07:18:24Z
[Licensing::Module] Successfully launched the LicensingClient (PId: 3592)

COMMAND LINE ARGUMENTS:
D:\Unity\Hub\Editor\6000.3.23f1\Editor\Unity.exe
-projectPath
F:\Resonance\client
-giCustomCacheLocation
F:\Resonance\client\Temp\GICache-D-batch
-logFile
F:\天命之子\DC_RECON_KIT\m1\REVIEW_350e3b6\artifacts\natural-play\20260920T071823-np_fever_v1\editor.log
Successfully changed project path to: F:\Resonance\client
F:/Resonance/client
[Licensing::IpcConnector] Successfully connected to: "LicenseClient-Administrator" at "2026-09-20T07:18:24.4232348Z"
[UnityMemory] Configuration Parameters - Can be set up in boot.config
    "memorysetup-temp-allocator-size-nav-mesh-worker=65536"
    "memorysetup-temp-allocator-size-audio-worker=65536"
    "memorysetup-temp-allocator-size-gfx=262144"
    "memorysetup-allocator-temp-initial-block-size-main=262144"
    "memorysetup-allocator-temp-initial-block-size-worker=262144"
    "memorysetup-temp-allocator-size-background-worker=32768"
    "memorysetup-temp-allocator-size-job-worker=262144"
    "memorysetup-temp-allocator-size-preload-manager=33554432"
    "memorysetup-remapper-allocator-initial-capacity=32768"
    "memorysetup-temp-allocator-size-gi-baking-worker=262144"
    "memorysetup-temp-allocator-size-gi-baking-worker=262144"
    "memorysetup-temp-allocator-size-gi-baking-worker=262144"
    "memorysetup-temp-allocator-size-gi-baking-worker=262144"
    "memorysetup-temp-allocator-size-gi-baking-worker=262144"
    "memorysetup-bucket-allocator-granularity=16"
    "memorysetup-bucket-allocator-bucket-count=8"
    "memorysetup-bucket-allocator-block-size=33554432"
    "memorysetup-bucket-allocator-block-count=8"
    "memorysetup-main-allocator-block-size=16777216"
    "memorysetup-thread-allocator-block-size=16777216"
    "memorysetup-gfx-main-allocator-block-size=16777216"
    "memorysetup-gfx-thread-allocator-block-size=16777216"
    "memorysetup-cache-allocator-block-size=4194304"
    "memorysetup-typetree-allocator-block-size=2097152"
    "memorysetup-profiler-bucket-allocator-granularity=16"
    "memorysetup-profiler-bucket-allocator-bucket-count=8"
    "memorysetup-profiler-bucket-allocator-block-size=33554432"
    "memorysetup-profiler-bucket-allocator-block-count=8"
    "memorysetup-profiler-allocator-block-size=16777216"
    "memorysetup-profiler-editor-allocator-block-size=1048576"
    "memorysetup-temp-allocator-size-main=16777216"
    "memorysetup-job-temp-allocator-block-size=2097152"
    "memorysetup-job-temp-allocator-block-size-background=1048576"
    "memorysetup-job-temp-allocator-reduction-small-platforms=262144"
    "memorysetup-temp-allocator-size-cloud-worker=32768"
Player connection [16876]  Target information:

Player connection [16876]  * "[IP] 192.168.1.54 [Port] 55504 [Flags] 2 [Guid] 4199150003 [EditorId] 4199150003 [Version] 1048832 [Id] WindowsEditor(7,DESKTOP-AKI3LSA) [Debug] 1 [PackageName] WindowsEditor [ProjectName] Editor" 

Player connection [16876] Host joined multi-casting on [225.0.0.222:54997]...
Player connection [16876] Host joined alternative multi-casting on [225.0.0.222:34997]...
Input System module state changed to: Initialized.
[Physics::Module] Initialized fallback backend.
[Physics::Module] Id: 0xdecafbad
[Licensing::Client] Code 10 while verifying Licensing Client signature (process Id: 3592, path: "D:/Unity/Hub/Editor/6000.3.23f1/Editor/Data/Resources/Licensing/Client/Unity.Licensing.Client.exe")
[Licensing::Module] LicensingClient has failed validation; ignoring
[Package Manager] Connected to IPC stream "Upm-25064" after 0.3 seconds.
[Licensing::Module] Licensing is not yet initialized.
[Licensing::Client] Handshaking with LicensingClient:
  Version:                 1.18.3+d7ffd15
  Session Id:              9a6e5af81e9541fda05a1b3ba7236b13
  Correlation Id:          2b5ed7481f68d8d56ebb5289ae5bc602
  External correlation Id: 545304684658221228
  Machine Id:              2I/XDZsLcGAfRljEGy76IATF7BI=
[Licensing::Module] Successfully connected to LicensingClient on channel: "LicenseClient-Administrator" (connect: 0.37s, validation: 0.39s, handshake: 0.07s)
[Licensing::IpcConnector] Successfully connected to: "LicenseClient-Administrator-notifications" at "2026-09-20T07:18:24.8858873Z"
[Licensing::Module] Connected to LicensingClient (PId: 3592, launch time: 0.03, total connection time: 0.84s)
[Licensing::Module] Error: Access token is unavailable; failed to update
[Licensing::Client] Successfully resolved entitlement details
[Licensing::Module] License group:
  Id: F4-99BH-9QMP-CCW5-HN7U-XXXX
  Product: Unity Personal
  Type: ULF
  Expiration: 2026-09-30T07:46:45Z
[Licensing::Module] License group:
  Id: ewogICJzdWJzR3JvdXAiIDogInVuaXR5IGVkaXRvciIsCiAgIm5hbWVzcGFjZSIgOiAidW5pdHlfZWRpdG9yIiwKICAidHlwZSIgOiAiRURJVE9SIiwKICAidGFnIiA6ICJVbml0eVBlcnNvbmFsXXXX
  Product: Unity Personal Version
  Type: Assigned
  Expiration: Unlimited
[Licensing::Client] Successfully updated license, isAsync: True, time: 0.01
[Licensing::Client] Successfully resolved entitlement details
[Licensing::Module] License group:
  Id: F4-99BH-9QMP-CCW5-HN7U-XXXX
  Product: Unity Personal
  Type: ULF
  Expiration: 2026-09-30T07:46:45Z
[Licensing::Module] License group:
  Id: ewogICJzdWJzR3JvdXAiIDogInVuaXR5IGVkaXRvciIsCiAgIm5hbWVzcGFjZSIgOiAidW5pdHlfZWRpdG9yIiwKICAidHlwZSIgOiAiRURJVE9SIiwKICAidGFnIiA6ICJVbml0eVBlcnNvbmFsXXXX
  Product: Unity Personal Version
  Type: Assigned
  Expiration: Unlimited
[Licensing::Module] Licensing Background thread has ended after 0.92s
[Licensing::Module] Licensing is initialized (took 0.20s).
[Licensing::Client] Successfully resolved entitlement details
[Licensing::Module] License group:
  Id: F4-99BH-9QMP-CCW5-HN7U-XXXX
  Product: Unity Personal
  Type: ULF
  Expiration: 2026-09-30T07:46:45Z
[Licensing::Module] License group:
  Id: ewogICJzdWJzR3JvdXAiIDogInVuaXR5IGVkaXRvciIsCiAgIm5hbWVzcGFjZSIgOiAidW5pdHlfZWRpdG9yIiwKICAidHlwZSIgOiAiRURJVE9SIiwKICAidGFnIiA6ICJVbml0eVBlcnNvbmFsXXXX
  Product: Unity Personal Version
  Type: Assigned
  Expiration: Unlimited
Library Redirect Path: Library/
[Physics::Module] Selected backend.
[Physics::Module] Name: PhysX
[Physics::Module] Id: 0xf2b8ea05
[Physics::Module] SDK Version: 4.1.2
[Physics::Module] Integration Version: 1.0.0
[Physics::Module] Threading Mode: Multi-Threaded
Refreshing native plugins compatible for Editor in 1.35 ms, found 3 plugins.
Preloading 0 native plugins for Editor in 0.00 ms.
Initialize engine version: 6000.3.23f1 (09d2ecc7fb28)
[Subsystems] Discovering subsystems at path D:/Unity/Hub/Editor/6000.3.23f1/Editor/Data/Resources/UnitySubsystems
[Subsystems] Discovering subsystems at path F:/Resonance/client/Assets
[D3D12 Device Filter] Vendor Name: NVIDIA
[D3D12 Device Filter] Device Name: NVIDIA GeForce RTX 4060 Ti
[D3D12 Device Filter] Driver Version: 32.0.16.1047
[D3D12 Device Filter] Feature Level: 12.2
[D3D12 Device Filter] Graphics Memory: 7949 MB
[D3D12 Device Filter] Processor Count: 16
[D3D12 Device Filter] Device Type: Discrete
GfxDevice: creating device client; kGfxThreadingModeSplitJobs
d3d12: failed to query info queue interface (0x80004002).
Direct3D:
    Version:         Direct3D 12 [level 12.2]
    Renderer:        NVIDIA GeForce RTX 4060 Ti (ID=0x2803)
    Vendor:          NVIDIA
    VRAM:            7949 MB
    App VRAM Budget: 7181 MB
    Driver:          32.0.16.1047
Initialize mono
Mono path[0] = 'D:/Unity/Hub/Editor/6000.3.23f1/Editor/Data/Managed'
Mono path[1] = 'D:/Unity/Hub/Editor/6000.3.23f1/Editor/Data/MonoBleedingEdge/lib/mono/unityjit-win32'
Mono config path = 'D:/Unity/Hub/Editor/6000.3.23f1/Editor/Data/MonoBleedingEdge/etc'
Using monoOptions --debugger-agent=transport=dt_socket,embedding=1,server=y,suspend=n,address=127.0.0.1:56064
Using cacheserver namespaces - metadata:defaultmetadata, artifacts:defaultartifacts
Using cacheserver namespaces - metadata:defaultmetadata, artifacts:defaultartifacts
ImportWorker Server TCP listen port: 0
AcceleratorClientConnectionCallback - disconnected - :0
Begin MonoManager ReloadAssembly
Registering precompiled unity dll's ...
Register platform support module: D:/Unity/Hub/Editor/6000.3.23f1/Editor/Data/PlaybackEngines/WindowsStandaloneSupport/UnityEditor.WindowsStandalone.Extensions.dll
[Licensing::Client] Successfully resolved entitlement details
[Licensing::Module] License group:
  Id: F4-99BH-9QMP-CCW5-HN7U-XXXX
  Product: Unity Personal
  Type: ULF
  Expiration: 2026-09-30T08:18:25Z
[Licensing::Module] License group:
  Id: ewogICJzdWJzR3JvdXAiIDogInVuaXR5IGVkaXRvciIsCiAgIm5hbWVzcGFjZSIgOiAidW5pdHlfZWRpdG9yIiwKICAidHlwZSIgOiAiRURJVE9SIiwKICAidGFnIiA6ICJVbml0eVBlcnNvbmFsXXXX
  Product: Unity Personal Version
  Type: Assigned
  Expiration: Unlimited
Register platform support module: D:/Unity/Hub/Editor/6000.3.23f1/Editor/Data/PlaybackEngines/AndroidPlayer/UnityEditor.Android.Extensions.dll
Registered in 0.008172 seconds.
- Loaded All Assemblies, in  0.369 seconds
Native extension for Android target not found
Native extension for WindowsStandalone target not found
Package Manager log level set to [2]
ScheduleIndexationOnStartup MainProcess:False IndexOnStartup:True
Mono: successfully reloaded assembly
- Finished resetting the current domain, in  0.363 seconds
Domain Reload Profiling: 728ms
	BeginReloadAssembly (131ms)
		ExecutionOrderSort (0ms)
		DisableScriptedObjects (0ms)
		BackupInstance (0ms)
		ReleaseScriptingObjects (0ms)
		CreateAndSetChildDomain (15ms)
	RebuildCommonClasses (31ms)
	RebuildNativeTypeToScriptingClass (10ms)
	initialDomainReloadingComplete (48ms)
	LoadAllAssembliesAndSetupDomain (144ms)
		LoadAssemblies (113ms)
		RebuildTransferFunctionScriptingTraits (0ms)
		AnalyzeDomain (141ms)
			TypeCache.Refresh (140ms)
				TypeCache.ScanAssembly (129ms)
			BuildScriptInfoCaches (0ms)
			ResolveRequiredComponents (0ms)
	FinalizeReload (363ms)
		ReleaseScriptCaches (0ms)
		RebuildScriptCaches (0ms)
		SetupLoadedEditorAssemblies (332ms)
			LogAssemblyErrors (0ms)
			InitializePlatformSupportModulesInManaged (97ms)
			SetLoadedEditorAssemblies (3ms)
			BeforeProcessingInitializeOnLoad (68ms)
			ProcessInitializeOnLoadAttributes (110ms)
			ProcessInitializeOnLoadMethodAttributes (55ms)
			AfterProcessingInitializeOnLoad (0ms)
			EditorAssembliesLoaded (0ms)
		ExecutionOrderSort2 (0ms)
		AwakeInstancesAfterBackupRestoration (0ms)
[Licensing::Client] Successfully resolved entitlement details
[Licensing::Module] License group:
  Id: F4-99BH-9QMP-CCW5-HN7U-XXXX
  Product: Unity Personal
  Type: ULF
  Expiration: 2026-09-30T08:18:25Z
[Licensing::Module] License group:
  Id: ewogICJzdWJzR3JvdXAiIDogInVuaXR5IGVkaXRvciIsCiAgIm5hbWVzcGFjZSIgOiAidW5pdHlfZWRpdG9yIiwKICAidHlwZSIgOiAiRURJVE9SIiwKICAidGFnIiA6ICJVbml0eVBlcnNvbmFsXXXX
  Product: Unity Personal Version
  Type: Assigned
  Expiration: Unlimited
Application.AssetDatabase Initial Refresh Start
[Package Manager] Restoring resolved packages state from cache
[Licensing::Client] Successfully resolved entitlement details
[Package Manager] Registered 51 packages:
  Packages from [https://packages.unity.com]:
    com.unity.ide.visualstudio@2.0.22 (location: F:\Resonance\client\Library\PackageCache\com.unity.ide.visualstudio@8140e851d83e)
    com.unity.inputsystem@1.14.2 (location: F:\Resonance\client\Library\PackageCache\com.unity.inputsystem@be6c4fd0abf5)
    com.unity.2d.animation@11.0.0 (location: F:\Resonance\client\Library\PackageCache\com.unity.2d.animation@a1db3619cb6f)
    com.unity.2d.common@12.0.4 (location: F:\Resonance\client\Library\PackageCache\com.unity.2d.common@3e42aeccb30d)
    com.unity.collections@2.6.8 (location: F:\Resonance\client\Library\PackageCache\com.unity.collections@84e8eb3fc12e)
    com.unity.burst@1.8.30 (location: F:\Resonance\client\Library\PackageCache\com.unity.burst@2f3d916873ea)
    com.unity.mathematics@1.3.3 (location: F:\Resonance\client\Library\PackageCache\com.unity.mathematics@19a9377c4ffa)
    com.unity.nuget.mono-cecil@1.11.6 (location: F:\Resonance\client\Library\PackageCache\com.unity.nuget.mono-cecil@ecb9724e46ff)
    com.unity.test-framework.performance@3.5.0 (location: F:\Resonance\client\Library\PackageCache\com.unity.test-framework.performance@8b56083ec0f0)
    com.unity.searcher@4.9.5 (location: F:\Resonance\client\Library\PackageCache\com.unity.searcher@a463122f2c00)
  Built-in packages:
    com.unity.render-pipelines.universal@17.3.0 (location: F:\Resonance\client\Library\PackageCache\com.unity.render-pipelines.universal@7865b6b91f8a)
    com.unity.test-framework@1.6.0 (location: F:\Resonance\client\Library\PackageCache\com.unity.test-framework@bd7f943e9647)
    com.unity.ugui@2.0.0 (location: F:\Resonance\client\Library\PackageCache\com.unity.ugui@27635d171b1a)
    com.unity.2d.sprite@1.0.0 (location: F:\Resonance\client\Library\PackageCache\com.unity.2d.sprite@5b922524bd83)
    com.unity.modules.ai@1.0.0 (location: F:\Resonance\client\Library\PackageCache\com.unity.modules.ai)
    com.unity.modules.androidjni@1.0.0 (location: F:\Resonance\client\Library\PackageCache\com.unity.modules.androidjni)
    com.unity.modules.animation@1.0.0 (location: F:\Resonance\client\Library\PackageCache\com.unity.modules.animation)
    com.unity.modules.assetbundle@1.0.0 (location: F:\Resonance\client\Library\PackageCache\com.unity.modules.assetbundle)
    com.unity.modules.audio@1.0.0 (location: F:\Resonance\client\Library\PackageCache\com.unity.modules.audio)
    com.unity.modules.cloth@1.0.0 (location: F:\Resonance\client\Library\PackageCache\com.unity.modules.cloth)
    com.unity.modules.director@1.0.0 (location: F:\Resonance\client\Library\PackageCache\com.unity.modules.director)
    com.unity.modules.imageconversion@1.0.0 (location: F:\Resonance\client\Library\PackageCache\com.unity.modules.imageconversion)
    com.unity.modules.imgui@1.0.0 (location: F:\Resonance\client\Library\PackageCache\com.unity.modules.imgui)
    com.unity.modules.jsonserialize@1.0.0 (location: F:\Resonance\client\Library\PackageCache\com.unity.modules.jsonserialize)
    com.unity.modules.particlesystem@1.0.0 (location: F:\Resonance\client\Library\PackageCache\com.unity.modules.particlesystem)
    com.unity.modules.physics@1.0.0 (location: F:\Resonance\client\Library\PackageCache\com.unity.modules.physics)
    com.unity.modules.physics2d@1.0.0 (location: F:\Resonance\client\Library\PackageCache\com.unity.modules.physics2d)
    com.unity.modules.screencapture@1.0.0 (location: F:\Resonance\client\Library\PackageCache\com.unity.modules.screencapture)
    com.unity.modules.terrain@1.0.0 (location: F:\Resonance\client\Library\PackageCache\com.unity.modules.terrain)
    com.unity.modules.terrainphysics@1.0.0 (location: F:\Resonance\client\Library\PackageCache\com.unity.modules.terrainphysics)
    com.unity.modules.tilemap@1.0.0 (location: F:\Resonance\client\Library\PackageCache\com.unity.modules.tilemap)
    com.unity.modules.ui@1.0.0 (location: F:\Resonance\client\Library\PackageCache\com.unity.modules.ui)
    com.unity.modules.uielements@1.0.0 (location: F:\Resonance\client\Library\PackageCache\com.unity.modules.uielements)
    com.unity.modules.umbra@1.0.0 (location: F:\Resonance\client\Library\PackageCache\com.unity.modules.umbra)
    com.unity.modules.unityanalytics@1.0.0 (location: F:\Resonance\client\Library\PackageCache\com.unity.modules.unityanalytics)
    com.unity.modules.unitywebrequest@1.0.0 (location: F:\Resonance\client\Library\PackageCache\com.unity.modules.unitywebrequest)
    com.unity.modules.unitywebrequestassetbundle@1.0.0 (location: F:\Resonance\client\Library\PackageCache\com.unity.modules.unitywebrequestassetbundle)
    com.unity.modules.unitywebrequestaudio@1.0.0 (location: F:\Resonance\client\Library\PackageCache\com.unity.modules.unitywebrequestaudio)
    com.unity.modules.unitywebrequesttexture@1.0.0 (location: F:\Resonance\client\Library\PackageCache\com.unity.modules.unitywebrequesttexture)
    com.unity.modules.unitywebrequestwww@1.0.0 (location: F:\Resonance\client\Library\PackageCache\com.unity.modules.unitywebrequestwww)
    com.unity.modules.vehicles@1.0.0 (location: F:\Resonance\client\Library\PackageCache\com.unity.modules.vehicles)
    com.unity.modules.video@1.0.0 (location: F:\Resonance\client\Library\PackageCache\com.unity.modules.video)
    com.unity.modules.vr@1.0.0 (location: F:\Resonance\client\Library\PackageCache\com.unity.modules.vr)
    com.unity.modules.wind@1.0.0 (location: F:\Resonance\client\Library\PackageCache\com.unity.modules.wind)
    com.unity.modules.xr@1.0.0 (location: F:\Resonance\client\Library\PackageCache\com.unity.modules.xr)
    com.unity.modules.subsystems@1.0.0 (location: F:\Resonance\client\Library\PackageCache\com.unity.modules.subsystems)
    com.unity.modules.hierarchycore@1.0.0 (location: F:\Resonance\client\Library\PackageCache\com.unity.modules.hierarchycore)
    com.unity.ext.nunit@2.0.5 (location: F:\Resonance\client\Library\PackageCache\com.unity.ext.nunit@d8c07649098d)
    com.unity.render-pipelines.core@17.3.0 (location: F:\Resonance\client\Library\PackageCache\com.unity.render-pipelines.core@0bb36005e9ba)
    com.unity.shadergraph@17.3.0 (location: F:\Resonance\client\Library\PackageCache\com.unity.shadergraph@b4b75cc00891)
    com.unity.render-pipelines.universal-config@17.0.3 (location: F:\Resonance\client\Library\PackageCache\com.unity.render-pipelines.universal-config@8dc1aab4af1d)
[Subsystems] No new subsystems found in resolved package list.
[Package Manager] Done registering packages in 0.05 seconds
[ScriptCompilation] Requested script compilation because: Assetdatabase observed changes in script compilation related files
Starting: D:\Unity\Hub\Editor\6000.3.23f1\Editor\Data\Tools\BuildPipeline\bee_backend.exe --ipc --defer-dag-verification --dagfile="Library/Bee/1900b0aE.dag" --continue-on-failure --profile="Library/Bee/backend1.traceevents" ScriptAssemblies
WorkingDir: F:/Resonance/client
ExitCode: 0 Duration: 2s2ms
[631/808    0s] ILPP-Configuration Library/ilpp-configuration.nevergeneratedoutput
[788/808    1s] Csc Library/Bee/artifacts/1900b0aE.dag/Resonance.Battle.dll (+2 others)
[793/808    0s] ILPostProcess Library/Bee/artifacts/1900b0aE.dag/post-processed/Resonance.Battle.dll (+pdb)
Processing assembly Library/Bee/artifacts/1900b0aE.dag/Resonance.Battle.dll, with 140 defines and 127 references

processors: Unity.Jobs.CodeGen.JobsILPostProcessor, zzzUnity.Burst.CodeGen.BurstILPostProcessor

running Unity.Jobs.CodeGen.JobsILPostProcessor

running zzzUnity.Burst.CodeGen.BurstILPostProcessor
[794/808    0s] ILPostProcess Library/Bee/artifacts/1900b0aE.dag/post-processed/Resonance.App.dll (+pdb)
Processing assembly Library/Bee/artifacts/1900b0aE.dag/Resonance.App.dll, with 140 defines and 264 references

processors: Unity.Jobs.CodeGen.JobsILPostProcessor, zzzUnity.Burst.CodeGen.BurstILPostProcessor

running Unity.Jobs.CodeGen.JobsILPostProcessor

running zzzUnity.Burst.CodeGen.BurstILPostProcessor
[795/808    0s] ILPostProcess Library/Bee/artifacts/1900b0aE.dag/post-processed/Resonance.Editor.dll (+pdb)
Processing assembly Library/Bee/artifacts/1900b0aE.dag/Resonance.Editor.dll, with 138 defines and 276 references

processors: Unity.Jobs.CodeGen.JobsILPostProcessor, zzzUnity.Burst.CodeGen.BurstILPostProcessor

running Unity.Jobs.CodeGen.JobsILPostProcessor

running zzzUnity.Burst.CodeGen.BurstILPostProcessor
[796/808    0s] CopyFiles Library/ScriptAssemblies/Resonance.Battle.pdb
[797/808    0s] CopyFiles Library/ScriptAssemblies/Resonance.Battle.dll
[802/808    0s] ILPostProcess Library/Bee/artifacts/1900b0aE.dag/post-processed/Assembly-CSharp-Editor.dll (+pdb)
Processing assembly Library/Bee/artifacts/1900b0aE.dag/Assembly-CSharp-Editor.dll, with 138 defines and 323 references

processors: Unity.Jobs.CodeGen.JobsILPostProcessor, zzzUnity.Burst.CodeGen.BurstILPostProcessor

running Unity.Jobs.CodeGen.JobsILPostProcessor

running zzzUnity.Burst.CodeGen.BurstILPostProcessor
[803/808    0s] ILPostProcess Library/Bee/artifacts/1900b0aE.dag/post-processed/Assembly-CSharp.dll (+pdb)
Processing assembly Library/Bee/artifacts/1900b0aE.dag/Assembly-CSharp.dll, with 140 defines and 307 references

processors: Unity.Jobs.CodeGen.JobsILPostProcessor, zzzUnity.Burst.CodeGen.BurstILPostProcessor

running Unity.Jobs.CodeGen.JobsILPostProcessor

running zzzUnity.Burst.CodeGen.BurstILPostProcessor
*** Tundra build success (1.92 seconds), 9 items updated, 808 evaluated
AssetDatabase: script compilation time: 2.463797s
Begin MonoManager ReloadAssembly
- Loaded All Assemblies, in  0.627 seconds
Refreshing native plugins compatible for Editor in 0.71 ms, found 4 plugins.
Missing types referenced from component UniversalRenderPipelineGlobalSettings on game object UniversalRenderPipelineGlobalSettings:
	UnityEngine.PathTracing.Core.WorldRenderPipelineResources, Unity.PathTracing.Runtime (1 object)
Native extension for Android target not found
Native extension for WindowsStandalone target not found
ScheduleIndexationOnStartup MainProcess:True IndexOnStartup:True
Mono: successfully reloaded assembly
- Finished resetting the current domain, in  2.213 seconds
Domain Reload Profiling: 2837ms
	BeginReloadAssembly (279ms)
		ExecutionOrderSort (0ms)
		DisableScriptedObjects (24ms)
		BackupInstance (0ms)
		ReleaseScriptingObjects (0ms)
		CreateAndSetChildDomain (132ms)
	RebuildCommonClasses (30ms)
	RebuildNativeTypeToScriptingClass (10ms)
	initialDomainReloadingComplete (23ms)
	LoadAllAssembliesAndSetupDomain (280ms)
		LoadAssemblies (249ms)
		RebuildTransferFunctionScriptingTraits (0ms)
		AnalyzeDomain (121ms)
			TypeCache.Refresh (83ms)
				TypeCache.ScanAssembly (76ms)
			BuildScriptInfoCaches (27ms)
			ResolveRequiredComponents (8ms)
	FinalizeReload (2214ms)
		ReleaseScriptCaches (0ms)
		RebuildScriptCaches (0ms)
		SetupLoadedEditorAssemblies (1956ms)
			LogAssemblyErrors (0ms)
			InitializePlatformSupportModulesInManaged (32ms)
			SetLoadedEditorAssemblies (3ms)
			BeforeProcessingInitializeOnLoad (117ms)
			ProcessInitializeOnLoadAttributes (1740ms)
			ProcessInitializeOnLoadMethodAttributes (57ms)
			AfterProcessingInitializeOnLoad (8ms)
			EditorAssembliesLoaded (0ms)
		ExecutionOrderSort2 (0ms)
		AwakeInstancesAfterBackupRestoration (18ms)
Refreshing native plugins compatible for Editor in 0.56 ms, found 4 plugins.
Preloading 0 native plugins for Editor in 0.00 ms.
Asset Pipeline Refresh (id=5e6e54b1de64316409e29937d7deefbb): Total: 5.825 seconds - Initiated by InitialRefreshV2(ForceSynchronousImport)
	Summary:
		Imports: total=0 (actual=0, local cache=0, cache server=0)
		Asset DB Process Time: managed=0 ms, native=2481 ms
		Asset DB Callback time: managed=158 ms, native=61 ms
		Scripting: domain reloads=1, domain reload time=627 ms, compile time=2465 ms, other=30 ms
		Project Asset Count: scripts=1008, non-scripts=2764
		Asset File Changes: new=0, changed=1, moved=0, deleted=0
		Scan Filter Count: 0
	InvokeCustomDependenciesCallbacks: 0.001ms
	InvokePackagesCallback: 51.498ms
	ApplyChangesToAssetFolders: 0.454ms
	Scan: 76.971ms
	OnSourceAssetsModified: 1.977ms
	CategorizeAssetsWithTransientArtifact: 18.258ms
	ProcessAssetsWithTransientArtifactChanges: 35.434ms
	CategorizeAssets: 38.955ms
	ImportOutOfDateAssets: 2219.448ms (-247.497ms without children)
		CompileScripts: 2465.292ms
		ReloadNativeAssets: 0.021ms
		UnloadImportedAssets: 0.647ms
		EnsureUptoDateAssetsAreRegisteredWithGuidPM: 0.474ms
		InitializingProgressBar: 0.000ms
		PostProcessAllAssetNotificationsAddChangedAssets: 0.000ms
		OnDemandSchedulerStart: 0.511ms
	PostProcessAllAssets: 162.196ms
	Hotreload: 5.617ms
	GatherAllCurrentPrimaryArtifactRevisions: 0.001ms
	UnloadStreamsBegin: 1.651ms
	PersistCurrentRevisions: 0.114ms
	UnloadStreamsEnd: 0.001ms
	GenerateScriptTypeHashes: 4.178ms
	Untracked: 3212.654ms

Application.AssetDatabase Initial Refresh End
Launched and connected shader compiler UnityShaderCompiler.exe after 0.01 seconds
Scanning for USB devices : 1.854ms
Initializing Unity extensions:
[MODES] ModeService[none].Initialize
[MODES] ModeService[none].LoadModes
[MODES] Loading mode Default (0) for mode-current-id-契灵回响
Unloading 19 Unused Serialized files (Serialized files now loaded: 0)
Unloading 4211 unused Assets / (4.2 MB). Loaded Objects now: 5101.
Memory consumption went from 203.2 MB to 199.0 MB.
Total: 6.609600 ms (FindLiveObjects: 0.273800 ms CreateObjectMapping: 0.220000 ms MarkObjects: 4.827400 ms  DeleteObjects: 1.287500 ms)

[LAYOUT] About to load UserSettings\Layouts\default-6000.dwlt, keepMainWindow=False
[LAYOUT] About to save layout F:\Resonance\client\UserSettings\Layouts\default-6000.dwlt
[LAYOUT] About to save layout C:/Users/Administrator/AppData/Roaming/Unity/Editor-5.x/Preferences\Layouts\current\default-6000.dwlt
[MODES] ModeService[default].InitializeCurrentMode
[MODES] ModeService[default].RaiseModeChanged(default, default)
This project uses Input Manager, which is marked for deprecation. To manage input in your project, use the <a href="https://docs.unity3d.com/Packages/com.unity.inputsystem@latest">Input System package</a> instead.
<RI> Initializing input.
Using Windows.Gaming.Input
<RI> Input initialized.
[Project] Loading completed in 9.975 seconds
	Project init time: 				8.272 seconds
		Template init time: 		0.000 seconds
		Package Manager init time: 		0.460 seconds
		Asset Database init time: 		0.132 seconds
		Global illumination init time: 	0.003 seconds
		Assemblies load time: 			0.750 seconds
		Unity extensions init time: 	0.004 seconds
		Asset Database refresh time: 	5.826 seconds
	Scene opening time: 			1.278 seconds
##utp:{"type":"ProjectInfo","version":2,"phase":"Immediate","time":1789888713981,"processId":25064,"projectLoad":9.974745799999999,"projectInit":8.2715076,"templateInit":0.0,"packageManagerInit":0.4602566,"assetDatabaseInit":0.1323063,"globalIlluminationInit":0.0026852,"assembliesLoad":0.7504468,"unityExtensionsInit":0.0042703,"assetDatabaseRefresh":5.8255014,"sceneOpening":1.2784973}
##utp:{"type":"EditorInfo","version":2,"phase":"Immediate","time":1789888713981,"processId":25064,"editorVersion":"6000.3.23f1 (09d2ecc7fb28)","branch":"6000.3/staging","buildType":"Release","platform":"Windows"}
Asset Pipeline Refresh (id=ad1f1899143beba4d9e46ce39ad17bef): Total: 0.039 seconds - Initiated by RefreshV2(AllowForceSynchronousImport)
Created GICache directory at F:\Resonance\client\Temp\GICache-D-batch. Took: 0.054s, timestamps: [10.479 - 10.533]
[Licensing::Client] Successfully resolved entitlement details
[Licensing::Client] Successfully resolved entitlement details
Asset Pipeline Refresh (id=ea39e36b38556a74587131d86f689159): Total: 0.004 seconds - Initiated by RefreshV2(AllowForceSynchronousImport)
Start Indexing on Editor startup
[Indexing] Starting Initial Indexing for Assets
Android Extension - Scanning For ADB Devices 2927 ms
Starting new worker id: 0 with log in F:/Resonance/client/Logs/AssetImportWorker0.log
Android Extension - Scanning For ADB Devices 1202 ms
Attempted to call .Dispose on an already disposed CancellationTokenSource
Worker ready: AssetImportWorker0 0
Android Extension - Scanning For ADB Devices 1161 ms
[NATURAL-PLAY] game view portrait index=7
UnityEngine.Debug:ExtractStackTraceNoAlloc (byte*,int,string)
UnityEngine.StackTraceUtility:ExtractStackTrace ()
UnityEngine.DebugLogHandler:Internal_Log (UnityEngine.LogType,UnityEngine.LogOption,string,UnityEngine.Object)
UnityEngine.DebugLogHandler:LogFormat (UnityEngine.LogType,UnityEngine.Object,string,object[])
UnityEngine.Logger:Log (UnityEngine.LogType,object)
UnityEngine.Debug:Log (object)
Resonance.EditorTools.NaturalPlaySmoke:FocusPortraitGameView () (at Assets/Editor/Smoke/NaturalPlaySmoke.cs:247)
Resonance.EditorTools.NaturalPlaySmoke:TryEnterPlay () (at Assets/Editor/Smoke/NaturalPlaySmoke.cs:196)
Resonance.EditorTools.NaturalPlaySmoke:Poll () (at Assets/Editor/Smoke/NaturalPlaySmoke.cs:175)
UnityEditor.EditorApplication:Internal_CallUpdateFunctions ()

(Filename: Assets/Editor/Smoke/NaturalPlaySmoke.cs Line: 247)

[NATURAL-PLAY] entering play mode
UnityEngine.Debug:ExtractStackTraceNoAlloc (byte*,int,string)
UnityEngine.StackTraceUtility:ExtractStackTrace ()
UnityEngine.DebugLogHandler:Internal_Log (UnityEngine.LogType,UnityEngine.LogOption,string,UnityEngine.Object)
UnityEngine.DebugLogHandler:LogFormat (UnityEngine.LogType,UnityEngine.Object,string,object[])
UnityEngine.Logger:Log (UnityEngine.LogType,object)
UnityEngine.Debug:Log (object)
Resonance.EditorTools.NaturalPlaySmoke:TryEnterPlay () (at Assets/Editor/Smoke/NaturalPlaySmoke.cs:197)
Resonance.EditorTools.NaturalPlaySmoke:Poll () (at Assets/Editor/Smoke/NaturalPlaySmoke.cs:175)
UnityEditor.EditorApplication:Internal_CallUpdateFunctions ()

(Filename: Assets/Editor/Smoke/NaturalPlaySmoke.cs Line: 197)

Reloading assemblies for play mode.
Reloading assemblies after forced synchronous recompile.
Begin MonoManager ReloadAssembly
- Loaded All Assemblies, in  0.922 seconds
Refreshing native plugins compatible for Editor in 0.64 ms, found 4 plugins.
Missing types referenced from component UniversalRenderPipelineGlobalSettings on game object UniversalRenderPipelineGlobalSettings:
	UnityEngine.PathTracing.Core.WorldRenderPipelineResources, Unity.PathTracing.Runtime (1 object)
Native extension for Android target not found
Native extension for WindowsStandalone target not found
ScheduleIndexationOnStartup MainProcess:True IndexOnStartup:True
[MODES] ModeService[none].Initialize
[MODES] ModeService[none].LoadModes
Mono: successfully reloaded assembly
- Finished resetting the current domain, in  1.361 seconds
Domain Reload Profiling: 2281ms
	BeginReloadAssembly (728ms)
		ExecutionOrderSort (0ms)
		DisableScriptedObjects (85ms)
		BackupInstance (0ms)
		ReleaseScriptingObjects (0ms)
		CreateAndSetChildDomain (411ms)
	RebuildCommonClasses (30ms)
	RebuildNativeTypeToScriptingClass (10ms)
	initialDomainReloadingComplete (24ms)
	LoadAllAssembliesAndSetupDomain (128ms)
		LoadAssemblies (113ms)
		RebuildTransferFunctionScriptingTraits (0ms)
		AnalyzeDomain (105ms)
			TypeCache.Refresh (5ms)
				TypeCache.ScanAssembly (0ms)
			BuildScriptInfoCaches (74ms)
			ResolveRequiredComponents (22ms)
	FinalizeReload (1361ms)
		ReleaseScriptCaches (0ms)
		RebuildScriptCaches (0ms)
		SetupLoadedEditorAssemblies (548ms)
			LogAssemblyErrors (0ms)
			InitializePlatformSupportModulesInManaged (32ms)
			SetLoadedEditorAssemblies (3ms)
			BeforeProcessingInitializeOnLoad (115ms)
			ProcessInitializeOnLoadAttributes (326ms)
			ProcessInitializeOnLoadMethodAttributes (64ms)
			AfterProcessingInitializeOnLoad (9ms)
			EditorAssembliesLoaded (0ms)
		ExecutionOrderSort2 (0ms)
		AwakeInstancesAfterBackupRestoration (488ms)
Asset Pipeline Refresh (id=042efb6e4a242324cbbbd7ff94b64131): Total: 2.394 seconds - Initiated by StopAssetImportingV2(ForceSynchronousImport | ForceDomainReload)
	Summary:
		Imports: total=0 (actual=0, local cache=0, cache server=0)
		Asset DB Process Time: managed=0 ms, native=1430 ms
		Asset DB Callback time: managed=26 ms, native=0 ms
		Scripting: domain reloads=1, domain reload time=935 ms, compile time=1 ms, other=0 ms
		Project Asset Count: scripts=1008, non-scripts=2764
		Asset File Changes: new=0, changed=0, moved=0, deleted=0
		Scan Filter Count: 0
	InvokeCustomDependenciesCallbacks: 0.001ms
	InvokePackagesCallback: 1.412ms
	ApplyChangesToAssetFolders: 0.204ms
	Scan: 0.000ms
	OnSourceAssetsModified: 0.002ms
	CategorizeAssetsWithTransientArtifact: 0.003ms
	ProcessAssetsWithTransientArtifactChanges: 1.923ms
	CategorizeAssets: 37.288ms
	ImportOutOfDateAssets: 1366.769ms (1361.643ms without children)
		CompileScripts: 1.077ms
		CollectScriptTypesHashes: 1.661ms
		ReloadNativeAssets: 0.664ms
		UnloadImportedAssets: 0.968ms
		EnsureUptoDateAssetsAreRegisteredWithGuidPM: 0.412ms
		InitializingProgressBar: 0.000ms
		PostProcessAllAssetNotificationsAddChangedAssets: 0.000ms
		OnDemandSchedulerStart: 0.344ms
	PostProcessAllAssets: 26.824ms
	GatherAllCurrentPrimaryArtifactRevisions: 0.312ms
	UnloadStreamsBegin: 1.066ms
	PersistCurrentRevisions: 0.120ms
	UnloadStreamsEnd: 0.001ms
	GenerateScriptTypeHashes: 3.537ms
	Untracked: 958.233ms

Loaded scene 'Temp/__Backupscenes/0.backup'
	Deserialize:            1.888 ms
	Integration:            225.484 ms
	Integration of assets:  0.024 ms
	Thread Wait Time:       0.009 ms
	Total Operation Time:   227.405 ms
EMERALD_LOADED parts=4 vertices=11873 parameters=6
UnityEngine.Debug:ExtractStackTraceNoAlloc (byte*,int,string)
UnityEngine.StackTraceUtility:ExtractStackTrace ()
UnityEngine.DebugLogHandler:Internal_Log (UnityEngine.LogType,UnityEngine.LogOption,string,UnityEngine.Object)
UnityEngine.DebugLogHandler:LogFormat (UnityEngine.LogType,UnityEngine.Object,string,object[])
UnityEngine.Logger:Log (UnityEngine.LogType,object)
UnityEngine.Debug:Log (object)
EmeraldInochi.InochiStandee:Initialize () (at F:/天命之子/client/Assets/EmeraldInochi/InochiStandee.cs:94)
EmeraldInochi.InochiStandee:Attach (UnityEngine.Transform) (at F:/天命之子/client/Assets/EmeraldInochi/InochiStandee.cs:51)
Resonance.App.EmeraldLobby:TryAttach (UnityEngine.Transform,System.Collections.Generic.List`1<UnityEngine.GameObject>) (at Assets/Scripts/Resonance.App/UI/EmeraldLobby.cs:16)
Resonance.App.GameRoot:DrawHome () (at Assets/Scripts/Resonance.App/Core/GameRoot.cs:446)
Resonance.App.GameRoot:Show (Resonance.App.GameRoot/ScreenId) (at Assets/Scripts/Resonance.App/Core/GameRoot.cs:406)
Resonance.App.GameRoot:<DrawBoot>b__80_0 () (at Assets/Scripts/Resonance.App/Core/GameRoot.cs:436)
Resonance.App.BootSplash/Hold:Update () (at Assets/Scripts/Resonance.App/UI/BootSplash.cs:83)

(Filename: F:/天命之子/client/Assets/EmeraldInochi/InochiStandee.cs Line: 94)

[NATURAL-PLAY] game view portrait index=7
UnityEngine.Debug:ExtractStackTraceNoAlloc (byte*,int,string)
UnityEngine.StackTraceUtility:ExtractStackTrace ()
UnityEngine.DebugLogHandler:Internal_Log (UnityEngine.LogType,UnityEngine.LogOption,string,UnityEngine.Object)
UnityEngine.DebugLogHandler:LogFormat (UnityEngine.LogType,UnityEngine.Object,string,object[])
UnityEngine.Logger:Log (UnityEngine.LogType,object)
UnityEngine.Debug:Log (object)
Resonance.EditorTools.NaturalPlaySmoke:FocusPortraitGameView () (at Assets/Editor/Smoke/NaturalPlaySmoke.cs:247)
Resonance.EditorTools.NaturalPlaySmoke:OnPlayMode (UnityEditor.PlayModeStateChange) (at Assets/Editor/Smoke/NaturalPlaySmoke.cs:141)
UnityEditor.EditorApplication:Internal_PlayModeStateChanged (UnityEditor.PlayModeStateChange)

(Filename: Assets/Editor/Smoke/NaturalPlaySmoke.cs Line: 247)

[Licensing::Client] Successfully resolved entitlement details
TrimDiskCacheJob: Current cache size 0mb
EMERALD_LOADED parts=4 vertices=11873 parameters=6
UnityEngine.Debug:ExtractStackTraceNoAlloc (byte*,int,string)
UnityEngine.StackTraceUtility:ExtractStackTrace ()
UnityEngine.DebugLogHandler:Internal_Log (UnityEngine.LogType,UnityEngine.LogOption,string,UnityEngine.Object)
UnityEngine.DebugLogHandler:LogFormat (UnityEngine.LogType,UnityEngine.Object,string,object[])
UnityEngine.Logger:Log (UnityEngine.LogType,object)
UnityEngine.Debug:Log (object)
EmeraldInochi.InochiStandee:Initialize () (at F:/天命之子/client/Assets/EmeraldInochi/InochiStandee.cs:94)
EmeraldInochi.InochiStandee:Attach (UnityEngine.Transform) (at F:/天命之子/client/Assets/EmeraldInochi/InochiStandee.cs:51)
Resonance.App.EmeraldLobby:TryAttach (UnityEngine.Transform,System.Collections.Generic.List`1<UnityEngine.GameObject>) (at Assets/Scripts/Resonance.App/UI/EmeraldLobby.cs:16)
Resonance.App.GameRoot:DrawHome () (at Assets/Scripts/Resonance.App/Core/GameRoot.cs:446)
Resonance.App.GameRoot:Show (Resonance.App.GameRoot/ScreenId) (at Assets/Scripts/Resonance.App/Core/GameRoot.cs:406)
Resonance.App.GameRoot:<ToggleBattlePause>b__67_0 () (at Assets/Scripts/Resonance.App/Core/GameRoot.cs:212)
Resonance.App.UiChrome/<>c__DisplayClass18_0:<Hit>b__0 () (at Assets/Scripts/Resonance.App/UI/UiChrome.cs:554)
UnityEngine.Events.InvokableCall:Invoke ()
UnityEngine.Events.UnityEvent:Invoke ()
UnityEngine.UI.Button:Press () (at ./Library/PackageCache/com.unity.ugui@27635d171b1a/Runtime/UGUI/UI/Core/Button.cs:71)
UnityEngine.UI.Button:OnPointerClick (UnityEngine.EventSystems.PointerEventData) (at ./Library/PackageCache/com.unity.ugui@27635d171b1a/Runtime/UGUI/UI/Core/Button.cs:115)
UnityEngine.EventSystems.ExecuteEvents:Execute (UnityEngine.EventSystems.IPointerClickHandler,UnityEngine.EventSystems.BaseEventData) (at ./Library/PackageCache/com.unity.ugui@27635d171b1a/Runtime/UGUI/EventSystem/ExecuteEvents.cs:57)
UnityEngine.EventSystems.ExecuteEvents:Execute<UnityEngine.EventSystems.IPointerClickHandler> (UnityEngine.GameObject,UnityEngine.EventSystems.BaseEventData,UnityEngine.EventSystems.ExecuteEvents/EventFunction`1<UnityEngine.EventSystems.IPointerClickHandler>) (at ./Library/PackageCache/com.unity.ugui@27635d171b1a/Runtime/UGUI/EventSystem/ExecuteEvents.cs:272)
Resonance.App.NaturalPlayRuntime/<PointerAt>d__81:MoveNext () (at Assets/Scripts/Resonance.App/Debug/NaturalPlayRuntime.cs:1478)
UnityEngine.SetupCoroutine:InvokeMoveNext (System.Collections.IEnumerator,intptr)

(Filename: F:/天命之子/client/Assets/EmeraldInochi/InochiStandee.cs Line: 94)

[NATURAL-PLAY]
PASS
historical_baseline=DC_RECON_KIT/m1/G2_REVIEW_20260913/artifacts/natural-play/run7
historical_verdict=FAIL BattlePlay missing=Tap,Slide
historical_note=run7 kept as FAIL; this session does not rewrite it to PASS
pointer=UnityEngine.EventSystem
os_touch=NOT_CLAIMED
provenance=DESIGN_PLACEHOLDER
schema=G2R14-NP-1
plan=np.fever.v1
session=np-20260920T071843
battle_ids=np-20260920T071843-001,np-20260920T071843-002
battle_1=np-20260920T071843-001 scenario=np.fever.v1 stage=NP-FEVER persisted=1 outcome=Victory digest=0c475c164a3a58ecb369f697c25129fb627e35ff31de50c83f32859cd600e91d dir=F:\Resonance\client\captures\natural-play\battles\np-20260920T071843-001
battle_2=np-20260920T071843-002 scenario=np.fever.v1 stage=NP-FEVER persisted=1 outcome=InProgress digest=0f7414c239755d35829c77359e3a0bb34a79abbc85ed5ddbad19196910748919 dir=F:\Resonance\client\captures\natural-play\battles\np-20260920T071843-002
catalog=DESIGN_PLACEHOLDER G2R14-NP-1 mode=np.fever.v1+A53_SUB_STRIP_DOT_FLAME sub=A53_SUB_STRIP_DOT_FLAME fights=1 chargeSec=1.25 declaredAutoDriveGain=2 honorDeclared=True tickUnitFloor=Math.Max(14f,DriveGain) until integrator hunk roster=ok
captures=np_01_battle.png,np_04_qte.png,np_05_judge.png,np_08_fever.png,np_09_result.png,np_10_rematch.png,np_11_home.png
screen=Home
title=CLEAR!!
drive=0 fever=False ever=False speed=1 auto=Manual outcome=InProgress wave=0

phase	expected	observed	frame	ms
VerificationCatalog	DESIGN_PLACEHOLDER before FIGHT	DESIGN_PLACEHOLDER G2R14-NP-1 mode=np.fever.v1+A53_SUB_STRIP_DOT_FLAME sub=A53_SUB_STRIP_DOT_FLAME fights=1 chargeSec=1.25 declaredAutoDriveGain=2 honorDeclared=True tickUnitFloor=Math.Max(14f,DriveGain) until integrator hunk roster=ok	1	0
HomeVisible	screen=Home	screen=Home	2	3949
TapToStage	tap 关卡	tapped GameRoot/Canvas/首页/关卡	3	4129
StageVisible	screen=Stage	screen=Stage	38	4249
TapStart	tap FIGHT	tapped GameRoot/Canvas/StageBoard/WavePreview/FIGHT	40	4585
BattleVisible	screen=Battle hud=p0	screen=Battle hud=p0 wave=0	63	4710
BattleId	unique battle_id + frozen BattleInitialHeader + RunHeader	id=np-20260920T071843-001 scenario=np.fever.v1 frozen=True header=seed=2623406;rules=g2-patha-2026-09-13;profile=JP_LEGACY_EMPIRICAL;auto=Manual;speed=1;forceNoCrit=0;stage=NP-FEVER;data=g2id1-869625c6622a11efdacdd9172cb2226768752ec8d0cdc7c7acd2cfef0123b904;party=C001,C007,C010,C003,C005	64	4715
OpenQte#1	tap p0	tapped GameRoot/Canvas/p0	2840	24813
OpenQte#1	QteOpen or PendingDrive	QteOpen=True pending=0	2859	24938
JudgeQte#1	QTE resolved via vfxGood tap	screen=Battle last=DRIVE  冰刃  焚城  Perfect drive=0 qte=-1 fever=False feverEver=False feverGauge=40 paused=False speed=1 auto=Manual focus=-1 wave=0 outcome=InProgress cmd=seq=2 tick=631 kind=DriveResolve slot=0 source=Player accepted=True reason=None timing=Perfect value=0 lastDrive=Perfect feverGauge=40	2914	25327
OpenQte#2	tap p0	tapped GameRoot/Canvas/p0	5426	44680
OpenQte#2	QteOpen or PendingDrive	QteOpen=True pending=0	5442	44805
JudgeQte#2	QTE resolved via vfxGood tap	screen=Battle last=DRIVE  冰刃  焚城  Perfect drive=0 qte=-1 fever=False feverEver=False feverGauge=80 paused=False speed=1 auto=Manual focus=-1 wave=0 outcome=InProgress cmd=seq=4 tick=1227 kind=DriveResolve slot=0 source=Player accepted=True reason=None timing=Perfect value=0 lastDrive=Perfect feverGauge=80	5497	45183
OpenQte#3	tap p0	tapped GameRoot/Canvas/p0	8231	65217
OpenQte#3	QteOpen or PendingDrive	QteOpen=True pending=0	8245	65340
JudgeQte#3	QTE resolved via vfxGood tap	screen=Battle last=DRIVE  冰刃  焚城  Perfect drive=0 qte=-1 fever=True feverEver=True feverGauge=0 paused=False speed=1 auto=Manual focus=-1 wave=0 outcome=InProgress cmd=seq=6 tick=1843 kind=DriveResolve slot=0 source=Player accepted=True reason=None timing=Perfect value=0 lastDrive=Perfect feverGauge=0	8301	65738
FeverReached	Fever via QTE Submit (not injected)	screen=Battle last=DRIVE  冰刃  焚城  Perfect drive=0 qte=-1 fever=True feverEver=True feverGauge=0 paused=False speed=1 auto=Manual focus=-1 wave=0 outcome=InProgress cmd=seq=6 tick=1843 kind=DriveResolve slot=0 source=Player accepted=True reason=None timing=Perfect value=0	8302	65855
FeverPlay	Fever required + two slot FeverTap	slots=0,1 screen=Battle last=DRIVE  冰刃  焚城  Perfect drive=4 qte=-1 fever=True feverEver=True feverGauge=0 paused=False speed=1 auto=Manual focus=-1 wave=0 outcome=InProgress cmd=seq=8 tick=1862 kind=FeverTap slot=1 source=Player accepted=True reason=None timing=Bad value=0	8400	66848
ResultVisible	screen=Result	screen=Result title=CLEAR!!	15740	113191
ResultVisible	ResultBoard interactable	board=True interactable=True	15744	113262
Rematch	tap NEXT	tapped GameRoot/Canvas/ResultBoard/NEXT	15746	113389
RematchBattle	screen=Battle hud=p0	screen=Battle hud=p0 wave=0	15770	113511
BattleId	unique battle_id + frozen BattleInitialHeader + RunHeader	id=np-20260920T071843-002 scenario=np.fever.v1 frozen=True header=seed=2732484;rules=g2-patha-2026-09-13;profile=JP_LEGACY_EMPIRICAL;auto=Manual;speed=1;forceNoCrit=0;stage=NP-FEVER;data=g2id1-869625c6622a11efdacdd9172cb2226768752ec8d0cdc7c7acd2cfef0123b904;party=C001,C007,C010,C003,C005	15771	113516
ExitPause	tap || PAUSE	tapped GameRoot/Canvas/|| PAUSE	15773	113629
ExitPause	PauseBoard + Paused	PauseBoard Paused=true	15797	113753
ExitHome	tap HOME	tapped GameRoot/Canvas/PauseBoard/HOME	15799	113920
HomeReturn	screen=Home	screen=Home	15822	114041

--- inputs ---
note natural-play start
note historical_baseline=DC_RECON_KIT/m1/G2_REVIEW_20260913/artifacts/natural-play/run7 verdict=FAIL BattlePlay missing=Tap,Slide (kept; not rewritten)
note pointer=UnityEngine.EventSystem os_touch=NOT_CLAIMED
note plan mode=np.fever.v1 fights=1 provenance=DESIGN_PLACEHOLDER schema=G2R14-NP-1
note catalog DESIGN_PLACEHOLDER G2R14-NP-1 mode=np.fever.v1+A53_SUB_STRIP_DOT_FLAME sub=A53_SUB_STRIP_DOT_FLAME fights=1 chargeSec=1.25 declaredAutoDriveGain=2 honorDeclared=True tickUnitFloor=Math.Max(14f,DriveGain) until integrator hunk roster=ok
note ok VerificationCatalog DESIGN_PLACEHOLDER G2R14-NP-1 mode=np.fever.v1+A53_SUB_STRIP_DOT_FLAME sub=A53_SUB_STRIP_DOT_FLAME fights=1 chargeSec=1.25 declaredAutoDriveGain=2 honorDeclared=True tickUnitFloor=Math.Max(14f,DriveGain) until integrator hunk roster=ok
note ok HomeVisible screen=Home
frame=2 t=3.950 kind=tap pos=289,438 target=none after=battle=null screen=Stage
note ok TapToStage tapped GameRoot/Canvas/首页/关卡
note ok StageVisible screen=Stage
frame=39 t=4.254 kind=tap pos=540,250 target=none after=screen=Battle last=第一波 drive=0 qte=-1 fever=False feverEver=False feverGauge=0 paused=False speed=1 auto=Manual focus=-1 wave=0 outcome=InProgress
note ok TapStart tapped GameRoot/Canvas/StageBoard/WavePreview/FIGHT
note ok BattleVisible screen=Battle hud=p0 wave=0
note ok BattleId id=np-20260920T071843-001 scenario=np.fever.v1 frozen=True header=seed=2623406;rules=g2-patha-2026-09-13;profile=JP_LEGACY_EMPIRICAL;auto=Manual;speed=1;forceNoCrit=0;stage=NP-FEVER;data=g2id1-869625c6622a11efdacdd9172cb2226768752ec8d0cdc7c7acd2cfef0123b904;party=C001,C007,C010,C003,C005
note shot np_01_battle.png
note fever-drive-open phase=OpenQte#1 slot=0 p0 slot=0 p0 alive DriveBegin-ready skipped=
frame=2839 t=24.788 kind=tap pos=119,307 target=GameRoot/Canvas/p0 after=screen=Battle last=冰刃 准备 Drive drive=100 qte=0 fever=False feverEver=False feverGauge=0 paused=False speed=1 auto=Manual focus=-1 wave=0 outcome=InProgress cmd=seq=1 tick=616 kind=DriveBegin slot=0 source=Player accepted=True reason=None timing=Bad value=0
note ok OpenQte#1 tapped GameRoot/Canvas/p0
note ok OpenQte#1 QteOpen=True pending=0
note shot np_04_qte.png
note qte-window phase=JudgeQte#1 age=0.524 until=0.000 in=True
frame=2913 t=25.312 kind=tap pos=540,515 target=GameRoot/Canvas/vfxGood/face after=screen=Battle last=DRIVE  冰刃  焚城  Perfect drive=0 qte=-1 fever=False feverEver=False feverGauge=40 paused=False speed=1 auto=Manual focus=-1 wave=0 outcome=InProgress cmd=seq=2 tick=631 kind=DriveResolve slot=0 source=Player accepted=True reason=None timing=Perfect value=0
note ok JudgeQte#1 screen=Battle last=DRIVE  冰刃  焚城  Perfect drive=0 qte=-1 fever=False feverEver=False feverGauge=40 paused=False speed=1 auto=Manual focus=-1 wave=0 outcome=InProgress cmd=seq=2 tick=631 kind=DriveResolve slot=0 source=Player accepted=True reason=None timing=Perfect value=0 lastDrive=Perfect feverGauge=40
note shot np_05_judge.png
note fever-drive-open phase=OpenQte#2 slot=0 p0 slot=0 p0 alive DriveBegin-ready skipped=
frame=5425 t=44.654 kind=tap pos=119,307 target=GameRoot/Canvas/p0 after=screen=Battle last=冰刃 准备 Drive drive=100 qte=0 fever=False feverEver=False feverGauge=40 paused=False speed=1 auto=Manual focus=-1 wave=0 outcome=InProgress cmd=seq=3 tick=1212 kind=DriveBegin slot=0 source=Player accepted=True reason=None timing=Bad value=0
note ok OpenQte#2 tapped GameRoot/Canvas/p0
note ok OpenQte#2 QteOpen=True pending=0
note qte-window phase=JudgeQte#2 age=0.520 until=0.000 in=True
frame=5496 t=45.174 kind=tap pos=540,515 target=GameRoot/Canvas/vfxGood/face after=screen=Battle last=DRIVE  冰刃  焚城  Perfect drive=0 qte=-1 fever=False feverEver=False feverGauge=80 paused=False speed=1 auto=Manual focus=-1 wave=0 outcome=InProgress cmd=seq=4 tick=1227 kind=DriveResolve slot=0 source=Player accepted=True reason=None timing=Perfect value=0
note ok JudgeQte#2 screen=Battle last=DRIVE  冰刃  焚城  Perfect drive=0 qte=-1 fever=False feverEver=False feverGauge=80 paused=False speed=1 auto=Manual focus=-1 wave=0 outcome=InProgress cmd=seq=4 tick=1227 kind=DriveResolve slot=0 source=Player accepted=True reason=None timing=Perfect value=0 lastDrive=Perfect feverGauge=80
note fever-drive-open phase=OpenQte#3 slot=0 p0 slot=0 p0 alive DriveBegin-ready skipped=
frame=8230 t=65.188 kind=tap pos=119,307 target=GameRoot/Canvas/p0 after=screen=Battle last=冰刃 准备 Drive drive=100 qte=0 fever=False feverEver=False feverGauge=80 paused=False speed=1 auto=Manual focus=-1 wave=0 outcome=InProgress cmd=seq=5 tick=1828 kind=DriveBegin slot=0 source=Player accepted=True reason=None timing=Bad value=0
note ok OpenQte#3 tapped GameRoot/Canvas/p0
note ok OpenQte#3 QteOpen=True pending=0
note qte-window phase=JudgeQte#3 age=0.526 until=0.000 in=True
frame=8300 t=65.714 kind=tap pos=540,515 target=GameRoot/Canvas/vfxGood/face after=screen=Battle last=DRIVE  冰刃  焚城  Perfect drive=0 qte=-1 fever=True feverEver=True feverGauge=0 paused=False speed=1 auto=Manual focus=-1 wave=0 outcome=InProgress cmd=seq=6 tick=1843 kind=DriveResolve slot=0 source=Player accepted=True reason=None timing=Perfect value=0
note ok JudgeQte#3 screen=Battle last=DRIVE  冰刃  焚城  Perfect drive=0 qte=-1 fever=True feverEver=True feverGauge=0 paused=False speed=1 auto=Manual focus=-1 wave=0 outcome=InProgress cmd=seq=6 tick=1843 kind=DriveResolve slot=0 source=Player accepted=True reason=None timing=Perfect value=0 lastDrive=Perfect feverGauge=0
note shot np_08_fever.png
note ok FeverReached screen=Battle last=DRIVE  冰刃  焚城  Perfect drive=0 qte=-1 fever=True feverEver=True feverGauge=0 paused=False speed=1 auto=Manual focus=-1 wave=0 outcome=InProgress cmd=seq=6 tick=1843 kind=DriveResolve slot=0 source=Player accepted=True reason=None timing=Perfect value=0
frame=8302 t=65.856 kind=tap pos=119,307 target=GameRoot/Canvas/p0 after=screen=Battle last=DRIVE  冰刃  焚城  Perfect drive=0 qte=-1 fever=True feverEver=True feverGauge=0 paused=False speed=1 auto=Manual focus=-1 wave=0 outcome=InProgress cmd=seq=7 tick=1848 kind=FeverTap slot=0 source=Player accepted=True reason=None timing=Bad value=0
frame=8350 t=66.353 kind=tap pos=329,332 target=GameRoot/Canvas/p1 after=screen=Battle last=DRIVE  冰刃  焚城  Perfect drive=0 qte=-1 fever=True feverEver=True feverGauge=0 paused=False speed=1 auto=Manual focus=-1 wave=0 outcome=InProgress cmd=seq=8 tick=1862 kind=FeverTap slot=1 source=Player accepted=True reason=None timing=Bad value=0
note ok FeverPlay slots=0,1 screen=Battle last=DRIVE  冰刃  焚城  Perfect drive=4 qte=-1 fever=True feverEver=True feverGauge=0 paused=False speed=1 auto=Manual focus=-1 wave=0 outcome=InProgress cmd=seq=8 tick=1862 kind=FeverTap slot=1 source=Player accepted=True reason=None timing=Bad value=0
note ok ResultVisible screen=Result title=CLEAR!!
note persist np-20260920T071843-001 why=pre-next status=F:\Resonance\client\captures\natural-play\battles\np-20260920T071843-001 outcome=Victory digest=0c475c164a3a58ecb369f697c25129fb627e35ff31de50c83f32859cd600e91d replay=F:\Resonance\client\captures\natural-play\battles\np-20260920T071843-001\replay.jsonl
frame=15740 t=113.191 kind=tap pos=540,960 target=none after=screen=Result last=胜利 drive=100 qte=-1 fever=False feverEver=True feverGauge=0 paused=False speed=1 auto=Manual focus=-1 wave=1 outcome=Victory cmd=seq=8 tick=1862 kind=FeverTap slot=1 source=Player accepted=True reason=None timing=Bad value=0
frame=15742 t=113.250 kind=tap pos=540,960 target=GameRoot/Canvas/vfxStageClear/veil after=screen=Result last=胜利 drive=100 qte=-1 fever=False feverEver=True feverGauge=0 paused=False speed=1 auto=Manual focus=-1 wave=1 outcome=Victory cmd=seq=8 tick=1862 kind=FeverTap slot=1 source=Player accepted=True reason=None timing=Bad value=0
note ok ResultVisible board=True interactable=True
note shot np_09_result.png
frame=15745 t=113.324 kind=tap pos=756,576 target=none after=screen=Battle last=第一波 drive=0 qte=-1 fever=False feverEver=False feverGauge=0 paused=False speed=1 auto=Manual focus=-1 wave=0 outcome=InProgress
note ok Rematch tapped GameRoot/Canvas/ResultBoard/NEXT
note ok RematchBattle screen=Battle hud=p0 wave=0
note ok BattleId id=np-20260920T071843-002 scenario=np.fever.v1 frozen=True header=seed=2732484;rules=g2-patha-2026-09-13;profile=JP_LEGACY_EMPIRICAL;auto=Manual;speed=1;forceNoCrit=0;stage=NP-FEVER;data=g2id1-869625c6622a11efdacdd9172cb2226768752ec8d0cdc7c7acd2cfef0123b904;party=C001,C007,C010,C003,C005
note shot np_10_rematch.png
note persist np-20260920T071843-002 why=rematch-enter status=F:\Resonance\client\captures\natural-play\battles\np-20260920T071843-002 outcome=InProgress digest=624e4490d2d3aa5dc9dd35909367a8798608cc28e16ae263950be83b501161dd replay=F:\Resonance\client\captures\natural-play\battles\np-20260920T071843-002\replay.jsonl
frame=15772 t=113.610 kind=tap pos=97,1824 target=GameRoot/Canvas/|| PAUSE after=screen=Battle last=第一波 drive=0 qte=-1 fever=False feverEver=False feverGauge=0 paused=True speed=1 auto=Manual focus=-1 wave=0 outcome=InProgress cmd=seq=1 tick=8 kind=Pause slot=0 source=Player accepted=True reason=None timing=Bad value=0
note ok ExitPause tapped GameRoot/Canvas/|| PAUSE
note ok ExitPause PauseBoard Paused=true
note persist np-20260920T071843-002 why=pre-home status=F:\Resonance\client\captures\natural-play\battles\np-20260920T071843-002 outcome=InProgress digest=0f7414c239755d35829c77359e3a0bb34a79abbc85ed5ddbad19196910748919 replay=F:\Resonance\client\captures\natural-play\battles\np-20260920T071843-002\replay.jsonl
frame=15798 t=113.759 kind=tap pos=238,538 target=none after=screen=Home last=第一波 drive=0 qte=-1 fever=False feverEver=False feverGauge=0 paused=True speed=1 auto=Manual focus=-1 wave=0 outcome=InProgress cmd=seq=1 tick=8 kind=Pause slot=0 source=Player accepted=True reason=None timing=Bad value=0
note ok ExitHome tapped GameRoot/Canvas/PauseBoard/HOME
note ok HomeReturn screen=Home
note shot np_11_home.png
note persist np-20260920T071843-002 why=quit status=F:\Resonance\client\captures\natural-play\battles\np-20260920T071843-002 outcome=InProgress digest=0f7414c239755d35829c77359e3a0bb34a79abbc85ed5ddbad19196910748919 replay=F:\Resonance\client\captures\natural-play\battles\np-20260920T071843-002\replay.jsonl

--- frozen battle headers (authoritative) ---
np-20260920T071843-001	seed=2623406;rules=g2-patha-2026-09-13;profile=JP_LEGACY_EMPIRICAL;auto=Manual;speed=1;forceNoCrit=0;stage=NP-FEVER;data=g2id1-869625c6622a11efdacdd9172cb2226768752ec8d0cdc7c7acd2cfef0123b904;party=C001,C007,C010,C003,C005
np-20260920T071843-002	seed=2732484;rules=g2-patha-2026-09-13;profile=JP_LEGACY_EMPIRICAL;auto=Manual;speed=1;forceNoCrit=0;stage=NP-FEVER;data=g2id1-869625c6622a11efdacdd9172cb2226768752ec8d0cdc7c7acd2cfef0123b904;party=C001,C007,C010,C003,C005

--- live RunHeader (current GameRoot.Battle; may be fight 2) ---
seed=2732484;rules=g2-patha-2026-09-13;profile=JP_LEGACY_EMPIRICAL;auto=Manual;speed=1;forceNoCrit=0;stage=NP-FEVER;data=g2id1-739d8b44874327aba5cc7bbf1de521bdd7e524983b1452f749fcacbf4d40f054;party=C001,C007,C010,C003,C005

--- live CommandLog (current GameRoot.Battle; per-fight files are authoritative) ---
seq=1 tick=8 kind=Pause slot=0 source=Player accepted=True reason=None timing=Bad value=0

--- reflection (read-only) ---
BattleSim.CommandLog (public, read-only)
BattleSim.RunHeader() (read-only)
UnityEngine.Debug:ExtractStackTraceNoAlloc (byte*,int,string)
UnityEngine.StackTraceUtility:ExtractStackTrace ()
UnityEngine.DebugLogHandler:Internal_Log (UnityEngine.LogType,UnityEngine.LogOption,string,UnityEngine.Object)
UnityEngine.DebugLogHandler:LogFormat (UnityEngine.LogType,UnityEngine.Object,string,object[])
UnityEngine.Logger:Log (UnityEngine.LogType,object)
UnityEngine.Debug:Log (object)
Resonance.App.NaturalPlayRuntime:WriteAndQuit (bool) (at Assets/Scripts/Resonance.App/Debug/NaturalPlayRuntime.cs:1831)
Resonance.App.NaturalPlayRuntime:Pass () (at Assets/Scripts/Resonance.App/Debug/NaturalPlayRuntime.cs:1752)
Resonance.App.NaturalPlayRuntime/<Run>d__43:MoveNext () (at Assets/Scripts/Resonance.App/Debug/NaturalPlayRuntime.cs:277)
UnityEngine.SetupCoroutine:InvokeMoveNext (System.Collections.IEnumerator,intptr)

(Filename: Assets/Scripts/Resonance.App/Debug/NaturalPlayRuntime.cs Line: 1831)

Unloading 24 Unused Serialized files (Serialized files now loaded: 0)
Loaded scene 'Temp/__Backupscenes/0.backup'
	Deserialize:            1.651 ms
	Integration:            124.649 ms
	Integration of assets:  0.026 ms
	Thread Wait Time:       0.011 ms
	Total Operation Time:   126.338 ms
Unloading 74 unused Assets / (17.5 MB). Loaded Objects now: 6093.
Memory consumption went from 365.8 MB to 348.4 MB.
Total: 14.332800 ms (FindLiveObjects: 0.257900 ms CreateObjectMapping: 0.123600 ms MarkObjects: 10.146100 ms  DeleteObjects: 3.804300 ms)

[Licensing::Client] Successfully resolved entitlement details
[Licensing::Module] License group:
  Id: F4-99BH-9QMP-CCW5-HN7U-XXXX
  Product: Unity Personal
  Type: ULF
  Expiration: 2026-09-30T08:18:25Z
[Licensing::Module] License group:
  Id: ewogICJzdWJzR3JvdXAiIDogInVuaXR5IGVkaXRvciIsCiAgIm5hbWVzcGFjZSIgOiAidW5pdHlfZWRpdG9yIiwKICAidHlwZSIgOiAiRURJVE9SIiwKICAidGFnIiA6ICJVbml0eVBlcnNvbmFsXXXX
  Product: Unity Personal Version
  Type: Assigned
  Expiration: Unlimited
[NATURAL-PLAY] quitting editor after result pass=True
UnityEngine.Debug:ExtractStackTraceNoAlloc (byte*,int,string)
UnityEngine.StackTraceUtility:ExtractStackTrace ()
UnityEngine.DebugLogHandler:Internal_Log (UnityEngine.LogType,UnityEngine.LogOption,string,UnityEngine.Object)
UnityEngine.DebugLogHandler:LogFormat (UnityEngine.LogType,UnityEngine.Object,string,object[])
UnityEngine.Logger:Log (UnityEngine.LogType,object)
UnityEngine.Debug:Log (object)
Resonance.EditorTools.NaturalPlaySmoke:QuitIfDone () (at Assets/Editor/Smoke/NaturalPlaySmoke.cs:226)
Resonance.EditorTools.NaturalPlaySmoke:Poll () (at Assets/Editor/Smoke/NaturalPlaySmoke.cs:171)
UnityEditor.EditorApplication:Internal_CallUpdateFunctions ()

(Filename: Assets/Editor/Smoke/NaturalPlaySmoke.cs Line: 226)

[LAYOUT] About to save layout F:\Resonance\client\UserSettings\Layouts\default-6000.dwlt
[LAYOUT] About to save layout C:/Users/Administrator/AppData/Roaming/Unity/Editor-5.x/Preferences\Layouts\current\default-6000.dwlt
Killing ADB server in 0.3669225 seconds.
Input System module state changed to: ShutdownInProgress.
Input System polling thread exited.
Input System module state changed to: Shutdown.
[Physics::Module] Cleanup current backend.
[Physics::Module] Id: 0xf2b8ea05
[Licensing::IpcConnector] LicenseClient-Administrator-notifications channel disconnected successfully.
[Licensing::IpcConnector] LicenseClient-Administrator channel disconnected successfully.
AcceleratorClientConnectionCallback - disconnected - :0
Cleanup mono
Checking for leaked weakptr:
  Found no leaked weakptrs.
[Package Manager] Server process was shutdown
Internal: There are remaining Allocations on the JobTempAlloc. This is a leak, and will impact performance
To Debug, run app with -diag-job-temp-memory-leak-validation cmd line argument. This will output the callstacks of the leaked allocations.
Internal: There are remaining Allocations on the JobTempAlloc. This is a leak, and will impact performance
To Debug, run app with -diag-job-temp-memory-leak-validation cmd line argument. This will output the callstacks of the leaked allocations.
##utp:{"type":"MemoryLeaks","version":2,"phase":"Immediate","time":1789888836369,"processId":25064,"allocatedMemory":15940917,"memoryLabels":[{"Default":29313},{"Permanent":15236},{"NewDelete":71409},{"Thread":4238512},{"Manager":821728},{"VertexData":8},{"Geometry":816},{"Texture":296},{"Shader":89593},{"Material":24},{"GfxDevice":57928},{"GfxThread":1536},{"Animation":392},{"Audio":2664},{"FreeType":8},{"FontEngine":736},{"Physics":2146},{"Physics2D":16},{"Serialization":225519},{"Input":14984},{"JobScheduler":33024},{"TextLib":16120},{"Mono":32},{"MonoCode":184},{"ScriptingNativeRuntime":155060},{"BaseObject":1641152},{"Resource":1336},{"Renderer":3000},{"Transform":4685},{"File":33167},{"WebCam":616},{"Culling":32},{"Terrain":11394},{"Wind":24},{"STL":40},{"String":9760},{"DynamicArray":109949},{"HashMap":97725},{"Utility":2661010},{"Curl":48},{"PoolAlloc":2296},{"AI":80},{"TypeTree":13861},{"ScriptManager":512},{"RuntimeInitializeOnLoadManager":64},{"SpriteAtlas":112},{"GI":7792},{"Director":8240},{"CloudService":7024},{"WebRequest":7279},{"VR":47994},{"SceneManager":504},{"Video":208},{"LazyScriptCache":32},{"NativeArray":9768},{"Camera":17},{"Secure":2377},{"SerializationCache":1576},{"APIUpdating":10320},{"Subsystems":336},{"VirtualTexturing":57888},{"StaticSafetyDebugInfo":278528},{"Analytics":464},{"Hierarchy":608},{"CoreStats":13112},{"Identifiers":6480},{"Gui":221},{"EditorUtility":188043},{"VersionControl":4},{"Undo":947},{"AssetDatabase":4876611},{"EditorGi":328},{"UnityConnect":29344},{"Upm":1896},{"AssetCompliance":64},{"DrivenProperties":72},{"LocalIPC":219},{"ProfilerEditor":9746},{"CoreBusinessMetrics":3504},{"Licensing":1264},{"AssetReference":32},{"IPCStream":32}]}
