Input #0, mov,mp4,m4a,3gp,3g2,mj2, from 'F:\天命之子\DC_RECON_KIT\m1\REVIEW_350e3b6\artifacts\natural-play\20260920T064643-np_auto_v1\basic-focus.mp4':
  Metadata:
    major_brand     : isom
    minor_version   : 512
    compatible_brands: isomiso6iso2avc1mp41
    encoder         : Lavf62.12.101
  Duration: 00:00:12.93, start: 0.066667, bitrate: 616 kb/s
  Stream #0:0[0x1](und): Video: h264 (High) (avc1 / 0x31637661), yuv420p(progressive), 2560x1348, 613 kb/s, 28.07 fps, 30 tbr, 15360 tbn, start 0.066667 (default)
    Metadata:
      handler_name    : VideoHandler
      encoder         : Lavc62.28.101 libx264
Stream mapping:
  Stream #0:0 -> #0:0 (h264 (native) -> h264 (libx264))
Press [q] to stop, [?] for help
[libx264 @ 0000020bc3eae880] using cpu capabilities: MMX2 SSE2Fast SSSE3 SSE4.2 AVX FMA3 BMI2 AVX2
[libx264 @ 0000020bc3eae880] profile High, level 5.0, 4:2:0, 8-bit
[libx264 @ 0000020bc3eae880] 264 - core 165 r3223 0480cb0 - H.264/MPEG-4 AVC codec - Copyleft 2003-2025 - http://www.videolan.org/x264.html - options: cabac=1 ref=1 deblock=1:0:0 analyse=0x3:0x113 me=hex subme=2 psy=1 psy_rd=1.00:0.00 mixed_ref=0 me_range=16 chroma_me=1 trellis=0 8x8dct=1 cqm=0 deadzone=21,11 fast_pskip=1 chroma_qp_offset=0 threads=24 lookahead_threads=8 sliced_threads=0 nr=0 decimate=1 interlaced=0 bluray_compat=0 constrained_intra=0 bframes=3 b_pyramid=2 b_adapt=1 b_bias=0 direct=1 weightb=1 open_gop=0 weightp=1 keyint=250 keyint_min=25 scenecut=40 intra_refresh=0 rc_lookahead=10 rc=crf mbtree=1 crf=18.0 qcomp=0.60 qpmin=0 qpmax=69 qpstep=4 ip_ratio=1.40 aq=1:1.00
Output #0, mp4, to 'F:\天命之子\DC_RECON_KIT\m1\REVIEW_350e3b6\artifacts\natural-play\20260920T064643-np_auto_v1\gameplay-proof.mp4':
  Metadata:
    major_brand     : isom
    minor_version   : 512
    compatible_brands: isomiso6iso2avc1mp41
    encoder         : Lavf62.12.101
  Stream #0:0(und): Video: h264 (avc1 / 0x31637661), yuv420p(tv, progressive), 2560x1348, q=2-31, 30 fps, 15360 tbn (default)
    Metadata:
      encoder         : Lavc62.28.101 libx264
      handler_name    : VideoHandler
    Side data:
      CPB properties: bitrate max/min/avg: 0/0/0 buffer size: 0 vbv_delay: N/A
frame=  111 fps=0.0 q=24.0 size=     256KiB time=00:00:00.00 bitrate=N/A speed=   0x elapsed=0:00:00.52    
[mp4 @ 0000020bc3e6b2c0] Starting second pass: moving the moov atom to the beginning of the file
[out#0/mp4 @ 0000020bc3eadd00] video:732KiB audio:0KiB subtitle:0KiB other streams:0KiB global headers:0KiB muxing overhead: 0.381378%
frame=  158 fps=0.0 q=-1.0 Lsize=     735KiB time=00:00:01.63 bitrate=3687.1kbits/s speed=2.79x elapsed=0:00:00.58    
[libx264 @ 0000020bc3eae880] frame I:1     Avg QP: 8.09  size: 67396
[libx264 @ 0000020bc3eae880] frame P:41    Avg QP:15.05  size: 12161
[libx264 @ 0000020bc3eae880] frame B:116   Avg QP:19.82  size:  1580
[libx264 @ 0000020bc3eae880] consecutive B-frames:  0.6%  3.8%  1.9% 93.7%
[libx264 @ 0000020bc3eae880] mb I  I16..4: 87.3%  3.2%  9.6%
[libx264 @ 0000020bc3eae880] mb P  I16..4:  3.6%  0.6%  0.9%  P16..4:  1.5%  0.4%  0.4%  0.0%  0.0%    skip:92.5%
[libx264 @ 0000020bc3eae880] mb B  I16..4:  0.1%  0.1%  0.0%  B16..8:  0.6%  0.2%  0.1%  direct: 0.5%  skip:98.4%  L0:34.7% L1:52.6% BI:12.6%
[libx264 @ 0000020bc3eae880] 8x8 transform intra:12.0% inter:17.8%
[libx264 @ 0000020bc3eae880] coded y,uvDC,uvAC intra: 21.1% 23.6% 14.6% inter: 0.6% 0.6% 0.2%
[libx264 @ 0000020bc3eae880] i16 v,h,dc,p: 67% 31%  2%  1%
[libx264 @ 0000020bc3eae880] i8 v,h,dc,ddl,ddr,vr,hd,vl,hu: 24% 23% 23%  7%  6%  4%  4%  4%  4%
[libx264 @ 0000020bc3eae880] i4 v,h,dc,ddl,ddr,vr,hd,vl,hu: 29% 27% 14%  5%  5%  5%  5%  5%  4%
[libx264 @ 0000020bc3eae880] i8c dc,h,v,p: 74% 13% 10%  2%
[libx264 @ 0000020bc3eae880] Weighted P-Frames: Y:0.0% UV:0.0%
[libx264 @ 0000020bc3eae880] kb/s:1089.78
